2026-07-06T17:04:29.821 < >> Ok
2026-07-06T17:04:29.838 < >> radio_rx 7b2276223a312c2274797065223a2274657874222c22736571223a31372c2274696d65223a22323032362d30372d30365430383a30343a32352e3331335a222c2264617461223a7b226d657373616765223a2274657374227d7d -113 12
2026-07-06T17:04:29.840 RX type=text seq=17 time=2026-07-06T08:04:25.313Z RSSI=-113 SNR=12
2026-07-06T17:04:29.872 JSON {"v":1,"type":"text","seq":17,"time":"2026-07-06T08:04:25.313Z","data":{"message":"test"}}
2026-07-06T17:04:29.911 > p2p rx 0
2026-07-06T17:04:29.927 < >
2026-07-06T17:04:44.328 < >> Ok
2026-07-06T17:04:44.344 < >> radio_rx 7b2276223a312c2274797065223a2274657874222c22736571223a31382c2274696d65223a22323032362d30372d30365430383a30343a33392e3832305a222c2264617461223a7b226d657373616765223a2274657374227d7d -117 -6
2026-07-06T17:04:44.348 RX type=text seq=18 time=2026-07-06T08:04:39.820Z RSSI=-117 SNR=-6
2026-07-06T17:04:44.352 JSON {"v":1,"type":"text","seq":18,"time":"2026-07-06T08:04:39.820Z","data":{"message":"test"}}
2026-07-06T17:04:44.390 > p2p rx 0
2026-07-06T17:04:44.394 < >
2026-07-06T17:04:58.839 < >> Ok
2026-07-06T17:04:58.857 < >> radio_rx 7b2276223a312c2274797065223a2274657874222c22736571223a31392c2274696d65223a22323032362d30372d30365430383a30343a35342e3333335a222c2264617461223a7b226d657373616765223a2274657374227d7d -114 7
2026-07-06T17:04:58.859 RX type=text seq=19 time=2026-07-06T08:04:54.333Z RSSI=-114 SNR=7
2026-07-06T17:04:58.868 JSON {"v":1,"type":"text","seq":19,"time":"2026-07-06T08:04:54.333Z","data":{"message":"test"}}
2026-07-06T17:04:58.902 > p2p rx 0
2026-07-06T17:04:58.903 < >
2026-07-06T17:05:13.348 < >> Ok
2026-07-06T17:05:13.364 < >> radio_rx 7b2276223a312c2274797065223a2274657874222c22736571223a32302c2274696d65223a22323032362d30372d30365430383a30353a30382e3834345a222c2264617461223a7b226d657373616765223a2274657374227d7d -111 -2
2026-07-06T17:05:13.365 RX type=text seq=20 time=2026-07-06T08:05:08.844Z RSSI=-111 SNR=-2
2026-07-06T17:05:13.366 JSON {"v":1,"type":"text","seq":20,"time":"2026-07-06T08:05:08.844Z","data":{"message":"test"}}
2026-07-06T17:05:13.410 > p2p rx 0
2026-07-06T17:05:13.412 < >
2026-07-06T17:05:27.854 < >> Ok
2026-07-06T17:05:27.870 < >> radio_rx 7b2276223a312c2274797065223a2274657874222c22736571223a32312c2274696d65223a22323032362d30372d30365430383a30353a32332e3335305a222c2264617461223a7b226d657373616765223a2274657374227d7d -110 5
2026-07-06T17:05:27.872 RX type=text seq=21 time=2026-07-06T08:05:23.350Z RSSI=-110 SNR=5
2026-07-06T17:05:27.874 JSON {"v":1,"type":"text","seq":21,"time":"2026-07-06T08:05:23.350Z","data":{"message":"test"}}
2026-07-06T17:05:27.915 > p2p rx 0
2026-07-06T17:05:27.917 < >
2026-07-06T17:05:42.362 < >> Ok
2026-07-06T17:05:42.377 < >> radio_rx 7b2276223a312c2274797065223a2274657874222c22736571223a32322c2274696d65223a22323032362d30372d30365430383a30353a33372e3836305a222c2264617461223a7b226d657373616765223a2274657374227d7d -115 -9
2026-07-06T17:05:42.378 RX type=text seq=22 time=2026-07-06T08:05:37.860Z RSSI=-115 SNR=-9
2026-07-06T17:05:42.388 JSON {"v":1,"type":"text","seq":22,"time":"2026-07-06T08:05:37.860Z","data":{"message":"test"}}
2026-07-06T17:05:42.424 > p2p rx 0
2026-07-06T17:05:42.433 < >
2026-07-06T17:05:56.868 < >> Ok
2026-07-06T17:05:56.885 < >> radio_rx 7b2276223a312c2274797065223a2274657874222c22736571223a32332c2274696d65223a22323032362d30372d30365430383a30353a35322e3336365a222c2264617461223a7b226d657373616765223a2274657374227d7d -108 8
2026-07-06T17:05:56.888 RX type=text seq=23 time=2026-07-06T08:05:52.366Z RSSI=-108 SNR=8
2026-07-06T17:05:56.892 JSON {"v":1,"type":"text","seq":23,"time":"2026-07-06T08:05:52.366Z","data":{"message":"test"}}
2026-07-06T17:05:56.929 > p2p rx 0
2026-07-06T17:05:56.931 < >
2026-07-06T17:06:11.377 < >> Ok
2026-07-06T17:06:11.392 < >> radio_rx 7b2276223a312c2274797065223a2274657874222c22736571223a32342c2274696d65223a22323032362d30372d30365430383a30363a30362e3837365a222c2264617461223a7b226d657373616765223a2274657374227d7d -109 15
2026-07-06T17:06:11.393 RX type=text seq=24 time=2026-07-06T08:06:06.876Z RSSI=-109 SNR=15
2026-07-06T17:06:11.401 JSON {"v":1,"type":"text","seq":24,"time":"2026-07-06T08:06:06.876Z","data":{"message":"test"}}
2026-07-06T17:06:11.439 > p2p rx 0
2026-07-06T17:06:11.446 < >
2026-07-06T17:06:23.906 < >> Ok
2026-07-06T17:06:23.949 < >> radio_rx 7b2276223a312c2274797065223a22746c6d222c22736571223a312c2274696d65223a22323032362d30372d30365430383a30363a31342e3835305a222c2264617461223a7b22676e7373223a7b226c6174223a33352e3931313538342c226c6f6e223a3133392e3838353035342c22616c74223a6e756c6c2c22736174223a6e756c6c2c22666978223a6e756c6c7d2c22656e76223a7b2274656d70223a32352e30382c227072657373223a313031322e3538323631372c2268756d223a35382e3839363438347d7d7d -110 8
2026-07-06T17:06:23.950 RX type=tlm seq=1 time=2026-07-06T08:06:14.850Z RSSI=-110 SNR=8
2026-07-06T17:06:23.953 JSON {"v":1,"type":"tlm","seq":1,"time":"2026-07-06T08:06:14.850Z","data":{"gnss":{"lat":35.911584,"lon":139.885054,"alt":null,"sat":null,"fix":null},"env":{"temp":25.08,"press":1012.582617,"hum":58.896484}}}
2026-07-06T17:06:23.953 GPS lat=35.911584 lon=139.885054 alt= sat= fix=
2026-07-06T17:06:23.994 > p2p rx 0
2026-07-06T17:06:23.996 < >
2026-07-06T17:06:44.860 < >> Ok
2026-07-06T17:06:44.909 < >> radio_rx 7b2276223a312c2274797065223a22746c6d222c22736571223a322c2274696d65223a22323032362d30372d30365430383a30363a33362e3030335a222c2264617461223a7b22676e7373223a7b226c6174223a33352e3931313538332c226c6f6e223a3133392e3838353035332c22616c74223a31342e3338332c22736174223a33382c22666978223a327d2c22656e76223a7b2274656d70223a32352e30342c227072657373223a313031322e3539393732372c2268756d223a35382e3431353033397d7d7d -111 9
2026-07-06T17:06:44.910 RX type=tlm seq=2 time=2026-07-06T08:06:36.003Z RSSI=-111 SNR=9
2026-07-06T17:06:44.915 JSON {"v":1,"type":"tlm","seq":2,"time":"2026-07-06T08:06:36.003Z","data":{"gnss":{"lat":35.911583,"lon":139.885053,"alt":14.383,"sat":38,"fix":2},"env":{"temp":25.04,"press":1012.599727,"hum":58.415039}}}
2026-07-06T17:06:44.916 GPS lat=35.911583 lon=139.885053 alt=14.383 sat=38 fix=2
2026-07-06T17:06:44.951 > p2p rx 0
2026-07-06T17:06:44.951 < >
2026-07-06T17:07:04.761 < >> Ok
2026-07-06T17:07:04.805 < >> radio_rx 7b2276223a312c2274797065223a22746c6d222c22736571223a332c2274696d65223a22323032362d30372d30365430383a30363a35352e3930355a222c2264617461223a7b22676e7373223a7b226c6174223a33352e3931313538342c226c6f6e223a3133392e3838353035322c22616c74223a31342e3338342c22736174223a33382c22666978223a327d2c22656e76223a7b2274656d70223a32352e31332c227072657373223a313031322e3632393134312c2268756d223a35392e3031353632357d7d7d -108 15
2026-07-06T17:07:04.806 RX type=tlm seq=3 time=2026-07-06T08:06:55.905Z RSSI=-108 SNR=15
2026-07-06T17:07:04.816 JSON {"v":1,"type":"tlm","seq":3,"time":"2026-07-06T08:06:55.905Z","data":{"gnss":{"lat":35.911584,"lon":139.885052,"alt":14.384,"sat":38,"fix":2},"env":{"temp":25.13,"press":1012.629141,"hum":59.015625}}}
2026-07-06T17:07:04.825 GPS lat=35.911584 lon=139.885052 alt=14.384 sat=38 fix=2
2026-07-06T17:07:04.851 > p2p rx 0
2026-07-06T17:07:04.858 < >
2026-07-06T17:07:23.428 < >> Ok
2026-07-06T17:07:23.429 < >> radio_err
2026-07-06T17:07:23.728 > p2p rx 0
2026-07-06T17:07:23.729 < >
2026-07-06T17:07:42.134 < >> Ok
2026-07-06T17:07:42.175 < >> radio_rx 7b2276223a312c2274797065223a22746c6d222c22736571223a352c2274696d65223a22323032362d30372d30365430383a30373a33332e3437385a222c2264617461223a7b22676e7373223a7b226c6174223a6e756c6c2c226c6f6e223a6e756c6c2c22616c74223a6e756c6c2c22736174223a6e756c6c2c22666978223a6e756c6c7d2c22656e76223a7b2274656d70223a32352e31322c227072657373223a313031322e3535373330352c2268756d223a35382e3635303339317d7d7d -116 6
2026-07-06T17:07:42.176 RX type=tlm seq=5 time=2026-07-06T08:07:33.478Z RSSI=-116 SNR=6
2026-07-06T17:07:42.180 JSON {"v":1,"type":"tlm","seq":5,"time":"2026-07-06T08:07:33.478Z","data":{"gnss":{"lat":null,"lon":null,"alt":null,"sat":null,"fix":null},"env":{"temp":25.12,"press":1012.557305,"hum":58.650391}}}
2026-07-06T17:07:42.220 > p2p rx 0
2026-07-06T17:07:42.222 < >
2026-07-06T17:08:00.822 < >> Ok
2026-07-06T17:08:00.861 < >> radio_rx 7b2276223a312c2274797065223a22746c6d222c22736571223a362c2274696d65223a22323032362d30372d30365430383a30373a35322e3136355a222c2264617461223a7b22676e7373223a7b226c6174223a6e756c6c2c226c6f6e223a6e756c6c2c22616c74223a6e756c6c2c22736174223a6e756c6c2c22666978223a6e756c6c7d2c22656e76223a7b2274656d70223a32352e32312c227072657373223a313031322e3535393333362c2268756d223a35382e3332333234327d7d7d -111 -7
2026-07-06T17:08:00.861 RX type=tlm seq=6 time=2026-07-06T08:07:52.165Z RSSI=-111 SNR=-7
2026-07-06T17:08:00.864 JSON {"v":1,"type":"tlm","seq":6,"time":"2026-07-06T08:07:52.165Z","data":{"gnss":{"lat":null,"lon":null,"alt":null,"sat":null,"fix":null},"env":{"temp":25.21,"press":1012.559336,"hum":58.323242}}}
2026-07-06T17:08:00.909 > p2p rx 0
2026-07-06T17:08:00.910 < >
2026-07-06T17:08:19.509 < >> Ok
2026-07-06T17:08:19.551 < >> radio_rx 7b2276223a312c2274797065223a22746c6d222c22736571223a372c2274696d65223a22323032362d30372d30365430383a30383a31302e3835335a222c2264617461223a7b22676e7373223a7b226c6174223a6e756c6c2c226c6f6e223a6e756c6c2c22616c74223a6e756c6c2c22736174223a6e756c6c2c22666978223a6e756c6c7d2c22656e76223a7b2274656d70223a32352e32342c227072657373223a313031322e3538393533312c2268756d223a35382e3033333230337d7d7d -131 -65
2026-07-06T17:08:19.553 RX type=tlm seq=7 time=2026-07-06T08:08:10.853Z RSSI=-131 SNR=-65
2026-07-06T17:08:19.556 JSON {"v":1,"type":"tlm","seq":7,"time":"2026-07-06T08:08:10.853Z","data":{"gnss":{"lat":null,"lon":null,"alt":null,"sat":null,"fix":null},"env":{"temp":25.24,"press":1012.589531,"hum":58.033203}}}
2026-07-06T17:08:19.596 > p2p rx 0
2026-07-06T17:08:19.597 < >
2026-07-06T17:08:38.197 < >> Ok
2026-07-06T17:08:38.238 < >> radio_rx 7b2276223a312c2274797065223a22746c6d222c22736571223a382c2274696d65223a22323032362d30372d30365430383a30383a32392e3534305a222c2264617461223a7b22676e7373223a7b226c6174223a6e756c6c2c226c6f6e223a6e756c6c2c22616c74223a6e756c6c2c22736174223a6e756c6c2c22666978223a6e756c6c7d2c22656e76223a7b2274656d70223a32352e32392c227072657373223a313031322e3630383136342c2268756d223a35382e3234333136347d7d7d -117 -19
2026-07-06T17:08:38.240 RX type=tlm seq=8 time=2026-07-06T08:08:29.540Z RSSI=-117 SNR=-19
2026-07-06T17:08:38.242 JSON {"v":1,"type":"tlm","seq":8,"time":"2026-07-06T08:08:29.540Z","data":{"gnss":{"lat":null,"lon":null,"alt":null,"sat":null,"fix":null},"env":{"temp":25.29,"press":1012.608164,"hum":58.243164}}}
2026-07-06T17:08:38.284 > p2p rx 0
2026-07-06T17:08:38.285 < >
2026-07-06T17:08:56.666 < >> Ok
2026-07-06T17:08:56.667 < >> radio_err
2026-07-06T17:08:56.966 > p2p rx 0
2026-07-06T17:08:56.967 < >
2026-07-06T17:09:15.373 < >> Ok
2026-07-06T17:09:15.420 < >> radio_rx 7b2276223a312c2274797065223a22746c6d222c22736571223a31302c2274696d65223a22323032362d30372d30365430383a30393a30362e3731355a222c2264617461223a7b22676e7373223a7b226c6174223a6e756c6c2c226c6f6e223a6e756c6c2c22616c74223a6e756c6c2c22736174223a6e756c6c2c22666978223a6e756c6c7d2c22656e76223a7b2274656d70223a32352e33342c227072657373223a313031322e3630373631372c2268756d223a35372e3033363133337d7d7d -111 -14
2026-07-06T17:09:15.421 RX type=tlm seq=10 time=2026-07-06T08:09:06.715Z RSSI=-111 SNR=-14
2026-07-06T17:09:15.426 JSON {"v":1,"type":"tlm","seq":10,"time":"2026-07-06T08:09:06.715Z","data":{"gnss":{"lat":null,"lon":null,"alt":null,"sat":null,"fix":null},"env":{"temp":25.34,"press":1012.607617,"hum":57.036133}}}
2026-07-06T17:09:15.460 > p2p rx 0
2026-07-06T17:09:15.460 < >
2026-07-06T17:09:34.060 < >> Ok
2026-07-06T17:09:34.105 < >> radio_rx 7b2276223a312c2274797065223a22746c6d222c22736571223a31312c2274696d65223a22323032362d30372d30365430383a30393a32352e3430335a222c2264617461223a7b22676e7373223a7b226c6174223a6e756c6c2c226c6f6e223a6e756c6c2c22616c74223a6e756c6c2c22736174223a6e756c6c2c22666978223a6e756c6c7d2c22656e76223a7b2274656d70223a32352e332c227072657373223a313031322e3539363837352c2268756d223a35372e3332363137327d7d7d -110 4
2026-07-06T17:09:34.106 RX type=tlm seq=11 time=2026-07-06T08:09:25.403Z RSSI=-110 SNR=4
2026-07-06T17:09:34.111 JSON {"v":1,"type":"tlm","seq":11,"time":"2026-07-06T08:09:25.403Z","data":{"gnss":{"lat":null,"lon":null,"alt":null,"sat":null,"fix":null},"env":{"temp":25.3,"press":1012.596875,"hum":57.326172}}}
2026-07-06T17:09:34.148 > p2p rx 0
2026-07-06T17:09:34.149 < >
2026-07-06T17:09:52.747 < >> Ok
2026-07-06T17:09:52.793 < >> radio_rx 7b2276223a312c2274797065223a22746c6d222c22736571223a31322c2274696d65223a22323032362d30372d30365430383a30393a34342e3039305a222c2264617461223a7b22676e7373223a7b226c6174223a6e756c6c2c226c6f6e223a6e756c6c2c22616c74223a6e756c6c2c22736174223a6e756c6c2c22666978223a6e756c6c7d2c22656e76223a7b2274656d70223a32352e33342c227072657373223a313031322e3633353233342c2268756d223a35382e3331373338337d7d7d -117 -32
2026-07-06T17:09:52.794 RX type=tlm seq=12 time=2026-07-06T08:09:44.090Z RSSI=-117 SNR=-32
2026-07-06T17:09:52.797 JSON {"v":1,"type":"tlm","seq":12,"time":"2026-07-06T08:09:44.090Z","data":{"gnss":{"lat":null,"lon":null,"alt":null,"sat":null,"fix":null},"env":{"temp":25.34,"press":1012.635234,"hum":58.317383}}}
2026-07-06T17:09:52.834 > p2p rx 0
2026-07-06T17:09:52.835 < >
2026-07-06T17:10:11.435 < >> Ok
2026-07-06T17:10:11.475 < >> radio_rx 7b2276223a312c2274797065223a22746c6d222c22736571223a31332c2274696d65223a22323032362d30372d30365430383a31303a30322e3737385a222c2264617461223a7b22676e7373223a7b226c6174223a6e756c6c2c226c6f6e223a6e756c6c2c22616c74223a6e756c6c2c22736174223a6e756c6c2c22666978223a6e756c6c7d2c22656e76223a7b2274656d70223a32352e34312c227072657373223a313031322e3639343936312c2268756d223a35372e3337343032337d7d7d -113 2
2026-07-06T17:10:11.476 RX type=tlm seq=13 time=2026-07-06T08:10:02.778Z RSSI=-113 SNR=2
2026-07-06T17:10:11.479 JSON {"v":1,"type":"tlm","seq":13,"time":"2026-07-06T08:10:02.778Z","data":{"gnss":{"lat":null,"lon":null,"alt":null,"sat":null,"fix":null},"env":{"temp":25.41,"press":1012.694961,"hum":57.374023}}}
2026-07-06T17:10:11.521 > p2p rx 0
2026-07-06T17:10:11.522 < >
2026-07-06T17:10:33.634 < >> Ok
2026-07-06T17:10:33.675 < >> radio_rx 7b2276223a312c2274797065223a22746c6d222c22736571223a312c2274696d65223a22323032362d30372d30365430383a31303a32342e3937365a222c2264617461223a7b22676e7373223a7b226c6174223a6e756c6c2c226c6f6e223a6e756c6c2c22616c74223a6e756c6c2c22736174223a6e756c6c2c22666978223a6e756c6c7d2c22656e76223a7b2274656d70223a32352e34352c227072657373223a313031322e3634323236362c2268756d223a35382e3038323033317d7d7d -117 -26
2026-07-06T17:10:33.676 RX type=tlm seq=1 time=2026-07-06T08:10:24.976Z RSSI=-117 SNR=-26
2026-07-06T17:10:33.679 JSON {"v":1,"type":"tlm","seq":1,"time":"2026-07-06T08:10:24.976Z","data":{"gnss":{"lat":null,"lon":null,"alt":null,"sat":null,"fix":null},"env":{"temp":25.45,"press":1012.642266,"hum":58.082031}}}
2026-07-06T17:10:33.721 > p2p rx 0
2026-07-06T17:10:33.722 < >
2026-07-06T17:10:54.542 < >> Ok
2026-07-06T17:10:54.608 < >> radio_rx 7b2276223a312c2274797065223a22746c6d222c22736571223a322c2274696d65223a22323032362d30372d30365430383a31303a34352e3638345a222c2264617461223a7b22676e7373223a7b226c6174223a33352e3931313538392c226c6f6e223a3133392e3838353035322c22616c74223a31342e37382c22736174223a34302c22666978223a327d2c22656e76223a7b2274656d70223a32352e34342c227072657373223a313031322e3537383535352c2268756d223a35382e3033373130397d7d7d -112 -3
2026-07-06T17:10:54.609 RX type=tlm seq=2 time=2026-07-06T08:10:45.684Z RSSI=-112 SNR=-3
2026-07-06T17:10:54.615 JSON {"v":1,"type":"tlm","seq":2,"time":"2026-07-06T08:10:45.684Z","data":{"gnss":{"lat":35.911589,"lon":139.885052,"alt":14.78,"sat":40,"fix":2},"env":{"temp":25.44,"press":1012.578555,"hum":58.037109}}}
2026-07-06T17:10:54.616 GPS lat=35.911589 lon=139.885052 alt=14.78 sat=40 fix=2
2026-07-06T17:10:54.633 > p2p rx 0
2026-07-06T17:10:54.635 < >
2026-07-06T17:11:14.760 < >> Ok
2026-07-06T17:11:14.801 < >> radio_rx 7b2276223a312c2274797065223a22746c6d222c22736571223a332c2274696d65223a22323032362d30372d30365430383a31313a30352e3930335a222c2264617461223a7b22676e7373223a7b226c6174223a33352e39313135392c226c6f6e223a3133392e3838353035322c22616c74223a31342e3830322c22736174223a34302c22666978223a327d2c22656e76223a7b2274656d70223a32352e34342c227072657373223a313031322e3539383030382c2268756d223a35382e3232383531367d7d7d -115 -10
2026-07-06T17:11:14.802 RX type=tlm seq=3 time=2026-07-06T08:11:05.903Z RSSI=-115 SNR=-10
2026-07-06T17:11:14.817 JSON {"v":1,"type":"tlm","seq":3,"time":"2026-07-06T08:11:05.903Z","data":{"gnss":{"lat":35.91159,"lon":139.885052,"alt":14.802,"sat":40,"fix":2},"env":{"temp":25.44,"press":1012.598008,"hum":58.228516}}}
2026-07-06T17:11:14.831 GPS lat=35.91159 lon=139.885052 alt=14.802 sat=40 fix=2
2026-07-06T17:11:14.849 > p2p rx 0
2026-07-06T17:11:14.868 < >
2026-07-06T17:11:33.448 < >> Ok
2026-07-06T17:11:33.490 < >> radio_rx 7b2276223a312c2274797065223a22746c6d222c22736571223a342c2274696d65223a22323032362d30372d30365430383a31313a32342e3738395a222c2264617461223a7b22676e7373223a7b226c6174223a6e756c6c2c226c6f6e223a6e756c6c2c22616c74223a6e756c6c2c22736174223a6e756c6c2c22666978223a6e756c6c7d2c22656e76223a7b2274656d70223a32352e34392c227072657373223a313031322e3536393834342c2268756d223a35372e3733363332387d7d7d -117 -12
2026-07-06T17:11:33.491 RX type=tlm seq=4 time=2026-07-06T08:11:24.789Z RSSI=-117 SNR=-12
2026-07-06T17:11:33.494 JSON {"v":1,"type":"tlm","seq":4,"time":"2026-07-06T08:11:24.789Z","data":{"gnss":{"lat":null,"lon":null,"alt":null,"sat":null,"fix":null},"env":{"temp":25.49,"press":1012.569844,"hum":57.736328}}}
2026-07-06T17:11:33.535 > p2p rx 0
2026-07-06T17:11:33.536 < >
2026-07-06T17:11:52.136 < >> Ok
2026-07-06T17:11:52.185 < >> radio_rx 7b2276223a312c2274797065223a22746c6d222c22736571223a352c2274696d65223a22323032362d30372d30365430383a31313a34332e3437375a222c2264617461223a7b22676e7373223a7b226c6174223a6e756c6c2c226c6f6e223a6e756c6c2c22616c74223a6e756c6c2c22736174223a6e756c6c2c22666978223a6e756c6c7d2c22656e76223a7b2274656d70223a32352e34372c227072657373223a313031322e3536343435332c2268756d223a35372e3437333633337d7d7d -118 -15
2026-07-06T17:11:52.187 RX type=tlm seq=5 time=2026-07-06T08:11:43.477Z RSSI=-118 SNR=-15
2026-07-06T17:11:52.190 JSON {"v":1,"type":"tlm","seq":5,"time":"2026-07-06T08:11:43.477Z","data":{"gnss":{"lat":null,"lon":null,"alt":null,"sat":null,"fix":null},"env":{"temp":25.47,"press":1012.564453,"hum":57.473633}}}
2026-07-06T17:11:52.225 > p2p rx 0
2026-07-06T17:11:52.225 < >
2026-07-06T17:12:10.823 < >> Ok
2026-07-06T17:12:10.866 < >> radio_rx 7b2276223a312c2274797065223a22746c6d222c22736571223a362c2274696d65223a22323032362d30372d30365430383a31323a30322e3136345a222c2264617461223a7b22676e7373223a7b226c6174223a6e756c6c2c226c6f6e223a6e756c6c2c22616c74223a6e756c6c2c22736174223a6e756c6c2c22666978223a6e756c6c7d2c22656e76223a7b2274656d70223a32352e35382c227072657373223a313031322e3632363731392c2268756d223a35372e3232353538367d7d7d -116 -17
2026-07-06T17:12:10.868 RX type=tlm seq=6 time=2026-07-06T08:12:02.164Z RSSI=-116 SNR=-17
2026-07-06T17:12:10.872 JSON {"v":1,"type":"tlm","seq":6,"time":"2026-07-06T08:12:02.164Z","data":{"gnss":{"lat":null,"lon":null,"alt":null,"sat":null,"fix":null},"env":{"temp":25.58,"press":1012.626719,"hum":57.225586}}}
2026-07-06T17:12:10.909 > p2p rx 0
2026-07-06T17:12:10.923 < >
2026-07-06T17:13:12.969 < >> Ok
2026-07-06T17:13:13.017 < >> radio_rx 7b2276223a312c2274797065223a22746c6d222c22736571223a312c2274696d65223a22323032362d30372d30365430383a31333a30342e3130385a222c2264617461223a7b22676e7373223a7b226c6174223a33352e3931313538392c226c6f6e223a3133392e3838353035322c22616c74223a31342e3732372c22736174223a34312c22666978223a327d2c22656e76223a7b2274656d70223a32352e36372c227072657373223a313031322e3631363939322c2268756d223a35372e3431383934357d7d7d -118 -22
2026-07-06T17:13:13.019 RX type=tlm seq=1 time=2026-07-06T08:13:04.108Z RSSI=-118 SNR=-22
2026-07-06T17:13:13.024 JSON {"v":1,"type":"tlm","seq":1,"time":"2026-07-06T08:13:04.108Z","data":{"gnss":{"lat":35.911589,"lon":139.885052,"alt":14.727,"sat":41,"fix":2},"env":{"temp":25.67,"press":1012.616992,"hum":57.418945}}}
2026-07-06T17:13:13.025 GPS lat=35.911589 lon=139.885052 alt=14.727 sat=41 fix=2
2026-07-06T17:13:13.059 > p2p rx 0
2026-07-06T17:13:13.060 < >
2026-07-06T17:13:34.056 < >> Ok
2026-07-06T17:13:34.099 < >> radio_rx 7b2276223a312c2274797065223a22746c6d222c22736571223a322c2274696d65223a22323032362d30372d30365430383a31333a32352e3139375a222c2264617461223a7b22676e7373223a7b226c6174223a33352e3931313538392c226c6f6e223a3133392e3838353035312c22616c74223a31342e3437312c22736174223a34312c22666978223a327d2c22656e76223a7b2274656d70223a32352e36322c227072657373223a313031322e3536323338332c2268756d223a35362e3837393838337d7d7d -110 0
2026-07-06T17:13:34.101 RX type=tlm seq=2 time=2026-07-06T08:13:25.197Z RSSI=-110 SNR=0
2026-07-06T17:13:34.109 JSON {"v":1,"type":"tlm","seq":2,"time":"2026-07-06T08:13:25.197Z","data":{"gnss":{"lat":35.911589,"lon":139.885051,"alt":14.471,"sat":41,"fix":2},"env":{"temp":25.62,"press":1012.562383,"hum":56.879883}}}
2026-07-06T17:13:34.114 GPS lat=35.911589 lon=139.885051 alt=14.471 sat=41 fix=2
2026-07-06T17:13:34.144 > p2p rx 0
2026-07-06T17:13:34.145 < >
2026-07-06T17:14:05.572 < >> Ok
2026-07-06T17:14:05.612 < >> radio_rx 7b2276223a312c2274797065223a22746c6d222c22736571223a312c2274696d65223a22323032362d30372d30365430383a31333a35362e3931345a222c2264617461223a7b22676e7373223a7b226c6174223a6e756c6c2c226c6f6e223a6e756c6c2c22616c74223a6e756c6c2c22736174223a6e756c6c2c22666978223a6e756c6c7d2c22656e76223a7b2274656d70223a32352e36392c227072657373223a313031322e3632323334342c2268756d223a35372e3535363634317d7d7d -115 -14
2026-07-06T17:14:05.613 RX type=tlm seq=1 time=2026-07-06T08:13:56.914Z RSSI=-115 SNR=-14
2026-07-06T17:14:05.621 JSON {"v":1,"type":"tlm","seq":1,"time":"2026-07-06T08:13:56.914Z","data":{"gnss":{"lat":null,"lon":null,"alt":null,"sat":null,"fix":null},"env":{"temp":25.69,"press":1012.622344,"hum":57.556641}}}
2026-07-06T17:14:05.659 > p2p rx 0
2026-07-06T17:14:05.662 < >
2026-07-06T17:14:26.544 < >> Ok
2026-07-06T17:14:26.585 < >> radio_rx 7b2276223a312c2274797065223a22746c6d222c22736571223a322c2274696d65223a22323032362d30372d30365430383a31343a31372e3638395a222c2264617461223a7b22676e7373223a7b226c6174223a33352e3931313538362c226c6f6e223a3133392e3838353034372c22616c74223a31342e3735362c22736174223a33312c22666978223a327d2c22656e76223a7b2274656d70223a32352e35312c227072657373223a313031322e3537353135362c2268756d223a35362e3635303339317d7d7d -116 -9
2026-07-06T17:14:26.586 RX type=tlm seq=2 time=2026-07-06T08:14:17.689Z RSSI=-116 SNR=-9
2026-07-06T17:14:26.591 JSON {"v":1,"type":"tlm","seq":2,"time":"2026-07-06T08:14:17.689Z","data":{"gnss":{"lat":35.911586,"lon":139.885047,"alt":14.756,"sat":31,"fix":2},"env":{"temp":25.51,"press":1012.575156,"hum":56.650391}}}
2026-07-06T17:14:26.592 GPS lat=35.911586 lon=139.885047 alt=14.756 sat=31 fix=2
2026-07-06T17:14:26.634 > p2p rx 0
2026-07-06T17:14:26.635 < >
2026-07-06T17:14:46.272 < >> Ok
2026-07-06T17:14:46.318 < >> radio_rx 7b2276223a312c2274797065223a22746c6d222c22736571223a332c2274696d65223a22323032362d30372d30365430383a31343a33372e3431395a222c2264617461223a7b22676e7373223a7b226c6174223a33352e3931313538372c226c6f6e223a3133392e3838353034372c22616c74223a31342e3731362c22736174223a33312c22666978223a327d2c22656e76223a7b2274656d70223a32352e35392c227072657373223a313031322e3538373737332c2268756d223a35372e3835303538367d7d7d -115 -12
2026-07-06T17:14:46.319 RX type=tlm seq=3 time=2026-07-06T08:14:37.419Z RSSI=-115 SNR=-12
2026-07-06T17:14:46.337 JSON {"v":1,"type":"tlm","seq":3,"time":"2026-07-06T08:14:37.419Z","data":{"gnss":{"lat":35.911587,"lon":139.885047,"alt":14.716,"sat":31,"fix":2},"env":{"temp":25.59,"press":1012.587773,"hum":57.850586}}}
2026-07-06T17:14:46.348 GPS lat=35.911587 lon=139.885047 alt=14.716 sat=31 fix=2
2026-07-06T17:14:46.363 > p2p rx 0
2026-07-06T17:14:46.376 < >
2026-07-06T17:23:10.841 < >> Ok
2026-07-06T17:23:10.939 > p2p rx 0
2026-07-06T17:23:10.944 < >
2026-07-06T17:23:21.678 < >> Ok
2026-07-06T17:23:21.775 > p2p rx 0
2026-07-06T17:23:21.776 < >
2026-07-06T17:23:32.515 < >> Ok
2026-07-06T17:23:32.612 > p2p rx 0
2026-07-06T17:23:32.613 < >
2026-07-06T17:23:43.351 < >> Ok
2026-07-06T17:23:43.448 > p2p rx 0
2026-07-06T17:23:43.452 < >
2026-07-06T17:23:54.189 < >> Ok
2026-07-06T17:23:54.287 > p2p rx 0
2026-07-06T17:23:54.288 < >
2026-07-06T17:24:05.025 < >> Ok
2026-07-06T17:24:05.124 > p2p rx 0
2026-07-06T17:24:05.125 < >
2026-07-06T17:26:26.723 < >> Ok
2026-07-06T17:26:26.822 > p2p rx 0
2026-07-06T17:26:26.823 < >
2026-07-06T17:26:37.825 < >> Ok
2026-07-06T17:26:37.922 > p2p rx 0
2026-07-06T17:26:37.923 < >
2026-07-06T17:26:48.927 < >> Ok
2026-07-06T17:26:49.024 > p2p rx 0
2026-07-06T17:26:49.025 < >
2026-07-06T17:27:00.023 < >> Ok
2026-07-06T17:27:00.121 > p2p rx 0
2026-07-06T17:27:00.122 < >
2026-07-06T17:27:11.124 < >> Ok
2026-07-06T17:27:11.222 > p2p rx 0
2026-07-06T17:27:11.223 < >
2026-07-06T17:27:22.224 < >> Ok
2026-07-06T17:27:22.322 > p2p rx 0
2026-07-06T17:27:22.330 < >
2026-07-06T17:27:33.325 < >> Ok
2026-07-06T17:27:33.422 > p2p rx 0
2026-07-06T17:27:33.430 < >
2026-07-06T17:27:44.433 < >> Ok
2026-07-06T17:27:44.531 > p2p rx 0
2026-07-06T17:27:44.532 < >
2026-07-06T17:27:55.534 < >> Ok
2026-07-06T17:27:55.634 > p2p rx 0
2026-07-06T17:27:55.635 < >
2026-07-06T17:28:06.634 < >> Ok
2026-07-06T17:28:06.731 > p2p rx 0
2026-07-06T17:28:06.732 < >
2026-07-06T17:28:17.735 < >> Ok
2026-07-06T17:28:17.834 > p2p rx 0
2026-07-06T17:28:17.836 < >
2026-07-06T17:28:28.834 < >> Ok
2026-07-06T17:28:28.931 > p2p rx 0
2026-07-06T17:28:28.933 < >
2026-07-06T17:28:39.934 < >> Ok
2026-07-06T17:28:40.032 > p2p rx 0
2026-07-06T17:28:40.033 < >
2026-07-06T17:28:51.038 < >> Ok
2026-07-06T17:28:51.135 > p2p rx 0
2026-07-06T17:28:51.140 < >
2026-07-06T17:29:02.137 < >> Ok
2026-07-06T17:29:02.235 > p2p rx 0
2026-07-06T17:29:02.236 < >
2026-07-06T17:29:13.234 < >> Ok
2026-07-06T17:29:13.333 > p2p rx 0
2026-07-06T17:29:13.334 < >
2026-07-06T17:29:24.335 < >> Ok
2026-07-06T17:29:24.431 > p2p rx 0
2026-07-06T17:29:24.442 < >
2026-07-06T17:29:35.435 < >> Ok
2026-07-06T17:29:35.533 > p2p rx 0
2026-07-06T17:29:35.534 < >
2026-07-06T17:29:46.537 < >> Ok
2026-07-06T17:29:46.634 > p2p rx 0
2026-07-06T17:29:46.643 < >
2026-07-06T17:29:57.635 < >> Ok
2026-07-06T17:29:57.731 > p2p rx 0
2026-07-06T17:29:57.732 < >
2026-07-06T17:30:08.734 < >> Ok
2026-07-06T17:30:08.830 > p2p rx 0
2026-07-06T17:30:08.832 < >
2026-07-06T17:30:19.836 < >> Ok
2026-07-06T17:30:19.933 > p2p rx 0
2026-07-06T17:30:19.935 < >
2026-07-06T17:30:30.936 < >> Ok
2026-07-06T17:30:31.035 > p2p rx 0
2026-07-06T17:30:31.035 < >
2026-07-06T17:30:42.035 < >> Ok
2026-07-06T17:30:42.132 > p2p rx 0
2026-07-06T17:30:42.142 < >
2026-07-06T17:30:53.135 < >> Ok
2026-07-06T17:30:53.233 > p2p rx 0
2026-07-06T17:30:53.238 < >
2026-07-06T17:31:04.238 < >> Ok
2026-07-06T17:31:04.336 > p2p rx 0
2026-07-06T17:31:04.337 < >
2026-07-06T17:31:15.334 < >> Ok
2026-07-06T17:31:15.432 > p2p rx 0
2026-07-06T17:31:15.434 < >
2026-07-06T17:31:26.434 < >> Ok
2026-07-06T17:31:26.532 > p2p rx 0
2026-07-06T17:31:26.534 < >
2026-07-06T17:31:37.534 < >> Ok
2026-07-06T17:31:37.631 > p2p rx 0
2026-07-06T17:31:37.631 < >
2026-07-06T17:31:48.634 < >> Ok
2026-07-06T17:31:48.732 > p2p rx 0
2026-07-06T17:31:48.733 < >
2026-07-06T17:31:59.734 < >> Ok
2026-07-06T17:32:00.008 > p2p rx 0
2026-07-06T17:32:00.008 < >
2026-07-06T17:32:10.835 < >> Ok
2026-07-06T17:32:10.932 > p2p rx 0
2026-07-06T17:32:10.933 < >
2026-07-06T17:32:21.936 < >> Ok
2026-07-06T17:32:22.034 > p2p rx 0
2026-07-06T17:32:22.035 < >
2026-07-06T17:32:33.035 < >> Ok
2026-07-06T17:32:33.132 > p2p rx 0
2026-07-06T17:32:33.134 < >
2026-07-06T17:32:44.135 < >> Ok
2026-07-06T17:32:44.234 > p2p rx 0
2026-07-06T17:32:44.235 < >
