2026-06-02T17:18:04.780 < >> Ok
2026-06-02T17:18:04.795 < >> radio_rx 7b2276223a312c2274797065223a2274657874222c22736571223a322c2274696d65223a22323032362d30362d30325430383a31383a30342e3331365a222c2264617461223a7b226d657373616765223a2268656c6c6f227d7d -51 33
2026-06-02T17:18:04.796 RX type=text seq=2 time=2026-06-02T08:18:04.316Z RSSI=-51 SNR=33
2026-06-02T17:18:04.798 JSON {"v":1,"type":"text","seq":2,"time":"2026-06-02T08:18:04.316Z","data":{"message":"hello"}}
2026-06-02T17:18:04.840 > p2p rx 0
2026-06-02T17:18:04.842 < >
2026-06-02T17:18:10.561 < >> Ok
2026-06-02T17:18:10.576 < >> radio_rx 7b2276223a312c2274797065223a2274657874222c22736571223a332c2274696d65223a22323032362d30362d30325430383a31383a31302e3132325a222c2264617461223a7b226d657373616765223a226869227d7d -57 26
2026-06-02T17:18:10.576 RX type=text seq=3 time=2026-06-02T08:18:10.122Z RSSI=-57 SNR=26
2026-06-02T17:18:10.578 JSON {"v":1,"type":"text","seq":3,"time":"2026-06-02T08:18:10.122Z","data":{"message":"hi"}}
2026-06-02T17:18:10.619 > p2p rx 0
2026-06-02T17:18:10.621 < >
2026-06-02T17:18:24.519 < >> Ok
2026-06-02T17:18:24.536 < >> radio_rx 7b2276223a312c2274797065223a2274657874222c22736571223a352c2274696d65223a22323032362d30362d30325430383a31383a32342e3038325a222c2264617461223a7b226d657373616765223a226869227d7d -56 24
2026-06-02T17:18:24.538 RX type=text seq=5 time=2026-06-02T08:18:24.082Z RSSI=-56 SNR=24
2026-06-02T17:18:24.540 JSON {"v":1,"type":"text","seq":5,"time":"2026-06-02T08:18:24.082Z","data":{"message":"hi"}}
2026-06-02T17:18:24.579 > p2p rx 0
2026-06-02T17:18:24.580 < >
2026-06-02T17:18:38.426 < >> Ok
2026-06-02T17:18:38.440 < >> radio_rx 7b2276223a312c2274797065223a2274657874222c22736571223a372c2274696d65223a22323032362d30362d30325430383a31383a33372e3938385a222c2264617461223a7b226d657373616765223a226b6f6e227d7d -62 24
2026-06-02T17:18:38.441 RX type=text seq=7 time=2026-06-02T08:18:37.988Z RSSI=-62 SNR=24
2026-06-02T17:18:38.442 JSON {"v":1,"type":"text","seq":7,"time":"2026-06-02T08:18:37.988Z","data":{"message":"kon"}}
2026-06-02T17:18:38.487 > p2p rx 0
2026-06-02T17:18:38.488 < >
2026-06-02T17:20:12.246 < >> Ok
2026-06-02T17:20:12.263 < >> radio_rx 7b2276223a312c2274797065223a2274657874222c22736571223a31302c2274696d65223a22323032362d30362d30325430383a32303a31312e3830395a222c2264617461223a7b226d657373616765223a226f69227d7d -57 22
2026-06-02T17:20:12.264 RX type=text seq=10 time=2026-06-02T08:20:11.809Z RSSI=-57 SNR=22
2026-06-02T17:20:12.265 JSON {"v":1,"type":"text","seq":10,"time":"2026-06-02T08:20:11.809Z","data":{"message":"oi"}}
2026-06-02T17:20:12.306 > p2p rx 0
2026-06-02T17:20:12.308 < >
2026-06-02T17:20:20.927 < >> Ok
2026-06-02T17:20:20.945 < >> radio_rx 7b2276223a312c2274797065223a2274657874222c22736571223a31312c2274696d65223a22323032362d30362d30325430383a32303a32302e3439315a222c2264617461223a7b226d657373616765223a226f7375227d7d -53 31
2026-06-02T17:20:20.946 RX type=text seq=11 time=2026-06-02T08:20:20.491Z RSSI=-53 SNR=31
2026-06-02T17:20:20.948 JSON {"v":1,"type":"text","seq":11,"time":"2026-06-02T08:20:20.491Z","data":{"message":"osu"}}
2026-06-02T17:20:20.988 > p2p rx 0
2026-06-02T17:20:20.989 < >
2026-06-02T17:32:11.838 < >> Ok
2026-06-02T17:32:11.850 < >> radio_rx 7b2276223a312c2274797065223a2274657874222c22736571223a312c2274696d65223a22323032362d30362d30325430383a33323a31312e3337395a222c2264617461223a7b226d657373616765223a2268656c6c6f227d7d -52 29
2026-06-02T17:32:11.851 RX type=text seq=1 time=2026-06-02T08:32:11.379Z RSSI=-52 SNR=29
2026-06-02T17:32:11.853 JSON {"v":1,"type":"text","seq":1,"time":"2026-06-02T08:32:11.379Z","data":{"message":"hello"}}
2026-06-02T17:32:11.899 > p2p rx 0
2026-06-02T17:32:11.900 < >
2026-06-02T17:32:18.785 < >> Ok
2026-06-02T17:32:18.803 < >> radio_rx 7b2276223a312c2274797065223a2274657874222c22736571223a322c2274696d65223a22323032362d30362d30325430383a33323a31382e3335325a222c2264617461223a7b226d657373616765223a226869227d7d -53 30
2026-06-02T17:32:18.805 RX type=text seq=2 time=2026-06-02T08:32:18.352Z RSSI=-53 SNR=30
2026-06-02T17:32:18.807 JSON {"v":1,"type":"text","seq":2,"time":"2026-06-02T08:32:18.352Z","data":{"message":"hi"}}
2026-06-02T17:32:18.846 > p2p rx 0
2026-06-02T17:32:18.847 < >
2026-06-02T17:32:29.975 < >> Ok
2026-06-02T17:32:29.991 < >> radio_rx 7b2276223a312c2274797065223a2274657874222c22736571223a332c2274696d65223a22323032362d30362d30325430383a33323a32392e3531365a222c2264617461223a7b226d657373616765223a226b696f73756b75227d7d -52 33
2026-06-02T17:32:29.993 RX type=text seq=3 time=2026-06-02T08:32:29.516Z RSSI=-52 SNR=33
2026-06-02T17:32:29.994 JSON {"v":1,"type":"text","seq":3,"time":"2026-06-02T08:32:29.516Z","data":{"message":"kiosuku"}}
2026-06-02T17:32:30.037 > p2p rx 0
2026-06-02T17:32:30.038 < >
2026-06-02T17:32:58.546 < >> Ok
2026-06-02T17:32:58.561 < >> radio_rx 7b2276223a312c2274797065223a2274657874222c22736571223a342c2274696d65223a22323032362d30362d30325430383a33323a35382e3038395a222c2264617461223a7b226d657373616765223a226969796f2d227d7d -54 24
2026-06-02T17:32:58.563 RX type=text seq=4 time=2026-06-02T08:32:58.089Z RSSI=-54 SNR=24
2026-06-02T17:32:58.565 JSON {"v":1,"type":"text","seq":4,"time":"2026-06-02T08:32:58.089Z","data":{"message":"iiyo-"}}
2026-06-02T17:32:58.608 > p2p rx 0
2026-06-02T17:32:58.609 < >
2026-06-02T18:00:14.471 < >> Ok
2026-06-02T18:00:14.567 > p2p rx 0
2026-06-02T18:00:14.568 < >
2026-06-02T18:00:23.050 < >> Ok
2026-06-02T18:00:23.148 > p2p rx 0
2026-06-02T18:00:23.149 < >
2026-06-02T18:00:31.629 < >> Ok
2026-06-02T18:00:31.726 > p2p rx 0
2026-06-02T18:00:31.727 < >
2026-06-02T18:00:35.937 < >> Ok
2026-06-02T18:00:36.034 > p2p rx 0
2026-06-02T18:00:36.036 < >
2026-06-02T18:00:40.245 < >> Ok
2026-06-02T18:00:40.341 > p2p rx 0
2026-06-02T18:00:40.343 < >
2026-06-02T18:00:44.554 < >> Ok
2026-06-02T18:00:44.651 > p2p rx 0
2026-06-02T18:00:44.653 < >
2026-06-02T18:00:48.812 < >> Ok
2026-06-02T18:00:48.908 > p2p rx 0
2026-06-02T18:00:48.910 < >
2026-06-02T18:00:53.070 < >> Ok
2026-06-02T18:00:53.167 > p2p rx 0
2026-06-02T18:00:53.168 < >
2026-06-02T18:00:57.379 < >> Ok
2026-06-02T18:00:57.476 > p2p rx 0
2026-06-02T18:00:57.477 < >
2026-06-02T18:01:01.687 < >> Ok
2026-06-02T18:01:01.784 > p2p rx 0
2026-06-02T18:01:01.785 < >
2026-06-02T18:01:05.996 < >> Ok
2026-06-02T18:01:06.091 > p2p rx 0
2026-06-02T18:01:06.092 < >
2026-06-02T18:01:10.304 < >> Ok
2026-06-02T18:01:10.401 > p2p rx 0
2026-06-02T18:01:10.402 < >
2026-06-02T18:01:14.562 < >> Ok
2026-06-02T18:01:14.659 > p2p rx 0
2026-06-02T18:01:14.660 < >
2026-06-02T18:01:18.820 < >> Ok
2026-06-02T18:01:18.917 > p2p rx 0
2026-06-02T18:01:18.919 < >
2026-06-02T18:01:23.078 < >> Ok
2026-06-02T18:01:23.176 > p2p rx 0
2026-06-02T18:01:23.177 < >
2026-06-02T18:01:27.386 < >> Ok
2026-06-02T18:01:27.484 > p2p rx 0
2026-06-02T18:01:27.484 < >
2026-06-02T18:01:31.695 < >> Ok
2026-06-02T18:01:31.790 > p2p rx 0
2026-06-02T18:01:31.792 < >
2026-06-02T18:01:36.003 < >> Ok
2026-06-02T18:01:36.100 > p2p rx 0
2026-06-02T18:01:36.102 < >
2026-06-02T18:01:40.262 < >> Ok
2026-06-02T18:01:40.358 > p2p rx 0
2026-06-02T18:01:40.359 < >
2026-06-02T18:01:44.520 < >> Ok
2026-06-02T18:01:44.616 > p2p rx 0
2026-06-02T18:01:44.618 < >
2026-06-02T18:01:48.828 < >> Ok
2026-06-02T18:01:48.925 > p2p rx 0
2026-06-02T18:01:48.927 < >
2026-06-02T18:01:53.136 < >> Ok
2026-06-02T18:01:53.233 > p2p rx 0
2026-06-02T18:01:53.235 < >
2026-06-02T18:01:57.445 < >> Ok
2026-06-02T18:01:57.637 > p2p rx 0
2026-06-02T18:01:57.637 < >
2026-06-02T18:02:01.703 < >> Ok
2026-06-02T18:02:01.799 > p2p rx 0
2026-06-02T18:02:01.800 < >
2026-06-02T18:02:05.961 < >> Ok
2026-06-02T18:02:06.058 > p2p rx 0
2026-06-02T18:02:06.059 < >
2026-06-02T18:02:10.219 < >> Ok
2026-06-02T18:02:10.315 > p2p rx 0
2026-06-02T18:02:10.316 < >
2026-06-02T18:02:14.527 < >> Ok
2026-06-02T18:02:14.625 > p2p rx 0
2026-06-02T18:02:14.626 < >
2026-06-02T18:02:18.836 < >> Ok
2026-06-02T18:02:18.933 > p2p rx 0
2026-06-02T18:02:18.934 < >
2026-06-02T18:02:23.094 < >> Ok
2026-06-02T18:02:23.192 > p2p rx 0
2026-06-02T18:02:23.193 < >
2026-06-02T18:11:18.184 < >> Ok
2026-06-02T18:11:18.203 < >> radio_rx 7b2276223a312c2274797065223a2274657874222c22736571223a312c2274696d65223a22323032362d30362d30325430393a31313a31372e3736335a222c2264617461223a7b226d657373616765223a2268656c6c6f227d7d -52 33
2026-06-02T18:11:18.205 RX type=text seq=1 time=2026-06-02T09:11:17.763Z RSSI=-52 SNR=33
2026-06-02T18:11:18.207 JSON {"v":1,"type":"text","seq":1,"time":"2026-06-02T09:11:17.763Z","data":{"message":"hello"}}
2026-06-02T18:11:18.246 > p2p rx 0
2026-06-02T18:11:18.247 < >
2026-06-02T18:11:43.127 < >> Ok
2026-06-02T18:11:43.143 < >> radio_rx 7b2276223a312c2274797065223a2274657874222c22736571223a322c2274696d65223a22323032362d30362d30325430393a31313a34322e3733315a222c2264617461223a7b226d657373616765223a226869227d7d -51 29
2026-06-02T18:11:43.145 RX type=text seq=2 time=2026-06-02T09:11:42.731Z RSSI=-51 SNR=29
2026-06-02T18:11:43.147 JSON {"v":1,"type":"text","seq":2,"time":"2026-06-02T09:11:42.731Z","data":{"message":"hi"}}
2026-06-02T18:11:43.187 > p2p rx 0
2026-06-02T18:11:43.189 < >
2026-06-02T18:11:55.951 < >> Ok
2026-06-02T18:11:55.966 < >> radio_rx 7b2276223a312c2274797065223a2274657874222c22736571223a332c2274696d65223a22323032362d30362d30325430393a31313a35352e3535375a222c2264617461223a7b226d657373616765223a227975227d7d -46 31
2026-06-02T18:11:55.968 RX type=text seq=3 time=2026-06-02T09:11:55.557Z RSSI=-46 SNR=31
2026-06-02T18:11:55.969 JSON {"v":1,"type":"text","seq":3,"time":"2026-06-02T09:11:55.557Z","data":{"message":"yu"}}
2026-06-02T18:11:56.012 > p2p rx 0
2026-06-02T18:11:56.013 < >
2026-06-02T18:12:24.680 < >> Ok
2026-06-02T18:12:24.696 < >> radio_rx 7b2276223a312c2274797065223a2274657874222c22736571223a342c2274696d65223a22323032362d30362d30325430393a31323a32342e3238355a222c2264617461223a7b226d657373616765223a2276227d7d -50 31
2026-06-02T18:12:24.697 RX type=text seq=4 time=2026-06-02T09:12:24.285Z RSSI=-50 SNR=31
2026-06-02T18:12:24.699 JSON {"v":1,"type":"text","seq":4,"time":"2026-06-02T09:12:24.285Z","data":{"message":"v"}}
2026-06-02T18:12:24.741 > p2p rx 0
2026-06-02T18:12:24.742 < >
2026-06-02T18:12:31.238 < >> Ok
2026-06-02T18:12:31.255 < >> radio_rx 7b2276223a312c2274797065223a2274657874222c22736571223a352c2274696d65223a22323032362d30362d30325430393a31323a33302e3834335a222c2264617461223a7b226d657373616765223a2261227d7d -50 25
2026-06-02T18:12:31.256 RX type=text seq=5 time=2026-06-02T09:12:30.843Z RSSI=-50 SNR=25
2026-06-02T18:12:31.258 JSON {"v":1,"type":"text","seq":5,"time":"2026-06-02T09:12:30.843Z","data":{"message":"a"}}
2026-06-02T18:12:31.299 > p2p rx 0
2026-06-02T18:12:31.300 < >
2026-06-02T18:13:22.242 < >> Ok
2026-06-02T18:13:22.258 < >> radio_rx 7b2276223a312c2274797065223a2274657874222c22736571223a362c2274696d65223a22323032362d30362d30325430393a31333a32312e3834385a222c2264617461223a7b226d657373616765223a226869227d7d -52 31
2026-06-02T18:13:22.260 RX type=text seq=6 time=2026-06-02T09:13:21.848Z RSSI=-52 SNR=31
2026-06-02T18:13:22.261 JSON {"v":1,"type":"text","seq":6,"time":"2026-06-02T09:13:21.848Z","data":{"message":"hi"}}
2026-06-02T18:13:22.302 > p2p rx 0
2026-06-02T18:13:22.304 < >
2026-06-02T18:13:41.099 < >> Ok
2026-06-02T18:13:41.116 < >> radio_rx 7b2276223a312c2274797065223a2274657874222c22736571223a372c2274696d65223a22323032362d30362d30325430393a31333a34302e3730345a222c2264617461223a7b226d657373616765223a226f69227d7d -51 30
2026-06-02T18:13:41.118 RX type=text seq=7 time=2026-06-02T09:13:40.704Z RSSI=-51 SNR=30
2026-06-02T18:13:41.119 JSON {"v":1,"type":"text","seq":7,"time":"2026-06-02T09:13:40.704Z","data":{"message":"oi"}}
2026-06-02T18:13:41.159 > p2p rx 0
2026-06-02T18:13:41.161 < >
2026-06-02T18:14:47.321 < >> Ok
2026-06-02T18:14:47.337 < >> radio_rx 7b2276223a312c2274797065223a2274657874222c22736571223a382c2274696d65223a22323032362d30362d30325430393a31343a34362e3932375a222c2264617461223a7b226d657373616765223a226d6161227d7d -51 31
2026-06-02T18:14:47.338 RX type=text seq=8 time=2026-06-02T09:14:46.927Z RSSI=-51 SNR=31
2026-06-02T18:14:47.340 JSON {"v":1,"type":"text","seq":8,"time":"2026-06-02T09:14:46.927Z","data":{"message":"maa"}}
2026-06-02T18:14:47.382 > p2p rx 0
2026-06-02T18:14:47.383 < >
2026-06-02T18:16:33.899 < >> Ok
2026-06-02T18:16:33.914 < >> radio_rx 7b2276223a312c2274797065223a2274657874222c22736571223a392c2274696d65223a22323032362d30362d30325430393a31363a33332e3530365a222c2264617461223a7b226d657373616765223a227461636f227d7d -59 30
2026-06-02T18:16:33.916 RX type=text seq=9 time=2026-06-02T09:16:33.506Z RSSI=-59 SNR=30
2026-06-02T18:16:33.917 JSON {"v":1,"type":"text","seq":9,"time":"2026-06-02T09:16:33.506Z","data":{"message":"taco"}}
2026-06-02T18:16:33.960 > p2p rx 0
2026-06-02T18:16:33.961 < >
2026-06-02T18:18:48.176 < >> Ok
2026-06-02T18:18:48.194 < >> radio_rx 7b2276223a312c2274797065223a2274657874222c22736571223a31302c2274696d65223a22323032362d30362d30325430393a31383a34372e3736315a222c2264617461223a7b226d657373616765223a2275697569227d7d -54 23
2026-06-02T18:18:48.195 RX type=text seq=10 time=2026-06-02T09:18:47.761Z RSSI=-54 SNR=23
2026-06-02T18:18:48.198 JSON {"v":1,"type":"text","seq":10,"time":"2026-06-02T09:18:47.761Z","data":{"message":"uiui"}}
2026-06-02T18:18:48.238 > p2p rx 0
2026-06-02T18:18:48.239 < >
2026-06-02T18:19:28.310 < >> Ok
2026-06-02T18:19:28.325 < >> radio_rx 7b2276223a312c2274797065223a2274657874222c22736571223a31312c2274696d65223a22323032362d30362d30325430393a31393a32372e3839355a222c2264617461223a7b226d657373616765223a226d6f6e6f227d7d -54 25
2026-06-02T18:19:28.326 RX type=text seq=11 time=2026-06-02T09:19:27.895Z RSSI=-54 SNR=25
2026-06-02T18:19:28.327 JSON {"v":1,"type":"text","seq":11,"time":"2026-06-02T09:19:27.895Z","data":{"message":"mono"}}
2026-06-02T18:19:28.371 > p2p rx 0
2026-06-02T18:19:28.373 < >
2026-06-02T18:54:34.704 < >> Ok
2026-06-02T18:54:34.720 < >> radio_rx 7b2276223a312c2274797065223a2274657874222c22736571223a312c2274696d65223a22323032362d30362d30325430393a35343a33342e3333365a222c2264617461223a7b226d657373616765223a22616161227d7d -74 28
2026-06-02T18:54:34.722 RX type=text seq=1 time=2026-06-02T09:54:34.336Z RSSI=-74 SNR=28
2026-06-02T18:54:34.724 JSON {"v":1,"type":"text","seq":1,"time":"2026-06-02T09:54:34.336Z","data":{"message":"aaa"}}
2026-06-02T18:54:34.765 > p2p rx 0
2026-06-02T18:54:34.766 < >
2026-06-02T18:54:48.318 < >> Ok
2026-06-02T18:54:48.335 < >> radio_rx 7b2276223a312c2274797065223a2274657874222c22736571223a322c2274696d65223a22323032362d30362d30325430393a35343a34372e3934395a222c2264617461223a7b226d657373616765223a22616161227d7d -52 33
2026-06-02T18:54:48.336 RX type=text seq=2 time=2026-06-02T09:54:47.949Z RSSI=-52 SNR=33
2026-06-02T18:54:48.337 JSON {"v":1,"type":"text","seq":2,"time":"2026-06-02T09:54:47.949Z","data":{"message":"aaa"}}
2026-06-02T18:54:48.379 > p2p rx 0
2026-06-02T18:54:48.380 < >
2026-06-02T18:56:53.187 < >> Ok
2026-06-02T18:56:53.208 < >> radio_rx 7b2276223a312c2274797065223a2274657874222c22736571223a332c2274696d65223a22323032362d30362d30325430393a35363a35322e3731385a222c2264617461223a7b226d657373616765223a22346b61692065726562652d74612d206d6165227d7d -83 32
2026-06-02T18:56:53.209 RX type=text seq=3 time=2026-06-02T09:56:52.718Z RSSI=-83 SNR=32
2026-06-02T18:56:53.211 JSON {"v":1,"type":"text","seq":3,"time":"2026-06-02T09:56:52.718Z","data":{"message":"4kai erebe-ta- mae"}}
2026-06-02T18:56:53.252 > p2p rx 0
2026-06-02T18:56:53.257 < >
2026-06-02T18:57:39.042 < >> Ok
2026-06-02T18:57:39.059 < >> radio_rx 7b2276223a312c2274797065223a2274657874222c22736571223a342c2274696d65223a22323032362d30362d30325430393a35373a33382e3632345a222c2264617461223a7b226d657373616765223a22316b6169206f6b756e6169227d7d -122 -55
2026-06-02T18:57:39.060 RX type=text seq=4 time=2026-06-02T09:57:38.624Z RSSI=-122 SNR=-55
2026-06-02T18:57:39.062 JSON {"v":1,"type":"text","seq":4,"time":"2026-06-02T09:57:38.624Z","data":{"message":"1kai okunai"}}
2026-06-02T18:57:39.104 > p2p rx 0
2026-06-02T18:57:39.106 < >
2026-06-02T18:58:03.620 < >> Ok
2026-06-02T18:58:03.640 < >> radio_rx 7b2276223a312c2274797065223a2274657874222c22736571223a352c2274696d65223a22323032362d30362d30325430393a35383a30332e3230325a222c2264617461223a7b226d657373616765223a22316b6169206f6b75676169227d7d -117 -32
2026-06-02T18:58:03.642 RX type=text seq=5 time=2026-06-02T09:58:03.202Z RSSI=-117 SNR=-32
2026-06-02T18:58:03.643 JSON {"v":1,"type":"text","seq":5,"time":"2026-06-02T09:58:03.202Z","data":{"message":"1kai okugai"}}
2026-06-02T18:58:03.682 > p2p rx 0
2026-06-02T18:58:03.684 < >
