2026-06-09T16:45:02.601 < >> Ok
2026-06-09T16:45:02.616 < >> radio_rx 7b2276223a312c2274797065223a2274657874222c22736571223a37312c2274696d65223a22323032362d30362d30395430373a34353a30312e3135305a222c2264617461223a7b226d657373616765223a2274657374227d7d -43 31
2026-06-09T16:45:02.618 RX type=text seq=71 time=2026-06-09T07:45:01.150Z RSSI=-43 SNR=31
2026-06-09T16:45:02.621 JSON {"v":1,"type":"text","seq":71,"time":"2026-06-09T07:45:01.150Z","data":{"message":"test"}}
2026-06-09T16:45:02.663 > p2p rx 0
2026-06-09T16:45:02.665 < >
2026-06-09T16:45:26.210 < >> Ok
2026-06-09T16:45:26.226 < >> radio_rx 7b2276223a312c2274797065223a2274657874222c22736571223a392c2274696d65223a22323032362d30362d30395430373a34353a32342e3738325a222c2264617461223a7b226d657373616765223a2274657374227d7d -43 33
2026-06-09T16:45:26.228 RX type=text seq=9 time=2026-06-09T07:45:24.782Z RSSI=-43 SNR=33
2026-06-09T16:45:26.233 JSON {"v":1,"type":"text","seq":9,"time":"2026-06-09T07:45:24.782Z","data":{"message":"test"}}
2026-06-09T16:45:26.269 > p2p rx 0
2026-06-09T16:45:26.274 < >
2026-06-09T16:45:33.315 < >> Ok
2026-06-09T16:45:33.337 < >> radio_rx 7b2276223a312c2274797065223a2274657874222c22736571223a37332c2274696d65223a22323032362d30362d30395430373a34353a33312e3836345a222c2264617461223a7b226d657373616765223a2274657374227d7d -44 30
2026-06-09T16:45:33.341 RX type=text seq=73 time=2026-06-09T07:45:31.864Z RSSI=-44 SNR=30
2026-06-09T16:45:33.346 JSON {"v":1,"type":"text","seq":73,"time":"2026-06-09T07:45:31.864Z","data":{"message":"test"}}
2026-06-09T16:45:33.377 > p2p rx 0
2026-06-09T16:45:33.378 < >
2026-06-09T16:45:36.864 < >> Ok
2026-06-09T16:45:36.884 < >> radio_rx 7b2276223a312c2274797065223a2274657874222c22736571223a31302c2274696d65223a22323032362d30362d30395430373a34353a33352e3431325a222c2264617461223a7b226d657373616765223a2274657374227d7d -42 33
2026-06-09T16:45:36.887 RX type=text seq=10 time=2026-06-09T07:45:35.412Z RSSI=-42 SNR=33
2026-06-09T16:45:36.892 JSON {"v":1,"type":"text","seq":10,"time":"2026-06-09T07:45:35.412Z","data":{"message":"test"}}
2026-06-09T16:45:36.926 > p2p rx 0
2026-06-09T16:45:36.927 < >
2026-06-09T16:45:43.969 < >> Ok
2026-06-09T16:45:43.985 < >> radio_rx 7b2276223a312c2274797065223a2274657874222c22736571223a37342c2274696d65223a22323032362d30362d30395430373a34353a34322e3531385a222c2264617461223a7b226d657373616765223a2274657374227d7d -42 31
2026-06-09T16:45:43.987 RX type=text seq=74 time=2026-06-09T07:45:42.518Z RSSI=-42 SNR=31
2026-06-09T16:45:43.989 JSON {"v":1,"type":"text","seq":74,"time":"2026-06-09T07:45:42.518Z","data":{"message":"test"}}
2026-06-09T16:45:44.031 > p2p rx 0
2026-06-09T16:45:44.032 < >
2026-06-09T16:46:01.423 < >> Ok
2026-06-09T16:46:01.439 < >> radio_rx 7b2276223a312c2274797065223a2274657874222c22736571223a312c2274696d65223a22323032362d30362d30395430373a34353a35392e3939375a222c2264617461223a7b226d657373616765223a2274657374227d7d -44 25
2026-06-09T16:46:01.441 RX type=text seq=1 time=2026-06-09T07:45:59.997Z RSSI=-44 SNR=25
2026-06-09T16:46:01.444 JSON {"v":1,"type":"text","seq":1,"time":"2026-06-09T07:45:59.997Z","data":{"message":"test"}}
2026-06-09T16:46:01.484 > p2p rx 0
2026-06-09T16:46:01.485 < >
2026-06-09T16:46:21.477 < >> Ok
2026-06-09T16:46:21.491 < >> radio_rx 7b2276223a312c2274797065223a2274657874222c22736571223a322c2274696d65223a22323032362d30362d30395430373a34363a32302e3035315a222c2264617461223a7b226d657373616765223a2274657374227d7d -44 27
2026-06-09T16:46:21.493 RX type=text seq=2 time=2026-06-09T07:46:20.051Z RSSI=-44 SNR=27
2026-06-09T16:46:21.495 JSON {"v":1,"type":"text","seq":2,"time":"2026-06-09T07:46:20.051Z","data":{"message":"test"}}
2026-06-09T16:46:21.538 > p2p rx 0
2026-06-09T16:46:21.539 < >
2026-06-09T16:46:34.738 < >> Ok
2026-06-09T16:46:34.757 < >> radio_rx 7b2276223a312c2274797065223a2274657874222c22736571223a37372c2274696d65223a22323032362d30362d30395430373a34363a33332e3238375a222c2264617461223a7b226d657373616765223a2274657374227d7d -44 24
2026-06-09T16:46:34.760 RX type=text seq=77 time=2026-06-09T07:46:33.287Z RSSI=-44 SNR=24
2026-06-09T16:46:34.764 JSON {"v":1,"type":"text","seq":77,"time":"2026-06-09T07:46:33.287Z","data":{"message":"test"}}
2026-06-09T16:46:34.800 > p2p rx 0
2026-06-09T16:46:34.801 < >
2026-06-09T16:46:41.529 < >> Ok
2026-06-09T16:46:41.548 < >> radio_rx 7b2276223a312c2274797065223a2274657874222c22736571223a332c2274696d65223a22323032362d30362d30395430373a34363a34302e3130345a222c2264617461223a7b226d657373616765223a2274657374227d7d -44 24
2026-06-09T16:46:41.552 RX type=text seq=3 time=2026-06-09T07:46:40.104Z RSSI=-44 SNR=24
2026-06-09T16:46:41.557 JSON {"v":1,"type":"text","seq":3,"time":"2026-06-09T07:46:40.104Z","data":{"message":"test"}}
2026-06-09T16:46:41.591 > p2p rx 0
2026-06-09T16:46:41.592 < >
2026-06-09T16:46:45.393 < >> Ok
2026-06-09T16:46:45.416 < >> radio_rx 7b2276223a312c2274797065223a2274657874222c22736571223a37382c2274696d65223a22323032362d30362d30395430373a34363a34332e3934335a222c2264617461223a7b226d657373616765223a2274657374227d7d -44 23
2026-06-09T16:46:45.420 RX type=text seq=78 time=2026-06-09T07:46:43.943Z RSSI=-44 SNR=23
2026-06-09T16:46:45.425 JSON {"v":1,"type":"text","seq":78,"time":"2026-06-09T07:46:43.943Z","data":{"message":"test"}}
2026-06-09T16:46:45.454 > p2p rx 0
2026-06-09T16:46:45.456 < >
2026-06-09T16:46:52.160 < >> Ok
2026-06-09T16:46:52.181 < >> radio_rx 7b2276223a312c2274797065223a2274657874222c22736571223a342c2274696d65223a22323032362d30362d30395430373a34363a35302e3733345a222c2264617461223a7b226d657373616765223a2274657374227d7d -44 23
2026-06-09T16:46:52.185 RX type=text seq=4 time=2026-06-09T07:46:50.734Z RSSI=-44 SNR=23
2026-06-09T16:46:52.190 JSON {"v":1,"type":"text","seq":4,"time":"2026-06-09T07:46:50.734Z","data":{"message":"test"}}
2026-06-09T16:46:52.221 > p2p rx 0
2026-06-09T16:46:52.222 < >
2026-06-09T16:46:56.048 < >> Ok
2026-06-09T16:46:56.070 < >> radio_rx 7b2276223a312c2274797065223a2274657874222c22736571223a37392c2274696d65223a22323032362d30362d30395430373a34363a35342e3539385a222c2264617461223a7b226d657373616765223a2274657374227d7d -44 25
2026-06-09T16:46:56.075 RX type=text seq=79 time=2026-06-09T07:46:54.598Z RSSI=-44 SNR=25
2026-06-09T16:46:56.081 JSON {"v":1,"type":"text","seq":79,"time":"2026-06-09T07:46:54.598Z","data":{"message":"test"}}
2026-06-09T16:46:56.109 > p2p rx 0
2026-06-09T16:46:56.111 < >
2026-06-09T16:47:02.790 < >> Ok
2026-06-09T16:47:02.806 < >> radio_rx 7b2276223a312c2274797065223a2274657874222c22736571223a352c2274696d65223a22323032362d30362d30395430373a34373a30312e3336355a222c2264617461223a7b226d657373616765223a2274657374227d7d -44 24
2026-06-09T16:47:02.808 RX type=text seq=5 time=2026-06-09T07:47:01.365Z RSSI=-44 SNR=24
2026-06-09T16:47:02.810 JSON {"v":1,"type":"text","seq":5,"time":"2026-06-09T07:47:01.365Z","data":{"message":"test"}}
2026-06-09T16:47:02.851 > p2p rx 0
2026-06-09T16:47:02.852 < >
2026-06-09T16:47:06.702 < >> Ok
2026-06-09T16:47:06.718 < >> radio_rx 7b2276223a312c2274797065223a2274657874222c22736571223a38302c2274696d65223a22323032362d30362d30395430373a34373a30352e3235335a222c2264617461223a7b226d657373616765223a2274657374227d7d -44 26
2026-06-09T16:47:06.719 RX type=text seq=80 time=2026-06-09T07:47:05.253Z RSSI=-44 SNR=26
2026-06-09T16:47:06.721 JSON {"v":1,"type":"text","seq":80,"time":"2026-06-09T07:47:05.253Z","data":{"message":"test"}}
2026-06-09T16:47:06.764 > p2p rx 0
2026-06-09T16:47:06.765 < >
2026-06-09T16:47:17.357 < >> Ok
2026-06-09T16:47:17.373 < >> radio_rx 7b2276223a312c2274797065223a2274657874222c22736571223a38312c2274696d65223a22323032362d30362d30395430373a34373a31352e3930375a222c2264617461223a7b226d657373616765223a2274657374227d7d -45 21
2026-06-09T16:47:17.374 RX type=text seq=81 time=2026-06-09T07:47:15.907Z RSSI=-45 SNR=21
2026-06-09T16:47:17.377 JSON {"v":1,"type":"text","seq":81,"time":"2026-06-09T07:47:15.907Z","data":{"message":"test"}}
2026-06-09T16:47:17.419 > p2p rx 0
2026-06-09T16:47:17.420 < >
2026-06-09T16:47:37.434 < >> Ok
2026-06-09T16:47:37.457 < >> radio_rx 7b2276223a312c2274797065223a2274657874222c22736571223a38322c2274696d65223a22323032362d30362d30395430373a34373a33352e3938355a222c2264617461223a7b226d657373616765223a2274657374227d7d -44 23
2026-06-09T16:47:37.459 RX type=text seq=82 time=2026-06-09T07:47:35.985Z RSSI=-44 SNR=23
2026-06-09T16:47:37.463 JSON {"v":1,"type":"text","seq":82,"time":"2026-06-09T07:47:35.985Z","data":{"message":"test"}}
2026-06-09T16:47:37.497 > p2p rx 0
2026-06-09T16:47:37.498 < >
2026-06-09T16:48:08.157 < >> Ok
2026-06-09T16:48:08.175 < >> radio_rx 7b2276223a312c2274797065223a2274657874222c22736571223a38342c2274696d65223a22323032362d30362d30395430373a34383a30362e3730375a222c2264617461223a7b226d657373616765223a2274657374227d7d -44 23
2026-06-09T16:48:08.178 RX type=text seq=84 time=2026-06-09T07:48:06.707Z RSSI=-44 SNR=23
2026-06-09T16:48:08.180 JSON {"v":1,"type":"text","seq":84,"time":"2026-06-09T07:48:06.707Z","data":{"message":"test"}}
2026-06-09T16:48:08.218 > p2p rx 0
2026-06-09T16:48:08.220 < >
2026-06-09T16:49:44.158 < >> Ok
2026-06-09T16:49:44.173 < >> radio_rx 7b2276223a312c2274797065223a2274657874222c22736571223a312c2274696d65223a22323032362d30362d30395430373a34393a34322e3733305a222c2264617461223a7b226d657373616765223a2274657374227d7d -45 29
2026-06-09T16:49:44.175 RX type=text seq=1 time=2026-06-09T07:49:42.730Z RSSI=-45 SNR=29
2026-06-09T16:49:44.177 JSON {"v":1,"type":"text","seq":1,"time":"2026-06-09T07:49:42.730Z","data":{"message":"test"}}
2026-06-09T16:49:44.220 > p2p rx 0
2026-06-09T16:49:44.221 < >
2026-06-09T16:50:14.846 < >> Ok
2026-06-09T16:50:14.862 < >> radio_rx 7b2276223a312c2274797065223a2274657874222c22736571223a332c2274696d65223a22323032362d30362d30395430373a35303a31332e3432325a222c2264617461223a7b226d657373616765223a2274657374227d7d -45 24
2026-06-09T16:50:14.863 RX type=text seq=3 time=2026-06-09T07:50:13.422Z RSSI=-45 SNR=24
2026-06-09T16:50:14.866 JSON {"v":1,"type":"text","seq":3,"time":"2026-06-09T07:50:13.422Z","data":{"message":"test"}}
2026-06-09T16:50:14.907 > p2p rx 0
2026-06-09T16:50:14.908 < >
2026-06-09T16:50:45.535 < >> Ok
2026-06-09T16:50:45.549 < >> radio_rx 7b2276223a312c2274797065223a2274657874222c22736571223a352c2274696d65223a22323032362d30362d30395430373a35303a34342e3131325a222c2264617461223a7b226d657373616765223a2274657374227d7d -47 32
2026-06-09T16:50:45.551 RX type=text seq=5 time=2026-06-09T07:50:44.112Z RSSI=-47 SNR=32
2026-06-09T16:50:45.553 JSON {"v":1,"type":"text","seq":5,"time":"2026-06-09T07:50:44.112Z","data":{"message":"test"}}
2026-06-09T16:50:45.597 > p2p rx 0
2026-06-09T16:50:45.598 < >
2026-06-09T16:50:56.167 < >> Ok
2026-06-09T16:50:56.186 < >> radio_rx 7b2276223a312c2274797065223a2274657874222c22736571223a362c2274696d65223a22323032362d30362d30395430373a35303a35342e3734325a222c2264617461223a7b226d657373616765223a2274657374227d7d -44 25
2026-06-09T16:50:56.187 RX type=text seq=6 time=2026-06-09T07:50:54.742Z RSSI=-44 SNR=25
2026-06-09T16:50:56.193 JSON {"v":1,"type":"text","seq":6,"time":"2026-06-09T07:50:54.742Z","data":{"message":"test"}}
2026-06-09T16:50:56.228 > p2p rx 0
2026-06-09T16:50:56.229 < >
2026-06-09T16:51:06.797 < >> Ok
2026-06-09T16:51:06.815 < >> radio_rx 7b2276223a312c2274797065223a2274657874222c22736571223a372c2274696d65223a22323032362d30362d30395430373a35313a30352e3337325a222c2264617461223a7b226d657373616765223a2274657374227d7d -44 23
2026-06-09T16:51:06.818 RX type=text seq=7 time=2026-06-09T07:51:05.372Z RSSI=-44 SNR=23
2026-06-09T16:51:06.823 JSON {"v":1,"type":"text","seq":7,"time":"2026-06-09T07:51:05.372Z","data":{"message":"test"}}
2026-06-09T16:51:06.858 > p2p rx 0
2026-06-09T16:51:06.859 < >
2026-06-09T16:51:57.572 < >> Ok
2026-06-09T16:51:57.588 < >> radio_rx 7b2276223a312c2274797065223a2274657874222c22736571223a31302c2274696d65223a22323032362d30362d30395430373a35313a35362e3132315a222c2264617461223a7b226d657373616765223a2274657374227d7d -44 24
2026-06-09T16:51:57.590 RX type=text seq=10 time=2026-06-09T07:51:56.121Z RSSI=-44 SNR=24
2026-06-09T16:51:57.592 JSON {"v":1,"type":"text","seq":10,"time":"2026-06-09T07:51:56.121Z","data":{"message":"test"}}
2026-06-09T16:51:57.633 > p2p rx 0
2026-06-09T16:51:57.635 < >
2026-06-09T16:52:08.228 < >> Ok
2026-06-09T16:52:08.244 < >> radio_rx 7b2276223a312c2274797065223a2274657874222c22736571223a31312c2274696d65223a22323032362d30362d30395430373a35323a30362e3737375a222c2264617461223a7b226d657373616765223a2274657374227d7d -47 33
2026-06-09T16:52:08.245 RX type=text seq=11 time=2026-06-09T07:52:06.777Z RSSI=-47 SNR=33
2026-06-09T16:52:08.248 JSON {"v":1,"type":"text","seq":11,"time":"2026-06-09T07:52:06.777Z","data":{"message":"test"}}
2026-06-09T16:52:08.289 > p2p rx 0
2026-06-09T16:52:08.291 < >
2026-06-09T16:52:18.883 < >> Ok
2026-06-09T16:52:18.901 < >> radio_rx 7b2276223a312c2274797065223a2274657874222c22736571223a31322c2274696d65223a22323032362d30362d30395430373a35323a31372e3433325a222c2264617461223a7b226d657373616765223a2274657374227d7d -44 30
2026-06-09T16:52:18.904 RX type=text seq=12 time=2026-06-09T07:52:17.432Z RSSI=-44 SNR=30
2026-06-09T16:52:18.910 JSON {"v":1,"type":"text","seq":12,"time":"2026-06-09T07:52:17.432Z","data":{"message":"test"}}
2026-06-09T16:52:18.945 > p2p rx 0
2026-06-09T16:52:18.947 < >
2026-06-09T16:52:29.539 < >> Ok
2026-06-09T16:52:29.560 < >> radio_rx 7b2276223a312c2274797065223a2274657874222c22736571223a31332c2274696d65223a22323032362d30362d30395430373a35323a32382e3038375a222c2264617461223a7b226d657373616765223a2274657374227d7d -44 27
2026-06-09T16:52:29.566 RX type=text seq=13 time=2026-06-09T07:52:28.087Z RSSI=-44 SNR=27
2026-06-09T16:52:29.570 JSON {"v":1,"type":"text","seq":13,"time":"2026-06-09T07:52:28.087Z","data":{"message":"test"}}
2026-06-09T16:52:29.600 > p2p rx 0
2026-06-09T16:52:29.601 < >
2026-06-09T16:52:40.193 < >> Ok
2026-06-09T16:52:40.212 < >> radio_rx 7b2276223a312c2274797065223a2274657874222c22736571223a31342c2274696d65223a22323032362d30362d30395430373a35323a33382e3734325a222c2264617461223a7b226d657373616765223a2274657374227d7d -46 35
2026-06-09T16:52:40.215 RX type=text seq=14 time=2026-06-09T07:52:38.742Z RSSI=-46 SNR=35
2026-06-09T16:52:40.219 JSON {"v":1,"type":"text","seq":14,"time":"2026-06-09T07:52:38.742Z","data":{"message":"test"}}
2026-06-09T16:52:40.255 > p2p rx 0
2026-06-09T16:52:40.256 < >
2026-06-09T16:52:50.849 < >> Ok
2026-06-09T16:52:50.872 < >> radio_rx 7b2276223a312c2274797065223a2274657874222c22736571223a31352c2274696d65223a22323032362d30362d30395430373a35323a34392e3339375a222c2264617461223a7b226d657373616765223a2274657374227d7d -46 32
2026-06-09T16:52:50.877 RX type=text seq=15 time=2026-06-09T07:52:49.397Z RSSI=-46 SNR=32
2026-06-09T16:52:50.883 JSON {"v":1,"type":"text","seq":15,"time":"2026-06-09T07:52:49.397Z","data":{"message":"test"}}
2026-06-09T16:52:50.910 > p2p rx 0
2026-06-09T16:52:50.911 < >
2026-06-09T16:53:01.502 < >> Ok
2026-06-09T16:53:01.520 < >> radio_rx 7b2276223a312c2274797065223a2274657874222c22736571223a31362c2274696d65223a22323032362d30362d30395430373a35333a30302e3035325a222c2264617461223a7b226d657373616765223a2274657374227d7d -45 25
2026-06-09T16:53:01.523 RX type=text seq=16 time=2026-06-09T07:53:00.052Z RSSI=-45 SNR=25
2026-06-09T16:53:01.529 JSON {"v":1,"type":"text","seq":16,"time":"2026-06-09T07:53:00.052Z","data":{"message":"test"}}
2026-06-09T16:53:01.563 > p2p rx 0
2026-06-09T16:53:01.564 < >
2026-06-09T16:53:32.210 < >> Ok
2026-06-09T16:53:32.231 < >> radio_rx 7b2276223a312c2274797065223a2274657874222c22736571223a31382c2274696d65223a22323032362d30362d30395430373a35333a33302e3736325a222c2264617461223a7b226d657373616765223a2274657374227d7d -44 26
2026-06-09T16:53:32.234 RX type=text seq=18 time=2026-06-09T07:53:30.762Z RSSI=-44 SNR=26
2026-06-09T16:53:32.238 JSON {"v":1,"type":"text","seq":18,"time":"2026-06-09T07:53:30.762Z","data":{"message":"test"}}
2026-06-09T16:53:32.272 > p2p rx 0
2026-06-09T16:53:32.273 < >
2026-06-09T16:53:42.865 < >> Ok
2026-06-09T16:53:42.886 < >> radio_rx 7b2276223a312c2274797065223a2274657874222c22736571223a31392c2274696d65223a22323032362d30362d30395430373a35333a34312e3431365a222c2264617461223a7b226d657373616765223a2274657374227d7d -44 31
2026-06-09T16:53:42.890 RX type=text seq=19 time=2026-06-09T07:53:41.416Z RSSI=-44 SNR=31
2026-06-09T16:53:42.896 JSON {"v":1,"type":"text","seq":19,"time":"2026-06-09T07:53:41.416Z","data":{"message":"test"}}
2026-06-09T16:53:42.927 > p2p rx 0
2026-06-09T16:53:42.928 < >
2026-06-09T16:54:13.578 < >> Ok
2026-06-09T16:54:13.593 < >> radio_rx 7b2276223a312c2274797065223a2274657874222c22736571223a32312c2274696d65223a22323032362d30362d30395430373a35343a31322e3133315a222c2264617461223a7b226d657373616765223a2274657374227d7d -45 23
2026-06-09T16:54:13.594 RX type=text seq=21 time=2026-06-09T07:54:12.131Z RSSI=-45 SNR=23
2026-06-09T16:54:13.595 JSON {"v":1,"type":"text","seq":21,"time":"2026-06-09T07:54:12.131Z","data":{"message":"test"}}
2026-06-09T16:54:13.640 > p2p rx 0
2026-06-09T16:54:13.641 < >
2026-06-09T16:54:24.233 < >> Ok
2026-06-09T16:54:24.248 < >> radio_rx 7b2276223a312c2274797065223a2274657874222c22736571223a32322c2274696d65223a22323032362d30362d30395430373a35343a32322e3738365a222c2264617461223a7b226d657373616765223a2274657374227d7d -44 24
2026-06-09T16:54:24.249 RX type=text seq=22 time=2026-06-09T07:54:22.786Z RSSI=-44 SNR=24
2026-06-09T16:54:24.252 JSON {"v":1,"type":"text","seq":22,"time":"2026-06-09T07:54:22.786Z","data":{"message":"test"}}
2026-06-09T16:54:24.295 > p2p rx 0
2026-06-09T16:54:24.296 < >
2026-06-09T16:54:34.888 < >> Ok
2026-06-09T16:54:34.905 < >> radio_rx 7b2276223a312c2274797065223a2274657874222c22736571223a32332c2274696d65223a22323032362d30362d30395430373a35343a33332e3434315a222c2264617461223a7b226d657373616765223a2274657374227d7d -45 24
2026-06-09T16:54:34.907 RX type=text seq=23 time=2026-06-09T07:54:33.441Z RSSI=-45 SNR=24
2026-06-09T16:54:34.910 JSON {"v":1,"type":"text","seq":23,"time":"2026-06-09T07:54:33.441Z","data":{"message":"test"}}
2026-06-09T16:54:34.950 > p2p rx 0
2026-06-09T16:54:34.951 < >
2026-06-09T16:55:05.597 < >> Ok
2026-06-09T16:55:05.615 < >> radio_rx 7b2276223a312c2274797065223a2274657874222c22736571223a32352c2274696d65223a22323032362d30362d30395430373a35353a30342e3135315a222c2264617461223a7b226d657373616765223a2274657374227d7d -45 23
2026-06-09T16:55:05.617 RX type=text seq=25 time=2026-06-09T07:55:04.151Z RSSI=-45 SNR=23
2026-06-09T16:55:05.620 JSON {"v":1,"type":"text","seq":25,"time":"2026-06-09T07:55:04.151Z","data":{"message":"test"}}
2026-06-09T16:55:05.661 > p2p rx 0
2026-06-09T16:55:05.663 < >
2026-06-09T16:55:16.252 < >> Ok
2026-06-09T16:55:16.266 < >> radio_rx 7b2276223a312c2274797065223a2274657874222c22736571223a32362c2274696d65223a22323032362d30362d30395430373a35353a31342e3830365a222c2264617461223a7b226d657373616765223a2274657374227d7d -44 30
2026-06-09T16:55:16.268 RX type=text seq=26 time=2026-06-09T07:55:14.806Z RSSI=-44 SNR=30
2026-06-09T16:55:16.270 JSON {"v":1,"type":"text","seq":26,"time":"2026-06-09T07:55:14.806Z","data":{"message":"test"}}
2026-06-09T16:55:16.314 > p2p rx 0
2026-06-09T16:55:16.315 < >
2026-06-09T16:55:26.907 < >> Ok
2026-06-09T16:55:26.922 < >> radio_rx 7b2276223a312c2274797065223a2274657874222c22736571223a32372c2274696d65223a22323032362d30362d30395430373a35353a32352e3436315a222c2264617461223a7b226d657373616765223a2274657374227d7d -45 21
2026-06-09T16:55:26.924 RX type=text seq=27 time=2026-06-09T07:55:25.461Z RSSI=-45 SNR=21
2026-06-09T16:55:26.926 JSON {"v":1,"type":"text","seq":27,"time":"2026-06-09T07:55:25.461Z","data":{"message":"test"}}
2026-06-09T16:55:26.969 > p2p rx 0
2026-06-09T16:55:26.970 < >
2026-06-09T16:55:37.561 < >> Ok
2026-06-09T16:55:37.576 < >> radio_rx 7b2276223a312c2274797065223a2274657874222c22736571223a32382c2274696d65223a22323032362d30362d30395430373a35353a33362e3131365a222c2264617461223a7b226d657373616765223a2274657374227d7d -47 34
2026-06-09T16:55:37.578 RX type=text seq=28 time=2026-06-09T07:55:36.116Z RSSI=-47 SNR=34
2026-06-09T16:55:37.580 JSON {"v":1,"type":"text","seq":28,"time":"2026-06-09T07:55:36.116Z","data":{"message":"test"}}
2026-06-09T16:55:37.623 > p2p rx 0
2026-06-09T16:55:37.624 < >
2026-06-09T16:56:08.276 < >> Ok
2026-06-09T16:56:08.291 < >> radio_rx 7b2276223a312c2274797065223a2274657874222c22736571223a33302c2274696d65223a22323032362d30362d30395430373a35363a30362e3833315a222c2264617461223a7b226d657373616765223a2274657374227d7d -45 31
2026-06-09T16:56:08.292 RX type=text seq=30 time=2026-06-09T07:56:06.831Z RSSI=-45 SNR=31
2026-06-09T16:56:08.294 JSON {"v":1,"type":"text","seq":30,"time":"2026-06-09T07:56:06.831Z","data":{"message":"test"}}
2026-06-09T16:56:08.338 > p2p rx 0
2026-06-09T16:56:08.339 < >
2026-06-09T16:56:18.931 < >> Ok
2026-06-09T16:56:18.947 < >> radio_rx 7b2276223a312c2274797065223a2274657874222c22736571223a33312c2274696d65223a22323032362d30362d30395430373a35363a31372e3438365a222c2264617461223a7b226d657373616765223a2274657374227d7d -46 29
2026-06-09T16:56:18.949 RX type=text seq=31 time=2026-06-09T07:56:17.486Z RSSI=-46 SNR=29
2026-06-09T16:56:18.950 JSON {"v":1,"type":"text","seq":31,"time":"2026-06-09T07:56:17.486Z","data":{"message":"test"}}
2026-06-09T16:56:18.993 > p2p rx 0
2026-06-09T16:56:18.994 < >
2026-06-09T16:56:49.646 < >> Ok
2026-06-09T16:56:49.661 < >> radio_rx 7b2276223a312c2274797065223a2274657874222c22736571223a33332c2274696d65223a22323032362d30362d30395430373a35363a34382e3230315a222c2264617461223a7b226d657373616765223a2274657374227d7d -44 24
2026-06-09T16:56:49.662 RX type=text seq=33 time=2026-06-09T07:56:48.201Z RSSI=-44 SNR=24
2026-06-09T16:56:49.663 JSON {"v":1,"type":"text","seq":33,"time":"2026-06-09T07:56:48.201Z","data":{"message":"test"}}
2026-06-09T16:56:49.707 > p2p rx 0
2026-06-09T16:56:49.709 < >
2026-06-09T16:57:00.301 < >> Ok
2026-06-09T16:57:00.316 < >> radio_rx 7b2276223a312c2274797065223a2274657874222c22736571223a33342c2274696d65223a22323032362d30362d30395430373a35363a35382e3835365a222c2264617461223a7b226d657373616765223a2274657374227d7d -44 25
2026-06-09T16:57:00.318 RX type=text seq=34 time=2026-06-09T07:56:58.856Z RSSI=-44 SNR=25
2026-06-09T16:57:00.320 JSON {"v":1,"type":"text","seq":34,"time":"2026-06-09T07:56:58.856Z","data":{"message":"test"}}
2026-06-09T16:57:00.362 > p2p rx 0
2026-06-09T16:57:00.364 < >
2026-06-09T16:57:10.956 < >> Ok
2026-06-09T16:57:10.972 < >> radio_rx 7b2276223a312c2274797065223a2274657874222c22736571223a33352c2274696d65223a22323032362d30362d30395430373a35373a30392e3531315a222c2264617461223a7b226d657373616765223a2274657374227d7d -47 33
2026-06-09T16:57:10.974 RX type=text seq=35 time=2026-06-09T07:57:09.511Z RSSI=-47 SNR=33
2026-06-09T16:57:10.975 JSON {"v":1,"type":"text","seq":35,"time":"2026-06-09T07:57:09.511Z","data":{"message":"test"}}
2026-06-09T16:57:11.018 > p2p rx 0
2026-06-09T16:57:11.019 < >
2026-06-09T16:57:21.611 < >> Ok
2026-06-09T16:57:21.625 < >> radio_rx 7b2276223a312c2274797065223a2274657874222c22736571223a33362c2274696d65223a22323032362d30362d30395430373a35373a32302e3136365a222c2264617461223a7b226d657373616765223a2274657374227d7d -47 34
2026-06-09T16:57:21.627 RX type=text seq=36 time=2026-06-09T07:57:20.166Z RSSI=-47 SNR=34
2026-06-09T16:57:21.629 JSON {"v":1,"type":"text","seq":36,"time":"2026-06-09T07:57:20.166Z","data":{"message":"test"}}
2026-06-09T16:57:21.672 > p2p rx 0
2026-06-09T16:57:21.673 < >
2026-06-09T16:57:32.266 < >> Ok
2026-06-09T16:57:32.279 < >> radio_rx 7b2276223a312c2274797065223a2274657874222c22736571223a33372c2274696d65223a22323032362d30362d30395430373a35373a33302e3832315a222c2264617461223a7b226d657373616765223a2274657374227d7d -46 28
2026-06-09T16:57:32.280 RX type=text seq=37 time=2026-06-09T07:57:30.821Z RSSI=-46 SNR=28
2026-06-09T16:57:32.282 JSON {"v":1,"type":"text","seq":37,"time":"2026-06-09T07:57:30.821Z","data":{"message":"test"}}
2026-06-09T16:57:32.327 > p2p rx 0
2026-06-09T16:57:32.328 < >
2026-06-09T16:57:42.920 < >> Ok
2026-06-09T16:57:42.933 < >> radio_rx 7b2276223a312c2274797065223a2274657874222c22736571223a33382c2274696d65223a22323032362d30362d30395430373a35373a34312e3437365a222c2264617461223a7b226d657373616765223a2274657374227d7d -45 29
2026-06-09T16:57:42.934 RX type=text seq=38 time=2026-06-09T07:57:41.476Z RSSI=-45 SNR=29
2026-06-09T16:57:42.935 JSON {"v":1,"type":"text","seq":38,"time":"2026-06-09T07:57:41.476Z","data":{"message":"test"}}
2026-06-09T16:57:42.982 > p2p rx 0
2026-06-09T16:57:42.983 < >
2026-06-09T16:57:53.575 < >> Ok
2026-06-09T16:57:53.590 < >> radio_rx 7b2276223a312c2274797065223a2274657874222c22736571223a33392c2274696d65223a22323032362d30362d30395430373a35373a35322e3133315a222c2264617461223a7b226d657373616765223a2274657374227d7d -45 25
2026-06-09T16:57:53.591 RX type=text seq=39 time=2026-06-09T07:57:52.131Z RSSI=-45 SNR=25
2026-06-09T16:57:53.593 JSON {"v":1,"type":"text","seq":39,"time":"2026-06-09T07:57:52.131Z","data":{"message":"test"}}
2026-06-09T16:57:53.636 > p2p rx 0
2026-06-09T16:57:53.638 < >
2026-06-09T16:58:24.285 < >> Ok
2026-06-09T16:58:24.301 < >> radio_rx 7b2276223a312c2274797065223a2274657874222c22736571223a34312c2274696d65223a22323032362d30362d30395430373a35383a32322e3834315a222c2264617461223a7b226d657373616765223a2274657374227d7d -45 25
2026-06-09T16:58:24.302 RX type=text seq=41 time=2026-06-09T07:58:22.841Z RSSI=-45 SNR=25
2026-06-09T16:58:24.305 JSON {"v":1,"type":"text","seq":41,"time":"2026-06-09T07:58:22.841Z","data":{"message":"test"}}
2026-06-09T16:58:24.347 > p2p rx 0
2026-06-09T16:58:24.348 < >
2026-06-09T16:58:54.995 < >> Ok
2026-06-09T16:58:55.017 < >> radio_rx 7b2276223a312c2274797065223a2274657874222c22736571223a34332c2274696d65223a22323032362d30362d30395430373a35383a35332e3535315a222c2264617461223a7b226d657373616765223a2274657374227d7d -45 27
2026-06-09T16:58:55.021 RX type=text seq=43 time=2026-06-09T07:58:53.551Z RSSI=-45 SNR=27
2026-06-09T16:58:55.028 JSON {"v":1,"type":"text","seq":43,"time":"2026-06-09T07:58:53.551Z","data":{"message":"test"}}
2026-06-09T16:58:55.057 > p2p rx 0
2026-06-09T16:58:55.058 < >
2026-06-09T16:59:05.651 < >> Ok
2026-06-09T16:59:05.676 < >> radio_rx 7b2276223a312c2274797065223a2274657874222c22736571223a34342c2274696d65223a22323032362d30362d30395430373a35393a30342e3230365a222c2264617461223a7b226d657373616765223a2274657374227d7d -46 26
2026-06-09T16:59:05.680 RX type=text seq=44 time=2026-06-09T07:59:04.206Z RSSI=-46 SNR=26
2026-06-09T16:59:05.686 JSON {"v":1,"type":"text","seq":44,"time":"2026-06-09T07:59:04.206Z","data":{"message":"test"}}
2026-06-09T16:59:05.712 > p2p rx 0
2026-06-09T16:59:05.713 < >
2026-06-09T16:59:16.305 < >> Ok
2026-06-09T16:59:16.325 < >> radio_rx 7b2276223a312c2274797065223a2274657874222c22736571223a34352c2274696d65223a22323032362d30362d30395430373a35393a31342e3836315a222c2264617461223a7b226d657373616765223a2274657374227d7d -44 23
2026-06-09T16:59:16.329 RX type=text seq=45 time=2026-06-09T07:59:14.861Z RSSI=-44 SNR=23
2026-06-09T16:59:16.335 JSON {"v":1,"type":"text","seq":45,"time":"2026-06-09T07:59:14.861Z","data":{"message":"test"}}
2026-06-09T16:59:16.366 > p2p rx 0
2026-06-09T16:59:16.368 < >
2026-06-09T17:00:27.134 < >> Ok
2026-06-09T17:00:27.148 < >> radio_rx 7b2276223a312c2274797065223a2274657874222c22736571223a34392c2274696d65223a22323032362d30362d30395430383a30303a32352e3639315a222c2264617461223a7b226d657373616765223a2274657374227d7d -44 29
2026-06-09T17:00:27.150 RX type=text seq=49 time=2026-06-09T08:00:25.691Z RSSI=-44 SNR=29
2026-06-09T17:00:27.152 JSON {"v":1,"type":"text","seq":49,"time":"2026-06-09T08:00:25.691Z","data":{"message":"test"}}
2026-06-09T17:00:27.195 > p2p rx 0
2026-06-09T17:00:27.197 < >
2026-06-09T17:00:37.789 < >> Ok
2026-06-09T17:00:37.805 < >> radio_rx 7b2276223a312c2274797065223a2274657874222c22736571223a35302c2274696d65223a22323032362d30362d30395430383a30303a33362e3334365a222c2264617461223a7b226d657373616765223a2274657374227d7d -45 22
2026-06-09T17:00:37.807 RX type=text seq=50 time=2026-06-09T08:00:36.346Z RSSI=-45 SNR=22
2026-06-09T17:00:37.810 JSON {"v":1,"type":"text","seq":50,"time":"2026-06-09T08:00:36.346Z","data":{"message":"test"}}
2026-06-09T17:00:37.852 > p2p rx 0
2026-06-09T17:00:37.852 < >
2026-06-09T17:02:08.684 < >> Ok
2026-06-09T17:02:08.713 < >> radio_rx 7b2276223a312c2274797065223a2274657874222c22736571223a35352c2274696d65223a22323032362d30362d30395430383a30323a30372e3234315a222c2264617461223a7b226d657373616765223a2274657374227d7d -46 35
2026-06-09T17:02:08.717 RX type=text seq=55 time=2026-06-09T08:02:07.241Z RSSI=-46 SNR=35
2026-06-09T17:02:08.722 JSON {"v":1,"type":"text","seq":55,"time":"2026-06-09T08:02:07.241Z","data":{"message":"test"}}
2026-06-09T17:02:08.746 > p2p rx 0
2026-06-09T17:02:08.747 < >
2026-06-09T17:02:19.338 < >> Ok
2026-06-09T17:02:19.352 < >> radio_rx 7b2276223a312c2274797065223a2274657874222c22736571223a35362c2274696d65223a22323032362d30362d30395430383a30323a31372e3839375a222c2264617461223a7b226d657373616765223a2274657374227d7d -44 30
2026-06-09T17:02:19.353 RX type=text seq=56 time=2026-06-09T08:02:17.897Z RSSI=-44 SNR=30
2026-06-09T17:02:19.355 JSON {"v":1,"type":"text","seq":56,"time":"2026-06-09T08:02:17.897Z","data":{"message":"test"}}
2026-06-09T17:02:19.400 > p2p rx 0
2026-06-09T17:02:19.402 < >
2026-06-09T17:02:50.053 < >> Ok
2026-06-09T17:02:50.079 < >> radio_rx 7b2276223a312c2274797065223a2274657874222c22736571223a35382c2274696d65223a22323032362d30362d30395430383a30323a34382e3631315a222c2264617461223a7b226d657373616765223a2274657374227d7d -47 34
2026-06-09T17:02:50.083 RX type=text seq=58 time=2026-06-09T08:02:48.611Z RSSI=-47 SNR=34
2026-06-09T17:02:50.089 JSON {"v":1,"type":"text","seq":58,"time":"2026-06-09T08:02:48.611Z","data":{"message":"test"}}
2026-06-09T17:02:50.115 > p2p rx 0
2026-06-09T17:02:50.116 < >
2026-06-09T17:03:20.763 < >> Ok
2026-06-09T17:03:20.782 < >> radio_rx 7b2276223a312c2274797065223a2274657874222c22736571223a36302c2274696d65223a22323032362d30362d30395430383a30333a31392e3332315a222c2264617461223a7b226d657373616765223a2274657374227d7d -44 24
2026-06-09T17:03:20.786 RX type=text seq=60 time=2026-06-09T08:03:19.321Z RSSI=-44 SNR=24
2026-06-09T17:03:20.792 JSON {"v":1,"type":"text","seq":60,"time":"2026-06-09T08:03:19.321Z","data":{"message":"test"}}
2026-06-09T17:03:20.824 > p2p rx 0
2026-06-09T17:03:20.829 < >
2026-06-09T17:03:31.418 < >> Ok
2026-06-09T17:03:31.437 < >> radio_rx 7b2276223a312c2274797065223a2274657874222c22736571223a36312c2274696d65223a22323032362d30362d30395430383a30333a32392e3937365a222c2264617461223a7b226d657373616765223a2274657374227d7d -45 23
2026-06-09T17:03:31.440 RX type=text seq=61 time=2026-06-09T08:03:29.976Z RSSI=-45 SNR=23
2026-06-09T17:03:31.445 JSON {"v":1,"type":"text","seq":61,"time":"2026-06-09T08:03:29.976Z","data":{"message":"test"}}
2026-06-09T17:03:31.479 > p2p rx 0
2026-06-09T17:03:31.481 < >
