2026-06-03T17:29:08.798 < >> radio_rx 7b2276223a312c2274797065223a2274657874222c22736571223a312c2274696d65223a22323032362d30362d30335430383a32393a30382e3938315a222c2264617461223a7b226d657373616765223a2268656c6c6f227d7d -56 33
2026-06-03T17:29:08.799 RX type=text seq=1 time=2026-06-03T08:29:08.981Z RSSI=-56 SNR=33
2026-06-03T17:29:08.802 JSON {"v":1,"type":"text","seq":1,"time":"2026-06-03T08:29:08.981Z","data":{"message":"hello"}}
2026-06-03T17:29:08.841 > p2p rx 0
2026-06-03T17:29:08.842 < >
2026-06-03T18:12:43.421 < >> Ok
2026-06-03T18:12:43.516 > p2p rx 0
2026-06-03T18:12:43.517 < >
2026-06-03T18:12:47.728 < >> Ok
2026-06-03T18:12:47.824 > p2p rx 0
2026-06-03T18:12:47.825 < >
2026-06-03T18:13:00.541 < >> Ok
2026-06-03T18:13:00.637 > p2p rx 0
2026-06-03T18:13:00.638 < >
2026-06-03T18:13:04.851 < >> Ok
2026-06-03T18:13:04.947 > p2p rx 0
2026-06-03T18:13:04.948 < >
2026-06-03T18:13:09.158 < >> Ok
2026-06-03T18:13:09.255 > p2p rx 0
2026-06-03T18:13:09.256 < >
2026-06-03T18:13:13.422 < >> Ok
2026-06-03T18:13:13.518 > p2p rx 0
2026-06-03T18:13:13.519 < >
2026-06-03T18:13:17.680 < >> Ok
2026-06-03T18:13:17.777 > p2p rx 0
2026-06-03T18:13:17.778 < >
2026-06-03T18:13:21.989 < >> Ok
2026-06-03T18:13:22.085 > p2p rx 0
2026-06-03T18:13:22.087 < >
2026-06-03T18:13:26.297 < >> Ok
2026-06-03T18:13:26.393 > p2p rx 0
2026-06-03T18:13:26.395 < >
2026-06-03T18:13:30.606 < >> Ok
2026-06-03T18:13:30.703 > p2p rx 0
2026-06-03T18:13:30.704 < >
2026-06-03T18:13:34.914 < >> Ok
2026-06-03T18:13:35.011 > p2p rx 0
2026-06-03T18:13:35.013 < >
2026-06-03T18:13:39.173 < >> Ok
2026-06-03T18:13:39.272 > p2p rx 0
2026-06-03T18:13:39.272 < >
2026-06-03T18:13:43.436 < >> Ok
2026-06-03T18:13:43.532 > p2p rx 0
2026-06-03T18:13:43.533 < >
2026-06-03T18:13:47.744 < >> Ok
2026-06-03T18:13:47.840 > p2p rx 0
2026-06-03T18:13:47.841 < >
2026-06-03T18:13:52.002 < >> Ok
2026-06-03T18:13:52.099 > p2p rx 0
2026-06-03T18:13:52.100 < >
2026-06-03T18:13:56.261 < >> Ok
2026-06-03T18:13:56.358 > p2p rx 0
2026-06-03T18:13:56.359 < >
2026-06-03T18:14:00.568 < >> Ok
2026-06-03T18:14:00.666 > p2p rx 0
2026-06-03T18:14:00.667 < >
2026-06-03T18:14:04.832 < >> Ok
2026-06-03T18:14:04.930 > p2p rx 0
2026-06-03T18:14:04.931 < >
2026-06-03T18:14:09.091 < >> Ok
2026-06-03T18:14:09.187 > p2p rx 0
2026-06-03T18:14:09.188 < >
2026-06-03T18:14:13.352 < >> Ok
2026-06-03T18:14:13.449 > p2p rx 0
2026-06-03T18:14:13.453 < >
2026-06-03T18:14:21.880 < >> Ok
2026-06-03T18:14:21.976 > p2p rx 0
2026-06-03T18:14:21.978 < >
2026-06-03T18:14:26.188 < >> Ok
2026-06-03T18:14:26.284 > p2p rx 0
2026-06-03T18:14:26.286 < >
2026-06-03T18:14:34.770 < >> Ok
2026-06-03T18:14:34.866 > p2p rx 0
2026-06-03T18:14:34.868 < >
2026-06-03T18:14:43.355 < >> Ok
2026-06-03T18:14:43.452 > p2p rx 0
2026-06-03T18:14:43.453 < >
2026-06-03T18:14:47.613 < >> Ok
2026-06-03T18:14:47.710 > p2p rx 0
2026-06-03T18:14:47.712 < >
2026-06-03T18:14:51.871 < >> Ok
2026-06-03T18:14:51.967 > p2p rx 0
2026-06-03T18:14:51.968 < >
2026-06-03T18:15:00.450 < >> Ok
2026-06-03T18:15:00.546 > p2p rx 0
2026-06-03T18:15:00.547 < >
2026-06-03T18:15:13.300 < >> Ok
2026-06-03T18:15:13.396 > p2p rx 0
2026-06-03T18:15:13.397 < >
2026-06-03T18:15:17.608 < >> Ok
2026-06-03T18:15:17.705 > p2p rx 0
2026-06-03T18:15:17.706 < >
2026-06-03T18:15:21.875 < >> Ok
2026-06-03T18:15:21.970 > p2p rx 0
2026-06-03T18:15:21.972 < >
2026-06-03T18:15:30.379 < >> Ok
2026-06-03T18:15:30.381 < >> radio_err
2026-06-03T18:15:30.679 > p2p rx 0
2026-06-03T18:15:30.680 < >
2026-06-03T18:15:38.979 < >> Ok
2026-06-03T18:15:39.076 > p2p rx 0
2026-06-03T18:15:39.077 < >
2026-06-03T18:15:43.239 < >> Ok
2026-06-03T18:15:43.335 > p2p rx 0
2026-06-03T18:15:43.336 < >
2026-06-03T18:15:47.548 < >> Ok
2026-06-03T18:15:47.643 > p2p rx 0
2026-06-03T18:15:47.645 < >
2026-06-03T18:15:51.834 < >> Ok
2026-06-03T18:15:51.835 < >> radio_err
2026-06-03T18:15:52.133 > p2p rx 0
2026-06-03T18:15:52.135 < >
2026-06-03T18:15:56.168 < >> Ok
2026-06-03T18:15:56.264 > p2p rx 0
2026-06-03T18:15:56.265 < >
2026-06-03T18:16:09.019 < >> Ok
2026-06-03T18:16:09.115 > p2p rx 0
2026-06-03T18:16:09.116 < >
2026-06-03T18:16:17.599 < >> Ok
2026-06-03T18:16:17.696 > p2p rx 0
2026-06-03T18:16:17.697 < >
2026-06-03T18:16:21.908 < >> Ok
2026-06-03T18:16:22.003 > p2p rx 0
2026-06-03T18:16:22.005 < >
2026-06-03T18:16:26.215 < >> Ok
2026-06-03T18:16:26.311 > p2p rx 0
2026-06-03T18:16:26.313 < >
2026-06-03T18:16:34.789 < >> Ok
2026-06-03T18:16:34.886 > p2p rx 0
2026-06-03T18:16:34.888 < >
2026-06-03T18:16:39.097 < >> Ok
2026-06-03T18:16:39.192 > p2p rx 0
2026-06-03T18:16:39.193 < >
2026-06-03T18:16:51.939 < >> Ok
2026-06-03T18:16:52.036 > p2p rx 0
2026-06-03T18:16:52.037 < >
2026-06-03T18:17:00.518 < >> Ok
2026-06-03T18:17:00.614 > p2p rx 0
2026-06-03T18:17:00.615 < >
2026-06-03T18:17:04.827 < >> Ok
2026-06-03T18:17:04.924 > p2p rx 0
2026-06-03T18:17:04.926 < >
2026-06-03T18:17:13.408 < >> Ok
2026-06-03T18:17:13.505 > p2p rx 0
2026-06-03T18:17:13.506 < >
2026-06-03T18:17:21.989 < >> Ok
2026-06-03T18:17:22.085 > p2p rx 0
2026-06-03T18:17:22.087 < >
2026-06-03T18:17:26.248 < >> Ok
2026-06-03T18:17:26.346 > p2p rx 0
2026-06-03T18:17:26.347 < >
2026-06-03T18:17:34.828 < >> Ok
2026-06-03T18:17:34.925 > p2p rx 0
2026-06-03T18:17:34.926 < >
2026-06-03T18:17:39.115 < >> Ok
2026-06-03T18:17:39.117 < >> radio_err
2026-06-03T18:17:39.416 > p2p rx 0
2026-06-03T18:17:39.417 < >
2026-06-03T18:17:47.678 < >> Ok
2026-06-03T18:17:47.774 > p2p rx 0
2026-06-03T18:17:47.775 < >
2026-06-03T18:18:00.532 < >> Ok
2026-06-03T18:18:00.629 > p2p rx 0
2026-06-03T18:18:00.630 < >
2026-06-03T18:18:04.790 < >> Ok
2026-06-03T18:18:04.887 > p2p rx 0
2026-06-03T18:18:04.888 < >
2026-06-03T18:18:09.048 < >> Ok
2026-06-03T18:18:09.145 > p2p rx 0
2026-06-03T18:18:09.146 < >
2026-06-03T18:18:17.628 < >> Ok
2026-06-03T18:18:17.725 > p2p rx 0
2026-06-03T18:18:17.727 < >
2026-06-03T18:18:21.936 < >> Ok
2026-06-03T18:18:22.033 > p2p rx 0
2026-06-03T18:18:22.035 < >
2026-06-03T18:18:26.245 < >> Ok
2026-06-03T18:18:26.342 > p2p rx 0
2026-06-03T18:18:26.343 < >
2026-06-03T18:18:30.555 < >> Ok
2026-06-03T18:18:30.651 > p2p rx 0
2026-06-03T18:18:30.653 < >
2026-06-03T18:18:34.819 < >> Ok
2026-06-03T18:18:34.915 > p2p rx 0
2026-06-03T18:18:34.917 < >
2026-06-03T18:18:39.077 < >> Ok
2026-06-03T18:18:39.173 > p2p rx 0
2026-06-03T18:18:39.174 < >
2026-06-03T18:18:43.385 < >> Ok
2026-06-03T18:18:43.481 > p2p rx 0
2026-06-03T18:18:43.482 < >
2026-06-03T18:18:47.693 < >> Ok
2026-06-03T18:18:47.790 > p2p rx 0
2026-06-03T18:18:47.791 < >
2026-06-03T18:18:51.952 < >> Ok
2026-06-03T18:18:52.049 > p2p rx 0
2026-06-03T18:18:52.050 < >
2026-06-03T18:18:56.210 < >> Ok
2026-06-03T18:18:56.306 > p2p rx 0
2026-06-03T18:18:56.307 < >
2026-06-03T18:34:17.386 < >> Ok
2026-06-03T18:34:17.484 > p2p rx 0
2026-06-03T18:34:17.485 < >
2026-06-03T18:34:21.694 < >> Ok
2026-06-03T18:34:21.791 > p2p rx 0
2026-06-03T18:34:21.792 < >
2026-06-03T18:34:26.004 < >> Ok
2026-06-03T18:34:26.101 > p2p rx 0
2026-06-03T18:34:26.103 < >
2026-06-03T18:34:30.312 < >> Ok
2026-06-03T18:34:30.408 > p2p rx 0
2026-06-03T18:34:30.410 < >
2026-06-03T18:34:34.570 < >> Ok
2026-06-03T18:34:34.668 > p2p rx 0
2026-06-03T18:34:34.669 < >
2026-06-03T18:34:38.829 < >> Ok
2026-06-03T18:34:38.926 > p2p rx 0
2026-06-03T18:34:38.927 < >
2026-06-03T18:34:43.088 < >> Ok
2026-06-03T18:34:43.185 > p2p rx 0
2026-06-03T18:34:43.186 < >
2026-06-03T18:34:47.397 < >> Ok
2026-06-03T18:34:47.493 > p2p rx 0
2026-06-03T18:34:47.494 < >
2026-06-03T18:34:51.705 < >> Ok
2026-06-03T18:34:51.802 > p2p rx 0
2026-06-03T18:34:51.803 < >
2026-06-03T18:34:56.014 < >> Ok
2026-06-03T18:34:56.109 > p2p rx 0
2026-06-03T18:34:56.111 < >
2026-06-03T18:35:00.322 < >> Ok
2026-06-03T18:35:00.420 > p2p rx 0
2026-06-03T18:35:00.421 < >
2026-06-03T18:35:04.581 < >> Ok
2026-06-03T18:35:04.678 > p2p rx 0
2026-06-03T18:35:04.679 < >
2026-06-03T18:35:08.857 < >> Ok
2026-06-03T18:35:08.955 > p2p rx 0
2026-06-03T18:35:08.956 < >
2026-06-03T18:35:13.165 < >> Ok
2026-06-03T18:35:13.263 > p2p rx 0
2026-06-03T18:35:13.264 < >
2026-06-03T18:35:17.426 < >> Ok
2026-06-03T18:35:17.522 > p2p rx 0
2026-06-03T18:35:17.524 < >
2026-06-03T18:35:21.689 < >> Ok
2026-06-03T18:35:21.787 > p2p rx 0
2026-06-03T18:35:21.788 < >
2026-06-03T18:35:25.948 < >> Ok
2026-06-03T18:35:26.044 > p2p rx 0
2026-06-03T18:35:26.046 < >
2026-06-03T18:35:30.207 < >> Ok
2026-06-03T18:35:30.303 > p2p rx 0
2026-06-03T18:35:30.305 < >
2026-06-03T18:35:34.515 < >> Ok
2026-06-03T18:35:34.612 > p2p rx 0
2026-06-03T18:35:34.613 < >
2026-06-03T18:35:38.823 < >> Ok
2026-06-03T18:35:38.921 > p2p rx 0
2026-06-03T18:35:38.921 < >
2026-06-03T18:35:43.081 < >> Ok
2026-06-03T18:35:43.178 > p2p rx 0
2026-06-03T18:35:43.179 < >
2026-06-03T18:35:47.340 < >> Ok
2026-06-03T18:35:47.437 > p2p rx 0
2026-06-03T18:35:47.438 < >
2026-06-03T18:35:51.598 < >> Ok
2026-06-03T18:35:51.782 > p2p rx 0
2026-06-03T18:35:51.782 < >
2026-06-03T18:35:55.856 < >> Ok
2026-06-03T18:35:55.953 > p2p rx 0
2026-06-03T18:35:55.954 < >
2026-06-03T18:36:00.117 < >> Ok
2026-06-03T18:36:00.213 > p2p rx 0
2026-06-03T18:36:00.214 < >
2026-06-03T18:36:04.425 < >> Ok
2026-06-03T18:36:04.521 > p2p rx 0
2026-06-03T18:36:04.523 < >
2026-06-03T18:36:08.734 < >> Ok
2026-06-03T18:36:08.830 > p2p rx 0
2026-06-03T18:36:08.832 < >
2026-06-03T18:36:13.000 < >> Ok
2026-06-03T18:36:13.096 > p2p rx 0
2026-06-03T18:36:13.097 < >
2026-06-03T18:36:17.258 < >> Ok
2026-06-03T18:36:17.354 > p2p rx 0
2026-06-03T18:36:17.355 < >
2026-06-03T18:36:21.516 < >> Ok
2026-06-03T18:36:21.612 > p2p rx 0
2026-06-03T18:36:21.613 < >
2026-06-03T18:36:25.825 < >> Ok
2026-06-03T18:36:25.922 > p2p rx 0
2026-06-03T18:36:25.923 < >
2026-06-03T19:06:07.688 < >> Ok
2026-06-03T19:06:07.783 > p2p rx 0
2026-06-03T19:06:07.784 < >
2026-06-03T19:06:09.372 < >> Ok
2026-06-03T19:06:09.374 < >> radio_err
2026-06-03T19:06:09.673 > p2p rx 0
2026-06-03T19:06:09.674 < >
2026-06-03T19:06:12.797 < >> Ok
2026-06-03T19:06:12.893 > p2p rx 0
2026-06-03T19:06:12.894 < >
2026-06-03T19:06:14.504 < >> Ok
2026-06-03T19:06:14.600 > p2p rx 0
2026-06-03T19:06:14.601 < >
2026-06-03T19:06:16.206 < >> Ok
2026-06-03T19:06:16.302 > p2p rx 0
2026-06-03T19:06:16.303 < >
2026-06-03T19:06:17.914 < >> Ok
2026-06-03T19:06:18.011 > p2p rx 0
2026-06-03T19:06:18.012 < >
2026-06-03T19:06:19.616 < >> Ok
2026-06-03T19:06:19.713 > p2p rx 0
2026-06-03T19:06:19.714 < >
2026-06-03T19:06:21.317 < >> Ok
2026-06-03T19:06:21.414 > p2p rx 0
2026-06-03T19:06:21.416 < >
2026-06-03T19:06:23.021 < >> Ok
2026-06-03T19:06:23.118 > p2p rx 0
2026-06-03T19:06:23.119 < >
2026-06-03T19:06:24.722 < >> Ok
2026-06-03T19:06:24.818 > p2p rx 0
2026-06-03T19:06:24.820 < >
2026-06-03T19:06:26.424 < >> Ok
2026-06-03T19:06:26.521 > p2p rx 0
2026-06-03T19:06:26.522 < >
2026-06-03T19:06:28.126 < >> Ok
2026-06-03T19:06:28.222 > p2p rx 0
2026-06-03T19:06:28.223 < >
2026-06-03T19:06:29.827 < >> Ok
2026-06-03T19:06:29.925 > p2p rx 0
2026-06-03T19:06:29.926 < >
2026-06-03T19:06:31.528 < >> Ok
2026-06-03T19:06:31.625 > p2p rx 0
2026-06-03T19:06:31.626 < >
2026-06-03T19:06:33.230 < >> Ok
2026-06-03T19:06:33.327 > p2p rx 0
2026-06-03T19:06:33.328 < >
2026-06-03T19:06:34.931 < >> Ok
2026-06-03T19:06:35.028 > p2p rx 0
2026-06-03T19:06:35.029 < >
2026-06-03T19:06:36.633 < >> Ok
2026-06-03T19:06:36.730 > p2p rx 0
2026-06-03T19:06:36.731 < >
2026-06-03T19:06:38.334 < >> Ok
2026-06-03T19:06:38.431 > p2p rx 0
2026-06-03T19:06:38.432 < >
2026-06-03T19:06:40.036 < >> Ok
2026-06-03T19:06:40.133 > p2p rx 0
2026-06-03T19:06:40.134 < >
2026-06-03T19:06:41.737 < >> Ok
2026-06-03T19:06:41.834 > p2p rx 0
2026-06-03T19:06:41.835 < >
2026-06-03T19:06:43.439 < >> Ok
2026-06-03T19:06:43.536 > p2p rx 0
2026-06-03T19:06:43.537 < >
2026-06-03T19:06:45.140 < >> Ok
2026-06-03T19:06:45.237 > p2p rx 0
2026-06-03T19:06:45.239 < >
2026-06-03T19:06:46.842 < >> Ok
2026-06-03T19:06:47.015 > p2p rx 0
2026-06-03T19:06:47.015 < >
2026-06-03T19:06:48.544 < >> Ok
2026-06-03T19:06:48.641 > p2p rx 0
2026-06-03T19:06:48.642 < >
2026-06-03T19:06:50.245 < >> Ok
2026-06-03T19:06:50.341 > p2p rx 0
2026-06-03T19:06:50.343 < >
2026-06-03T19:06:51.946 < >> Ok
2026-06-03T19:06:52.042 > p2p rx 0
2026-06-03T19:06:52.044 < >
2026-06-03T19:06:53.648 < >> Ok
2026-06-03T19:06:53.743 > p2p rx 0
2026-06-03T19:06:53.745 < >
2026-06-03T19:06:55.348 < >> Ok
2026-06-03T19:06:55.444 > p2p rx 0
2026-06-03T19:06:55.445 < >
2026-06-03T19:06:57.051 < >> Ok
2026-06-03T19:06:57.147 > p2p rx 0
2026-06-03T19:06:57.149 < >
2026-06-03T19:10:05.534 < >> Ok
2026-06-03T19:10:05.630 > p2p rx 0
2026-06-03T19:10:05.631 < >
2026-06-03T19:10:07.236 < >> Ok
2026-06-03T19:10:07.332 > p2p rx 0
2026-06-03T19:10:07.334 < >
2026-06-03T19:10:08.940 < >> Ok
2026-06-03T19:10:09.036 > p2p rx 0
2026-06-03T19:10:09.038 < >
2026-06-03T19:10:10.642 < >> Ok
2026-06-03T19:10:10.739 > p2p rx 0
2026-06-03T19:10:10.740 < >
2026-06-03T19:10:12.343 < >> Ok
2026-06-03T19:10:12.441 > p2p rx 0
2026-06-03T19:10:12.442 < >
2026-06-03T19:10:14.045 < >> Ok
2026-06-03T19:10:14.142 > p2p rx 0
2026-06-03T19:10:14.143 < >
2026-06-03T19:10:15.746 < >> Ok
2026-06-03T19:10:15.843 > p2p rx 0
2026-06-03T19:10:15.844 < >
2026-06-03T19:10:17.448 < >> Ok
2026-06-03T19:10:17.549 > p2p rx 0
2026-06-03T19:10:17.549 < >
2026-06-03T19:10:19.149 < >> Ok
2026-06-03T19:10:19.246 > p2p rx 0
2026-06-03T19:10:19.247 < >
2026-06-03T19:10:20.851 < >> Ok
2026-06-03T19:10:20.948 > p2p rx 0
2026-06-03T19:10:20.949 < >
2026-06-03T19:10:22.552 < >> Ok
2026-06-03T19:10:22.649 > p2p rx 0
2026-06-03T19:10:22.650 < >
2026-06-03T19:10:24.254 < >> Ok
2026-06-03T19:10:24.350 > p2p rx 0
2026-06-03T19:10:24.351 < >
2026-06-03T19:10:25.955 < >> Ok
2026-06-03T19:10:26.052 > p2p rx 0
2026-06-03T19:10:26.053 < >
2026-06-03T19:10:27.657 < >> Ok
2026-06-03T19:10:27.754 > p2p rx 0
2026-06-03T19:10:27.755 < >
2026-06-03T19:10:29.358 < >> Ok
2026-06-03T19:10:29.456 > p2p rx 0
2026-06-03T19:10:29.457 < >
2026-06-03T19:10:31.059 < >> Ok
2026-06-03T19:10:31.157 > p2p rx 0
2026-06-03T19:10:31.158 < >
2026-06-03T19:10:32.761 < >> Ok
2026-06-03T19:10:32.858 > p2p rx 0
2026-06-03T19:10:32.859 < >
2026-06-03T19:10:34.463 < >> Ok
2026-06-03T19:10:34.559 > p2p rx 0
2026-06-03T19:10:34.560 < >
2026-06-03T19:10:36.164 < >> Ok
2026-06-03T19:10:36.260 > p2p rx 0
2026-06-03T19:10:36.262 < >
2026-06-03T19:10:37.865 < >> Ok
2026-06-03T19:10:37.963 > p2p rx 0
2026-06-03T19:10:37.964 < >
2026-06-03T19:10:39.567 < >> Ok
2026-06-03T19:10:39.665 > p2p rx 0
2026-06-03T19:10:39.666 < >
2026-06-03T19:10:41.269 < >> Ok
2026-06-03T19:10:41.442 > p2p rx 0
2026-06-03T19:10:41.442 < >
2026-06-03T19:10:42.970 < >> Ok
2026-06-03T19:10:43.067 > p2p rx 0
2026-06-03T19:10:43.068 < >
2026-06-03T19:10:44.672 < >> Ok
2026-06-03T19:10:44.770 > p2p rx 0
2026-06-03T19:10:44.771 < >
2026-06-03T19:10:46.373 < >> Ok
2026-06-03T19:10:46.469 > p2p rx 0
2026-06-03T19:10:46.471 < >
2026-06-03T19:10:48.075 < >> Ok
2026-06-03T19:10:48.172 > p2p rx 0
2026-06-03T19:10:48.173 < >
2026-06-03T19:10:49.776 < >> Ok
2026-06-03T19:10:49.874 > p2p rx 0
2026-06-03T19:10:49.875 < >
2026-06-03T19:10:51.478 < >> Ok
2026-06-03T19:10:51.574 > p2p rx 0
2026-06-03T19:10:51.576 < >
2026-06-03T19:10:53.179 < >> Ok
2026-06-03T19:10:53.275 > p2p rx 0
2026-06-03T19:10:53.276 < >
2026-06-03T19:10:54.881 < >> Ok
2026-06-03T19:10:54.977 > p2p rx 0
2026-06-03T19:10:54.979 < >
2026-06-03T19:15:02.979 < >> Ok
2026-06-03T19:15:03.075 > p2p rx 0
2026-06-03T19:15:03.076 < >
2026-06-03T19:15:04.680 < >> Ok
2026-06-03T19:15:04.777 > p2p rx 0
2026-06-03T19:15:04.778 < >
2026-06-03T19:15:06.382 < >> Ok
2026-06-03T19:15:06.478 > p2p rx 0
2026-06-03T19:15:06.479 < >
2026-06-03T19:15:08.083 < >> Ok
2026-06-03T19:15:08.179 > p2p rx 0
2026-06-03T19:15:08.180 < >
2026-06-03T19:15:09.784 < >> Ok
2026-06-03T19:15:09.881 > p2p rx 0
2026-06-03T19:15:09.882 < >
2026-06-03T19:15:11.486 < >> Ok
2026-06-03T19:15:11.584 > p2p rx 0
2026-06-03T19:15:11.585 < >
2026-06-03T19:15:13.188 < >> Ok
2026-06-03T19:15:13.285 > p2p rx 0
2026-06-03T19:15:13.286 < >
2026-06-03T19:15:14.889 < >> Ok
2026-06-03T19:15:14.986 > p2p rx 0
2026-06-03T19:15:14.987 < >
2026-06-03T19:15:16.591 < >> Ok
2026-06-03T19:15:16.687 > p2p rx 0
2026-06-03T19:15:16.688 < >
2026-06-03T19:15:18.292 < >> Ok
2026-06-03T19:15:18.390 > p2p rx 0
2026-06-03T19:15:18.392 < >
2026-06-03T19:15:19.994 < >> Ok
2026-06-03T19:15:20.090 > p2p rx 0
2026-06-03T19:15:20.091 < >
2026-06-03T19:15:21.695 < >> Ok
2026-06-03T19:15:21.793 > p2p rx 0
2026-06-03T19:15:21.794 < >
2026-06-03T19:15:23.397 < >> Ok
2026-06-03T19:15:23.493 > p2p rx 0
2026-06-03T19:15:23.494 < >
2026-06-03T19:15:25.098 < >> Ok
2026-06-03T19:15:25.195 > p2p rx 0
2026-06-03T19:15:25.196 < >
2026-06-03T19:15:26.800 < >> Ok
2026-06-03T19:15:26.896 > p2p rx 0
2026-06-03T19:15:26.897 < >
2026-06-03T19:15:28.500 < >> Ok
2026-06-03T19:15:28.597 > p2p rx 0
2026-06-03T19:15:28.599 < >
2026-06-03T19:15:30.202 < >> Ok
2026-06-03T19:15:30.298 > p2p rx 0
2026-06-03T19:15:30.300 < >
2026-06-03T19:15:31.904 < >> Ok
2026-06-03T19:15:32.001 > p2p rx 0
2026-06-03T19:15:32.002 < >
2026-06-03T19:15:33.606 < >> Ok
2026-06-03T19:15:33.703 > p2p rx 0
2026-06-03T19:15:33.704 < >
2026-06-03T19:15:35.315 < >> Ok
2026-06-03T19:15:35.412 > p2p rx 0
2026-06-03T19:15:35.413 < >
2026-06-03T19:15:37.016 < >> Ok
2026-06-03T19:15:37.115 > p2p rx 0
2026-06-03T19:15:37.116 < >
2026-06-03T19:15:38.718 < >> Ok
2026-06-03T19:15:38.816 > p2p rx 0
2026-06-03T19:15:38.817 < >
2026-06-03T19:15:40.420 < >> Ok
2026-06-03T19:15:40.603 > p2p rx 0
2026-06-03T19:15:40.604 < >
2026-06-03T19:15:42.121 < >> Ok
2026-06-03T19:15:42.217 > p2p rx 0
2026-06-03T19:15:42.219 < >
2026-06-03T19:15:43.823 < >> Ok
2026-06-03T19:15:43.920 > p2p rx 0
2026-06-03T19:15:43.922 < >
2026-06-03T19:15:45.524 < >> Ok
2026-06-03T19:15:45.622 > p2p rx 0
2026-06-03T19:15:45.623 < >
2026-06-03T19:15:47.225 < >> Ok
2026-06-03T19:15:47.321 > p2p rx 0
2026-06-03T19:15:47.323 < >
2026-06-03T19:15:48.927 < >> Ok
2026-06-03T19:15:49.024 > p2p rx 0
2026-06-03T19:15:49.025 < >
2026-06-03T19:15:50.629 < >> Ok
2026-06-03T19:15:50.725 > p2p rx 0
2026-06-03T19:15:50.726 < >
2026-06-03T19:15:52.330 < >> Ok
2026-06-03T19:15:52.427 > p2p rx 0
2026-06-03T19:15:52.428 < >
2026-06-03T19:15:54.031 < >> Ok
2026-06-03T19:15:54.128 > p2p rx 0
2026-06-03T19:15:54.130 < >
2026-06-03T19:17:23.560 < >> Ok
2026-06-03T19:17:23.656 > p2p rx 0
2026-06-03T19:17:23.657 < >
2026-06-03T19:17:25.261 < >> Ok
2026-06-03T19:17:25.358 > p2p rx 0
2026-06-03T19:17:25.359 < >
2026-06-03T19:17:26.963 < >> Ok
2026-06-03T19:17:27.060 > p2p rx 0
2026-06-03T19:17:27.061 < >
2026-06-03T19:17:28.664 < >> Ok
2026-06-03T19:17:28.761 > p2p rx 0
2026-06-03T19:17:28.762 < >
2026-06-03T19:17:30.366 < >> Ok
2026-06-03T19:17:30.462 > p2p rx 0
2026-06-03T19:17:30.464 < >
2026-06-03T19:17:32.067 < >> Ok
2026-06-03T19:17:32.165 > p2p rx 0
2026-06-03T19:17:32.166 < >
2026-06-03T19:17:33.769 < >> Ok
2026-06-03T19:17:33.866 > p2p rx 0
2026-06-03T19:17:33.868 < >
2026-06-03T19:17:35.470 < >> Ok
2026-06-03T19:17:35.566 > p2p rx 0
2026-06-03T19:17:35.568 < >
2026-06-03T19:17:37.172 < >> Ok
2026-06-03T19:17:37.269 > p2p rx 0
2026-06-03T19:17:37.270 < >
2026-06-03T19:17:38.873 < >> Ok
2026-06-03T19:17:38.971 > p2p rx 0
2026-06-03T19:17:38.972 < >
2026-06-03T19:17:40.575 < >> Ok
2026-06-03T19:17:40.674 > p2p rx 0
2026-06-03T19:17:40.675 < >
2026-06-03T19:17:42.277 < >> Ok
2026-06-03T19:17:42.373 > p2p rx 0
2026-06-03T19:17:42.374 < >
2026-06-03T19:17:43.977 < >> Ok
2026-06-03T19:17:44.075 > p2p rx 0
2026-06-03T19:17:44.077 < >
2026-06-03T19:17:45.679 < >> Ok
2026-06-03T19:17:45.777 > p2p rx 0
2026-06-03T19:17:45.778 < >
2026-06-03T19:17:47.380 < >> Ok
2026-06-03T19:17:47.478 > p2p rx 0
2026-06-03T19:17:47.480 < >
2026-06-03T19:17:49.082 < >> Ok
2026-06-03T19:17:49.179 > p2p rx 0
2026-06-03T19:17:49.181 < >
2026-06-03T19:17:50.784 < >> Ok
2026-06-03T19:17:50.880 > p2p rx 0
2026-06-03T19:17:50.881 < >
2026-06-03T19:17:52.485 < >> Ok
2026-06-03T19:17:52.582 > p2p rx 0
2026-06-03T19:17:52.583 < >
2026-06-03T19:17:54.187 < >> Ok
2026-06-03T19:17:54.283 > p2p rx 0
2026-06-03T19:17:54.285 < >
2026-06-03T19:17:55.888 < >> Ok
2026-06-03T19:17:55.986 > p2p rx 0
2026-06-03T19:17:55.987 < >
2026-06-03T19:17:57.590 < >> Ok
2026-06-03T19:17:57.686 > p2p rx 0
2026-06-03T19:17:57.688 < >
2026-06-03T19:17:59.291 < >> Ok
2026-06-03T19:17:59.388 > p2p rx 0
2026-06-03T19:17:59.389 < >
2026-06-03T19:18:00.993 < >> Ok
2026-06-03T19:18:01.089 > p2p rx 0
2026-06-03T19:18:01.091 < >
2026-06-03T19:18:02.694 < >> Ok
2026-06-03T19:18:02.792 > p2p rx 0
2026-06-03T19:18:02.793 < >
2026-06-03T19:18:04.395 < >> Ok
2026-06-03T19:18:04.493 > p2p rx 0
2026-06-03T19:18:04.495 < >
2026-06-03T19:18:06.097 < >> Ok
2026-06-03T19:18:06.195 > p2p rx 0
2026-06-03T19:18:06.196 < >
2026-06-03T19:18:07.799 < >> Ok
2026-06-03T19:18:07.896 > p2p rx 0
2026-06-03T19:18:07.897 < >
2026-06-03T19:18:09.500 < >> Ok
2026-06-03T19:18:09.597 > p2p rx 0
2026-06-03T19:18:09.598 < >
2026-06-03T19:18:11.202 < >> Ok
2026-06-03T19:18:11.299 > p2p rx 0
2026-06-03T19:18:11.300 < >
2026-06-03T19:18:12.903 < >> Ok
2026-06-03T19:18:12.999 > p2p rx 0
2026-06-03T19:18:13.000 < >
2026-06-03T19:18:14.605 < >> Ok
2026-06-03T19:18:14.701 > p2p rx 0
2026-06-03T19:18:14.702 < >
2026-06-03T19:18:16.306 < >> Ok
2026-06-03T19:18:16.403 > p2p rx 0
2026-06-03T19:18:16.404 < >
2026-06-03T19:18:18.008 < >> Ok
2026-06-03T19:18:18.105 > p2p rx 0
2026-06-03T19:18:18.106 < >
2026-06-03T19:18:19.709 < >> Ok
2026-06-03T19:18:19.806 > p2p rx 0
2026-06-03T19:18:19.808 < >
2026-06-03T19:18:21.411 < >> Ok
2026-06-03T19:18:21.508 > p2p rx 0
2026-06-03T19:18:21.509 < >
2026-06-03T19:18:23.120 < >> Ok
2026-06-03T19:18:23.217 > p2p rx 0
2026-06-03T19:18:23.218 < >
2026-06-03T19:18:24.821 < >> Ok
2026-06-03T19:18:24.918 > p2p rx 0
2026-06-03T19:18:24.919 < >
2026-06-03T19:18:26.522 < >> Ok
2026-06-03T19:18:26.619 > p2p rx 0
2026-06-03T19:18:26.620 < >
2026-06-03T19:18:28.232 < >> Ok
2026-06-03T19:18:28.329 > p2p rx 0
2026-06-03T19:18:28.330 < >
2026-06-03T19:18:29.934 < >> Ok
2026-06-03T19:18:30.030 > p2p rx 0
2026-06-03T19:18:30.032 < >
2026-06-03T19:18:31.636 < >> Ok
2026-06-03T19:18:31.732 > p2p rx 0
2026-06-03T19:18:31.733 < >
2026-06-03T19:18:33.337 < >> Ok
2026-06-03T19:18:33.433 > p2p rx 0
2026-06-03T19:18:33.435 < >
2026-06-03T19:18:35.039 < >> Ok
2026-06-03T19:18:35.134 > p2p rx 0
2026-06-03T19:18:35.136 < >
2026-06-03T19:18:36.740 < >> Ok
2026-06-03T19:18:36.837 > p2p rx 0
2026-06-03T19:18:36.839 < >
2026-06-03T19:18:38.442 < >> Ok
2026-06-03T19:18:38.539 > p2p rx 0
2026-06-03T19:18:38.540 < >
2026-06-03T19:18:40.143 < >> Ok
2026-06-03T19:18:40.241 > p2p rx 0
2026-06-03T19:18:40.242 < >
2026-06-03T19:18:41.845 < >> Ok
2026-06-03T19:18:41.942 > p2p rx 0
2026-06-03T19:18:41.943 < >
2026-06-03T19:18:43.546 < >> Ok
2026-06-03T19:18:43.643 > p2p rx 0
2026-06-03T19:18:43.645 < >
2026-06-03T19:18:45.248 < >> Ok
2026-06-03T19:18:45.344 > p2p rx 0
2026-06-03T19:18:45.349 < >
2026-06-03T19:18:46.949 < >> Ok
2026-06-03T19:18:47.046 > p2p rx 0
2026-06-03T19:18:47.047 < >
2026-06-03T19:18:48.651 < >> Ok
2026-06-03T19:18:49.396 > p2p rx 0
2026-06-03T19:18:49.397 < >
2026-06-03T19:18:50.352 < >> Ok
2026-06-03T19:18:50.448 > p2p rx 0
2026-06-03T19:18:50.449 < >
2026-06-03T19:18:52.054 < >> Ok
2026-06-03T19:18:52.151 > p2p rx 0
2026-06-03T19:18:52.152 < >
2026-06-03T19:18:53.755 < >> Ok
2026-06-03T19:18:53.851 > p2p rx 0
2026-06-03T19:18:53.852 < >
2026-06-03T19:18:55.457 < >> Ok
2026-06-03T19:18:55.554 > p2p rx 0
2026-06-03T19:18:55.555 < >
2026-06-03T19:18:57.158 < >> Ok
2026-06-03T19:18:57.255 > p2p rx 0
2026-06-03T19:18:57.256 < >
2026-06-03T19:18:58.860 < >> Ok
2026-06-03T19:18:58.956 > p2p rx 0
2026-06-03T19:18:58.958 < >
2026-06-03T19:19:00.561 < >> Ok
2026-06-03T19:19:00.659 > p2p rx 0
2026-06-03T19:19:00.661 < >
2026-06-03T19:19:02.263 < >> Ok
2026-06-03T19:19:02.361 > p2p rx 0
2026-06-03T19:19:02.362 < >
2026-06-03T19:19:03.965 < >> Ok
2026-06-03T19:19:04.062 > p2p rx 0
2026-06-03T19:19:04.063 < >
2026-06-03T19:19:05.666 < >> Ok
2026-06-03T19:19:05.763 > p2p rx 0
2026-06-03T19:19:05.764 < >
2026-06-03T19:19:07.372 < >> Ok
2026-06-03T19:19:07.469 > p2p rx 0
2026-06-03T19:19:07.470 < >
2026-06-03T19:19:09.074 < >> Ok
2026-06-03T19:19:09.171 > p2p rx 0
2026-06-03T19:19:09.172 < >
2026-06-03T19:19:10.775 < >> Ok
2026-06-03T19:19:10.872 > p2p rx 0
2026-06-03T19:19:10.873 < >
2026-06-03T19:19:12.477 < >> Ok
2026-06-03T19:19:12.575 > p2p rx 0
2026-06-03T19:19:12.577 < >
2026-06-03T19:19:14.178 < >> Ok
2026-06-03T19:19:14.275 > p2p rx 0
2026-06-03T19:19:14.276 < >
2026-06-03T19:19:15.880 < >> Ok
2026-06-03T19:19:15.977 > p2p rx 0
2026-06-03T19:19:15.978 < >
2026-06-03T19:19:17.581 < >> Ok
2026-06-03T19:19:17.678 > p2p rx 0
2026-06-03T19:19:17.679 < >
2026-06-03T19:38:29.007 < >> Ok
2026-06-03T19:38:29.104 > p2p rx 0
2026-06-03T19:38:29.105 < >
2026-06-03T19:38:30.708 < >> Ok
2026-06-03T19:38:30.805 > p2p rx 0
2026-06-03T19:38:30.806 < >
2026-06-03T19:38:32.410 < >> Ok
2026-06-03T19:38:32.505 > p2p rx 0
2026-06-03T19:38:32.507 < >
2026-06-03T19:38:34.111 < >> Ok
2026-06-03T19:38:34.208 > p2p rx 0
2026-06-03T19:38:34.209 < >
2026-06-03T19:38:35.812 < >> Ok
2026-06-03T19:38:35.909 > p2p rx 0
2026-06-03T19:38:35.910 < >
2026-06-03T19:38:37.514 < >> Ok
2026-06-03T19:38:37.611 > p2p rx 0
2026-06-03T19:38:37.612 < >
2026-06-03T19:38:39.215 < >> Ok
2026-06-03T19:38:39.312 > p2p rx 0
2026-06-03T19:38:39.314 < >
2026-06-03T19:38:40.917 < >> Ok
2026-06-03T19:38:41.014 > p2p rx 0
2026-06-03T19:38:41.015 < >
2026-06-03T19:38:42.618 < >> Ok
2026-06-03T19:38:42.714 > p2p rx 0
2026-06-03T19:38:42.715 < >
2026-06-03T19:38:44.320 < >> Ok
2026-06-03T19:38:44.417 > p2p rx 0
2026-06-03T19:38:44.419 < >
2026-06-03T19:38:46.027 < >> Ok
2026-06-03T19:38:46.123 > p2p rx 0
2026-06-03T19:38:46.124 < >
2026-06-03T19:38:47.731 < >> Ok
2026-06-03T19:38:47.828 > p2p rx 0
2026-06-03T19:38:47.830 < >
2026-06-03T19:38:49.433 < >> Ok
2026-06-03T19:38:49.531 > p2p rx 0
2026-06-03T19:38:49.532 < >
2026-06-03T19:38:51.134 < >> Ok
2026-06-03T19:38:51.230 > p2p rx 0
2026-06-03T19:38:51.231 < >
2026-06-03T19:38:52.836 < >> Ok
2026-06-03T19:38:52.933 > p2p rx 0
2026-06-03T19:38:52.935 < >
2026-06-03T19:38:54.537 < >> Ok
2026-06-03T19:38:54.634 > p2p rx 0
2026-06-03T19:38:54.635 < >
2026-06-03T19:38:56.238 < >> Ok
2026-06-03T19:38:56.334 > p2p rx 0
2026-06-03T19:38:56.335 < >
2026-06-03T19:38:57.940 < >> Ok
2026-06-03T19:38:58.038 > p2p rx 0
2026-06-03T19:38:58.039 < >
2026-06-03T19:38:59.642 < >> Ok
2026-06-03T19:38:59.739 > p2p rx 0
2026-06-03T19:38:59.741 < >
2026-06-03T19:39:01.343 < >> Ok
2026-06-03T19:39:01.439 > p2p rx 0
2026-06-03T19:39:01.440 < >
2026-06-03T19:39:03.045 < >> Ok
2026-06-03T19:39:03.141 > p2p rx 0
2026-06-03T19:39:03.142 < >
2026-06-03T19:39:04.746 < >> Ok
2026-06-03T19:39:04.842 > p2p rx 0
2026-06-03T19:39:04.843 < >
2026-06-03T19:39:06.447 < >> Ok
2026-06-03T19:39:06.545 > p2p rx 0
2026-06-03T19:39:06.546 < >
2026-06-03T19:39:08.149 < >> Ok
2026-06-03T19:39:08.246 > p2p rx 0
2026-06-03T19:39:08.247 < >
2026-06-03T19:39:09.850 < >> Ok
2026-06-03T19:39:09.948 > p2p rx 0
2026-06-03T19:39:09.953 < >
2026-06-03T19:39:11.552 < >> Ok
2026-06-03T19:39:11.650 > p2p rx 0
2026-06-03T19:39:11.651 < >
2026-06-03T19:39:13.253 < >> Ok
2026-06-03T19:39:13.351 > p2p rx 0
2026-06-03T19:39:13.352 < >
2026-06-03T19:39:14.955 < >> Ok
2026-06-03T19:39:15.051 > p2p rx 0
2026-06-03T19:39:15.052 < >
2026-06-03T19:39:16.657 < >> Ok
2026-06-03T19:39:16.753 > p2p rx 0
2026-06-03T19:39:16.754 < >
2026-06-03T19:39:18.358 < >> Ok
2026-06-03T19:39:18.455 > p2p rx 0
2026-06-03T19:39:18.456 < >
2026-06-03T19:39:20.067 < >> Ok
2026-06-03T19:39:20.164 > p2p rx 0
2026-06-03T19:39:20.165 < >
2026-06-03T19:39:21.768 < >> Ok
2026-06-03T19:39:21.865 > p2p rx 0
2026-06-03T19:39:21.867 < >
2026-06-03T19:39:23.470 < >> Ok
2026-06-03T19:39:23.568 > p2p rx 0
2026-06-03T19:39:23.569 < >
2026-06-03T19:39:25.171 < >> Ok
2026-06-03T19:39:25.268 > p2p rx 0
2026-06-03T19:39:25.270 < >
2026-06-03T19:39:26.873 < >> Ok
2026-06-03T19:39:26.969 > p2p rx 0
2026-06-03T19:39:26.971 < >
2026-06-03T19:39:28.574 < >> Ok
2026-06-03T19:39:28.672 > p2p rx 0
2026-06-03T19:39:28.673 < >
2026-06-03T19:39:30.276 < >> Ok
2026-06-03T19:39:30.373 > p2p rx 0
2026-06-03T19:39:30.374 < >
2026-06-03T19:39:31.977 < >> Ok
2026-06-03T19:39:32.075 > p2p rx 0
2026-06-03T19:39:32.076 < >
2026-06-03T19:39:33.679 < >> Ok
2026-06-03T19:39:33.775 > p2p rx 0
2026-06-03T19:39:33.777 < >
2026-06-03T19:39:35.381 < >> Ok
2026-06-03T19:39:35.478 > p2p rx 0
2026-06-03T19:39:35.479 < >
2026-06-03T19:39:37.082 < >> Ok
2026-06-03T19:39:37.179 > p2p rx 0
2026-06-03T19:39:37.181 < >
2026-06-03T19:39:38.784 < >> Ok
2026-06-03T19:39:38.881 > p2p rx 0
2026-06-03T19:39:38.882 < >
2026-06-03T19:39:40.485 < >> Ok
2026-06-03T19:39:40.581 > p2p rx 0
2026-06-03T19:39:40.583 < >
2026-06-03T19:39:42.187 < >> Ok
2026-06-03T19:39:42.283 > p2p rx 0
2026-06-03T19:39:42.284 < >
2026-06-03T19:39:43.888 < >> Ok
2026-06-03T19:39:43.984 > p2p rx 0
2026-06-03T19:39:43.989 < >
2026-06-03T19:39:45.589 < >> Ok
2026-06-03T19:39:45.687 > p2p rx 0
2026-06-03T19:39:45.689 < >
2026-06-03T19:39:47.291 < >> Ok
2026-06-03T19:39:47.388 > p2p rx 0
2026-06-03T19:39:47.389 < >
2026-06-03T19:39:48.992 < >> Ok
2026-06-03T19:39:49.089 > p2p rx 0
2026-06-03T19:39:49.090 < >
2026-06-03T19:39:50.694 < >> Ok
2026-06-03T19:39:50.791 > p2p rx 0
2026-06-03T19:39:50.793 < >
2026-06-03T19:39:52.395 < >> Ok
2026-06-03T19:39:52.494 > p2p rx 0
2026-06-03T19:39:52.494 < >
2026-06-03T19:39:54.097 < >> Ok
2026-06-03T19:39:54.193 > p2p rx 0
2026-06-03T19:39:54.194 < >
2026-06-03T19:39:55.799 < >> Ok
2026-06-03T19:39:56.571 > p2p rx 0
2026-06-03T19:39:56.572 < >
2026-06-03T19:39:57.500 < >> Ok
2026-06-03T19:39:57.597 > p2p rx 0
2026-06-03T19:39:57.598 < >
2026-06-03T19:39:59.206 < >> Ok
2026-06-03T19:39:59.303 > p2p rx 0
2026-06-03T19:39:59.304 < >
2026-06-03T19:40:00.908 < >> Ok
2026-06-03T19:40:01.004 > p2p rx 0
2026-06-03T19:40:01.005 < >
2026-06-03T19:40:02.609 < >> Ok
2026-06-03T19:40:02.706 > p2p rx 0
2026-06-03T19:40:02.707 < >
2026-06-03T19:40:04.310 < >> Ok
2026-06-03T19:40:04.407 > p2p rx 0
2026-06-03T19:40:04.408 < >
2026-06-03T19:40:06.013 < >> Ok
2026-06-03T19:40:06.110 > p2p rx 0
2026-06-03T19:40:06.111 < >
2026-06-03T19:40:07.714 < >> Ok
2026-06-03T19:40:07.812 > p2p rx 0
2026-06-03T19:40:07.813 < >
2026-06-03T19:40:09.415 < >> Ok
2026-06-03T19:40:09.512 > p2p rx 0
2026-06-03T19:40:09.513 < >
2026-06-03T19:40:11.117 < >> Ok
2026-06-03T19:40:11.214 > p2p rx 0
2026-06-03T19:40:11.215 < >
2026-06-03T19:40:12.818 < >> Ok
2026-06-03T19:40:12.916 > p2p rx 0
2026-06-03T19:40:12.917 < >
2026-06-03T19:40:14.520 < >> Ok
2026-06-03T19:40:14.616 > p2p rx 0
2026-06-03T19:40:14.617 < >
2026-06-03T19:40:16.226 < >> Ok
2026-06-03T19:40:16.323 > p2p rx 0
2026-06-03T19:40:16.324 < >
2026-06-03T19:40:17.928 < >> Ok
2026-06-03T19:40:18.025 > p2p rx 0
2026-06-03T19:40:18.029 < >
2026-06-03T19:40:19.629 < >> Ok
2026-06-03T19:40:19.725 > p2p rx 0
2026-06-03T19:40:19.726 < >
2026-06-03T19:40:21.331 < >> Ok
2026-06-03T19:40:21.428 > p2p rx 0
2026-06-03T19:40:21.429 < >
2026-06-03T19:40:23.032 < >> Ok
2026-06-03T19:40:23.130 > p2p rx 0
2026-06-03T19:40:23.131 < >
2026-06-03T19:40:24.734 < >> Ok
2026-06-03T19:40:24.829 > p2p rx 0
2026-06-03T19:40:24.831 < >
2026-06-03T19:40:26.435 < >> Ok
2026-06-03T19:40:26.532 > p2p rx 0
2026-06-03T19:40:26.534 < >
2026-06-03T19:44:02.999 < >> Ok
2026-06-03T19:44:03.098 > p2p rx 0
2026-06-03T19:44:03.099 < >
2026-06-03T19:44:04.700 < >> Ok
2026-06-03T19:44:04.797 > p2p rx 0
2026-06-03T19:44:04.798 < >
2026-06-03T19:44:06.402 < >> Ok
2026-06-03T19:44:06.498 > p2p rx 0
2026-06-03T19:44:06.499 < >
2026-06-03T19:44:08.082 < >> Ok
2026-06-03T19:44:08.083 < >> radio_err
2026-06-03T19:44:08.381 > p2p rx 0
2026-06-03T19:44:08.386 < >
2026-06-03T19:44:11.507 < >> Ok
2026-06-03T19:44:11.603 > p2p rx 0
2026-06-03T19:44:11.604 < >
2026-06-03T19:44:13.208 < >> Ok
2026-06-03T19:44:13.304 > p2p rx 0
2026-06-03T19:44:13.306 < >
2026-06-03T19:44:14.910 < >> Ok
2026-06-03T19:44:15.007 > p2p rx 0
2026-06-03T19:44:15.008 < >
2026-06-03T19:44:16.611 < >> Ok
2026-06-03T19:44:16.707 > p2p rx 0
2026-06-03T19:44:16.708 < >
2026-06-03T19:44:18.313 < >> Ok
2026-06-03T19:44:18.410 > p2p rx 0
2026-06-03T19:44:18.415 < >
2026-06-03T19:44:20.014 < >> Ok
2026-06-03T19:44:20.112 > p2p rx 0
2026-06-03T19:44:20.113 < >
2026-06-03T19:44:21.715 < >> Ok
2026-06-03T19:44:21.812 > p2p rx 0
2026-06-03T19:44:21.813 < >
2026-06-03T19:44:23.417 < >> Ok
2026-06-03T19:44:23.514 > p2p rx 0
2026-06-03T19:44:23.515 < >
2026-06-03T19:44:25.119 < >> Ok
2026-06-03T19:44:25.216 > p2p rx 0
2026-06-03T19:44:25.217 < >
2026-06-03T19:44:26.820 < >> Ok
2026-06-03T19:44:26.916 > p2p rx 0
2026-06-03T19:44:26.918 < >
2026-06-03T19:44:28.522 < >> Ok
2026-06-03T19:44:28.617 > p2p rx 0
2026-06-03T19:44:28.619 < >
2026-06-03T19:44:30.223 < >> Ok
2026-06-03T19:44:30.320 > p2p rx 0
2026-06-03T19:44:30.321 < >
2026-06-03T19:44:31.925 < >> Ok
2026-06-03T19:44:32.021 > p2p rx 0
2026-06-03T19:44:32.023 < >
2026-06-03T19:44:33.626 < >> Ok
2026-06-03T19:44:33.723 > p2p rx 0
2026-06-03T19:44:33.724 < >
2026-06-03T19:44:35.328 < >> Ok
2026-06-03T19:44:35.426 > p2p rx 0
2026-06-03T19:44:35.427 < >
2026-06-03T19:44:37.029 < >> Ok
2026-06-03T19:44:37.126 > p2p rx 0
2026-06-03T19:44:37.127 < >
2026-06-03T19:44:38.733 < >> Ok
2026-06-03T19:44:38.830 > p2p rx 0
2026-06-03T19:44:38.831 < >
2026-06-03T19:44:40.435 < >> Ok
2026-06-03T19:44:40.532 > p2p rx 0
2026-06-03T19:44:40.533 < >
2026-06-03T19:44:42.136 < >> Ok
2026-06-03T19:44:42.232 > p2p rx 0
2026-06-03T19:44:42.234 < >
2026-06-03T19:44:43.838 < >> Ok
2026-06-03T19:44:43.935 > p2p rx 0
2026-06-03T19:44:43.936 < >
2026-06-03T19:44:45.539 < >> Ok
2026-06-03T19:44:45.636 > p2p rx 0
2026-06-03T19:44:45.637 < >
2026-06-03T19:44:47.241 < >> Ok
2026-06-03T19:44:47.338 > p2p rx 0
2026-06-03T19:44:47.339 < >
2026-06-03T19:44:48.943 < >> Ok
2026-06-03T19:44:49.039 > p2p rx 0
2026-06-03T19:44:49.040 < >
2026-06-03T19:44:50.644 < >> Ok
2026-06-03T19:44:50.741 > p2p rx 0
2026-06-03T19:44:50.742 < >
2026-06-03T19:44:52.346 < >> Ok
2026-06-03T19:44:52.442 > p2p rx 0
2026-06-03T19:44:52.447 < >
2026-06-03T19:44:54.047 < >> Ok
2026-06-03T19:44:54.145 > p2p rx 0
2026-06-03T19:44:54.146 < >
2026-06-03T19:44:55.749 < >> Ok
2026-06-03T19:44:55.849 > p2p rx 0
2026-06-03T19:44:55.850 < >
2026-06-03T19:44:57.450 < >> Ok
2026-06-03T19:44:57.548 > p2p rx 0
2026-06-03T19:44:57.549 < >
2026-06-03T19:44:59.151 < >> Ok
2026-06-03T19:44:59.249 > p2p rx 0
2026-06-03T19:44:59.250 < >
2026-06-03T19:45:00.853 < >> Ok
2026-06-03T19:45:00.950 > p2p rx 0
2026-06-03T19:45:00.952 < >
2026-06-03T19:45:02.555 < >> Ok
2026-06-03T19:45:02.651 > p2p rx 0
2026-06-03T19:45:02.652 < >
2026-06-03T19:45:04.256 < >> Ok
2026-06-03T19:45:04.353 > p2p rx 0
2026-06-03T19:45:04.354 < >
2026-06-03T19:45:05.958 < >> Ok
2026-06-03T19:45:06.055 > p2p rx 0
2026-06-03T19:45:06.057 < >
2026-06-03T19:45:07.659 < >> Ok
2026-06-03T19:45:07.756 > p2p rx 0
2026-06-03T19:45:07.757 < >
2026-06-03T19:45:09.361 < >> Ok
2026-06-03T19:45:09.458 > p2p rx 0
2026-06-03T19:45:09.459 < >
2026-06-03T19:45:11.062 < >> Ok
2026-06-03T19:45:11.160 > p2p rx 0
2026-06-03T19:45:11.161 < >
2026-06-03T19:45:12.764 < >> Ok
2026-06-03T19:45:12.860 > p2p rx 0
2026-06-03T19:45:12.861 < >
2026-06-03T19:45:14.465 < >> Ok
2026-06-03T19:45:14.563 > p2p rx 0
2026-06-03T19:45:14.564 < >
2026-06-03T19:45:16.167 < >> Ok
2026-06-03T19:45:16.264 > p2p rx 0
2026-06-03T19:45:16.265 < >
2026-06-03T19:45:17.868 < >> Ok
2026-06-03T19:45:17.965 > p2p rx 0
2026-06-03T19:45:17.966 < >
2026-06-03T19:45:19.569 < >> Ok
2026-06-03T19:45:19.666 > p2p rx 0
2026-06-03T19:45:19.667 < >
2026-06-03T19:45:21.271 < >> Ok
2026-06-03T19:45:21.368 > p2p rx 0
2026-06-03T19:45:21.369 < >
2026-06-03T19:45:22.973 < >> Ok
2026-06-03T19:45:23.070 > p2p rx 0
2026-06-03T19:45:23.071 < >
2026-06-03T19:45:24.674 < >> Ok
2026-06-03T19:45:24.772 > p2p rx 0
2026-06-03T19:45:24.773 < >
2026-06-03T19:45:26.376 < >> Ok
2026-06-03T19:45:26.473 > p2p rx 0
2026-06-03T19:45:26.478 < >
2026-06-03T19:45:28.077 < >> Ok
2026-06-03T19:45:28.175 > p2p rx 0
2026-06-03T19:45:28.176 < >
2026-06-03T19:45:29.779 < >> Ok
2026-06-03T19:45:29.875 > p2p rx 0
2026-06-03T19:45:29.876 < >
2026-06-03T19:45:31.480 < >> Ok
2026-06-03T19:45:31.577 > p2p rx 0
2026-06-03T19:45:31.578 < >
2026-06-03T19:45:33.182 < >> Ok
2026-06-03T19:45:33.279 > p2p rx 0
2026-06-03T19:45:33.280 < >
2026-06-03T19:45:34.883 < >> Ok
2026-06-03T19:45:34.981 > p2p rx 0
2026-06-03T19:45:34.982 < >
2026-06-03T19:45:36.585 < >> Ok
2026-06-03T19:45:36.682 > p2p rx 0
2026-06-03T19:45:36.684 < >
2026-06-03T19:45:38.286 < >> Ok
2026-06-03T19:45:39.197 > p2p rx 0
2026-06-03T19:45:39.198 < >
2026-06-03T19:45:39.988 < >> Ok
2026-06-03T19:45:40.084 > p2p rx 0
2026-06-03T19:45:40.086 < >
2026-06-03T19:45:41.689 < >> Ok
2026-06-03T19:45:41.785 > p2p rx 0
2026-06-03T19:45:41.787 < >
2026-06-03T19:45:43.391 < >> Ok
2026-06-03T19:45:43.488 > p2p rx 0
2026-06-03T19:45:43.490 < >
2026-06-03T19:45:45.092 < >> Ok
2026-06-03T19:45:45.188 > p2p rx 0
2026-06-03T19:45:45.189 < >
2026-06-03T19:45:46.793 < >> Ok
2026-06-03T19:45:46.889 > p2p rx 0
2026-06-03T19:45:46.890 < >
2026-06-03T19:45:48.495 < >> Ok
2026-06-03T19:45:48.591 > p2p rx 0
2026-06-03T19:45:48.592 < >
2026-06-03T19:45:50.197 < >> Ok
2026-06-03T19:45:50.295 > p2p rx 0
2026-06-03T19:45:50.296 < >
2026-06-03T19:45:51.898 < >> Ok
2026-06-03T19:45:51.995 > p2p rx 0
2026-06-03T19:45:51.996 < >
2026-06-03T19:45:53.600 < >> Ok
2026-06-03T19:45:53.697 > p2p rx 0
2026-06-03T19:45:53.698 < >
2026-06-03T19:45:55.301 < >> Ok
2026-06-03T19:45:55.397 > p2p rx 0
2026-06-03T19:45:55.398 < >
2026-06-03T19:45:57.003 < >> Ok
2026-06-03T19:45:57.100 > p2p rx 0
2026-06-03T19:45:57.101 < >
2026-06-03T19:45:58.704 < >> Ok
2026-06-03T19:45:58.800 > p2p rx 0
2026-06-03T19:45:58.801 < >
2026-06-03T19:46:00.405 < >> Ok
2026-06-03T19:46:00.502 > p2p rx 0
2026-06-03T19:46:00.507 < >
2026-06-03T19:46:02.107 < >> Ok
2026-06-03T19:46:02.204 > p2p rx 0
2026-06-03T19:46:02.205 < >
2026-06-03T19:46:03.812 < >> Ok
2026-06-03T19:46:03.910 > p2p rx 0
2026-06-03T19:46:03.911 < >
2026-06-03T19:46:05.514 < >> Ok
2026-06-03T19:46:05.611 > p2p rx 0
2026-06-03T19:46:05.612 < >
2026-06-03T19:46:07.216 < >> Ok
2026-06-03T19:46:07.313 > p2p rx 0
2026-06-03T19:46:07.314 < >
