2026-06-11T17:47:47.300 < >> Ok
2026-06-11T17:47:47.317 < >> radio_rx 7b2276223a312c2274797065223a2274657874222c22736571223a312c2274696d65223a22323032362d30362d31315430373a34333a33372e3838355a222c2264617461223a7b226d657373616765223a2274657374227d7d -105 14
2026-06-11T17:47:47.319 RX type=text seq=1 time=2026-06-11T07:43:37.885Z RSSI=-105 SNR=14
2026-06-11T17:47:47.325 JSON {"v":1,"type":"text","seq":1,"time":"2026-06-11T07:43:37.885Z","data":{"message":"test"}}
2026-06-11T17:47:47.360 > p2p rx 0
2026-06-11T17:47:47.361 < >
2026-06-11T17:47:57.929 < >> Ok
2026-06-11T17:47:57.947 < >> radio_rx 7b2276223a312c2274797065223a2274657874222c22736571223a322c2274696d65223a22323032362d30362d31315430373a34333a34382e3531365a222c2264617461223a7b226d657373616765223a2274657374227d7d -112 14
2026-06-11T17:47:57.950 RX type=text seq=2 time=2026-06-11T07:43:48.516Z RSSI=-112 SNR=14
2026-06-11T17:47:57.953 JSON {"v":1,"type":"text","seq":2,"time":"2026-06-11T07:43:48.516Z","data":{"message":"test"}}
2026-06-11T17:47:57.990 > p2p rx 0
2026-06-11T17:47:57.991 < >
2026-06-11T17:48:08.558 < >> Ok
2026-06-11T17:48:08.577 < >> radio_rx 7b2276223a312c2274797065223a2274657874222c22736571223a332c2274696d65223a22323032362d30362d31315430373a34333a35392e3134365a222c2264617461223a7b226d657373616765223a2274657374227d7d -111 12
2026-06-11T17:48:08.579 RX type=text seq=3 time=2026-06-11T07:43:59.146Z RSSI=-111 SNR=12
2026-06-11T17:48:08.583 JSON {"v":1,"type":"text","seq":3,"time":"2026-06-11T07:43:59.146Z","data":{"message":"test"}}
2026-06-11T17:48:08.621 > p2p rx 0
2026-06-11T17:48:08.622 < >
2026-06-11T17:48:19.188 < >> Ok
2026-06-11T17:48:19.206 < >> radio_rx 7b2276223a312c2274797065223a2274657874222c22736571223a342c2274696d65223a22323032362d30362d31315430373a34343a30392e3737375a222c2264617461223a7b226d657373616765223a2274657374227d7d -104 19
2026-06-11T17:48:19.250 RX type=text seq=4 time=2026-06-11T07:44:09.777Z RSSI=-104 SNR=19
2026-06-11T17:48:19.253 JSON {"v":1,"type":"text","seq":4,"time":"2026-06-11T07:44:09.777Z","data":{"message":"test"}}
2026-06-11T17:48:19.253 > p2p rx 0
2026-06-11T17:48:19.253 < >
2026-06-11T17:49:08.650 < >> Ok
2026-06-11T17:49:08.747 > p2p rx 0
2026-06-11T17:49:08.749 < >
2026-06-11T17:49:10.352 < >> Ok
2026-06-11T17:49:10.451 > p2p rx 0
2026-06-11T17:49:10.453 < >
2026-06-11T17:49:12.054 < >> Ok
2026-06-11T17:49:12.151 > p2p rx 0
2026-06-11T17:49:12.152 < >
2026-06-11T17:49:13.755 < >> Ok
2026-06-11T17:49:13.853 > p2p rx 0
2026-06-11T17:49:13.854 < >
2026-06-11T17:49:15.457 < >> Ok
2026-06-11T17:49:15.555 > p2p rx 0
2026-06-11T17:49:15.560 < >
2026-06-11T17:49:17.158 < >> Ok
2026-06-11T17:49:17.255 > p2p rx 0
2026-06-11T17:49:17.257 < >
2026-06-11T17:49:18.860 < >> Ok
2026-06-11T17:49:18.958 > p2p rx 0
2026-06-11T17:49:18.959 < >
2026-06-11T17:49:20.562 < >> Ok
2026-06-11T17:49:20.659 > p2p rx 0
2026-06-11T17:49:20.661 < >
2026-06-11T17:49:22.264 < >> Ok
2026-06-11T17:49:22.362 > p2p rx 0
2026-06-11T17:49:22.363 < >
2026-06-11T17:49:23.965 < >> Ok
2026-06-11T17:49:24.064 > p2p rx 0
2026-06-11T17:49:24.066 < >
2026-06-11T17:49:25.666 < >> Ok
2026-06-11T17:49:25.764 > p2p rx 0
2026-06-11T17:49:25.766 < >
2026-06-11T17:49:27.346 < >> Ok
2026-06-11T17:49:27.346 < >> radio_err
2026-06-11T17:49:27.646 > p2p rx 0
2026-06-11T17:49:27.651 < >
2026-06-11T17:49:30.771 < >> Ok
2026-06-11T17:49:30.869 > p2p rx 0
2026-06-11T17:49:30.870 < >
2026-06-11T17:49:32.473 < >> Ok
2026-06-11T17:49:32.571 > p2p rx 0
2026-06-11T17:49:32.572 < >
2026-06-11T17:49:34.153 < >> Ok
2026-06-11T17:49:34.154 < >> radio_err
2026-06-11T17:49:34.452 > p2p rx 0
2026-06-11T17:49:34.453 < >
2026-06-11T17:49:46.162 < >> Ok
2026-06-11T17:49:46.260 > p2p rx 0
2026-06-11T17:49:46.261 < >
2026-06-11T17:49:47.864 < >> Ok
2026-06-11T17:49:47.962 > p2p rx 0
2026-06-11T17:49:47.963 < >
2026-06-11T17:49:49.566 < >> Ok
2026-06-11T17:49:49.665 > p2p rx 0
2026-06-11T17:49:49.669 < >
2026-06-11T17:49:51.267 < >> Ok
2026-06-11T17:49:51.365 > p2p rx 0
2026-06-11T17:49:51.366 < >
2026-06-11T17:49:52.969 < >> Ok
2026-06-11T17:49:53.067 > p2p rx 0
2026-06-11T17:49:53.069 < >
2026-06-11T17:49:54.671 < >> Ok
2026-06-11T17:49:54.769 > p2p rx 0
2026-06-11T17:49:54.770 < >
2026-06-11T17:49:56.373 < >> Ok
2026-06-11T17:49:56.470 > p2p rx 0
2026-06-11T17:49:56.471 < >
2026-06-11T17:49:58.074 < >> Ok
2026-06-11T17:49:58.172 > p2p rx 0
2026-06-11T17:49:58.173 < >
2026-06-11T17:49:59.776 < >> Ok
2026-06-11T17:49:59.872 > p2p rx 0
2026-06-11T17:49:59.873 < >
2026-06-11T17:50:01.478 < >> Ok
2026-06-11T17:50:01.576 > p2p rx 0
2026-06-11T17:50:01.577 < >
2026-06-11T17:50:13.463 < >> Ok
2026-06-11T17:50:13.561 > p2p rx 0
2026-06-11T17:50:13.562 < >
2026-06-11T17:50:15.164 < >> Ok
2026-06-11T17:50:15.263 > p2p rx 0
2026-06-11T17:50:15.264 < >
2026-06-11T17:50:16.866 < >> Ok
2026-06-11T17:50:16.965 > p2p rx 0
2026-06-11T17:50:16.966 < >
2026-06-11T17:50:18.568 < >> Ok
2026-06-11T17:50:18.667 > p2p rx 0
2026-06-11T17:50:18.668 < >
2026-06-11T17:50:20.249 < >> Ok
2026-06-11T17:50:20.250 < >> radio_err
2026-06-11T17:50:20.547 > p2p rx 0
2026-06-11T17:50:20.549 < >
2026-06-11T17:50:33.952 < >> Ok
2026-06-11T17:50:34.051 > p2p rx 0
2026-06-11T17:50:34.052 < >
2026-06-11T17:50:35.632 < >> Ok
2026-06-11T17:50:35.632 < >> radio_err
2026-06-11T17:50:35.932 > p2p rx 0
2026-06-11T17:50:35.936 < >
2026-06-11T17:50:39.057 < >> Ok
2026-06-11T17:50:39.156 > p2p rx 0
2026-06-11T17:50:39.157 < >
2026-06-11T17:50:40.737 < >> Ok
2026-06-11T17:50:40.738 < >> radio_err
2026-06-11T17:50:41.036 > p2p rx 0
2026-06-11T17:50:41.038 < >
2026-06-11T17:50:44.162 < >> Ok
2026-06-11T17:50:44.260 > p2p rx 0
2026-06-11T17:50:44.261 < >
2026-06-11T17:50:55.336 < >> Ok
2026-06-11T17:50:55.434 > p2p rx 0
2026-06-11T17:50:55.435 < >
2026-06-11T17:50:57.037 < >> Ok
2026-06-11T17:50:57.135 > p2p rx 0
2026-06-11T17:50:57.136 < >
2026-06-11T17:50:58.739 < >> Ok
2026-06-11T17:50:58.837 > p2p rx 0
2026-06-11T17:50:58.838 < >
2026-06-11T17:51:00.441 < >> Ok
2026-06-11T17:51:00.538 > p2p rx 0
2026-06-11T17:51:00.539 < >
2026-06-11T17:51:02.143 < >> Ok
2026-06-11T17:51:02.240 > p2p rx 0
2026-06-11T17:51:02.241 < >
2026-06-11T17:51:03.844 < >> Ok
2026-06-11T17:51:03.940 > p2p rx 0
2026-06-11T17:51:03.941 < >
2026-06-11T17:51:05.545 < >> Ok
2026-06-11T17:51:05.645 > p2p rx 0
2026-06-11T17:51:05.646 < >
2026-06-11T17:51:07.247 < >> Ok
2026-06-11T17:51:07.345 > p2p rx 0
2026-06-11T17:51:07.346 < >
2026-06-11T17:51:08.949 < >> Ok
2026-06-11T17:51:09.048 > p2p rx 0
2026-06-11T17:51:09.052 < >
2026-06-11T17:51:10.651 < >> Ok
2026-06-11T17:51:10.749 > p2p rx 0
2026-06-11T17:51:10.750 < >
2026-06-11T17:51:12.352 < >> Ok
2026-06-11T17:51:12.452 > p2p rx 0
2026-06-11T17:51:12.453 < >
2026-06-11T17:51:14.054 < >> Ok
2026-06-11T17:51:14.400 > p2p rx 0
2026-06-11T17:51:14.403 < >
2026-06-11T17:51:15.756 < >> Ok
2026-06-11T17:51:15.853 > p2p rx 0
2026-06-11T17:51:15.854 < >
2026-06-11T17:51:17.458 < >> Ok
2026-06-11T17:51:17.555 > p2p rx 0
2026-06-11T17:51:17.556 < >
2026-06-11T17:51:19.159 < >> Ok
2026-06-11T17:51:19.257 > p2p rx 0
2026-06-11T17:51:19.258 < >
2026-06-11T17:51:20.861 < >> Ok
2026-06-11T17:51:20.957 > p2p rx 0
2026-06-11T17:51:20.959 < >
2026-06-11T17:51:22.540 < >> Ok
2026-06-11T17:51:22.541 < >> radio_err
2026-06-11T17:51:22.840 > p2p rx 0
2026-06-11T17:51:22.841 < >
2026-06-11T17:51:25.965 < >> Ok
2026-06-11T17:51:26.064 > p2p rx 0
2026-06-11T17:51:26.067 < >
2026-06-11T17:51:27.668 < >> Ok
2026-06-11T17:51:27.766 > p2p rx 0
2026-06-11T17:51:27.767 < >
2026-06-11T17:51:29.369 < >> Ok
2026-06-11T17:51:29.469 > p2p rx 0
2026-06-11T17:51:29.470 < >
2026-06-11T17:51:31.071 < >> Ok
2026-06-11T17:51:31.168 > p2p rx 0
2026-06-11T17:51:31.170 < >
2026-06-11T17:51:32.772 < >> Ok
2026-06-11T17:51:32.870 > p2p rx 0
2026-06-11T17:51:32.871 < >
2026-06-11T17:51:34.474 < >> Ok
2026-06-11T17:51:34.572 > p2p rx 0
2026-06-11T17:51:34.573 < >
2026-06-11T17:51:36.176 < >> Ok
2026-06-11T17:51:36.272 > p2p rx 0
2026-06-11T17:51:36.274 < >
2026-06-11T17:51:37.877 < >> Ok
2026-06-11T17:51:37.976 > p2p rx 0
2026-06-11T17:51:37.980 < >
2026-06-11T17:51:39.579 < >> Ok
2026-06-11T17:51:39.677 > p2p rx 0
2026-06-11T17:51:39.678 < >
2026-06-11T17:51:41.286 < >> Ok
2026-06-11T17:51:41.388 > p2p rx 0
2026-06-11T17:51:41.388 < >
2026-06-11T17:51:42.982 < >> Ok
2026-06-11T17:51:43.081 > p2p rx 0
2026-06-11T17:51:43.082 < >
2026-06-11T17:51:44.684 < >> Ok
2026-06-11T17:51:44.783 > p2p rx 0
2026-06-11T17:51:44.783 < >
2026-06-11T17:51:46.385 < >> Ok
2026-06-11T17:51:46.484 > p2p rx 0
2026-06-11T17:51:46.485 < >
2026-06-11T17:51:58.372 < >> Ok
2026-06-11T17:51:58.470 > p2p rx 0
2026-06-11T17:51:58.471 < >
2026-06-11T17:52:00.073 < >> Ok
2026-06-11T17:52:00.171 > p2p rx 0
2026-06-11T17:52:00.172 < >
2026-06-11T17:52:01.774 < >> Ok
2026-06-11T17:52:01.872 > p2p rx 0
2026-06-11T17:52:01.873 < >
2026-06-11T17:52:03.476 < >> Ok
2026-06-11T17:52:03.573 > p2p rx 0
2026-06-11T17:52:03.574 < >
2026-06-11T17:52:05.178 < >> Ok
2026-06-11T17:52:05.276 > p2p rx 0
2026-06-11T17:52:05.277 < >
2026-06-11T17:52:06.880 < >> Ok
2026-06-11T17:52:06.977 > p2p rx 0
2026-06-11T17:52:06.978 < >
2026-06-11T17:52:08.581 < >> Ok
2026-06-11T17:52:08.679 > p2p rx 0
2026-06-11T17:52:08.680 < >
2026-06-11T17:52:10.283 < >> Ok
2026-06-11T17:52:10.381 > p2p rx 0
2026-06-11T17:52:10.382 < >
2026-06-11T17:52:11.985 < >> Ok
2026-06-11T17:52:12.083 > p2p rx 0
2026-06-11T17:52:12.085 < >
2026-06-11T17:52:13.686 < >> Ok
2026-06-11T17:52:13.785 > p2p rx 0
2026-06-11T17:52:13.786 < >
