2026-06-11T17:16:32.869 < >> Ok
2026-06-11T17:16:32.870 < >> radio_err
2026-06-11T17:16:33.169 > p2p rx 0
2026-06-11T17:16:33.170 < >
2026-06-11T17:17:04.775 < >> Ok
2026-06-11T17:17:04.792 < >> radio_rx 7b2276223a312c2274797065223a2274657874222c22736571223a342c2274696d65223a22323032362d30362d31315430373a32343a35312e3736355a222c2264617461223a7b226d657373616765223a2274657374227d7d -125 -40
2026-06-11T17:17:04.793 RX type=text seq=4 time=2026-06-11T07:24:51.765Z RSSI=-125 SNR=-40
2026-06-11T17:17:04.798 JSON {"v":1,"type":"text","seq":4,"time":"2026-06-11T07:24:51.765Z","data":{"message":"test"}}
2026-06-11T17:17:04.838 > p2p rx 0
2026-06-11T17:17:04.839 < >
2026-06-11T17:17:26.036 < >> Ok
2026-06-11T17:17:26.052 < >> radio_rx 7b2276223a312c2274797065223a2274657874222c22736571223a362c2274696d65223a22323032362d30362d31315430373a32353a31332e3032355a222c2264617461223a7b226d657373616765223a2274657374227d7d -128 -53
2026-06-11T17:17:26.054 RX type=text seq=6 time=2026-06-11T07:25:13.025Z RSSI=-128 SNR=-53
2026-06-11T17:17:26.059 JSON {"v":1,"type":"text","seq":6,"time":"2026-06-11T07:25:13.025Z","data":{"message":"test"}}
2026-06-11T17:17:26.101 > p2p rx 0
2026-06-11T17:17:26.102 < >
2026-06-11T17:17:57.911 < >> Ok
2026-06-11T17:17:57.912 < >> radio_err
2026-06-11T17:17:58.211 > p2p rx 0
2026-06-11T17:17:58.215 < >
2026-06-11T17:18:19.236 < >> Ok
2026-06-11T17:18:19.253 < >> radio_rx 7b2276223a312c2274797065223a2274657874222c22736571223a31312c2274696d65223a22323032362d30362d31315430373a32363a30362e3230315a222c2264617461223a7b226d657373616765223a2274657374227d7d -121 -13
2026-06-11T17:18:19.257 RX type=text seq=11 time=2026-06-11T07:26:06.201Z RSSI=-121 SNR=-13
2026-06-11T17:18:19.260 JSON {"v":1,"type":"text","seq":11,"time":"2026-06-11T07:26:06.201Z","data":{"message":"test"}}
2026-06-11T17:18:19.299 > p2p rx 0
2026-06-11T17:18:19.300 < >
2026-06-11T17:18:29.891 < >> Ok
2026-06-11T17:18:29.910 < >> radio_rx 7b2276223a312c2274797065223a2274657874222c22736571223a31322c2274696d65223a22323032362d30362d31315430373a32363a31362e3835365a222c2264617461223a7b226d657373616765223a2274657374227d7d -126 -29
2026-06-11T17:18:29.913 RX type=text seq=12 time=2026-06-11T07:26:16.856Z RSSI=-126 SNR=-29
2026-06-11T17:18:29.918 JSON {"v":1,"type":"text","seq":12,"time":"2026-06-11T07:26:16.856Z","data":{"message":"test"}}
2026-06-11T17:18:29.953 > p2p rx 0
2026-06-11T17:18:29.954 < >
2026-06-11T17:18:40.546 < >> Ok
2026-06-11T17:18:40.565 < >> radio_rx 7b2276223a312c2274797065223a2274657874222c22736571223a31332c2274696d65223a22323032362d30362d31315430373a32363a32372e3531325a222c2264617461223a7b226d657373616765223a2274657374227d7d -123 -21
2026-06-11T17:18:40.568 RX type=text seq=13 time=2026-06-11T07:26:27.512Z RSSI=-123 SNR=-21
2026-06-11T17:18:40.572 JSON {"v":1,"type":"text","seq":13,"time":"2026-06-11T07:26:27.512Z","data":{"message":"test"}}
2026-06-11T17:18:40.612 > p2p rx 0
2026-06-11T17:18:40.616 < >
2026-06-11T17:18:51.201 < >> Ok
2026-06-11T17:18:51.220 < >> radio_rx 7b2276223a312c2274797065223a2274657874222c22736571223a31342c2274696d65223a22323032362d30362d31315430373a32363a33382e3136375a222c2264617461223a7b226d657373616765223a2274657374227d7d -127 -39
2026-06-11T17:18:51.222 RX type=text seq=14 time=2026-06-11T07:26:38.167Z RSSI=-127 SNR=-39
2026-06-11T17:18:51.225 JSON {"v":1,"type":"text","seq":14,"time":"2026-06-11T07:26:38.167Z","data":{"message":"test"}}
2026-06-11T17:18:51.263 > p2p rx 0
2026-06-11T17:18:51.264 < >
2026-06-11T17:19:27.268 < >> Ok
2026-06-11T17:19:27.268 < >> radio_err
2026-06-11T17:19:27.568 > p2p rx 0
2026-06-11T17:19:27.569 < >
2026-06-11T17:19:30.692 < >> Ok
2026-06-11T17:19:30.791 > p2p rx 0
2026-06-11T17:19:30.792 < >
2026-06-11T17:19:32.394 < >> Ok
2026-06-11T17:19:32.492 > p2p rx 0
2026-06-11T17:19:32.493 < >
2026-06-11T17:19:34.096 < >> Ok
2026-06-11T17:19:34.194 > p2p rx 0
2026-06-11T17:19:34.196 < >
2026-06-11T17:19:35.776 < >> Ok
2026-06-11T17:19:35.777 < >> radio_err
2026-06-11T17:19:36.075 > p2p rx 0
2026-06-11T17:19:36.077 < >
2026-06-11T17:19:39.201 < >> Ok
2026-06-11T17:19:39.300 > p2p rx 0
2026-06-11T17:19:39.300 < >
2026-06-11T17:19:40.903 < >> Ok
2026-06-11T17:19:41.001 > p2p rx 0
2026-06-11T17:19:41.002 < >
2026-06-11T17:19:42.605 < >> Ok
2026-06-11T17:19:42.702 > p2p rx 0
2026-06-11T17:19:42.703 < >
2026-06-11T17:19:44.284 < >> Ok
2026-06-11T17:19:44.285 < >> radio_err
2026-06-11T17:19:44.584 > p2p rx 0
2026-06-11T17:19:44.585 < >
2026-06-11T17:19:47.709 < >> Ok
2026-06-11T17:19:47.807 > p2p rx 0
2026-06-11T17:19:47.808 < >
2026-06-11T17:19:51.113 < >> Ok
2026-06-11T17:19:51.211 > p2p rx 0
2026-06-11T17:19:51.212 < >
2026-06-11T17:19:52.814 < >> Ok
2026-06-11T17:19:52.915 > p2p rx 0
2026-06-11T17:19:52.915 < >
2026-06-11T17:19:54.516 < >> Ok
2026-06-11T17:19:54.614 > p2p rx 0
2026-06-11T17:19:54.615 < >
2026-06-11T17:19:56.218 < >> Ok
2026-06-11T17:19:56.318 > p2p rx 0
2026-06-11T17:19:56.319 < >
2026-06-11T17:19:57.919 < >> Ok
2026-06-11T17:19:58.016 > p2p rx 0
2026-06-11T17:19:58.018 < >
2026-06-11T17:19:59.621 < >> Ok
2026-06-11T17:19:59.719 > p2p rx 0
2026-06-11T17:19:59.720 < >
2026-06-11T17:20:01.322 < >> Ok
2026-06-11T17:20:01.420 > p2p rx 0
2026-06-11T17:20:01.421 < >
2026-06-11T17:20:03.002 < >> Ok
2026-06-11T17:20:03.003 < >> radio_err
2026-06-11T17:20:03.302 > p2p rx 0
2026-06-11T17:20:03.303 < >
2026-06-11T17:20:08.129 < >> Ok
2026-06-11T17:20:08.229 > p2p rx 0
2026-06-11T17:20:08.233 < >
2026-06-11T17:20:21.721 < >> Ok
2026-06-11T17:20:21.722 < >> radio_err
2026-06-11T17:20:22.020 > p2p rx 0
2026-06-11T17:20:22.021 < >
2026-06-11T17:20:25.147 < >> Ok
2026-06-11T17:20:25.203 < >> radio_rx 43490149abe1190700001e3aafa103791f2a2204d94272554407cb1af8df7d86bb3b9cb725fbe8664a49dbb453bc0d6da3e06caefea5cac8fd77a5f11a1f20ee7c4eb30d97a462c87ea136a2f9c34e3af691501f2a26bea13bbf3bd82b3440ce204ab8590fb0e1b33aff1e0129da9a039a938f3d6461f2609f28af569c48acd8b8d725f64e2c8e4cc73df76b85d87408728ed5acfd8d4f9a32624c2661a69d22c5f9c77a747f15481d0e1bcd3a6f08c325f897b7b1556d7dca22a0f2dd12af7870b9c732847cec786e50d9c53107d04464436793a2854c77b20f94976dcfc15bea672c7f47f5dec1977cb795bdab91842720 -132 -54
2026-06-11T17:20:25.212 IMG_PACKET 43490149abe1190700001e3aafa103791f2a2204d94272554407cb1af8df7d86bb3b9cb725fbe8664a49dbb453bc0d6da3e06caefea5cac8fd77a5f11a1f20ee7c4eb30d97a462c87ea136a2f9c34e3af691501f2a26bea13bbf3bd82b3440ce204ab8590fb0e1b33aff1e0129da9a039a938f3d6461f2609f28af569c48acd8b8d725f64e2c8e4cc73df76b85d87408728ed5acfd8d4f9a32624c2661a69d22c5f9c77a747f15481d0e1bcd3a6f08c325f897b7b1556d7dca22a0f2dd12af7870b9c732847cec786e50d9c53107d04464436793a2854c77b20f94976dcfc15bea672c7f47f5dec1977cb795bdab91842720 RSSI=-132 SNR=-54
2026-06-11T17:20:25.246 > p2p rx 0
2026-06-11T17:20:25.247 < >
2026-06-11T17:20:26.849 < >> Ok
2026-06-11T17:20:26.946 > p2p rx 0
2026-06-11T17:20:26.947 < >
2026-06-11T17:20:28.550 < >> Ok
2026-06-11T17:20:28.649 > p2p rx 0
2026-06-11T17:20:28.649 < >
2026-06-11T17:20:30.252 < >> Ok
2026-06-11T17:20:30.349 > p2p rx 0
2026-06-11T17:20:30.354 < >
2026-06-11T17:20:31.954 < >> Ok
2026-06-11T17:20:32.052 > p2p rx 0
2026-06-11T17:20:32.053 < >
2026-06-11T17:20:33.656 < >> Ok
2026-06-11T17:20:33.766 > p2p rx 0
2026-06-11T17:20:33.767 < >
2026-06-11T17:20:35.358 < >> Ok
2026-06-11T17:20:35.456 > p2p rx 0
2026-06-11T17:20:35.457 < >
2026-06-11T17:20:37.061 < >> Ok
2026-06-11T17:20:37.158 > p2p rx 0
2026-06-11T17:20:37.159 < >
