2026-06-11T15:54:11.388 > p2p rx 0
2026-06-11T15:54:11.389 < >
2026-06-11T15:54:12.992 < >> Ok
2026-06-11T15:54:13.090 > p2p rx 0
2026-06-11T15:54:13.091 < >
2026-06-11T15:54:14.694 < >> Ok
2026-06-11T15:54:14.792 > p2p rx 0
2026-06-11T15:54:14.793 < >
2026-06-11T15:54:16.395 < >> Ok
2026-06-11T15:54:16.493 > p2p rx 0
2026-06-11T15:54:16.494 < >
2026-06-11T15:54:18.097 < >> Ok
2026-06-11T15:54:18.195 > p2p rx 0
2026-06-11T15:54:18.196 < >
2026-06-11T15:54:19.799 < >> Ok
2026-06-11T15:54:19.896 > p2p rx 0
2026-06-11T15:54:19.897 < >
2026-06-11T15:54:21.501 < >> Ok
2026-06-11T15:54:21.598 > p2p rx 0
2026-06-11T15:54:21.599 < >
2026-06-11T15:54:23.202 < >> Ok
2026-06-11T15:54:23.300 > p2p rx 0
2026-06-11T15:54:23.301 < >
2026-06-11T15:54:24.904 < >> Ok
2026-06-11T15:54:25.002 > p2p rx 0
2026-06-11T15:54:25.003 < >
2026-06-11T15:54:26.605 < >> Ok
2026-06-11T15:54:26.703 > p2p rx 0
2026-06-11T15:54:26.704 < >
2026-06-11T15:54:28.307 < >> Ok
2026-06-11T15:54:28.405 > p2p rx 0
2026-06-11T15:54:28.406 < >
2026-06-11T15:54:30.009 < >> Ok
2026-06-11T15:54:30.107 > p2p rx 0
2026-06-11T15:54:30.112 < >
2026-06-11T15:54:31.710 < >> Ok
2026-06-11T15:54:31.806 > p2p rx 0
2026-06-11T15:54:31.808 < >
2026-06-11T15:54:33.412 < >> Ok
2026-06-11T15:54:33.510 > p2p rx 0
2026-06-11T15:54:33.511 < >
2026-06-11T15:54:35.114 < >> Ok
2026-06-11T15:54:35.212 > p2p rx 0
2026-06-11T15:54:35.213 < >
2026-06-11T15:54:36.816 < >> Ok
2026-06-11T15:54:36.915 > p2p rx 0
2026-06-11T15:54:36.916 < >
2026-06-11T15:54:38.518 < >> Ok
2026-06-11T15:54:38.616 > p2p rx 0
2026-06-11T15:54:38.618 < >
2026-06-11T15:54:40.221 < >> Ok
2026-06-11T15:54:40.318 > p2p rx 0
2026-06-11T15:54:40.319 < >
2026-06-11T15:54:41.922 < >> Ok
2026-06-11T15:54:42.020 > p2p rx 0
2026-06-11T15:54:42.021 < >
2026-06-11T15:54:43.624 < >> Ok
2026-06-11T15:54:43.722 > p2p rx 0
2026-06-11T15:54:43.723 < >
2026-06-11T15:54:45.325 < >> Ok
2026-06-11T15:54:45.424 > p2p rx 0
2026-06-11T15:54:45.425 < >
2026-06-11T15:54:47.027 < >> Ok
2026-06-11T15:54:47.126 > p2p rx 0
2026-06-11T15:54:47.127 < >
2026-06-11T15:54:48.729 < >> Ok
2026-06-11T15:54:48.825 > p2p rx 0
2026-06-11T15:54:48.827 < >
2026-06-11T15:54:50.430 < >> Ok
2026-06-11T15:54:50.529 > p2p rx 0
2026-06-11T15:54:50.530 < >
2026-06-11T15:54:52.132 < >> Ok
2026-06-11T15:54:52.231 > p2p rx 0
2026-06-11T15:54:52.232 < >
2026-06-11T15:54:53.834 < >> Ok
2026-06-11T15:54:53.931 > p2p rx 0
2026-06-11T15:54:53.933 < >
2026-06-11T15:54:55.536 < >> Ok
2026-06-11T15:54:55.633 > p2p rx 0
2026-06-11T15:54:55.635 < >
2026-06-11T15:54:57.237 < >> Ok
2026-06-11T15:54:57.337 > p2p rx 0
2026-06-11T15:54:57.338 < >
2026-06-11T15:54:58.939 < >> Ok
2026-06-11T15:54:59.036 > p2p rx 0
2026-06-11T15:54:59.037 < >
2026-06-11T15:55:00.640 < >> Ok
2026-06-11T15:55:00.738 > p2p rx 0
2026-06-11T15:55:00.739 < >
2026-06-11T15:55:02.342 < >> Ok
2026-06-11T15:55:02.622 > p2p rx 0
2026-06-11T15:55:02.623 < >
2026-06-11T15:55:04.044 < >> Ok
2026-06-11T15:55:04.141 > p2p rx 0
2026-06-11T15:55:04.146 < >
2026-06-11T15:55:05.746 < >> Ok
2026-06-11T15:55:05.847 > p2p rx 0
2026-06-11T15:55:05.847 < >
2026-06-11T15:55:07.448 < >> Ok
2026-06-11T15:55:07.545 > p2p rx 0
2026-06-11T15:55:07.546 < >
2026-06-11T15:55:09.150 < >> Ok
2026-06-11T15:55:09.248 > p2p rx 0
2026-06-11T15:55:09.249 < >
2026-06-11T15:55:10.852 < >> Ok
2026-06-11T15:55:10.950 > p2p rx 0
2026-06-11T15:55:10.951 < >
2026-06-11T15:55:12.554 < >> Ok
2026-06-11T15:55:12.652 > p2p rx 0
2026-06-11T15:55:12.653 < >
2026-06-11T15:55:14.256 < >> Ok
2026-06-11T15:55:14.354 > p2p rx 0
2026-06-11T15:55:14.355 < >
2026-06-11T15:55:15.958 < >> Ok
2026-06-11T15:55:16.055 > p2p rx 0
2026-06-11T15:55:16.056 < >
2026-06-11T15:55:17.660 < >> Ok
2026-06-11T15:55:17.758 > p2p rx 0
2026-06-11T15:55:17.759 < >
2026-06-11T15:55:19.362 < >> Ok
2026-06-11T15:55:19.460 > p2p rx 0
2026-06-11T15:55:19.461 < >
2026-06-11T15:55:21.064 < >> Ok
2026-06-11T15:55:21.162 > p2p rx 0
2026-06-11T15:55:21.163 < >
2026-06-11T15:55:48.786 < >> Ok
2026-06-11T15:55:48.801 < >> radio_rx 7b2276223a312c2274797065223a2274657874222c22736571223a312c2274696d65223a22323032362d30362d31315430363a35353a34382e3134385a222c2264617461223a7b226d657373616765223a2274657374227d7d -47 28
2026-06-11T15:55:48.803 RX type=text seq=1 time=2026-06-11T06:55:48.148Z RSSI=-47 SNR=28
2026-06-11T15:55:48.806 JSON {"v":1,"type":"text","seq":1,"time":"2026-06-11T06:55:48.148Z","data":{"message":"test"}}
2026-06-11T15:55:48.848 > p2p rx 0
2026-06-11T15:55:48.849 < >
2026-06-11T15:55:59.416 < >> Ok
2026-06-11T15:55:59.432 < >> radio_rx 7b2276223a312c2274797065223a2274657874222c22736571223a322c2274696d65223a22323032362d30362d31315430363a35353a35382e3737385a222c2264617461223a7b226d657373616765223a2274657374227d7d -49 28
2026-06-11T15:55:59.434 RX type=text seq=2 time=2026-06-11T06:55:58.778Z RSSI=-49 SNR=28
2026-06-11T15:55:59.437 JSON {"v":1,"type":"text","seq":2,"time":"2026-06-11T06:55:58.778Z","data":{"message":"test"}}
2026-06-11T15:55:59.477 > p2p rx 0
2026-06-11T15:55:59.478 < >
