2026-06-09T17:08:03.307 < >> radio_rx 7b2276223a312c2274797065223a2274657874222c22736571223a312c2274696d65223a22323032362d30362d30395430383a30383a30312e3837365a222c2264617461223a7b226d657373616765223a2274657374227d7d -43 33
2026-06-09T17:08:03.309 RX type=text seq=1 time=2026-06-09T08:08:01.876Z RSSI=-43 SNR=33
2026-06-09T17:08:03.314 JSON {"v":1,"type":"text","seq":1,"time":"2026-06-09T08:08:01.876Z","data":{"message":"test"}}
2026-06-09T17:08:03.350 > p2p rx 0
2026-06-09T17:08:03.352 < >
2026-06-09T17:08:13.919 < >> Ok
2026-06-09T17:08:13.942 < >> radio_rx 7b2276223a312c2274797065223a2274657874222c22736571223a322c2274696d65223a22323032362d30362d30395430383a30383a31322e3530375a222c2264617461223a7b226d657373616765223a2274657374227d7d -44 34
2026-06-09T17:08:13.947 RX type=text seq=2 time=2026-06-09T08:08:12.507Z RSSI=-44 SNR=34
2026-06-09T17:08:13.952 JSON {"v":1,"type":"text","seq":2,"time":"2026-06-09T08:08:12.507Z","data":{"message":"test"}}
2026-06-09T17:08:13.982 > p2p rx 0
2026-06-09T17:08:13.983 < >
2026-06-09T17:08:44.608 < >> Ok
2026-06-09T17:08:44.624 < >> radio_rx 7b2276223a312c2274797065223a2274657874222c22736571223a342c2274696d65223a22323032362d30362d30395430383a30383a34332e3139385a222c2264617461223a7b226d657373616765223a2274657374227d7d -42 31
2026-06-09T17:08:44.626 RX type=text seq=4 time=2026-06-09T08:08:43.198Z RSSI=-42 SNR=31
2026-06-09T17:08:44.629 JSON {"v":1,"type":"text","seq":4,"time":"2026-06-09T08:08:43.198Z","data":{"message":"test"}}
2026-06-09T17:08:44.669 > p2p rx 0
2026-06-09T17:08:44.670 < >
2026-06-09T17:08:55.239 < >> Ok
2026-06-09T17:08:55.255 < >> radio_rx 7b2276223a312c2274797065223a2274657874222c22736571223a352c2274696d65223a22323032362d30362d30395430383a30383a35332e3832385a222c2264617461223a7b226d657373616765223a2274657374227d7d -42 36
2026-06-09T17:08:55.257 RX type=text seq=5 time=2026-06-09T08:08:53.828Z RSSI=-42 SNR=36
2026-06-09T17:08:55.259 JSON {"v":1,"type":"text","seq":5,"time":"2026-06-09T08:08:53.828Z","data":{"message":"test"}}
2026-06-09T17:08:55.300 > p2p rx 0
2026-06-09T17:08:55.301 < >
2026-06-09T17:09:05.870 < >> Ok
2026-06-09T17:09:05.891 < >> radio_rx 7b2276223a312c2274797065223a2274657874222c22736571223a362c2274696d65223a22323032362d30362d30395430383a30393a30342e3435385a222c2264617461223a7b226d657373616765223a2274657374227d7d -42 32
2026-06-09T17:09:05.894 RX type=text seq=6 time=2026-06-09T08:09:04.458Z RSSI=-42 SNR=32
2026-06-09T17:09:05.901 JSON {"v":1,"type":"text","seq":6,"time":"2026-06-09T08:09:04.458Z","data":{"message":"test"}}
2026-06-09T17:09:05.931 > p2p rx 0
2026-06-09T17:09:05.932 < >
2026-06-09T17:09:16.500 < >> Ok
2026-06-09T17:09:16.520 < >> radio_rx 7b2276223a312c2274797065223a2274657874222c22736571223a372c2274696d65223a22323032362d30362d30395430383a30393a31352e3038385a222c2264617461223a7b226d657373616765223a2274657374227d7d -43 34
2026-06-09T17:09:16.522 RX type=text seq=7 time=2026-06-09T08:09:15.088Z RSSI=-43 SNR=34
2026-06-09T17:09:16.525 JSON {"v":1,"type":"text","seq":7,"time":"2026-06-09T08:09:15.088Z","data":{"message":"test"}}
2026-06-09T17:09:16.562 > p2p rx 0
2026-06-09T17:09:16.563 < >
2026-06-09T17:09:27.130 < >> Ok
2026-06-09T17:09:27.151 < >> radio_rx 7b2276223a312c2274797065223a2274657874222c22736571223a382c2274696d65223a22323032362d30362d30395430383a30393a32352e3731385a222c2264617461223a7b226d657373616765223a2274657374227d7d -43 35
2026-06-09T17:09:27.155 RX type=text seq=8 time=2026-06-09T08:09:25.718Z RSSI=-43 SNR=35
2026-06-09T17:09:27.161 JSON {"v":1,"type":"text","seq":8,"time":"2026-06-09T08:09:25.718Z","data":{"message":"test"}}
2026-06-09T17:09:27.192 > p2p rx 0
2026-06-09T17:09:27.193 < >
2026-06-09T17:10:18.336 < >> Ok
2026-06-09T17:10:18.357 < >> radio_rx 7b2276223a312c2274797065223a2274657874222c22736571223a312c2274696d65223a22323032362d30362d30395430383a31303a31362e3932315a222c2264617461223a7b226d657373616765223a2274657374227d7d -43 32
2026-06-09T17:10:18.361 RX type=text seq=1 time=2026-06-09T08:10:16.921Z RSSI=-43 SNR=32
2026-06-09T17:10:18.368 JSON {"v":1,"type":"text","seq":1,"time":"2026-06-09T08:10:16.921Z","data":{"message":"test"}}
2026-06-09T17:10:18.396 > p2p rx 0
2026-06-09T17:10:18.398 < >
2026-06-09T17:22:21.538 < >> Ok
2026-06-09T17:22:21.560 < >> radio_rx 7b2276223a312c2274797065223a2274657874222c22736571223a312c2274696d65223a22323032362d30362d30395430383a32323a32302e3133355a222c2264617461223a7b226d657373616765223a2274657374227d7d -41 33
2026-06-09T17:22:21.563 RX type=text seq=1 time=2026-06-09T08:22:20.135Z RSSI=-41 SNR=33
2026-06-09T17:22:21.566 JSON {"v":1,"type":"text","seq":1,"time":"2026-06-09T08:22:20.135Z","data":{"message":"test"}}
2026-06-09T17:22:21.599 > p2p rx 0
2026-06-09T17:22:21.600 < >
2026-06-09T17:22:32.168 < >> Ok
2026-06-09T17:22:32.190 < >> radio_rx 7b2276223a312c2274797065223a2274657874222c22736571223a322c2274696d65223a22323032362d30362d30395430383a32323a33302e3736365a222c2264617461223a7b226d657373616765223a2274657374227d7d -41 33
2026-06-09T17:22:32.195 RX type=text seq=2 time=2026-06-09T08:22:30.766Z RSSI=-41 SNR=33
2026-06-09T17:22:32.199 JSON {"v":1,"type":"text","seq":2,"time":"2026-06-09T08:22:30.766Z","data":{"message":"test"}}
2026-06-09T17:22:32.229 > p2p rx 0
2026-06-09T17:22:32.230 < >
2026-06-09T17:22:42.798 < >> Ok
2026-06-09T17:22:42.815 < >> radio_rx 7b2276223a312c2274797065223a2274657874222c22736571223a332c2274696d65223a22323032362d30362d30395430383a32323a34312e3339365a222c2264617461223a7b226d657373616765223a2274657374227d7d -41 33
2026-06-09T17:22:42.817 RX type=text seq=3 time=2026-06-09T08:22:41.396Z RSSI=-41 SNR=33
2026-06-09T17:22:42.819 JSON {"v":1,"type":"text","seq":3,"time":"2026-06-09T08:22:41.396Z","data":{"message":"test"}}
2026-06-09T17:22:42.860 > p2p rx 0
2026-06-09T17:22:42.861 < >
2026-06-09T17:22:53.428 < >> Ok
2026-06-09T17:22:53.442 < >> radio_rx 7b2276223a312c2274797065223a2274657874222c22736571223a342c2274696d65223a22323032362d30362d30395430383a32323a35322e3032365a222c2264617461223a7b226d657373616765223a2274657374227d7d -41 32
2026-06-09T17:22:53.444 RX type=text seq=4 time=2026-06-09T08:22:52.026Z RSSI=-41 SNR=32
2026-06-09T17:22:53.446 JSON {"v":1,"type":"text","seq":4,"time":"2026-06-09T08:22:52.026Z","data":{"message":"test"}}
2026-06-09T17:22:53.489 > p2p rx 0
2026-06-09T17:22:53.491 < >
