2026-06-11T18:07:46.966 < >> Ok
2026-06-11T18:07:46.982 < >> radio_rx 7b2276223a312c2274797065223a2274657874222c22736571223a342c2274696d65223a22323032362d30362d31315430373a35303a31382e3130315a222c2264617461223a7b226d657373616765223a2274657374227d7d -121 -22
2026-06-11T18:07:46.984 RX type=text seq=4 time=2026-06-11T07:50:18.101Z RSSI=-121 SNR=-22
2026-06-11T18:07:46.986 JSON {"v":1,"type":"text","seq":4,"time":"2026-06-11T07:50:18.101Z","data":{"message":"test"}}
2026-06-11T18:07:47.029 > p2p rx 0
2026-06-11T18:07:47.030 < >
2026-06-11T18:07:57.599 < >> Ok
2026-06-11T18:07:57.614 < >> radio_rx 7b2276223a312c2274797065223a2274657874222c22736571223a352c2274696d65223a22323032362d30362d31315430373a35303a32382e3733315a222c2264617461223a7b226d657373616765223a2274657374227d7d -123 -44
2026-06-11T18:07:57.616 RX type=text seq=5 time=2026-06-11T07:50:28.731Z RSSI=-123 SNR=-44
2026-06-11T18:07:57.670 JSON {"v":1,"type":"text","seq":5,"time":"2026-06-11T07:50:28.731Z","data":{"message":"test"}}
2026-06-11T18:07:57.670 > p2p rx 0
2026-06-11T18:07:57.671 < >
2026-06-11T18:08:08.226 < >> Ok
2026-06-11T18:08:08.243 < >> radio_rx 7b2276223a312c2274797065223a2274657874222c22736571223a362c2274696d65223a22323032362d30362d31315430373a35303a33392e3336315a222c2264617461223a7b226d657373616765223a2274657374227d7d -124 -31
2026-06-11T18:08:08.245 RX type=text seq=6 time=2026-06-11T07:50:39.361Z RSSI=-124 SNR=-31
2026-06-11T18:08:08.250 JSON {"v":1,"type":"text","seq":6,"time":"2026-06-11T07:50:39.361Z","data":{"message":"test"}}
2026-06-11T18:08:08.289 > p2p rx 0
2026-06-11T18:08:08.290 < >
2026-06-11T18:08:18.856 < >> Ok
2026-06-11T18:08:18.873 < >> radio_rx 7b2276223a312c2274797065223a2274657874222c22736571223a372c2274696d65223a22323032362d30362d31315430373a35303a34392e3939315a222c2264617461223a7b226d657373616765223a2274657374227d7d -126 -61
2026-06-11T18:08:18.875 RX type=text seq=7 time=2026-06-11T07:50:49.991Z RSSI=-126 SNR=-61
2026-06-11T18:08:18.878 JSON {"v":1,"type":"text","seq":7,"time":"2026-06-11T07:50:49.991Z","data":{"message":"test"}}
2026-06-11T18:08:18.919 > p2p rx 0
2026-06-11T18:08:18.919 < >
2026-06-11T18:08:29.471 < >> Ok
2026-06-11T18:08:29.472 < >> radio_err
2026-06-11T18:08:29.772 > p2p rx 0
2026-06-11T18:08:29.773 < >
2026-06-11T18:10:18.231 < >> Ok
2026-06-11T18:10:18.328 > p2p rx 0
2026-06-11T18:10:18.330 < >
2026-06-11T18:10:19.910 < >> Ok
2026-06-11T18:10:19.911 < >> radio_err
2026-06-11T18:10:20.211 > p2p rx 0
2026-06-11T18:10:20.212 < >
2026-06-11T18:10:23.335 < >> Ok
2026-06-11T18:10:23.433 > p2p rx 0
2026-06-11T18:10:23.435 < >
2026-06-11T18:10:25.037 < >> Ok
2026-06-11T18:10:25.136 > p2p rx 0
2026-06-11T18:10:25.137 < >
2026-06-11T18:10:26.739 < >> Ok
2026-06-11T18:10:26.837 > p2p rx 0
2026-06-11T18:10:26.838 < >
2026-06-11T18:10:28.441 < >> Ok
2026-06-11T18:10:28.539 > p2p rx 0
2026-06-11T18:10:28.541 < >
2026-06-11T18:10:30.142 < >> Ok
2026-06-11T18:10:30.242 > p2p rx 0
2026-06-11T18:10:30.243 < >
2026-06-11T18:10:31.844 < >> Ok
2026-06-11T18:10:31.942 > p2p rx 0
2026-06-11T18:10:31.944 < >
2026-06-11T18:10:33.545 < >> Ok
2026-06-11T18:10:33.644 > p2p rx 0
2026-06-11T18:10:33.645 < >
2026-06-11T18:10:35.225 < >> Ok
2026-06-11T18:10:35.226 < >> radio_err
2026-06-11T18:10:35.526 > p2p rx 0
2026-06-11T18:10:35.527 < >
2026-06-11T18:10:38.650 < >> Ok
2026-06-11T18:10:38.748 > p2p rx 0
2026-06-11T18:10:38.749 < >
2026-06-11T18:10:40.353 < >> Ok
2026-06-11T18:10:40.449 > p2p rx 0
2026-06-11T18:10:40.454 < >
2026-06-11T18:10:42.053 < >> Ok
2026-06-11T18:10:42.151 > p2p rx 0
2026-06-11T18:10:42.153 < >
2026-06-11T18:10:43.755 < >> Ok
2026-06-11T18:10:43.853 > p2p rx 0
2026-06-11T18:10:43.853 < >
2026-06-11T18:10:45.457 < >> Ok
2026-06-11T18:10:45.555 > p2p rx 0
2026-06-11T18:10:45.556 < >
2026-06-11T18:10:47.159 < >> Ok
2026-06-11T18:10:47.258 > p2p rx 0
2026-06-11T18:10:47.260 < >
2026-06-11T18:10:48.860 < >> Ok
2026-06-11T18:10:48.957 > p2p rx 0
2026-06-11T18:10:48.959 < >
2026-06-11T18:10:50.563 < >> Ok
2026-06-11T18:10:50.660 > p2p rx 0
2026-06-11T18:10:50.661 < >
2026-06-11T18:10:52.263 < >> Ok
2026-06-11T18:10:52.361 > p2p rx 0
2026-06-11T18:10:52.362 < >
2026-06-11T18:10:53.965 < >> Ok
2026-06-11T18:10:54.062 > p2p rx 0
2026-06-11T18:10:54.063 < >
2026-06-11T18:10:55.667 < >> Ok
2026-06-11T18:10:55.764 > p2p rx 0
2026-06-11T18:10:55.765 < >
2026-06-11T18:10:57.369 < >> Ok
2026-06-11T18:10:57.466 > p2p rx 0
2026-06-11T18:10:57.467 < >
2026-06-11T18:10:59.070 < >> Ok
2026-06-11T18:10:59.168 > p2p rx 0
2026-06-11T18:10:59.169 < >
2026-06-11T18:11:00.772 < >> Ok
2026-06-11T18:11:00.870 > p2p rx 0
2026-06-11T18:11:00.871 < >
2026-06-11T18:11:02.473 < >> Ok
2026-06-11T18:11:02.571 > p2p rx 0
2026-06-11T18:11:02.572 < >
2026-06-11T18:11:04.175 < >> Ok
2026-06-11T18:11:04.274 > p2p rx 0
2026-06-11T18:11:04.275 < >
2026-06-11T18:11:05.877 < >> Ok
2026-06-11T18:11:05.975 > p2p rx 0
2026-06-11T18:11:05.976 < >
2026-06-11T18:11:07.579 < >> Ok
2026-06-11T18:11:07.676 > p2p rx 0
2026-06-11T18:11:07.677 < >
2026-06-11T18:11:09.280 < >> Ok
2026-06-11T18:11:09.382 > p2p rx 0
2026-06-11T18:11:09.383 < >
2026-06-11T18:11:10.981 < >> Ok
2026-06-11T18:11:11.080 > p2p rx 0
2026-06-11T18:11:11.081 < >
2026-06-11T18:11:12.684 < >> Ok
2026-06-11T18:11:12.782 > p2p rx 0
2026-06-11T18:11:12.784 < >
2026-06-11T18:11:14.385 < >> Ok
2026-06-11T18:11:14.483 > p2p rx 0
2026-06-11T18:11:14.487 < >
2026-06-11T18:11:16.087 < >> Ok
2026-06-11T18:11:16.445 > p2p rx 0
2026-06-11T18:11:16.445 < >
2026-06-11T18:11:17.788 < >> Ok
2026-06-11T18:11:17.887 > p2p rx 0
2026-06-11T18:11:17.888 < >
2026-06-11T18:11:19.490 < >> Ok
2026-06-11T18:11:19.588 > p2p rx 0
2026-06-11T18:11:19.589 < >
2026-06-11T18:11:21.192 < >> Ok
2026-06-11T18:11:21.290 > p2p rx 0
2026-06-11T18:11:21.292 < >
2026-06-11T18:11:22.893 < >> Ok
2026-06-11T18:11:22.990 > p2p rx 0
2026-06-11T18:11:22.992 < >
2026-06-11T18:11:24.595 < >> Ok
2026-06-11T18:11:24.694 > p2p rx 0
2026-06-11T18:11:24.694 < >
2026-06-11T18:11:26.296 < >> Ok
2026-06-11T18:11:26.394 > p2p rx 0
2026-06-11T18:11:26.396 < >
2026-06-11T18:11:27.976 < >> Ok
2026-06-11T18:11:27.977 < >> radio_err
2026-06-11T18:11:28.276 > p2p rx 0
2026-06-11T18:11:28.277 < >
