2026-06-11T15:52:20.847 < >> Ok
2026-06-11T15:52:20.900 < >> radio_rx 43490149abe1190700001a7eabe103791f2a1600ddec720a637b44d882bfa34a7ac895aaf18919cbb9220b1740ee436644fd509739d2a82b82bec72702f9cd7b1362da1f2e0cc72d85f5ea876a3942716062fcad4d82cc310b390b30ff998427b99c7cac07bf9094a6015917f4edeb22e5d40f82fba1bed5bd15f8d06a003ba49f6fe9ffd422e077a02de6cb6f4f89587e62418b38fbad35a0c8058297464c22f871eb7f42e1dc13602a92645fda728ed6a86747844a601a23c4c213bb6f92fb5ff0da0fda2f3a6b992e5248a5d01c0a28b33b38bf41d208e5e59cf6d243de6dad194ebbc2c66e7d08c1679c65d3086444b4 -40 30
2026-06-11T15:52:20.912 IMG_PACKET 43490149abe1190700001a7eabe103791f2a1600ddec720a637b44d882bfa34a7ac895aaf18919cbb9220b1740ee436644fd509739d2a82b82bec72702f9cd7b1362da1f2e0cc72d85f5ea876a3942716062fcad4d82cc310b390b30ff998427b99c7cac07bf9094a6015917f4edeb22e5d40f82fba1bed5bd15f8d06a003ba49f6fe9ffd422e077a02de6cb6f4f89587e62418b38fbad35a0c8058297464c22f871eb7f42e1dc13602a92645fda728ed6a86747844a601a23c4c213bb6f92fb5ff0da0fda2f3a6b992e5248a5d01c0a28b33b38bf41d208e5e59cf6d243de6dad194ebbc2c66e7d08c1679c65d3086444b4 RSSI=-40 SNR=30
2026-06-11T15:52:20.944 > p2p rx 0
2026-06-11T15:52:20.945 < >
2026-06-11T15:52:22.548 < >> Ok
2026-06-11T15:52:22.605 < >> radio_rx 43490149abe1190700001a7eabe103791f2a1700dde29456a40a8725e5f34d761cb2de2ea52173747f55acc8ba2b0eb16cb5a915864c07d48b8071ff555f55c571116c1c6e404da9498fcf44c1ffe612226798f6a6e1f60d401e8d57060f8f9088e71061602272e84a6b4b4ae4cee2e005734915100198c88778a8e697d1c8701180045a553f70da057efe9b95fee590a4a01de9f18abdc24c5b933b1944832572ac4e70af948bccb3957615ac6cb04e3d5dd4fc51613ae12d206dd51397c8dc782e03a6df970231311c9ecdbe96286b00db3a696e10603488af36ac3b36f5e26b33e8d44c29dc30f5cf4905acae161ea2de -39 32
2026-06-11T15:52:22.618 IMG_PACKET 43490149abe1190700001a7eabe103791f2a1700dde29456a40a8725e5f34d761cb2de2ea52173747f55acc8ba2b0eb16cb5a915864c07d48b8071ff555f55c571116c1c6e404da9498fcf44c1ffe612226798f6a6e1f60d401e8d57060f8f9088e71061602272e84a6b4b4ae4cee2e005734915100198c88778a8e697d1c8701180045a553f70da057efe9b95fee590a4a01de9f18abdc24c5b933b1944832572ac4e70af948bccb3957615ac6cb04e3d5dd4fc51613ae12d206dd51397c8dc782e03a6df970231311c9ecdbe96286b00db3a696e10603488af36ac3b36f5e26b33e8d44c29dc30f5cf4905acae161ea2de RSSI=-39 SNR=32
2026-06-11T15:52:22.645 > p2p rx 0
2026-06-11T15:52:22.647 < >
2026-06-11T15:52:24.250 < >> Ok
2026-06-11T15:52:24.307 < >> radio_rx 43490149abe1190700001a7eabe103791f2a1800dd4d57fd5c97da2a26499c522fc4f6e164fd162aa8af1b34e520de4a82475ba6e972ef2d9a7b8cc5a897adeff28b4859414a6389743448d5def6c02c2850f44ffeb0cc2494cc59d896c2b0bafb5ada4452e025e4909c8a8fcebddef3b103bcf70cb0b27a2cd3de7ddd0a6ff941d209683dc61aa5fd3a10ebd6238b4021b786474587233c0a76dd7af37252045b8d787460adb675ee2ab0457fde4eb97701f87beb950d4be24e1fd9f8ee71f5d78dbccc98733b5d1a2b6d166579baee8440e1653c44ec162cc4b98b1b704b89d79d2c210057648b71a8e19fe1901e20ba5a -39 34
2026-06-11T15:52:24.320 IMG_PACKET 43490149abe1190700001a7eabe103791f2a1800dd4d57fd5c97da2a26499c522fc4f6e164fd162aa8af1b34e520de4a82475ba6e972ef2d9a7b8cc5a897adeff28b4859414a6389743448d5def6c02c2850f44ffeb0cc2494cc59d896c2b0bafb5ada4452e025e4909c8a8fcebddef3b103bcf70cb0b27a2cd3de7ddd0a6ff941d209683dc61aa5fd3a10ebd6238b4021b786474587233c0a76dd7af37252045b8d787460adb675ee2ab0457fde4eb97701f87beb950d4be24e1fd9f8ee71f5d78dbccc98733b5d1a2b6d166579baee8440e1653c44ec162cc4b98b1b704b89d79d2c210057648b71a8e19fe1901e20ba5a RSSI=-39 SNR=34
2026-06-11T15:52:24.349 > p2p rx 0
2026-06-11T15:52:24.350 < >
2026-06-11T15:52:36.237 < >> Ok
2026-06-11T15:52:36.291 < >> radio_rx 43490149abe1190700001a7eabe103791f2a1a00dd9ac9aac16774d47688e829f28659d9c8e9256fc7edc0e5447f7123468d1ec6ebf027ee6e488dd4f4197c0f4828ed5c40c1aa0c7894be3c92b1a26663c9eb4cb28c0a7607419f5431e1b8c0581b1980f4637382667aafd58fa7f2eaf3248e26254e14427fb125910741eef6f61797b1570d7e655cb1ce600d0bffa3bc4a0e22f1ad19297ffd13047e7eaf6548dc351100bf1569c06d19e73bb0126a474112d6f9d87030bd12d7fa872adc6a6a56ca10ac079b569c9df8972402eb7bec02abde70f9f6611cc49aa230a794f715b9bcabce3a9ca3a6a3636b04f332bcb8b5 -39 21
2026-06-11T15:52:36.303 IMG_PACKET 43490149abe1190700001a7eabe103791f2a1a00dd9ac9aac16774d47688e829f28659d9c8e9256fc7edc0e5447f7123468d1ec6ebf027ee6e488dd4f4197c0f4828ed5c40c1aa0c7894be3c92b1a26663c9eb4cb28c0a7607419f5431e1b8c0581b1980f4637382667aafd58fa7f2eaf3248e26254e14427fb125910741eef6f61797b1570d7e655cb1ce600d0bffa3bc4a0e22f1ad19297ffd13047e7eaf6548dc351100bf1569c06d19e73bb0126a474112d6f9d87030bd12d7fa872adc6a6a56ca10ac079b569c9df8972402eb7bec02abde70f9f6611cc49aa230a794f715b9bcabce3a9ca3a6a3636b04f332bcb8b5 RSSI=-39 SNR=21
2026-06-11T15:52:36.334 > p2p rx 0
2026-06-11T15:52:36.336 < >
2026-06-11T15:52:37.939 < >> Ok
2026-06-11T15:52:37.988 < >> radio_rx 43490149abe1190700001a7eabe103791f2a1b00ddad1afdde137882f8a8c1fd879795e793f9f09bf5f7597dc44888ecdf645e8fe3353254ada56441f24e856d2ffd13239c2ddc56ffc693f18bff131c048df48b5b7db15c3f0a47c32c6915cb6ec0d401a4e6247fc798deb576ec315eb847b8d2fca3e335d44026e2351bd3755d75dade6bfd5a21309463360ca5638a9fd7842482a9cc5537f52c90f362e4ee49d8e303c39ba47bdf961f0b3690b5f14f1cc91013c28e72c132a68dadd273f825df0628097fe981bad8b0a3ffbdf37114c5fadd7c14536012989707db95521821cc72ec928a7bb37da84ee5484c127fe8fe -39 27
2026-06-11T15:52:37.994 IMG_PACKET 43490149abe1190700001a7eabe103791f2a1b00ddad1afdde137882f8a8c1fd879795e793f9f09bf5f7597dc44888ecdf645e8fe3353254ada56441f24e856d2ffd13239c2ddc56ffc693f18bff131c048df48b5b7db15c3f0a47c32c6915cb6ec0d401a4e6247fc798deb576ec315eb847b8d2fca3e335d44026e2351bd3755d75dade6bfd5a21309463360ca5638a9fd7842482a9cc5537f52c90f362e4ee49d8e303c39ba47bdf961f0b3690b5f14f1cc91013c28e72c132a68dadd273f825df0628097fe981bad8b0a3ffbdf37114c5fadd7c14536012989707db95521821cc72ec928a7bb37da84ee5484c127fe8fe RSSI=-39 SNR=27
2026-06-11T15:52:38.036 > p2p rx 0
2026-06-11T15:52:38.038 < >
2026-06-11T15:52:39.640 < >> Ok
2026-06-11T15:52:39.691 < >> radio_rx 43490149abe1190700001a7eabe103791f2a1c00ddadf54c4b27c070b12f46f46bb034fc3efeb1309fc887ba36c00969c10d1270fc6610739b734993730eef69f7b1bd54a0d2c05a2280603b5fa8011110508306530c99500c58a1011e204b15ee2bf4c957cbae9603d966f7ca71b1b94cf8e6bf2de529bd118be8375a69664c397760561a7014934911e74993a8231a575937286a70496803436794c4490d515a1600e13c2e6004de1d727d867cc8bf3212583769ee11ecfd93b4a6758a75518a9b8c6f97fa7cca5b90e08e2d0a7a7b0f51d37e4a5dabccb5788c946b974d97255a7130a4668e160ac4d83042639cff57c2 -37 26
2026-06-11T15:52:39.704 IMG_PACKET 43490149abe1190700001a7eabe103791f2a1c00ddadf54c4b27c070b12f46f46bb034fc3efeb1309fc887ba36c00969c10d1270fc6610739b734993730eef69f7b1bd54a0d2c05a2280603b5fa8011110508306530c99500c58a1011e204b15ee2bf4c957cbae9603d966f7ca71b1b94cf8e6bf2de529bd118be8375a69664c397760561a7014934911e74993a8231a575937286a70496803436794c4490d515a1600e13c2e6004de1d727d867cc8bf3212583769ee11ecfd93b4a6758a75518a9b8c6f97fa7cca5b90e08e2d0a7a7b0f51d37e4a5dabccb5788c946b974d97255a7130a4668e160ac4d83042639cff57c2 RSSI=-37 SNR=26
2026-06-11T15:52:39.736 > p2p rx 0
2026-06-11T15:52:39.738 < >
2026-06-11T15:52:51.626 < >> Ok
2026-06-11T15:52:51.677 < >> radio_rx 43490149abe1190700001a7eabe103791f2a1e00dd42f08fe7259ce3fd0dce4b44074a51530518b77ee951207f271dc6025f3482c894abe5ebed850bceab36e1226a5922b0b91c8ba0ddcbd1fd0ebf0f5c988e9192584740bd676de1a191009829748b9cfc18418843bb067ff91e7111a0cd4ed25f37a01841dadf2e08bafbc8ba98c06bbd8f1f1d77ad45f6a693d74bd0d4993a72bc5c227164b16ca1cf624c59cec8495a706db8d9b0c7126b842ee968c00df46d2e76d1838587d7e2e2cf3af4c4c72602d8ac7482223c3f128b4d926e293a381ea0cc0a2652fbb5916bd4f6c978015650dc18b11b0ae1cd46ffcdd6770b -37 27
2026-06-11T15:52:51.683 IMG_PACKET 43490149abe1190700001a7eabe103791f2a1e00dd42f08fe7259ce3fd0dce4b44074a51530518b77ee951207f271dc6025f3482c894abe5ebed850bceab36e1226a5922b0b91c8ba0ddcbd1fd0ebf0f5c988e9192584740bd676de1a191009829748b9cfc18418843bb067ff91e7111a0cd4ed25f37a01841dadf2e08bafbc8ba98c06bbd8f1f1d77ad45f6a693d74bd0d4993a72bc5c227164b16ca1cf624c59cec8495a706db8d9b0c7126b842ee968c00df46d2e76d1838587d7e2e2cf3af4c4c72602d8ac7482223c3f128b4d926e293a381ea0cc0a2652fbb5916bd4f6c978015650dc18b11b0ae1cd46ffcdd6770b RSSI=-37 SNR=27
2026-06-11T15:52:51.724 > p2p rx 0
2026-06-11T15:52:51.725 < >
2026-06-11T15:52:53.328 < >> Ok
2026-06-11T15:52:53.379 < >> radio_rx 43490149abe1190700001a7eabe103791f2a1f00dd42e673d30b12eac137d5486636f023ec04918bb4eb556b418e9f20ad5442a8fb7a994693869452756eddf4dfdf03f5a914436e1429cb3ffec24e93ea6eb3c0ea44e123b5c9aa2fabf3d74eb90295cf78b62650c17647ee5ac4936e65e764df8118e4eb012d994fbf8e494c983e22e5a9bd8809584af36b778301e4cb847c8a53b499690cc546078aa8868a770c48162f77bce28f752a7c3673b930069d95d456e06532a589c20cbdeefab90a5f04d332cfe75a765d3f944e3cddc8c3950d2e734546d3506f34ef7a36c46801b0876dc4ea7c7de57e09c6be4612e767a3 -40 27
2026-06-11T15:52:53.387 IMG_PACKET 43490149abe1190700001a7eabe103791f2a1f00dd42e673d30b12eac137d5486636f023ec04918bb4eb556b418e9f20ad5442a8fb7a994693869452756eddf4dfdf03f5a914436e1429cb3ffec24e93ea6eb3c0ea44e123b5c9aa2fabf3d74eb90295cf78b62650c17647ee5ac4936e65e764df8118e4eb012d994fbf8e494c983e22e5a9bd8809584af36b778301e4cb847c8a53b499690cc546078aa8868a770c48162f77bce28f752a7c3673b930069d95d456e06532a589c20cbdeefab90a5f04d332cfe75a765d3f944e3cddc8c3950d2e734546d3506f34ef7a36c46801b0876dc4ea7c7de57e09c6be4612e767a3 RSSI=-40 SNR=27
2026-06-11T15:52:53.425 > p2p rx 0
2026-06-11T15:52:53.426 < >
2026-06-11T15:52:55.030 < >> Ok
2026-06-11T15:52:55.081 < >> radio_rx 43490149abe1190700001a7eabe103791f2a2000ddc858fd3e2ab1623db5cdf5d1f03f91d945321a185bba1439d6c9c96973801cd52ecc3e94d8fd8d569eb0ac820d3cc0f53d2cdb84ed6db77df94f1b63a0c22983b4cb1e19f983698126269a35845f2a4a69cecd4ca572f2ea90ff163920a3f1b3a7d8a00cc79f7a3747f48aad99a3cb95ee1aef232470f5dc1b152e9b80fcf18292c705896c9eeede5a7099e9ab9419de4132feae643239de4ccc97aa994e38ea70d9e5dea21b02c1134cf3adc0f6a8b4342978fbaa7452ab0d5d1be3be614d39cb9e63a993ba48ad045d686359366e540d5aa9490e1996cc7b82b6fbb9 -42 21
2026-06-11T15:52:55.089 IMG_PACKET 43490149abe1190700001a7eabe103791f2a2000ddc858fd3e2ab1623db5cdf5d1f03f91d945321a185bba1439d6c9c96973801cd52ecc3e94d8fd8d569eb0ac820d3cc0f53d2cdb84ed6db77df94f1b63a0c22983b4cb1e19f983698126269a35845f2a4a69cecd4ca572f2ea90ff163920a3f1b3a7d8a00cc79f7a3747f48aad99a3cb95ee1aef232470f5dc1b152e9b80fcf18292c705896c9eeede5a7099e9ab9419de4132feae643239de4ccc97aa994e38ea70d9e5dea21b02c1134cf3adc0f6a8b4342978fbaa7452ab0d5d1be3be614d39cb9e63a993ba48ad045d686359366e540d5aa9490e1996cc7b82b6fbb9 RSSI=-42 SNR=21
2026-06-11T15:52:55.128 > p2p rx 0
2026-06-11T15:52:55.129 < >
2026-06-11T15:52:56.732 < >> Ok
2026-06-11T15:52:56.782 < >> radio_rx 43490149abe1190700001a7eabe103791f2a2100dd6dd92908a65a82ad549b0230ea30717889ff158e85388840edbcb13a09b8a74974d8c00330a5110e8ce42f73b5a375bf4da1dbc55cabbdeceb195b1149eb83877f94e7cc326875d6e72fdb1ee0750c99d3ef1f9b92050b537e9805ce3d15df8a7295ea2e02da71a2f85b413daac718031193cadcd9534a147f73f061ffbb31c80ab55a09cc25e818fa629fb418e4e9219b5a8a791e7352925edc7c803d3326d73ae7ed9e4fa9442d58e3185ae90bccb213fe5b1657cc15c35a4fff6b985781d3cbc6a25f2a398b29bca17b7ecdd6efa230a1c0cc14d00f071277c5f0cf -39 30
2026-06-11T15:52:56.794 IMG_PACKET 43490149abe1190700001a7eabe103791f2a2100dd6dd92908a65a82ad549b0230ea30717889ff158e85388840edbcb13a09b8a74974d8c00330a5110e8ce42f73b5a375bf4da1dbc55cabbdeceb195b1149eb83877f94e7cc326875d6e72fdb1ee0750c99d3ef1f9b92050b537e9805ce3d15df8a7295ea2e02da71a2f85b413daac718031193cadcd9534a147f73f061ffbb31c80ab55a09cc25e818fa629fb418e4e9219b5a8a791e7352925edc7c803d3326d73ae7ed9e4fa9442d58e3185ae90bccb213fe5b1657cc15c35a4fff6b985781d3cbc6a25f2a398b29bca17b7ecdd6efa230a1c0cc14d00f071277c5f0cf RSSI=-39 SNR=30
2026-06-11T15:52:56.829 > p2p rx 0
2026-06-11T15:52:56.830 < >
2026-06-11T15:52:58.434 < >> Ok
2026-06-11T15:52:58.491 < >> radio_rx 43490149abe1190700001a7eabe103791f2a2200dd4236554407db1bf8df7d86bb3b9cb725fbe8664a49dbb453bc0d6da3e06caefea5cac8fd77a5f11a1f20ee7c4eb30d97a462c87ea136a2f9c34e3af691501f2a26bea13bbf3bd82b3440ce204ab8590fb0e1b33aff1e0129da9a039a939f3d6460da6821b8cf9c3a6aeaf19b4facc64e3abe1d8379d70f85d87438718d4ebd4d2e291afa0642c0d74336e2c359c77b747c16f800607a7be90f404ead155c8a725b570ec06380b0c5c0f22ef5ecd6321569b80bb49ba402188334f1b6c84928a4854073b20ac7e23bc9a1fbda6747b9a155dec157c704950deb9194472c -37 29
2026-06-11T15:52:58.501 IMG_PACKET 43490149abe1190700001a7eabe103791f2a2200dd4236554407db1bf8df7d86bb3b9cb725fbe8664a49dbb453bc0d6da3e06caefea5cac8fd77a5f11a1f20ee7c4eb30d97a462c87ea136a2f9c34e3af691501f2a26bea13bbf3bd82b3440ce204ab8590fb0e1b33aff1e0129da9a039a939f3d6460da6821b8cf9c3a6aeaf19b4facc64e3abe1d8379d70f85d87438718d4ebd4d2e291afa0642c0d74336e2c359c77b747c16f800607a7be90f404ead155c8a725b570ec06380b0c5c0f22ef5ecd6321569b80bb49ba402188334f1b6c84928a4854073b20ac7e23bc9a1fbda6747b9a155dec157c704950deb9194472c RSSI=-37 SNR=29
2026-06-11T15:52:58.531 > p2p rx 0
2026-06-11T15:52:58.532 < >
2026-06-11T15:53:00.136 < >> Ok
2026-06-11T15:53:00.190 < >> radio_rx 43490149abe1190700001a7eabe103791f2a2300dd34f541e127346840ca5130535d98dad908581e7ba16cce1ba669ef168ca82db75f71b1b085363a6de20238d52b8c8804b7027f939dda38ba1410203716cff5bb2902ee6d63d09ddd93fb0a52e2f1e80cb07c04faaa5fdcce96aa47c08dae4bd3d832f8cdb7745e3dd37fee3cb8f44910d0cdf9065846c5eda0a4e571102a78e047a09c6ee268d3d35a813344ab6e94fad1b72ffaa97675b95ae60112ba73bbed84f75767202d37d8a4307fce21577089f807c5403b5a321867ba382fdf2cee5ba8cd73cb2c9f92dbcf867b444486d0e322a9d1add8c5e64fa9870adcd0 -39 32
2026-06-11T15:53:00.197 IMG_PACKET 43490149abe1190700001a7eabe103791f2a2300dd34f541e127346840ca5130535d98dad908581e7ba16cce1ba669ef168ca82db75f71b1b085363a6de20238d52b8c8804b7027f939dda38ba1410203716cff5bb2902ee6d63d09ddd93fb0a52e2f1e80cb07c04faaa5fdcce96aa47c08dae4bd3d832f8cdb7745e3dd37fee3cb8f44910d0cdf9065846c5eda0a4e571102a78e047a09c6ee268d3d35a813344ab6e94fad1b72ffaa97675b95ae60112ba73bbed84f75767202d37d8a4307fce21577089f807c5403b5a321867ba382fdf2cee5ba8cd73cb2c9f92dbcf867b444486d0e322a9d1add8c5e64fa9870adcd0 RSSI=-39 SNR=32
2026-06-11T15:53:00.234 > p2p rx 0
2026-06-11T15:53:00.235 < >
2026-06-11T15:53:01.838 < >> Ok
2026-06-11T15:53:01.894 < >> radio_rx 43490149abe1190700001a7eabe103791f2a2400dd4cf109c049cae16c8659dd1d66ac32fa8ebf1a1105ed5ba20013e10053daeb84556b033948320b46c968d2035a33897250a070c90a89fdaf993d6b8799153df3396053639818ee20691f6f1c831b9e0f91d99a0c849eb8211748565cd816f0fabfa71637be5cc7282e081b60339533275d49ba80ce65118d2152e690b792f6dac3cf0147efd35f9be6a5e28d52c811e729608add9ea78a741c12d631f4001ac6466d83ac19a79f038ce08d160ece8ee44e6026a18a9366779f1e9eea7e22689f0838d3126b6f01992ad198b7cb89c4ade6283c6ea319522bfd319d0479 -40 32
2026-06-11T15:53:01.904 IMG_PACKET 43490149abe1190700001a7eabe103791f2a2400dd4cf109c049cae16c8659dd1d66ac32fa8ebf1a1105ed5ba20013e10053daeb84556b033948320b46c968d2035a33897250a070c90a89fdaf993d6b8799153df3396053639818ee20691f6f1c831b9e0f91d99a0c849eb8211748565cd816f0fabfa71637be5cc7282e081b60339533275d49ba80ce65118d2152e690b792f6dac3cf0147efd35f9be6a5e28d52c811e729608add9ea78a741c12d631f4001ac6466d83ac19a79f038ce08d160ece8ee44e6026a18a9366779f1e9eea7e22689f0838d3126b6f01992ad198b7cb89c4ade6283c6ea319522bfd319d0479 RSSI=-40 SNR=32
2026-06-11T15:53:01.935 > p2p rx 0
2026-06-11T15:53:01.936 < >
2026-06-11T15:53:03.540 < >> Ok
2026-06-11T15:53:03.593 < >> radio_rx 43490149abe1190700001a7eabe103791f2a2500ddf73e9876a12ddd5883cd1eca9f27a6dcf2eda82aff433297c8691944ef1525648379b8bd0bbfb472182dcf58b68c8783c365b083335437b52b5092af7f8adc10b67fe60f15cbf4891c83bedbe8a050c7252d480cc41c98ac868c5987e4f35a282c47758d0fbeed93388943871f2df9b0e63d87a5f8c0be54bdf88fa2c1ea9a08358d3a1bfd65f9f67276ef4b85664c5a6225d486ce906f1d1a95d2adfbe5d6ead2953cd678c309c633a10b68fe91c4c695a7368ce5c67b3f9dd60d4418e76aaade1cfcbe987d6833fc1320c6e95a07c7344e3a57d85b283114bc2a42c7 -39 31
2026-06-11T15:53:03.598 IMG_PACKET 43490149abe1190700001a7eabe103791f2a2500ddf73e9876a12ddd5883cd1eca9f27a6dcf2eda82aff433297c8691944ef1525648379b8bd0bbfb472182dcf58b68c8783c365b083335437b52b5092af7f8adc10b67fe60f15cbf4891c83bedbe8a050c7252d480cc41c98ac868c5987e4f35a282c47758d0fbeed93388943871f2df9b0e63d87a5f8c0be54bdf88fa2c1ea9a08358d3a1bfd65f9f67276ef4b85664c5a6225d486ce906f1d1a95d2adfbe5d6ead2953cd678c309c633a10b68fe91c4c695a7368ce5c67b3f9dd60d4418e76aaade1cfcbe987d6833fc1320c6e95a07c7344e3a57d85b283114bc2a42c7 RSSI=-39 SNR=31
2026-06-11T15:53:03.638 > p2p rx 0
2026-06-11T15:53:03.639 < >
2026-06-11T15:53:05.242 < >> Ok
2026-06-11T15:53:05.292 < >> radio_rx 43490149abe1190700001a7eabe103791f2a2600ddff91c64fc52a0f792772575d0139ee12bed789df255b319d880f853c02d92b137a1592ca02125b6e1515b6e8c38db8b909ad7a37209162a4a56233aebc0be862f0b4f06fcd1f1375b76daa556e15f214266f88568c8df24c77ad213c1bcc8befa40541f90dd05b6212a0fef7afc794c1d8fe7cf1a8c70e013d9e6a5eb86343678f35814acb24b3b797a0fdab0f27b631ab5414be7afd87227cc3dc42315ecf0f9ea2b3cccd042c7d0134764dd6d1696db18d7c9157111d397d7e97334e0292584ffb5bbf22b583b38cc89feae62c3a1e6021c149303ee00cf4d6b9dffe -40 31
2026-06-11T15:53:05.302 IMG_PACKET 43490149abe1190700001a7eabe103791f2a2600ddff91c64fc52a0f792772575d0139ee12bed789df255b319d880f853c02d92b137a1592ca02125b6e1515b6e8c38db8b909ad7a37209162a4a56233aebc0be862f0b4f06fcd1f1375b76daa556e15f214266f88568c8df24c77ad213c1bcc8befa40541f90dd05b6212a0fef7afc794c1d8fe7cf1a8c70e013d9e6a5eb86343678f35814acb24b3b797a0fdab0f27b631ab5414be7afd87227cc3dc42315ecf0f9ea2b3cccd042c7d0134764dd6d1696db18d7c9157111d397d7e97334e0292584ffb5bbf22b583b38cc89feae62c3a1e6021c149303ee00cf4d6b9dffe RSSI=-40 SNR=31
2026-06-11T15:53:05.339 > p2p rx 0
2026-06-11T15:53:05.340 < >
2026-06-11T15:53:17.226 < >> Ok
2026-06-11T15:53:17.282 < >> radio_rx 43490149abe1190700001a7eabe103791f2a2800dd35269db953e9afddff1b6df8337ae065455a1412f5af2d0d913f82920413b8fa09a78190335c1e23156fa2f2ac733d03d8b6945c981fe6d1d4ea3e9b13348fd25b99ef0a27f6b00a74cd53511b787c2f414647ac0389af3f51e6277c302e00dee61ebfe7477857418c2cf7be7f62b5e1b9bc3d6f7e778d6b06f65d3d5375b210462ff0b86d984a5ae4bef8f392efbccbfac17dafe94c5ca36e695cc95122fae92c92108f27bca67b199366d57e2764b308d107587db5a54fccace2707d50dd8ff74ff405a189cd663232f423934d79936c741d7205a7d3da575c11fb46 -39 24
2026-06-11T15:53:17.293 IMG_PACKET 43490149abe1190700001a7eabe103791f2a2800dd35269db953e9afddff1b6df8337ae065455a1412f5af2d0d913f82920413b8fa09a78190335c1e23156fa2f2ac733d03d8b6945c981fe6d1d4ea3e9b13348fd25b99ef0a27f6b00a74cd53511b787c2f414647ac0389af3f51e6277c302e00dee61ebfe7477857418c2cf7be7f62b5e1b9bc3d6f7e778d6b06f65d3d5375b210462ff0b86d984a5ae4bef8f392efbccbfac17dafe94c5ca36e695cc95122fae92c92108f27bca67b199366d57e2764b308d107587db5a54fccace2707d50dd8ff74ff405a189cd663232f423934d79936c741d7205a7d3da575c11fb46 RSSI=-39 SNR=24
2026-06-11T15:53:17.324 > p2p rx 0
2026-06-11T15:53:17.325 < >
2026-06-11T15:53:18.928 < >> Ok
2026-06-11T15:53:18.985 < >> radio_rx 43490149abe1190700001a7eabe103791f2a2900dd27560affe0133d56cd6bb85912df06498278ac03a82622efd89ce8fb04e272a9bfa41ef2bd00bd8a791212aa6ba392d8410772fca33464f8aef9598e4f35d8ebf6d9e65db7215424e9d3e7b348123a69302ff32bf9d53b80064297a752e9193fa1fca81dc86108188a1508d91649ba8277563daa1cac69a8dc84b9d1f8f28bc7cd587f98aac0abcf6903561d46c0c1a1fcf44c132a8e7b59e82b0e4674dbe6f113ee51ea548d4f8abfe1c2c7f1105c4aa586e7c7d5ff61a200492cc625d3492b89d6342e3715c0e0dc1bc55caf0c988be6a631ed3e35c469f0f01ec338 -39 27
2026-06-11T15:53:18.997 IMG_PACKET 43490149abe1190700001a7eabe103791f2a2900dd27560affe0133d56cd6bb85912df06498278ac03a82622efd89ce8fb04e272a9bfa41ef2bd00bd8a791212aa6ba392d8410772fca33464f8aef9598e4f35d8ebf6d9e65db7215424e9d3e7b348123a69302ff32bf9d53b80064297a752e9193fa1fca81dc86108188a1508d91649ba8277563daa1cac69a8dc84b9d1f8f28bc7cd587f98aac0abcf6903561d46c0c1a1fcf44c132a8e7b59e82b0e4674dbe6f113ee51ea548d4f8abfe1c2c7f1105c4aa586e7c7d5ff61a200492cc625d3492b89d6342e3715c0e0dc1bc55caf0c988be6a631ed3e35c469f0f01ec338 RSSI=-39 SNR=27
2026-06-11T15:53:19.026 > p2p rx 0
2026-06-11T15:53:19.027 < >
