2026-07-06T17:04:29.820 < >> Ok
2026-07-06T17:04:29.838 < >> radio_rx 7b2276223a312c2274797065223a2274657874222c22736571223a31372c2274696d65223a22323032362d30372d30365430383a30343a32352e3331335a222c2264617461223a7b226d657373616765223a2274657374227d7d -113 12
2026-07-06T17:04:29.840 RX type=text seq=17 time=2026-07-06T08:04:25.313Z RSSI=-113 SNR=12
2026-07-06T17:04:29.872 JSON {"v":1,"type":"text","seq":17,"time":"2026-07-06T08:04:25.313Z","data":{"message":"test"}}
2026-07-06T17:04:29.911 > p2p rx 0
2026-07-06T17:04:29.927 < >
2026-07-06T17:04:44.328 < >> Ok
2026-07-06T17:04:44.344 < >> radio_rx 7b2276223a312c2274797065223a2274657874222c22736571223a31382c2274696d65223a22323032362d30372d30365430383a30343a33392e3832305a222c2264617461223a7b226d657373616765223a2274657374227d7d -117 -6
2026-07-06T17:04:44.347 RX type=text seq=18 time=2026-07-06T08:04:39.820Z RSSI=-117 SNR=-6
2026-07-06T17:04:44.352 JSON {"v":1,"type":"text","seq":18,"time":"2026-07-06T08:04:39.820Z","data":{"message":"test"}}
2026-07-06T17:04:44.389 > p2p rx 0
2026-07-06T17:04:44.394 < >
2026-07-06T17:04:58.839 < >> Ok
2026-07-06T17:04:58.857 < >> radio_rx 7b2276223a312c2274797065223a2274657874222c22736571223a31392c2274696d65223a22323032362d30372d30365430383a30343a35342e3333335a222c2264617461223a7b226d657373616765223a2274657374227d7d -114 7
2026-07-06T17:04:58.858 RX type=text seq=19 time=2026-07-06T08:04:54.333Z RSSI=-114 SNR=7
2026-07-06T17:04:58.868 JSON {"v":1,"type":"text","seq":19,"time":"2026-07-06T08:04:54.333Z","data":{"message":"test"}}
2026-07-06T17:04:58.902 > p2p rx 0
2026-07-06T17:04:58.903 < >
2026-07-06T17:05:13.348 < >> Ok
2026-07-06T17:05:13.364 < >> radio_rx 7b2276223a312c2274797065223a2274657874222c22736571223a32302c2274696d65223a22323032362d30372d30365430383a30353a30382e3834345a222c2264617461223a7b226d657373616765223a2274657374227d7d -111 -2
2026-07-06T17:05:13.365 RX type=text seq=20 time=2026-07-06T08:05:08.844Z RSSI=-111 SNR=-2
2026-07-06T17:05:13.366 JSON {"v":1,"type":"text","seq":20,"time":"2026-07-06T08:05:08.844Z","data":{"message":"test"}}
2026-07-06T17:05:13.410 > p2p rx 0
2026-07-06T17:05:13.412 < >
2026-07-06T17:05:27.854 < >> Ok
2026-07-06T17:05:27.870 < >> radio_rx 7b2276223a312c2274797065223a2274657874222c22736571223a32312c2274696d65223a22323032362d30372d30365430383a30353a32332e3335305a222c2264617461223a7b226d657373616765223a2274657374227d7d -110 5
2026-07-06T17:05:27.872 RX type=text seq=21 time=2026-07-06T08:05:23.350Z RSSI=-110 SNR=5
2026-07-06T17:05:27.874 JSON {"v":1,"type":"text","seq":21,"time":"2026-07-06T08:05:23.350Z","data":{"message":"test"}}
2026-07-06T17:05:27.915 > p2p rx 0
2026-07-06T17:05:27.916 < >
2026-07-06T17:05:42.362 < >> Ok
2026-07-06T17:05:42.377 < >> radio_rx 7b2276223a312c2274797065223a2274657874222c22736571223a32322c2274696d65223a22323032362d30372d30365430383a30353a33372e3836305a222c2264617461223a7b226d657373616765223a2274657374227d7d -115 -9
2026-07-06T17:05:42.378 RX type=text seq=22 time=2026-07-06T08:05:37.860Z RSSI=-115 SNR=-9
2026-07-06T17:05:42.388 JSON {"v":1,"type":"text","seq":22,"time":"2026-07-06T08:05:37.860Z","data":{"message":"test"}}
2026-07-06T17:05:42.424 > p2p rx 0
2026-07-06T17:05:42.433 < >
2026-07-06T17:05:56.867 < >> Ok
2026-07-06T17:05:56.885 < >> radio_rx 7b2276223a312c2274797065223a2274657874222c22736571223a32332c2274696d65223a22323032362d30372d30365430383a30353a35322e3336365a222c2264617461223a7b226d657373616765223a2274657374227d7d -108 8
2026-07-06T17:05:56.888 RX type=text seq=23 time=2026-07-06T08:05:52.366Z RSSI=-108 SNR=8
2026-07-06T17:05:56.891 JSON {"v":1,"type":"text","seq":23,"time":"2026-07-06T08:05:52.366Z","data":{"message":"test"}}
2026-07-06T17:05:56.929 > p2p rx 0
2026-07-06T17:05:56.931 < >
2026-07-06T17:06:11.377 < >> Ok
2026-07-06T17:06:11.392 < >> radio_rx 7b2276223a312c2274797065223a2274657874222c22736571223a32342c2274696d65223a22323032362d30372d30365430383a30363a30362e3837365a222c2264617461223a7b226d657373616765223a2274657374227d7d -109 15
2026-07-06T17:06:11.393 RX type=text seq=24 time=2026-07-06T08:06:06.876Z RSSI=-109 SNR=15
2026-07-06T17:06:11.400 JSON {"v":1,"type":"text","seq":24,"time":"2026-07-06T08:06:06.876Z","data":{"message":"test"}}
2026-07-06T17:06:11.439 > p2p rx 0
2026-07-06T17:06:11.446 < >
2026-07-06T17:06:23.906 < >> Ok
2026-07-06T17:06:23.949 < >> radio_rx 7b2276223a312c2274797065223a22746c6d222c22736571223a312c2274696d65223a22323032362d30372d30365430383a30363a31342e3835305a222c2264617461223a7b22676e7373223a7b226c6174223a33352e3931313538342c226c6f6e223a3133392e3838353035342c22616c74223a6e756c6c2c22736174223a6e756c6c2c22666978223a6e756c6c7d2c22656e76223a7b2274656d70223a32352e30382c227072657373223a313031322e3538323631372c2268756d223a35382e3839363438347d7d7d -110 8
2026-07-06T17:06:23.950 RX type=tlm seq=1 time=2026-07-06T08:06:14.850Z RSSI=-110 SNR=8
2026-07-06T17:06:23.953 JSON {"v":1,"type":"tlm","seq":1,"time":"2026-07-06T08:06:14.850Z","data":{"gnss":{"lat":35.911584,"lon":139.885054,"alt":null,"sat":null,"fix":null},"env":{"temp":25.08,"press":1012.582617,"hum":58.896484}}}
2026-07-06T17:06:23.953 GPS lat=35.911584 lon=139.885054 alt= sat= fix=
2026-07-06T17:06:23.994 > p2p rx 0
2026-07-06T17:06:23.996 < >
2026-07-06T17:06:44.860 < >> Ok
2026-07-06T17:06:44.908 < >> radio_rx 7b2276223a312c2274797065223a22746c6d222c22736571223a322c2274696d65223a22323032362d30372d30365430383a30363a33362e3030335a222c2264617461223a7b22676e7373223a7b226c6174223a33352e3931313538332c226c6f6e223a3133392e3838353035332c22616c74223a31342e3338332c22736174223a33382c22666978223a327d2c22656e76223a7b2274656d70223a32352e30342c227072657373223a313031322e3539393732372c2268756d223a35382e3431353033397d7d7d -111 9
2026-07-06T17:06:44.910 RX type=tlm seq=2 time=2026-07-06T08:06:36.003Z RSSI=-111 SNR=9
2026-07-06T17:06:44.915 JSON {"v":1,"type":"tlm","seq":2,"time":"2026-07-06T08:06:36.003Z","data":{"gnss":{"lat":35.911583,"lon":139.885053,"alt":14.383,"sat":38,"fix":2},"env":{"temp":25.04,"press":1012.599727,"hum":58.415039}}}
2026-07-06T17:06:44.916 GPS lat=35.911583 lon=139.885053 alt=14.383 sat=38 fix=2
2026-07-06T17:06:44.950 > p2p rx 0
2026-07-06T17:06:44.951 < >
2026-07-06T17:07:04.761 < >> Ok
2026-07-06T17:07:04.805 < >> radio_rx 7b2276223a312c2274797065223a22746c6d222c22736571223a332c2274696d65223a22323032362d30372d30365430383a30363a35352e3930355a222c2264617461223a7b22676e7373223a7b226c6174223a33352e3931313538342c226c6f6e223a3133392e3838353035322c22616c74223a31342e3338342c22736174223a33382c22666978223a327d2c22656e76223a7b2274656d70223a32352e31332c227072657373223a313031322e3632393134312c2268756d223a35392e3031353632357d7d7d -108 15
2026-07-06T17:07:04.806 RX type=tlm seq=3 time=2026-07-06T08:06:55.905Z RSSI=-108 SNR=15
2026-07-06T17:07:04.816 JSON {"v":1,"type":"tlm","seq":3,"time":"2026-07-06T08:06:55.905Z","data":{"gnss":{"lat":35.911584,"lon":139.885052,"alt":14.384,"sat":38,"fix":2},"env":{"temp":25.13,"press":1012.629141,"hum":59.015625}}}
2026-07-06T17:07:04.825 GPS lat=35.911584 lon=139.885052 alt=14.384 sat=38 fix=2
2026-07-06T17:07:04.851 > p2p rx 0
2026-07-06T17:07:04.858 < >
2026-07-06T17:07:23.428 < >> Ok
2026-07-06T17:07:23.429 < >> radio_err
2026-07-06T17:07:23.728 > p2p rx 0
2026-07-06T17:07:23.729 < >
2026-07-06T17:07:42.134 < >> Ok
2026-07-06T17:07:42.175 < >> radio_rx 7b2276223a312c2274797065223a22746c6d222c22736571223a352c2274696d65223a22323032362d30372d30365430383a30373a33332e3437385a222c2264617461223a7b22676e7373223a7b226c6174223a6e756c6c2c226c6f6e223a6e756c6c2c22616c74223a6e756c6c2c22736174223a6e756c6c2c22666978223a6e756c6c7d2c22656e76223a7b2274656d70223a32352e31322c227072657373223a313031322e3535373330352c2268756d223a35382e3635303339317d7d7d -116 6
2026-07-06T17:07:42.176 RX type=tlm seq=5 time=2026-07-06T08:07:33.478Z RSSI=-116 SNR=6
2026-07-06T17:07:42.180 JSON {"v":1,"type":"tlm","seq":5,"time":"2026-07-06T08:07:33.478Z","data":{"gnss":{"lat":null,"lon":null,"alt":null,"sat":null,"fix":null},"env":{"temp":25.12,"press":1012.557305,"hum":58.650391}}}
2026-07-06T17:07:42.220 > p2p rx 0
2026-07-06T17:07:42.222 < >
2026-07-06T17:08:00.822 < >> Ok
2026-07-06T17:08:00.861 < >> radio_rx 7b2276223a312c2274797065223a22746c6d222c22736571223a362c2274696d65223a22323032362d30372d30365430383a30373a35322e3136355a222c2264617461223a7b22676e7373223a7b226c6174223a6e756c6c2c226c6f6e223a6e756c6c2c22616c74223a6e756c6c2c22736174223a6e756c6c2c22666978223a6e756c6c7d2c22656e76223a7b2274656d70223a32352e32312c227072657373223a313031322e3535393333362c2268756d223a35382e3332333234327d7d7d -111 -7
2026-07-06T17:08:00.861 RX type=tlm seq=6 time=2026-07-06T08:07:52.165Z RSSI=-111 SNR=-7
2026-07-06T17:08:00.864 JSON {"v":1,"type":"tlm","seq":6,"time":"2026-07-06T08:07:52.165Z","data":{"gnss":{"lat":null,"lon":null,"alt":null,"sat":null,"fix":null},"env":{"temp":25.21,"press":1012.559336,"hum":58.323242}}}
2026-07-06T17:08:00.909 > p2p rx 0
2026-07-06T17:08:00.910 < >
2026-07-06T17:08:19.509 < >> Ok
2026-07-06T17:08:19.551 < >> radio_rx 7b2276223a312c2274797065223a22746c6d222c22736571223a372c2274696d65223a22323032362d30372d30365430383a30383a31302e3835335a222c2264617461223a7b22676e7373223a7b226c6174223a6e756c6c2c226c6f6e223a6e756c6c2c22616c74223a6e756c6c2c22736174223a6e756c6c2c22666978223a6e756c6c7d2c22656e76223a7b2274656d70223a32352e32342c227072657373223a313031322e3538393533312c2268756d223a35382e3033333230337d7d7d -131 -65
2026-07-06T17:08:19.553 RX type=tlm seq=7 time=2026-07-06T08:08:10.853Z RSSI=-131 SNR=-65
2026-07-06T17:08:19.556 JSON {"v":1,"type":"tlm","seq":7,"time":"2026-07-06T08:08:10.853Z","data":{"gnss":{"lat":null,"lon":null,"alt":null,"sat":null,"fix":null},"env":{"temp":25.24,"press":1012.589531,"hum":58.033203}}}
2026-07-06T17:08:19.596 > p2p rx 0
2026-07-06T17:08:19.597 < >
2026-07-06T17:08:38.197 < >> Ok
2026-07-06T17:08:38.238 < >> radio_rx 7b2276223a312c2274797065223a22746c6d222c22736571223a382c2274696d65223a22323032362d30372d30365430383a30383a32392e3534305a222c2264617461223a7b22676e7373223a7b226c6174223a6e756c6c2c226c6f6e223a6e756c6c2c22616c74223a6e756c6c2c22736174223a6e756c6c2c22666978223a6e756c6c7d2c22656e76223a7b2274656d70223a32352e32392c227072657373223a313031322e3630383136342c2268756d223a35382e3234333136347d7d7d -117 -19
2026-07-06T17:08:38.240 RX type=tlm seq=8 time=2026-07-06T08:08:29.540Z RSSI=-117 SNR=-19
2026-07-06T17:08:38.242 JSON {"v":1,"type":"tlm","seq":8,"time":"2026-07-06T08:08:29.540Z","data":{"gnss":{"lat":null,"lon":null,"alt":null,"sat":null,"fix":null},"env":{"temp":25.29,"press":1012.608164,"hum":58.243164}}}
2026-07-06T17:08:38.284 > p2p rx 0
2026-07-06T17:08:38.285 < >
2026-07-06T17:08:56.666 < >> Ok
2026-07-06T17:08:56.667 < >> radio_err
2026-07-06T17:08:56.966 > p2p rx 0
2026-07-06T17:08:56.966 < >
2026-07-06T17:09:15.372 < >> Ok
2026-07-06T17:09:15.420 < >> radio_rx 7b2276223a312c2274797065223a22746c6d222c22736571223a31302c2274696d65223a22323032362d30372d30365430383a30393a30362e3731355a222c2264617461223a7b22676e7373223a7b226c6174223a6e756c6c2c226c6f6e223a6e756c6c2c22616c74223a6e756c6c2c22736174223a6e756c6c2c22666978223a6e756c6c7d2c22656e76223a7b2274656d70223a32352e33342c227072657373223a313031322e3630373631372c2268756d223a35372e3033363133337d7d7d -111 -14
2026-07-06T17:09:15.421 RX type=tlm seq=10 time=2026-07-06T08:09:06.715Z RSSI=-111 SNR=-14
2026-07-06T17:09:15.426 JSON {"v":1,"type":"tlm","seq":10,"time":"2026-07-06T08:09:06.715Z","data":{"gnss":{"lat":null,"lon":null,"alt":null,"sat":null,"fix":null},"env":{"temp":25.34,"press":1012.607617,"hum":57.036133}}}
2026-07-06T17:09:15.460 > p2p rx 0
2026-07-06T17:09:15.460 < >
2026-07-06T17:09:34.060 < >> Ok
2026-07-06T17:09:34.105 < >> radio_rx 7b2276223a312c2274797065223a22746c6d222c22736571223a31312c2274696d65223a22323032362d30372d30365430383a30393a32352e3430335a222c2264617461223a7b22676e7373223a7b226c6174223a6e756c6c2c226c6f6e223a6e756c6c2c22616c74223a6e756c6c2c22736174223a6e756c6c2c22666978223a6e756c6c7d2c22656e76223a7b2274656d70223a32352e332c227072657373223a313031322e3539363837352c2268756d223a35372e3332363137327d7d7d -110 4
2026-07-06T17:09:34.106 RX type=tlm seq=11 time=2026-07-06T08:09:25.403Z RSSI=-110 SNR=4
2026-07-06T17:09:34.111 JSON {"v":1,"type":"tlm","seq":11,"time":"2026-07-06T08:09:25.403Z","data":{"gnss":{"lat":null,"lon":null,"alt":null,"sat":null,"fix":null},"env":{"temp":25.3,"press":1012.596875,"hum":57.326172}}}
2026-07-06T17:09:34.148 > p2p rx 0
2026-07-06T17:09:34.149 < >
2026-07-06T17:09:52.747 < >> Ok
2026-07-06T17:09:52.792 < >> radio_rx 7b2276223a312c2274797065223a22746c6d222c22736571223a31322c2274696d65223a22323032362d30372d30365430383a30393a34342e3039305a222c2264617461223a7b22676e7373223a7b226c6174223a6e756c6c2c226c6f6e223a6e756c6c2c22616c74223a6e756c6c2c22736174223a6e756c6c2c22666978223a6e756c6c7d2c22656e76223a7b2274656d70223a32352e33342c227072657373223a313031322e3633353233342c2268756d223a35382e3331373338337d7d7d -117 -32
2026-07-06T17:09:52.794 RX type=tlm seq=12 time=2026-07-06T08:09:44.090Z RSSI=-117 SNR=-32
2026-07-06T17:09:52.797 JSON {"v":1,"type":"tlm","seq":12,"time":"2026-07-06T08:09:44.090Z","data":{"gnss":{"lat":null,"lon":null,"alt":null,"sat":null,"fix":null},"env":{"temp":25.34,"press":1012.635234,"hum":58.317383}}}
2026-07-06T17:09:52.833 > p2p rx 0
2026-07-06T17:09:52.835 < >
2026-07-06T17:10:11.435 < >> Ok
2026-07-06T17:10:11.475 < >> radio_rx 7b2276223a312c2274797065223a22746c6d222c22736571223a31332c2274696d65223a22323032362d30372d30365430383a31303a30322e3737385a222c2264617461223a7b22676e7373223a7b226c6174223a6e756c6c2c226c6f6e223a6e756c6c2c22616c74223a6e756c6c2c22736174223a6e756c6c2c22666978223a6e756c6c7d2c22656e76223a7b2274656d70223a32352e34312c227072657373223a313031322e3639343936312c2268756d223a35372e3337343032337d7d7d -113 2
2026-07-06T17:10:11.476 RX type=tlm seq=13 time=2026-07-06T08:10:02.778Z RSSI=-113 SNR=2
2026-07-06T17:10:11.479 JSON {"v":1,"type":"tlm","seq":13,"time":"2026-07-06T08:10:02.778Z","data":{"gnss":{"lat":null,"lon":null,"alt":null,"sat":null,"fix":null},"env":{"temp":25.41,"press":1012.694961,"hum":57.374023}}}
2026-07-06T17:10:11.521 > p2p rx 0
2026-07-06T17:10:11.522 < >
2026-07-06T17:10:33.634 < >> Ok
2026-07-06T17:10:33.675 < >> radio_rx 7b2276223a312c2274797065223a22746c6d222c22736571223a312c2274696d65223a22323032362d30372d30365430383a31303a32342e3937365a222c2264617461223a7b22676e7373223a7b226c6174223a6e756c6c2c226c6f6e223a6e756c6c2c22616c74223a6e756c6c2c22736174223a6e756c6c2c22666978223a6e756c6c7d2c22656e76223a7b2274656d70223a32352e34352c227072657373223a313031322e3634323236362c2268756d223a35382e3038323033317d7d7d -117 -26
2026-07-06T17:10:33.676 RX type=tlm seq=1 time=2026-07-06T08:10:24.976Z RSSI=-117 SNR=-26
2026-07-06T17:10:33.679 JSON {"v":1,"type":"tlm","seq":1,"time":"2026-07-06T08:10:24.976Z","data":{"gnss":{"lat":null,"lon":null,"alt":null,"sat":null,"fix":null},"env":{"temp":25.45,"press":1012.642266,"hum":58.082031}}}
2026-07-06T17:10:33.721 > p2p rx 0
2026-07-06T17:10:33.722 < >
2026-07-06T17:10:54.541 < >> Ok
2026-07-06T17:10:54.608 < >> radio_rx 7b2276223a312c2274797065223a22746c6d222c22736571223a322c2274696d65223a22323032362d30372d30365430383a31303a34352e3638345a222c2264617461223a7b22676e7373223a7b226c6174223a33352e3931313538392c226c6f6e223a3133392e3838353035322c22616c74223a31342e37382c22736174223a34302c22666978223a327d2c22656e76223a7b2274656d70223a32352e34342c227072657373223a313031322e3537383535352c2268756d223a35382e3033373130397d7d7d -112 -3
2026-07-06T17:10:54.609 RX type=tlm seq=2 time=2026-07-06T08:10:45.684Z RSSI=-112 SNR=-3
2026-07-06T17:10:54.615 JSON {"v":1,"type":"tlm","seq":2,"time":"2026-07-06T08:10:45.684Z","data":{"gnss":{"lat":35.911589,"lon":139.885052,"alt":14.78,"sat":40,"fix":2},"env":{"temp":25.44,"press":1012.578555,"hum":58.037109}}}
2026-07-06T17:10:54.616 GPS lat=35.911589 lon=139.885052 alt=14.78 sat=40 fix=2
2026-07-06T17:10:54.633 > p2p rx 0
2026-07-06T17:10:54.635 < >
2026-07-06T17:11:14.760 < >> Ok
2026-07-06T17:11:14.801 < >> radio_rx 7b2276223a312c2274797065223a22746c6d222c22736571223a332c2274696d65223a22323032362d30372d30365430383a31313a30352e3930335a222c2264617461223a7b22676e7373223a7b226c6174223a33352e39313135392c226c6f6e223a3133392e3838353035322c22616c74223a31342e3830322c22736174223a34302c22666978223a327d2c22656e76223a7b2274656d70223a32352e34342c227072657373223a313031322e3539383030382c2268756d223a35382e3232383531367d7d7d -115 -10
2026-07-06T17:11:14.802 RX type=tlm seq=3 time=2026-07-06T08:11:05.903Z RSSI=-115 SNR=-10
2026-07-06T17:11:14.817 JSON {"v":1,"type":"tlm","seq":3,"time":"2026-07-06T08:11:05.903Z","data":{"gnss":{"lat":35.91159,"lon":139.885052,"alt":14.802,"sat":40,"fix":2},"env":{"temp":25.44,"press":1012.598008,"hum":58.228516}}}
2026-07-06T17:11:14.830 GPS lat=35.91159 lon=139.885052 alt=14.802 sat=40 fix=2
2026-07-06T17:11:14.849 > p2p rx 0
2026-07-06T17:11:14.867 < >
2026-07-06T17:11:33.448 < >> Ok
2026-07-06T17:11:33.490 < >> radio_rx 7b2276223a312c2274797065223a22746c6d222c22736571223a342c2274696d65223a22323032362d30372d30365430383a31313a32342e3738395a222c2264617461223a7b22676e7373223a7b226c6174223a6e756c6c2c226c6f6e223a6e756c6c2c22616c74223a6e756c6c2c22736174223a6e756c6c2c22666978223a6e756c6c7d2c22656e76223a7b2274656d70223a32352e34392c227072657373223a313031322e3536393834342c2268756d223a35372e3733363332387d7d7d -117 -12
2026-07-06T17:11:33.491 RX type=tlm seq=4 time=2026-07-06T08:11:24.789Z RSSI=-117 SNR=-12
2026-07-06T17:11:33.494 JSON {"v":1,"type":"tlm","seq":4,"time":"2026-07-06T08:11:24.789Z","data":{"gnss":{"lat":null,"lon":null,"alt":null,"sat":null,"fix":null},"env":{"temp":25.49,"press":1012.569844,"hum":57.736328}}}
2026-07-06T17:11:33.535 > p2p rx 0
2026-07-06T17:11:33.536 < >
2026-07-06T17:11:52.136 < >> Ok
2026-07-06T17:11:52.185 < >> radio_rx 7b2276223a312c2274797065223a22746c6d222c22736571223a352c2274696d65223a22323032362d30372d30365430383a31313a34332e3437375a222c2264617461223a7b22676e7373223a7b226c6174223a6e756c6c2c226c6f6e223a6e756c6c2c22616c74223a6e756c6c2c22736174223a6e756c6c2c22666978223a6e756c6c7d2c22656e76223a7b2274656d70223a32352e34372c227072657373223a313031322e3536343435332c2268756d223a35372e3437333633337d7d7d -118 -15
2026-07-06T17:11:52.187 RX type=tlm seq=5 time=2026-07-06T08:11:43.477Z RSSI=-118 SNR=-15
2026-07-06T17:11:52.190 JSON {"v":1,"type":"tlm","seq":5,"time":"2026-07-06T08:11:43.477Z","data":{"gnss":{"lat":null,"lon":null,"alt":null,"sat":null,"fix":null},"env":{"temp":25.47,"press":1012.564453,"hum":57.473633}}}
2026-07-06T17:11:52.224 > p2p rx 0
2026-07-06T17:11:52.225 < >
2026-07-06T17:12:10.823 < >> Ok
2026-07-06T17:12:10.866 < >> radio_rx 7b2276223a312c2274797065223a22746c6d222c22736571223a362c2274696d65223a22323032362d30372d30365430383a31323a30322e3136345a222c2264617461223a7b22676e7373223a7b226c6174223a6e756c6c2c226c6f6e223a6e756c6c2c22616c74223a6e756c6c2c22736174223a6e756c6c2c22666978223a6e756c6c7d2c22656e76223a7b2274656d70223a32352e35382c227072657373223a313031322e3632363731392c2268756d223a35372e3232353538367d7d7d -116 -17
2026-07-06T17:12:10.868 RX type=tlm seq=6 time=2026-07-06T08:12:02.164Z RSSI=-116 SNR=-17
2026-07-06T17:12:10.872 JSON {"v":1,"type":"tlm","seq":6,"time":"2026-07-06T08:12:02.164Z","data":{"gnss":{"lat":null,"lon":null,"alt":null,"sat":null,"fix":null},"env":{"temp":25.58,"press":1012.626719,"hum":57.225586}}}
2026-07-06T17:12:10.909 > p2p rx 0
2026-07-06T17:12:10.923 < >
2026-07-06T17:13:12.969 < >> Ok
2026-07-06T17:13:13.017 < >> radio_rx 7b2276223a312c2274797065223a22746c6d222c22736571223a312c2274696d65223a22323032362d30372d30365430383a31333a30342e3130385a222c2264617461223a7b22676e7373223a7b226c6174223a33352e3931313538392c226c6f6e223a3133392e3838353035322c22616c74223a31342e3732372c22736174223a34312c22666978223a327d2c22656e76223a7b2274656d70223a32352e36372c227072657373223a313031322e3631363939322c2268756d223a35372e3431383934357d7d7d -118 -22
2026-07-06T17:13:13.019 RX type=tlm seq=1 time=2026-07-06T08:13:04.108Z RSSI=-118 SNR=-22
2026-07-06T17:13:13.024 JSON {"v":1,"type":"tlm","seq":1,"time":"2026-07-06T08:13:04.108Z","data":{"gnss":{"lat":35.911589,"lon":139.885052,"alt":14.727,"sat":41,"fix":2},"env":{"temp":25.67,"press":1012.616992,"hum":57.418945}}}
2026-07-06T17:13:13.025 GPS lat=35.911589 lon=139.885052 alt=14.727 sat=41 fix=2
2026-07-06T17:13:13.059 > p2p rx 0
2026-07-06T17:13:13.060 < >
2026-07-06T17:13:34.056 < >> Ok
2026-07-06T17:13:34.099 < >> radio_rx 7b2276223a312c2274797065223a22746c6d222c22736571223a322c2274696d65223a22323032362d30372d30365430383a31333a32352e3139375a222c2264617461223a7b22676e7373223a7b226c6174223a33352e3931313538392c226c6f6e223a3133392e3838353035312c22616c74223a31342e3437312c22736174223a34312c22666978223a327d2c22656e76223a7b2274656d70223a32352e36322c227072657373223a313031322e3536323338332c2268756d223a35362e3837393838337d7d7d -110 0
2026-07-06T17:13:34.101 RX type=tlm seq=2 time=2026-07-06T08:13:25.197Z RSSI=-110 SNR=0
2026-07-06T17:13:34.109 JSON {"v":1,"type":"tlm","seq":2,"time":"2026-07-06T08:13:25.197Z","data":{"gnss":{"lat":35.911589,"lon":139.885051,"alt":14.471,"sat":41,"fix":2},"env":{"temp":25.62,"press":1012.562383,"hum":56.879883}}}
2026-07-06T17:13:34.114 GPS lat=35.911589 lon=139.885051 alt=14.471 sat=41 fix=2
2026-07-06T17:13:34.144 > p2p rx 0
2026-07-06T17:13:34.145 < >
2026-07-06T17:14:05.572 < >> Ok
2026-07-06T17:14:05.612 < >> radio_rx 7b2276223a312c2274797065223a22746c6d222c22736571223a312c2274696d65223a22323032362d30372d30365430383a31333a35362e3931345a222c2264617461223a7b22676e7373223a7b226c6174223a6e756c6c2c226c6f6e223a6e756c6c2c22616c74223a6e756c6c2c22736174223a6e756c6c2c22666978223a6e756c6c7d2c22656e76223a7b2274656d70223a32352e36392c227072657373223a313031322e3632323334342c2268756d223a35372e3535363634317d7d7d -115 -14
2026-07-06T17:14:05.613 RX type=tlm seq=1 time=2026-07-06T08:13:56.914Z RSSI=-115 SNR=-14
2026-07-06T17:14:05.621 JSON {"v":1,"type":"tlm","seq":1,"time":"2026-07-06T08:13:56.914Z","data":{"gnss":{"lat":null,"lon":null,"alt":null,"sat":null,"fix":null},"env":{"temp":25.69,"press":1012.622344,"hum":57.556641}}}
2026-07-06T17:14:05.659 > p2p rx 0
2026-07-06T17:14:05.662 < >
2026-07-06T17:14:26.544 < >> Ok
2026-07-06T17:14:26.585 < >> radio_rx 7b2276223a312c2274797065223a22746c6d222c22736571223a322c2274696d65223a22323032362d30372d30365430383a31343a31372e3638395a222c2264617461223a7b22676e7373223a7b226c6174223a33352e3931313538362c226c6f6e223a3133392e3838353034372c22616c74223a31342e3735362c22736174223a33312c22666978223a327d2c22656e76223a7b2274656d70223a32352e35312c227072657373223a313031322e3537353135362c2268756d223a35362e3635303339317d7d7d -116 -9
2026-07-06T17:14:26.586 RX type=tlm seq=2 time=2026-07-06T08:14:17.689Z RSSI=-116 SNR=-9
2026-07-06T17:14:26.591 JSON {"v":1,"type":"tlm","seq":2,"time":"2026-07-06T08:14:17.689Z","data":{"gnss":{"lat":35.911586,"lon":139.885047,"alt":14.756,"sat":31,"fix":2},"env":{"temp":25.51,"press":1012.575156,"hum":56.650391}}}
2026-07-06T17:14:26.592 GPS lat=35.911586 lon=139.885047 alt=14.756 sat=31 fix=2
2026-07-06T17:14:26.634 > p2p rx 0
2026-07-06T17:14:26.635 < >
2026-07-06T17:14:46.272 < >> Ok
2026-07-06T17:14:46.318 < >> radio_rx 7b2276223a312c2274797065223a22746c6d222c22736571223a332c2274696d65223a22323032362d30372d30365430383a31343a33372e3431395a222c2264617461223a7b22676e7373223a7b226c6174223a33352e3931313538372c226c6f6e223a3133392e3838353034372c22616c74223a31342e3731362c22736174223a33312c22666978223a327d2c22656e76223a7b2274656d70223a32352e35392c227072657373223a313031322e3538373737332c2268756d223a35372e3835303538367d7d7d -115 -12
2026-07-06T17:14:46.319 RX type=tlm seq=3 time=2026-07-06T08:14:37.419Z RSSI=-115 SNR=-12
2026-07-06T17:14:46.337 JSON {"v":1,"type":"tlm","seq":3,"time":"2026-07-06T08:14:37.419Z","data":{"gnss":{"lat":35.911587,"lon":139.885047,"alt":14.716,"sat":31,"fix":2},"env":{"temp":25.59,"press":1012.587773,"hum":57.850586}}}
2026-07-06T17:14:46.348 GPS lat=35.911587 lon=139.885047 alt=14.716 sat=31 fix=2
2026-07-06T17:14:46.363 > p2p rx 0
2026-07-06T17:14:46.376 < >
2026-07-06T17:23:10.841 < >> Ok
2026-07-06T17:23:10.892 < >> radio_rx 43490149abe1190700001a7eabe103791f2a0000ddfb5617cab20e4b9be3a5ef9bab9afdffd8c0cf29b637c5461902f1e901c112bd93296d6fec0656ecd8ce5d32e946b494d36045c28748cdfca741f5a3498a45abd5d0e757a7a370f398086f9ca47eae835328b74c0a17d525dbcf6d68e09624beec6cee5aa68d6b4e9486c8281f5a28411fba814eb4813927df79b28714b10625195e7789dc070bf36a6037110816752a5fcd562f8edcec8b2afc198de314a906518cc5d52ffccb03d117c652217ab5cabfafd1c2a70cf2c9616ad0be68b70a2d3ce91e10e276b4138420f5a861a96a97d6232effb79cbcbccab37458d1 -117 -10
2026-07-06T17:23:10.902 IMG_PACKET 43490149abe1190700001a7eabe103791f2a0000ddfb5617cab20e4b9be3a5ef9bab9afdffd8c0cf29b637c5461902f1e901c112bd93296d6fec0656ecd8ce5d32e946b494d36045c28748cdfca741f5a3498a45abd5d0e757a7a370f398086f9ca47eae835328b74c0a17d525dbcf6d68e09624beec6cee5aa68d6b4e9486c8281f5a28411fba814eb4813927df79b28714b10625195e7789dc070bf36a6037110816752a5fcd562f8edcec8b2afc198de314a906518cc5d52ffccb03d117c652217ab5cabfafd1c2a70cf2c9616ad0be68b70a2d3ce91e10e276b4138420f5a861a96a97d6232effb79cbcbccab37458d1 RSSI=-117 SNR=-10
2026-07-06T17:23:10.939 > p2p rx 0
2026-07-06T17:23:10.944 < >
2026-07-06T17:23:21.677 < >> Ok
2026-07-06T17:23:21.734 < >> radio_rx 43490149abe1190700001a7eabe103791f2a0200ddddb0ab687d608a2eafa38c6adbc04567c0bb91e97737aab76b941c68fabeb06d428801bf3094cceb28034a0e2f86d69afa3a6a52f5b9f137f75e0ebfdf4e09230e6c911185c3aa7997405cb5794ad0f6665bcd6c8bdc00bdda6623e31c671e6a1e039ac8f06ecd633b2d58a02fe1161b3d183169e75dc895b233208034e230331966396a8111d9da3bf06a34f7d93a669d29d3dc900ef04dd4b2d7d206f7e9d7d5c327438ae1821ba61f1fbe88e7ea2d73c188291c425ee75eaea7de0551bf748b6dde93fe6608da3670d79d14eaf41ab59a1d0ecc7f030c5be84a3d5a -112 6
2026-07-06T17:23:21.744 IMG_PACKET 43490149abe1190700001a7eabe103791f2a0200ddddb0ab687d608a2eafa38c6adbc04567c0bb91e97737aab76b941c68fabeb06d428801bf3094cceb28034a0e2f86d69afa3a6a52f5b9f137f75e0ebfdf4e09230e6c911185c3aa7997405cb5794ad0f6665bcd6c8bdc00bdda6623e31c671e6a1e039ac8f06ecd633b2d58a02fe1161b3d183169e75dc895b233208034e230331966396a8111d9da3bf06a34f7d93a669d29d3dc900ef04dd4b2d7d206f7e9d7d5c327438ae1821ba61f1fbe88e7ea2d73c188291c425ee75eaea7de0551bf748b6dde93fe6608da3670d79d14eaf41ab59a1d0ecc7f030c5be84a3d5a RSSI=-112 SNR=6
2026-07-06T17:23:21.775 > p2p rx 0
2026-07-06T17:23:21.776 < >
2026-07-06T17:23:32.514 < >> Ok
2026-07-06T17:23:32.573 < >> radio_rx 43490149abe1190700001a7eabe103791f2a0400dd7fe8ec03febf72821a1db1815d1122f0261d16ad3a835d5ab44519b8a5105c382bbbc643b0b147acc697f929a03572826ccf289ed7adea8b4ac43e1d04ad3f3a292f69540aab05d0986c9f85bcad4b8260c2e9f9c2244df94e91c3ecc863f179fe108d04da919a24aba74b270d08cb8ac1f06c4d9708524a001be7eec5e270b6e38de5280deb1b4b5e89b7d3183acb25d57bcb26ec307d886b8b0686a968a0ce35c5c1681d7634eac4b11571d599566cbc8163d005963851551e6b0315e4a2e67aefd5c49b6fc1842ea1ac5e87a430f79836848cbfde5526d90614ba8d -112 7
2026-07-06T17:23:32.586 IMG_PACKET 43490149abe1190700001a7eabe103791f2a0400dd7fe8ec03febf72821a1db1815d1122f0261d16ad3a835d5ab44519b8a5105c382bbbc643b0b147acc697f929a03572826ccf289ed7adea8b4ac43e1d04ad3f3a292f69540aab05d0986c9f85bcad4b8260c2e9f9c2244df94e91c3ecc863f179fe108d04da919a24aba74b270d08cb8ac1f06c4d9708524a001be7eec5e270b6e38de5280deb1b4b5e89b7d3183acb25d57bcb26ec307d886b8b0686a968a0ce35c5c1681d7634eac4b11571d599566cbc8163d005963851551e6b0315e4a2e67aefd5c49b6fc1842ea1ac5e87a430f79836848cbfde5526d90614ba8d RSSI=-112 SNR=7
2026-07-06T17:23:32.612 > p2p rx 0
2026-07-06T17:23:32.613 < >
2026-07-06T17:23:43.351 < >> Ok
2026-07-06T17:23:43.404 < >> radio_rx 43490149abe1190700001a7eabe103791f2a0600dd8a736a4723627f306a2e06147666e4f4c086ce69889a3d4e9ce273ed27519281b3db2116aa567450d185be56c899e1443131a593f42f7a528d350edce79fd986c2e0e4b431f81b1bb97e87ca516d4e4c8211463a6c7a7f32d8f32dc2ac6400b3d139d085499936bc169de9bff923047b0d6387ce10cbc93070920902f6e9195aa00d9a19cc43b273813423fd83a131fe5f5fc120f055658e66a4c846ef09f2b87c39261c26015d5b1de39e51bc82e70128df58bc93bfeb3959e8b40c4d55e9fd7eb2b6e035a9b442a0042c69f808aa422e91208d39efebb000944b5123 -112 2
2026-07-06T17:23:43.415 IMG_PACKET 43490149abe1190700001a7eabe103791f2a0600dd8a736a4723627f306a2e06147666e4f4c086ce69889a3d4e9ce273ed27519281b3db2116aa567450d185be56c899e1443131a593f42f7a528d350edce79fd986c2e0e4b431f81b1bb97e87ca516d4e4c8211463a6c7a7f32d8f32dc2ac6400b3d139d085499936bc169de9bff923047b0d6387ce10cbc93070920902f6e9195aa00d9a19cc43b273813423fd83a131fe5f5fc120f055658e66a4c846ef09f2b87c39261c26015d5b1de39e51bc82e70128df58bc93bfeb3959e8b40c4d55e9fd7eb2b6e035a9b442a0042c69f808aa422e91208d39efebb000944b5123 RSSI=-112 SNR=2
2026-07-06T17:23:43.448 > p2p rx 0
2026-07-06T17:23:43.452 < >
2026-07-06T17:23:54.189 < >> Ok
2026-07-06T17:23:54.246 < >> radio_rx 43490149abe1190700001a7eabe103791f2a0800ddfabbee9492c38f77a172b2c623572151eb29d858891262089fcee66672b77e52ade14d2d06b2b2d567e449890608ed1c7f1c0b1dc1af339f617e4b796ebbcd34abc20b9d1e9c36e7627c007388d74d50b9dbde1bf8e2f947122569bf2da5a6c1409e106f30e14e055178c6a291ecece365548299935aac8f9a7bdda20fe7643293cd4858f550fdb2a0f38b518e51f7bb6312315d16299506d57cf3c3a3d5eb59781f929c4eec2072d5f48db8102c8f54a2c42fa5859bd333282d7a4b50e0c4b02fa51cd5633c2fa4d727dc8413e4cd885004eb2ffc8bdf93b3241b6920 -112 5
2026-07-06T17:23:54.257 IMG_PACKET 43490149abe1190700001a7eabe103791f2a0800ddfabbee9492c38f77a172b2c623572151eb29d858891262089fcee66672b77e52ade14d2d06b2b2d567e449890608ed1c7f1c0b1dc1af339f617e4b796ebbcd34abc20b9d1e9c36e7627c007388d74d50b9dbde1bf8e2f947122569bf2da5a6c1409e106f30e14e055178c6a291ecece365548299935aac8f9a7bdda20fe7643293cd4858f550fdb2a0f38b518e51f7bb6312315d16299506d57cf3c3a3d5eb59781f929c4eec2072d5f48db8102c8f54a2c42fa5859bd333282d7a4b50e0c4b02fa51cd5633c2fa4d727dc8413e4cd885004eb2ffc8bdf93b3241b6920 RSSI=-112 SNR=5
2026-07-06T17:23:54.287 > p2p rx 0
2026-07-06T17:23:54.288 < >
2026-07-06T17:24:05.025 < >> Ok
2026-07-06T17:24:05.079 < >> radio_rx 43490149abe1190700001a7eabe103791f2a0a00dd1e668da6fdf910c70d1c855404c2a2eedb0c49f1ee59aad60e5bbdae7fb39cca8822055177b1285963408f4b889ebd94986d4984c3071fa0c18eaa785058d0dd69e52c73f37b67c3a99fb4c7e4ce2e9400a225f577111da5898fa108142743f0755b6fe95b82765472d273601d41722893a04249c6832814b3a9675b094783d88aca3fe8a59c2974c3676c42b014449cd1719e77fce8055bfc7314fc545518ff375deddc9db49fa7702c8955e667b83537194152c1cf1567a37a38c49f5d4afd2f5d06587b671dfafb11846d69c412646ce57d755924329596c8689f5d -112 7
2026-07-06T17:24:05.088 IMG_PACKET 43490149abe1190700001a7eabe103791f2a0a00dd1e668da6fdf910c70d1c855404c2a2eedb0c49f1ee59aad60e5bbdae7fb39cca8822055177b1285963408f4b889ebd94986d4984c3071fa0c18eaa785058d0dd69e52c73f37b67c3a99fb4c7e4ce2e9400a225f577111da5898fa108142743f0755b6fe95b82765472d273601d41722893a04249c6832814b3a9675b094783d88aca3fe8a59c2974c3676c42b014449cd1719e77fce8055bfc7314fc545518ff375deddc9db49fa7702c8955e667b83537194152c1cf1567a37a38c49f5d4afd2f5d06587b671dfafb11846d69c412646ce57d755924329596c8689f5d RSSI=-112 SNR=7
2026-07-06T17:24:05.124 > p2p rx 0
2026-07-06T17:24:05.125 < >
2026-07-06T17:26:26.723 < >> Ok
2026-07-06T17:26:26.780 < >> radio_rx 43490149abe1190700001a7eabe103791f2a0000ddfb5617cab20e4b9be3a5ef9bab9afdffd8c0cf29b637c5461902f1e901c112bd93296d6fec0656ecd8ce5d32e946b494d36045c28748cdfca741f5a3498a45abd5d0e757a7a370f398086f9ca47eae835328b74c0a17d525dbcf6d68e09624beec6cee5aa68d6b4e9486c8281f5a28411fba814eb4813927df79b28714b10625195e7789dc070bf36a6037110816752a5fcd562f8edcec8b2afc198de314a906518cc5d52ffccb03d117c652217ab5cabfafd1c2a70cf2c9616ad0be68b70a2d3ce91e10e276b4138420f5a861a96a97d6232effb79cbcbccab37458d1 -115 -5
2026-07-06T17:26:26.791 IMG_PACKET 43490149abe1190700001a7eabe103791f2a0000ddfb5617cab20e4b9be3a5ef9bab9afdffd8c0cf29b637c5461902f1e901c112bd93296d6fec0656ecd8ce5d32e946b494d36045c28748cdfca741f5a3498a45abd5d0e757a7a370f398086f9ca47eae835328b74c0a17d525dbcf6d68e09624beec6cee5aa68d6b4e9486c8281f5a28411fba814eb4813927df79b28714b10625195e7789dc070bf36a6037110816752a5fcd562f8edcec8b2afc198de314a906518cc5d52ffccb03d117c652217ab5cabfafd1c2a70cf2c9616ad0be68b70a2d3ce91e10e276b4138420f5a861a96a97d6232effb79cbcbccab37458d1 RSSI=-115 SNR=-5
2026-07-06T17:26:26.822 > p2p rx 0
2026-07-06T17:26:26.823 < >
2026-07-06T17:26:37.825 < >> Ok
2026-07-06T17:26:37.881 < >> radio_rx 43490149abe1190700001a7eabe103791f2a0100dd3a2004a12b99eecf6fee07458c38246a383b27d973f20b85f8f0f36177fd373805e822e8877b1841761e18c70bd4e2616ff648e182d6c7364d9cd05ba7284549a14fbea648de6462cc86ba91bd689f2ed6c201ed14d3f9992e5d4837c116161db27830a820c93319e1260f70291392dc062e2c1e905aae4972e1dce1d8cf4347c697bd2e2b350ab61c29d5c27b86a7a65c6250126dc52a62cf3fe172a8c61b6baaf2fcefc86463a8b375c17effbbc909abc8c05267f2e750547346096f3bc2aae2f53bbc7dde44ff806676c72b5dc1b8e53054d5f2261299557acfe54a -113 1
2026-07-06T17:26:37.892 IMG_PACKET 43490149abe1190700001a7eabe103791f2a0100dd3a2004a12b99eecf6fee07458c38246a383b27d973f20b85f8f0f36177fd373805e822e8877b1841761e18c70bd4e2616ff648e182d6c7364d9cd05ba7284549a14fbea648de6462cc86ba91bd689f2ed6c201ed14d3f9992e5d4837c116161db27830a820c93319e1260f70291392dc062e2c1e905aae4972e1dce1d8cf4347c697bd2e2b350ab61c29d5c27b86a7a65c6250126dc52a62cf3fe172a8c61b6baaf2fcefc86463a8b375c17effbbc909abc8c05267f2e750547346096f3bc2aae2f53bbc7dde44ff806676c72b5dc1b8e53054d5f2261299557acfe54a RSSI=-113 SNR=1
2026-07-06T17:26:37.922 > p2p rx 0
2026-07-06T17:26:37.923 < >
2026-07-06T17:26:48.926 < >> Ok
2026-07-06T17:26:48.983 < >> radio_rx 43490149abe1190700001a7eabe103791f2a0200ddddb0ab687d608a2eafa38c6adbc04567c0bb91e97737aab76b941c68fabeb06d428801bf3094cceb28034a0e2f86d69afa3a6a52f5b9f137f75e0ebfdf4e09230e6c911185c3aa7997405cb5794ad0f6665bcd6c8bdc00bdda6623e31c671e6a1e039ac8f06ecd633b2d58a02fe1161b3d183169e75dc895b233208034e230331966396a8111d9da3bf06a34f7d93a669d29d3dc900ef04dd4b2d7d206f7e9d7d5c327438ae1821ba61f1fbe88e7ea2d73c188291c425ee75eaea7de0551bf748b6dde93fe6608da3670d79d14eaf41ab59a1d0ecc7f030c5be84a3d5a -115 -6
2026-07-06T17:26:48.994 IMG_PACKET 43490149abe1190700001a7eabe103791f2a0200ddddb0ab687d608a2eafa38c6adbc04567c0bb91e97737aab76b941c68fabeb06d428801bf3094cceb28034a0e2f86d69afa3a6a52f5b9f137f75e0ebfdf4e09230e6c911185c3aa7997405cb5794ad0f6665bcd6c8bdc00bdda6623e31c671e6a1e039ac8f06ecd633b2d58a02fe1161b3d183169e75dc895b233208034e230331966396a8111d9da3bf06a34f7d93a669d29d3dc900ef04dd4b2d7d206f7e9d7d5c327438ae1821ba61f1fbe88e7ea2d73c188291c425ee75eaea7de0551bf748b6dde93fe6608da3670d79d14eaf41ab59a1d0ecc7f030c5be84a3d5a RSSI=-115 SNR=-6
2026-07-06T17:26:49.024 > p2p rx 0
2026-07-06T17:26:49.025 < >
2026-07-06T17:27:00.023 < >> Ok
2026-07-06T17:27:00.077 < >> radio_rx 43490149abe1190700001a7eabe103791f2a0300dd76b8a2c8064fa946ce0c6a71294f2931875152251cce98739d59d643878b08bfb308cd169af9a187bcb665269a840a9de097c835b32919b93afd256d85af37bc91868d656b18b61c264cb29f949860c14eeee28f5cc80a62fe60752ec3847ad514a4db94ae5648973a1f41e956fd28abd34e86281633021b07cc0ceda53c9ed029652f9f0aad23f404fc9022ffbbd5d6a434ca3e432771c39e0e6194202814667c4b4a07eecf950e87ff7fedd99693c840f3916b66e3191574c2921d55cfa53f96b93c6b14f63177de6cb4312f70ad3ce63a1dde1101413fc214ff89f3 -114 0
2026-07-06T17:27:00.086 IMG_PACKET 43490149abe1190700001a7eabe103791f2a0300dd76b8a2c8064fa946ce0c6a71294f2931875152251cce98739d59d643878b08bfb308cd169af9a187bcb665269a840a9de097c835b32919b93afd256d85af37bc91868d656b18b61c264cb29f949860c14eeee28f5cc80a62fe60752ec3847ad514a4db94ae5648973a1f41e956fd28abd34e86281633021b07cc0ceda53c9ed029652f9f0aad23f404fc9022ffbbd5d6a434ca3e432771c39e0e6194202814667c4b4a07eecf950e87ff7fedd99693c840f3916b66e3191574c2921d55cfa53f96b93c6b14f63177de6cb4312f70ad3ce63a1dde1101413fc214ff89f3 RSSI=-114 SNR=0
2026-07-06T17:27:00.121 > p2p rx 0
2026-07-06T17:27:00.122 < >
2026-07-06T17:27:11.124 < >> Ok
2026-07-06T17:27:11.183 < >> radio_rx 43490149abe1190700001a7eabe103791f2a0400dd7fe8ec03febf72821a1db1815d1122f0261d16ad3a835d5ab44519b8a5105c382bbbc643b0b147acc697f929a03572826ccf289ed7adea8b4ac43e1d04ad3f3a292f69540aab05d0986c9f85bcad4b8260c2e9f9c2244df94e91c3ecc863f179fe108d04da919a24aba74b270d08cb8ac1f06c4d9708524a001be7eec5e270b6e38de5280deb1b4b5e89b7d3183acb25d57bcb26ec307d886b8b0686a968a0ce35c5c1681d7634eac4b11571d599566cbc8163d005963851551e6b0315e4a2e67aefd5c49b6fc1842ea1ac5e87a430f79836848cbfde5526d90614ba8d -113 5
2026-07-06T17:27:11.192 IMG_PACKET 43490149abe1190700001a7eabe103791f2a0400dd7fe8ec03febf72821a1db1815d1122f0261d16ad3a835d5ab44519b8a5105c382bbbc643b0b147acc697f929a03572826ccf289ed7adea8b4ac43e1d04ad3f3a292f69540aab05d0986c9f85bcad4b8260c2e9f9c2244df94e91c3ecc863f179fe108d04da919a24aba74b270d08cb8ac1f06c4d9708524a001be7eec5e270b6e38de5280deb1b4b5e89b7d3183acb25d57bcb26ec307d886b8b0686a968a0ce35c5c1681d7634eac4b11571d599566cbc8163d005963851551e6b0315e4a2e67aefd5c49b6fc1842ea1ac5e87a430f79836848cbfde5526d90614ba8d RSSI=-113 SNR=5
2026-07-06T17:27:11.221 > p2p rx 0
2026-07-06T17:27:11.223 < >
2026-07-06T17:27:22.224 < >> Ok
2026-07-06T17:27:22.277 < >> radio_rx 43490149abe1190700001a7eabe103791f2a0500dd5ee52d305e2e5d91f4b886422c8c4f89ea058d0b89f9da8e3d0fb297f54155b7640986033461cd371efdc30b8e89b5637bc85827de26378224146a0784f0e77840d30e1c0daa74dfbd9f235aaa119f0eb3d3f81e128d9f322d664ae549bb9497128cf6ac92c817d3571b9fd8b0f3415d9f0165d5e984acef9b074802a6f58b8d8e755fc7991c396e6afe23869846d6c4324a29b330e008959ef85779d5dd304bc9b37de0d27bbd8d6a04fa09453f9ce1ac10c8cc2a3c1d2d08d21de8db21ec4958295719a71693a6641f79792d8bd369c3e3a0c553dce1e283249a1548 -115 -4
2026-07-06T17:27:22.292 IMG_PACKET 43490149abe1190700001a7eabe103791f2a0500dd5ee52d305e2e5d91f4b886422c8c4f89ea058d0b89f9da8e3d0fb297f54155b7640986033461cd371efdc30b8e89b5637bc85827de26378224146a0784f0e77840d30e1c0daa74dfbd9f235aaa119f0eb3d3f81e128d9f322d664ae549bb9497128cf6ac92c817d3571b9fd8b0f3415d9f0165d5e984acef9b074802a6f58b8d8e755fc7991c396e6afe23869846d6c4324a29b330e008959ef85779d5dd304bc9b37de0d27bbd8d6a04fa09453f9ce1ac10c8cc2a3c1d2d08d21de8db21ec4958295719a71693a6641f79792d8bd369c3e3a0c553dce1e283249a1548 RSSI=-115 SNR=-4
2026-07-06T17:27:22.322 > p2p rx 0
2026-07-06T17:27:22.330 < >
2026-07-06T17:27:33.325 < >> Ok
2026-07-06T17:27:33.378 < >> radio_rx 43490149abe1190700001a7eabe103791f2a0600dd8a736a4723627f306a2e06147666e4f4c086ce69889a3d4e9ce273ed27519281b3db2116aa567450d185be56c899e1443131a593f42f7a528d350edce79fd986c2e0e4b431f81b1bb97e87ca516d4e4c8211463a6c7a7f32d8f32dc2ac6400b3d139d085499936bc169de9bff923047b0d6387ce10cbc93070920902f6e9195aa00d9a19cc43b273813423fd83a131fe5f5fc120f055658e66a4c846ef09f2b87c39261c26015d5b1de39e51bc82e70128df58bc93bfeb3959e8b40c4d55e9fd7eb2b6e035a9b442a0042c69f808aa422e91208d39efebb000944b5123 -113 0
2026-07-06T17:27:33.394 IMG_PACKET 43490149abe1190700001a7eabe103791f2a0600dd8a736a4723627f306a2e06147666e4f4c086ce69889a3d4e9ce273ed27519281b3db2116aa567450d185be56c899e1443131a593f42f7a528d350edce79fd986c2e0e4b431f81b1bb97e87ca516d4e4c8211463a6c7a7f32d8f32dc2ac6400b3d139d085499936bc169de9bff923047b0d6387ce10cbc93070920902f6e9195aa00d9a19cc43b273813423fd83a131fe5f5fc120f055658e66a4c846ef09f2b87c39261c26015d5b1de39e51bc82e70128df58bc93bfeb3959e8b40c4d55e9fd7eb2b6e035a9b442a0042c69f808aa422e91208d39efebb000944b5123 RSSI=-113 SNR=0
2026-07-06T17:27:33.422 > p2p rx 0
2026-07-06T17:27:33.430 < >
2026-07-06T17:27:44.433 < >> Ok
2026-07-06T17:27:44.485 < >> radio_rx 43490149abe1190700001a7eabe103791f2a0700dd3185e5ece10b3bd3a53a3246b44a4c1101e813f306cc4bc2babfd278f2a3eef89670ef1f2f6d689ee49512e479be9a4b090305317c03664ba43646a103bc513c94f4539104899154260b832c92e3aa36a5a5201f01797c81b8552b586675ae1cb08859fde6f357f6cde5f278bbdba848d626c0c6f4d9474678a3ad8f64fc014bcaeccff9b1d324dc81829581f02ee80678eb9bd7f60698fe6ee7baf46e98b6d741dadf08160f7c5241c03c50455f2daf904625f947d0750c2230421ed6e2361877115f31ebe0616711679021bac0c55e2ff51b0e2b238a9c46fb8c9e5d -114 0
2026-07-06T17:27:44.497 IMG_PACKET 43490149abe1190700001a7eabe103791f2a0700dd3185e5ece10b3bd3a53a3246b44a4c1101e813f306cc4bc2babfd278f2a3eef89670ef1f2f6d689ee49512e479be9a4b090305317c03664ba43646a103bc513c94f4539104899154260b832c92e3aa36a5a5201f01797c81b8552b586675ae1cb08859fde6f357f6cde5f278bbdba848d626c0c6f4d9474678a3ad8f64fc014bcaeccff9b1d324dc81829581f02ee80678eb9bd7f60698fe6ee7baf46e98b6d741dadf08160f7c5241c03c50455f2daf904625f947d0750c2230421ed6e2361877115f31ebe0616711679021bac0c55e2ff51b0e2b238a9c46fb8c9e5d RSSI=-114 SNR=0
2026-07-06T17:27:44.531 > p2p rx 0
2026-07-06T17:27:44.532 < >
2026-07-06T17:27:55.534 < >> Ok
2026-07-06T17:27:55.591 < >> radio_rx 43490149abe1190700001a7eabe103791f2a0800ddfabbee9492c38f77a172b2c623572151eb29d858891262089fcee66672b77e52ade14d2d06b2b2d567e449890608ed1c7f1c0b1dc1af339f617e4b796ebbcd34abc20b9d1e9c36e7627c007388d74d50b9dbde1bf8e2f947122569bf2da5a6c1409e106f30e14e055178c6a291ecece365548299935aac8f9a7bdda20fe7643293cd4858f550fdb2a0f38b518e51f7bb6312315d16299506d57cf3c3a3d5eb59781f929c4eec2072d5f48db8102c8f54a2c42fa5859bd333282d7a4b50e0c4b02fa51cd5633c2fa4d727dc8413e4cd885004eb2ffc8bdf93b3241b6920 -112 3
2026-07-06T17:27:55.601 IMG_PACKET 43490149abe1190700001a7eabe103791f2a0800ddfabbee9492c38f77a172b2c623572151eb29d858891262089fcee66672b77e52ade14d2d06b2b2d567e449890608ed1c7f1c0b1dc1af339f617e4b796ebbcd34abc20b9d1e9c36e7627c007388d74d50b9dbde1bf8e2f947122569bf2da5a6c1409e106f30e14e055178c6a291ecece365548299935aac8f9a7bdda20fe7643293cd4858f550fdb2a0f38b518e51f7bb6312315d16299506d57cf3c3a3d5eb59781f929c4eec2072d5f48db8102c8f54a2c42fa5859bd333282d7a4b50e0c4b02fa51cd5633c2fa4d727dc8413e4cd885004eb2ffc8bdf93b3241b6920 RSSI=-112 SNR=3
2026-07-06T17:27:55.634 > p2p rx 0
2026-07-06T17:27:55.634 < >
2026-07-06T17:28:06.634 < >> Ok
2026-07-06T17:28:06.691 < >> radio_rx 43490149abe1190700001a7eabe103791f2a0900dd398afcee972a0fea794ab9df3f5a368926f169284f8f01a502711752db5f8f2621a3cbce3304017ecad8d1d6307e51fae5795288870a9fce7be7613b096eed26a9d0fcd3f2bbccd5fb9da34cf6129711890835df29ce03ce92182c59c21ededc9a578374833b7c11b9e222d0c1df5df66596d9932b13acc66d3a17d831aa976902a4a71abc0e7790549afef33008ac89238af9e6fe5a886bea5b525c21703d114b1e2bf61064ca94a1bf832bdc0712769b3bed528caa9d9108d1c9efeb05f6afe02e19344965793e307a15882bf7aab74507c654ce2774ef9ec058a98d -114 -1
2026-07-06T17:28:06.703 IMG_PACKET 43490149abe1190700001a7eabe103791f2a0900dd398afcee972a0fea794ab9df3f5a368926f169284f8f01a502711752db5f8f2621a3cbce3304017ecad8d1d6307e51fae5795288870a9fce7be7613b096eed26a9d0fcd3f2bbccd5fb9da34cf6129711890835df29ce03ce92182c59c21ededc9a578374833b7c11b9e222d0c1df5df66596d9932b13acc66d3a17d831aa976902a4a71abc0e7790549afef33008ac89238af9e6fe5a886bea5b525c21703d114b1e2bf61064ca94a1bf832bdc0712769b3bed528caa9d9108d1c9efeb05f6afe02e19344965793e307a15882bf7aab74507c654ce2774ef9ec058a98d RSSI=-114 SNR=-1
2026-07-06T17:28:06.731 > p2p rx 0
2026-07-06T17:28:06.732 < >
2026-07-06T17:28:17.734 < >> Ok
2026-07-06T17:28:17.795 < >> radio_rx 43490149abe1190700001a7eabe103791f2a0a00dd1e668da6fdf910c70d1c855404c2a2eedb0c49f1ee59aad60e5bbdae7fb39cca8822055177b1285963408f4b889ebd94986d4984c3071fa0c18eaa785058d0dd69e52c73f37b67c3a99fb4c7e4ce2e9400a225f577111da5898fa108142743f0755b6fe95b82765472d273601d41722893a04249c6832814b3a9675b094783d88aca3fe8a59c2974c3676c42b014449cd1719e77fce8055bfc7314fc545518ff375deddc9db49fa7702c8955e667b83537194152c1cf1567a37a38c49f5d4afd2f5d06587b671dfafb11846d69c412646ce57d755924329596c8689f5d -113 -1
2026-07-06T17:28:17.808 IMG_PACKET 43490149abe1190700001a7eabe103791f2a0a00dd1e668da6fdf910c70d1c855404c2a2eedb0c49f1ee59aad60e5bbdae7fb39cca8822055177b1285963408f4b889ebd94986d4984c3071fa0c18eaa785058d0dd69e52c73f37b67c3a99fb4c7e4ce2e9400a225f577111da5898fa108142743f0755b6fe95b82765472d273601d41722893a04249c6832814b3a9675b094783d88aca3fe8a59c2974c3676c42b014449cd1719e77fce8055bfc7314fc545518ff375deddc9db49fa7702c8955e667b83537194152c1cf1567a37a38c49f5d4afd2f5d06587b671dfafb11846d69c412646ce57d755924329596c8689f5d RSSI=-113 SNR=-1
2026-07-06T17:28:17.834 > p2p rx 0
2026-07-06T17:28:17.836 < >
2026-07-06T17:28:28.834 < >> Ok
2026-07-06T17:28:28.893 < >> radio_rx 43490149abe1190700001a7eabe103791f2a0b00dd9d3bb67f84ed0dec3b8d5a91e5b7adb57536cb7ce4d8b04c0ea073d1945ca2aea5fe3f779b0491765bee2268c1a979d16fb99280cda93184520a8eddd61a08c41aae8c419789774ab841a74e25ecc3a0afa479f337eecc7b73e6535d35aedbacf63fa04577f72b02cc78bedf2722bdf5ea48965dd42282bbbbef55478088a4ffad5a3aa74a2e08b10e13b0e2bed1fdcfb1522afe7f65c3cd0194f0979db62aec21042983253b00554574696ff9eeb752ed5c426979d692d2f1e48da4b3cb16bf290f500359e752f0c11a3d011b81e4c5c2ecc071348d9ca83f3cdf11f1 -114 -2
2026-07-06T17:28:28.902 IMG_PACKET 43490149abe1190700001a7eabe103791f2a0b00dd9d3bb67f84ed0dec3b8d5a91e5b7adb57536cb7ce4d8b04c0ea073d1945ca2aea5fe3f779b0491765bee2268c1a979d16fb99280cda93184520a8eddd61a08c41aae8c419789774ab841a74e25ecc3a0afa479f337eecc7b73e6535d35aedbacf63fa04577f72b02cc78bedf2722bdf5ea48965dd42282bbbbef55478088a4ffad5a3aa74a2e08b10e13b0e2bed1fdcfb1522afe7f65c3cd0194f0979db62aec21042983253b00554574696ff9eeb752ed5c426979d692d2f1e48da4b3cb16bf290f500359e752f0c11a3d011b81e4c5c2ecc071348d9ca83f3cdf11f1 RSSI=-114 SNR=-2
2026-07-06T17:28:28.931 > p2p rx 0
2026-07-06T17:28:28.933 < >
2026-07-06T17:28:39.934 < >> Ok
2026-07-06T17:28:39.993 < >> radio_rx 43490149abe1190700001a7eabe103791f2a0c00dd5c8acd7643e15a37a00d29559746fe840293e0e45dd7dd24f17d30829408050cd79122f7d74e80d9058aa189308eece8e406c2d383fb1400e1a2e4cc3c9922584ffa583f6cfe6b8f8a738138eadd858cb7dbed896cca2ececfd59faba47e99284770e11c712b61eb8d5539d937b16ea71555084eb376bdfac174bd57775c720a3213115212f97eb478c9faa9cfee0cefaef6b608a15f82b10306bfbdbf28f07061f6ef235123a90c424e7218a355e0b455e76ef1f0683731d07e28b159546ad1fa0c5c546ac271a5a2f2105f8d06af0597297ad94dc42335afc2be58b5 -114 -1
2026-07-06T17:28:40.005 IMG_PACKET 43490149abe1190700001a7eabe103791f2a0c00dd5c8acd7643e15a37a00d29559746fe840293e0e45dd7dd24f17d30829408050cd79122f7d74e80d9058aa189308eece8e406c2d383fb1400e1a2e4cc3c9922584ffa583f6cfe6b8f8a738138eadd858cb7dbed896cca2ececfd59faba47e99284770e11c712b61eb8d5539d937b16ea71555084eb376bdfac174bd57775c720a3213115212f97eb478c9faa9cfee0cefaef6b608a15f82b10306bfbdbf28f07061f6ef235123a90c424e7218a355e0b455e76ef1f0683731d07e28b159546ad1fa0c5c546ac271a5a2f2105f8d06af0597297ad94dc42335afc2be58b5 RSSI=-114 SNR=-1
2026-07-06T17:28:40.032 > p2p rx 0
2026-07-06T17:28:40.033 < >
2026-07-06T17:28:51.038 < >> Ok
2026-07-06T17:28:51.094 < >> radio_rx 43490149abe1190700001a7eabe103791f2a0d00dd0a7dbe29daa636b19b60864d63696b16dcb44acdb4cbaff458c6365ae2cde3146f3e464bbcbe6efb6f513cb502f0602983afa666bbc2fadbe186920ee3a6c35c269bf59f1646bd98ad348073b57f2cc77d6bdaebbe6938a9ebba5e839466faa69b90ef20474d6817948433a0d1ad7f40be04bb8f8aedff3d6027f027c78a4a089ce681d35443e58779d610d1aa6dbdc7b2d9080f9f2aa0c4f4c3ded3be1966988b07cbeebf10cffd267ae29b853152aa374ad830ec089059af4f0518d747932aaa85801468128ca2d251cb0268359aa5e5209e2efe385d071f6c335926 -114 -3
2026-07-06T17:28:51.101 IMG_PACKET 43490149abe1190700001a7eabe103791f2a0d00dd0a7dbe29daa636b19b60864d63696b16dcb44acdb4cbaff458c6365ae2cde3146f3e464bbcbe6efb6f513cb502f0602983afa666bbc2fadbe186920ee3a6c35c269bf59f1646bd98ad348073b57f2cc77d6bdaebbe6938a9ebba5e839466faa69b90ef20474d6817948433a0d1ad7f40be04bb8f8aedff3d6027f027c78a4a089ce681d35443e58779d610d1aa6dbdc7b2d9080f9f2aa0c4f4c3ded3be1966988b07cbeebf10cffd267ae29b853152aa374ad830ec089059af4f0518d747932aaa85801468128ca2d251cb0268359aa5e5209e2efe385d071f6c335926 RSSI=-114 SNR=-3
2026-07-06T17:28:51.135 > p2p rx 0
2026-07-06T17:28:51.140 < >
2026-07-06T17:29:02.136 < >> Ok
2026-07-06T17:29:02.187 < >> radio_rx 43490149abe1190700001a7eabe103791f2a0e00dd7597453167f14f0c3c957db7627bf1665dd6177ddd86353f032db0fd4e858fe655f5ce9252b6878bb5c39f7a30682f78436772913aa56df52f2a31ac00c3e545faba84206e25c518ea66fd9a2678dc0562dd649812ab2c5bcc3b7e03c96ce97abae5fda7fb99f9f3422af89adae629e17b5f529072c33c8d66ada022d021ab266505ba19c2b332794b21809e8094ec932927422101cd763e63b214ef411cb7ef15170bd2cfe4e6e3a632f985549b5f0167e143970b67f9c81b11da73fe85807e47c604e69e74dfeae17d235426ddac684390163bffc00f690d8976ed44 -114 -2
2026-07-06T17:29:02.205 IMG_PACKET 43490149abe1190700001a7eabe103791f2a0e00dd7597453167f14f0c3c957db7627bf1665dd6177ddd86353f032db0fd4e858fe655f5ce9252b6878bb5c39f7a30682f78436772913aa56df52f2a31ac00c3e545faba84206e25c518ea66fd9a2678dc0562dd649812ab2c5bcc3b7e03c96ce97abae5fda7fb99f9f3422af89adae629e17b5f529072c33c8d66ada022d021ab266505ba19c2b332794b21809e8094ec932927422101cd763e63b214ef411cb7ef15170bd2cfe4e6e3a632f985549b5f0167e143970b67f9c81b11da73fe85807e47c604e69e74dfeae17d235426ddac684390163bffc00f690d8976ed44 RSSI=-114 SNR=-2
2026-07-06T17:29:02.235 > p2p rx 0
2026-07-06T17:29:02.236 < >
2026-07-06T17:29:13.234 < >> Ok
2026-07-06T17:29:13.293 < >> radio_rx 43490149abe1190700001a7eabe103791f2a0f00ddf592b892e1125d4e1ddd87d5e7a887f6b904c0705db822977cd1126bde14cfb58a5dcff1f6c6c068e52fc520e2426a6c7502ce5cf5c8a2404cb639a41bbbe494346165b3cd417caf158c3e359cc7eb87527c9cf0c95b3615d119215aee831d58e90f3243b11300a434aeea0388ba112c5dfbc925e84f94d495935b96e47de55866a6574cad6c3f336681ddba1cfc8119abe5b36f20ad50d0c0353eed77ef6ae1b2962cf1789009c8a41201da92e25c4caea0da49eb789332ff15b6698a1362e6ded8b227cd70e324fc100527f0524f2b1cf27aa5de35d32253aff480e2 -113 -6
2026-07-06T17:29:13.303 IMG_PACKET 43490149abe1190700001a7eabe103791f2a0f00ddf592b892e1125d4e1ddd87d5e7a887f6b904c0705db822977cd1126bde14cfb58a5dcff1f6c6c068e52fc520e2426a6c7502ce5cf5c8a2404cb639a41bbbe494346165b3cd417caf158c3e359cc7eb87527c9cf0c95b3615d119215aee831d58e90f3243b11300a434aeea0388ba112c5dfbc925e84f94d495935b96e47de55866a6574cad6c3f336681ddba1cfc8119abe5b36f20ad50d0c0353eed77ef6ae1b2962cf1789009c8a41201da92e25c4caea0da49eb789332ff15b6698a1362e6ded8b227cd70e324fc100527f0524f2b1cf27aa5de35d32253aff480e2 RSSI=-113 SNR=-6
2026-07-06T17:29:13.333 > p2p rx 0
2026-07-06T17:29:13.334 < >
2026-07-06T17:29:24.335 < >> Ok
2026-07-06T17:29:24.387 < >> radio_rx 43490149abe1190700001a7eabe103791f2a1000dd0db6f516bdae177af1bff2c9a46631c718f649cb199ca1bc9b4b585f499322c1fc84cb3aa755a097510c5e357c46d85c4c590503979a2b42893fc2ca4b82ae16f0d371c1b0d3034b0f5eed3e3f7ec21c857f33f2c85d7e5b3984b914bdcc4dac1d54f04f8175a18fc48d8e84a4eaa113904bcb9e3ce97ebcc07a911c0ebe936f892ce3de82af79caecee616d522e7a382cfcc6825376975eb9cc611763acfbf0e47aa727b82d45d03791a195ea60472b4e5d24a2037fe8ce25cca9eeb7fae3d822acb8d0fad39cdaf84bb0408a4a96152deeaa425666c5545ad7b58fb1 -111 6
2026-07-06T17:29:24.397 IMG_PACKET 43490149abe1190700001a7eabe103791f2a1000dd0db6f516bdae177af1bff2c9a46631c718f649cb199ca1bc9b4b585f499322c1fc84cb3aa755a097510c5e357c46d85c4c590503979a2b42893fc2ca4b82ae16f0d371c1b0d3034b0f5eed3e3f7ec21c857f33f2c85d7e5b3984b914bdcc4dac1d54f04f8175a18fc48d8e84a4eaa113904bcb9e3ce97ebcc07a911c0ebe936f892ce3de82af79caecee616d522e7a382cfcc6825376975eb9cc611763acfbf0e47aa727b82d45d03791a195ea60472b4e5d24a2037fe8ce25cca9eeb7fae3d822acb8d0fad39cdaf84bb0408a4a96152deeaa425666c5545ad7b58fb1 RSSI=-111 SNR=6
2026-07-06T17:29:24.431 > p2p rx 0
2026-07-06T17:29:24.442 < >
2026-07-06T17:29:35.435 < >> Ok
2026-07-06T17:29:35.491 < >> radio_rx 43490149abe1190700001a7eabe103791f2a1100dd2061747e5f3bef0807317ac20b8f63d88b05987a36a621bca3dbe221a570bc2c3f08355b191988f4bceb063585f239551bffab98ab15102ed5d700854ab28b5452718f522e1441ead0a1e1d4129068477ae556d69f432a51f46253f13b64d608a7186589c60d4a81ac41e913190fd5c9ec2f666221b6d903509dcd7ec35253972d3bbc9fe293fe17e9301b410dd61591429a1f9e4ec976541afcbf141925140a355351694ec4434eb1d52805b78f6e71e7e71a53d7a3265550e539b24b5347a9a8115821759751b98501b3e71916abaf54e58ff5a1bd1fb5655410b5ed -111 0
2026-07-06T17:29:35.501 IMG_PACKET 43490149abe1190700001a7eabe103791f2a1100dd2061747e5f3bef0807317ac20b8f63d88b05987a36a621bca3dbe221a570bc2c3f08355b191988f4bceb063585f239551bffab98ab15102ed5d700854ab28b5452718f522e1441ead0a1e1d4129068477ae556d69f432a51f46253f13b64d608a7186589c60d4a81ac41e913190fd5c9ec2f666221b6d903509dcd7ec35253972d3bbc9fe293fe17e9301b410dd61591429a1f9e4ec976541afcbf141925140a355351694ec4434eb1d52805b78f6e71e7e71a53d7a3265550e539b24b5347a9a8115821759751b98501b3e71916abaf54e58ff5a1bd1fb5655410b5ed RSSI=-111 SNR=0
2026-07-06T17:29:35.533 > p2p rx 0
2026-07-06T17:29:35.534 < >
2026-07-06T17:29:46.536 < >> Ok
2026-07-06T17:29:46.596 < >> radio_rx 43490149abe1190700001a7eabe103791f2a1200ddcb106f1a8a398815e529169ec92d476bce796f39d103184fc28e528d2e7490ad55f4223fb54be745df2b481479bd3060c1fe0ecad306fbe9963fa9c0efe3940e4cbf419a411558d5109cec5fabd418bdab999ff03dba6d3b06347836b44363d60462571c7c7c339e2a5e493cc48c9a8fa2b3d96a0ff697ca15f40f395fe9d41606310d90847983cf706629ff61d8255aaebe642c80b25b7e34479ba0cb81464765b5bd5fa04416960ad07a0b96e4ebc8d64d9b2909f9028df9f7cc98c49b250da0aa21a541194371b7d7fc69cc2c7aaa7ec77fa18878a41d1f8bd6f9e7 -111 7
2026-07-06T17:29:46.614 IMG_PACKET 43490149abe1190700001a7eabe103791f2a1200ddcb106f1a8a398815e529169ec92d476bce796f39d103184fc28e528d2e7490ad55f4223fb54be745df2b481479bd3060c1fe0ecad306fbe9963fa9c0efe3940e4cbf419a411558d5109cec5fabd418bdab999ff03dba6d3b06347836b44363d60462571c7c7c339e2a5e493cc48c9a8fa2b3d96a0ff697ca15f40f395fe9d41606310d90847983cf706629ff61d8255aaebe642c80b25b7e34479ba0cb81464765b5bd5fa04416960ad07a0b96e4ebc8d64d9b2909f9028df9f7cc98c49b250da0aa21a541194371b7d7fc69cc2c7aaa7ec77fa18878a41d1f8bd6f9e7 RSSI=-111 SNR=7
2026-07-06T17:29:46.634 > p2p rx 0
2026-07-06T17:29:46.643 < >
2026-07-06T17:29:57.635 < >> Ok
2026-07-06T17:29:57.690 < >> radio_rx 43490149abe1190700001a7eabe103791f2a1300dd246f8e5d6e6a396b9abc4a69b9ebe6eafbb419c6be785ed7cfbf61961bc9a7384389ed9e57bc072b55331a909603bdf50c66fea88347e748d02ca94322ba4b67927473d514a5a8a29089cb9088d4bdc4495c799f61cf9c8b8b42ef88f0520da902e37314b8e62c17ae7b6c11007ac3a07d3699ffa81c69b3eb9bb8618a7c960447af4f1e2ceffef9655751512dc3b720a99e590784b134845b3b552d13a719312708b2b6858b8f8d3217092c51590bda41829eb601469f02ac0f9d38ef64ca7a9da962cec8c4fff1389d4f2343f12d8e3b296aa6131e996305fe49dfbc -112 6
2026-07-06T17:29:57.702 IMG_PACKET 43490149abe1190700001a7eabe103791f2a1300dd246f8e5d6e6a396b9abc4a69b9ebe6eafbb419c6be785ed7cfbf61961bc9a7384389ed9e57bc072b55331a909603bdf50c66fea88347e748d02ca94322ba4b67927473d514a5a8a29089cb9088d4bdc4495c799f61cf9c8b8b42ef88f0520da902e37314b8e62c17ae7b6c11007ac3a07d3699ffa81c69b3eb9bb8618a7c960447af4f1e2ceffef9655751512dc3b720a99e590784b134845b3b552d13a719312708b2b6858b8f8d3217092c51590bda41829eb601469f02ac0f9d38ef64ca7a9da962cec8c4fff1389d4f2343f12d8e3b296aa6131e996305fe49dfbc RSSI=-112 SNR=6
2026-07-06T17:29:57.731 > p2p rx 0
2026-07-06T17:29:57.732 < >
2026-07-06T17:30:08.734 < >> Ok
2026-07-06T17:30:08.785 < >> radio_rx 43490149abe1190700001a7eabe103791f2a1400ddafb975a308259ecb4d493cdec7aef65e09ac89e7f2041aa3866c159b79a47c0f147620bdea3806447d70346d94069992d1fade2c0af5a1ead13d6b21a92148c6fffe748cb6f7970e6cd84a8308a6daa8af0297f82c4bd0e25a5f2ef747f37f97e8f4bedf7e1f11147737c840363e11b9f79202b5f9e6b1471f11db7c749482f45e283e8eb8bc2cb58c12daa575a1496f3bb0ee37e0001e70de87d36106992678740ff47828ed8edd12281c118eb6b4134f0c4546da16031d37708cb554f31c3566d80638da4b3fd7539b4ccb4ebd1fab9176584a7c9fe5b732cf02d7bc -115 -5
2026-07-06T17:30:08.810 IMG_PACKET 43490149abe1190700001a7eabe103791f2a1400ddafb975a308259ecb4d493cdec7aef65e09ac89e7f2041aa3866c159b79a47c0f147620bdea3806447d70346d94069992d1fade2c0af5a1ead13d6b21a92148c6fffe748cb6f7970e6cd84a8308a6daa8af0297f82c4bd0e25a5f2ef747f37f97e8f4bedf7e1f11147737c840363e11b9f79202b5f9e6b1471f11db7c749482f45e283e8eb8bc2cb58c12daa575a1496f3bb0ee37e0001e70de87d36106992678740ff47828ed8edd12281c118eb6b4134f0c4546da16031d37708cb554f31c3566d80638da4b3fd7539b4ccb4ebd1fab9176584a7c9fe5b732cf02d7bc RSSI=-115 SNR=-5
2026-07-06T17:30:08.830 > p2p rx 0
2026-07-06T17:30:08.832 < >
2026-07-06T17:30:19.835 < >> Ok
2026-07-06T17:30:19.891 < >> radio_rx 43490149abe1190700001a7eabe103791f2a1500ddeead0ac571167cff4a6a12805fcfb1beaf24e9219bbcd752d50831f74948b8e3e5c2fd5229077757481b79590116362701772d2d0f0a0cb814cccb2416ef9b10818a866f38e4e783039d6c819fa23823c03d5b3c992ef7c730a2d6baca9f5748ee18843b408046d3cbb4fe62f8ba3bdf69b8798aca2bbd83dcdb69a9770fe8295de0608e18c222da49316a012e9946fa463725744d54b9cef826db94e2e94a910c7a37be5ca2f21811a902664f549868600d6ac2482ba946fb2ac0d26914c735ea02f8b9672adcc5986e974fcb7d65a6b57fcedbc5084be8b2e0b98a50 -112 8
2026-07-06T17:30:19.900 IMG_PACKET 43490149abe1190700001a7eabe103791f2a1500ddeead0ac571167cff4a6a12805fcfb1beaf24e9219bbcd752d50831f74948b8e3e5c2fd5229077757481b79590116362701772d2d0f0a0cb814cccb2416ef9b10818a866f38e4e783039d6c819fa23823c03d5b3c992ef7c730a2d6baca9f5748ee18843b408046d3cbb4fe62f8ba3bdf69b8798aca2bbd83dcdb69a9770fe8295de0608e18c222da49316a012e9946fa463725744d54b9cef826db94e2e94a910c7a37be5ca2f21811a902664f549868600d6ac2482ba946fb2ac0d26914c735ea02f8b9672adcc5986e974fcb7d65a6b57fcedbc5084be8b2e0b98a50 RSSI=-112 SNR=8
2026-07-06T17:30:19.933 > p2p rx 0
2026-07-06T17:30:19.935 < >
2026-07-06T17:30:30.936 < >> Ok
2026-07-06T17:30:31.004 < >> radio_rx 43490149abe1190700001a7eabe103791f2a1600ddec720a637b44d882bfa34a7ac895aaf18919cbb9220b1740ee436644fd509739d2a82b82bec72702f9cd7b1362da1f2e0cc72d85f5ea876a3942716062fcad4d82cc310b390b30ff998427b99c7cac07bf9094a6015917f4edeb22e5d40f82fba1bed5bd15f8d06a003ba49f6fe9ffd422e077a02de6cb6f4f89587e62418b38fbad35a0c8058297464c22f871eb7f42e1dc13602a92645fda728ed6a86747844a601a23c4c213bb6f92fb5ff0da0fda2f3a6b992e5248a5d01c0a28b33b38bf41d208e5e59cf6d243de6dad194ebbc2c66e7d08c1679c65d3086444b4 -113 0
2026-07-06T17:30:31.011 IMG_PACKET 43490149abe1190700001a7eabe103791f2a1600ddec720a637b44d882bfa34a7ac895aaf18919cbb9220b1740ee436644fd509739d2a82b82bec72702f9cd7b1362da1f2e0cc72d85f5ea876a3942716062fcad4d82cc310b390b30ff998427b99c7cac07bf9094a6015917f4edeb22e5d40f82fba1bed5bd15f8d06a003ba49f6fe9ffd422e077a02de6cb6f4f89587e62418b38fbad35a0c8058297464c22f871eb7f42e1dc13602a92645fda728ed6a86747844a601a23c4c213bb6f92fb5ff0da0fda2f3a6b992e5248a5d01c0a28b33b38bf41d208e5e59cf6d243de6dad194ebbc2c66e7d08c1679c65d3086444b4 RSSI=-113 SNR=0
2026-07-06T17:30:31.035 > p2p rx 0
2026-07-06T17:30:31.035 < >
2026-07-06T17:30:42.035 < >> Ok
2026-07-06T17:30:42.086 < >> radio_rx 43490149abe1190700001a7eabe103791f2a1700dde29456a40a8725e5f34d761cb2de2ea52173747f55acc8ba2b0eb16cb5a915864c07d48b8071ff555f55c571116c1c6e404da9498fcf44c1ffe612226798f6a6e1f60d401e8d57060f8f9088e71061602272e84a6b4b4ae4cee2e005734915100198c88778a8e697d1c8701180045a553f70da057efe9b95fee590a4a01de9f18abdc24c5b933b1944832572ac4e70af948bccb3957615ac6cb04e3d5dd4fc51613ae12d206dd51397c8dc782e03a6df970231311c9ecdbe96286b00db3a696e10603488af36ac3b36f5e26b33e8d44c29dc30f5cf4905acae161ea2de -113 -2
2026-07-06T17:30:42.115 IMG_PACKET 43490149abe1190700001a7eabe103791f2a1700dde29456a40a8725e5f34d761cb2de2ea52173747f55acc8ba2b0eb16cb5a915864c07d48b8071ff555f55c571116c1c6e404da9498fcf44c1ffe612226798f6a6e1f60d401e8d57060f8f9088e71061602272e84a6b4b4ae4cee2e005734915100198c88778a8e697d1c8701180045a553f70da057efe9b95fee590a4a01de9f18abdc24c5b933b1944832572ac4e70af948bccb3957615ac6cb04e3d5dd4fc51613ae12d206dd51397c8dc782e03a6df970231311c9ecdbe96286b00db3a696e10603488af36ac3b36f5e26b33e8d44c29dc30f5cf4905acae161ea2de RSSI=-113 SNR=-2
2026-07-06T17:30:42.132 > p2p rx 0
2026-07-06T17:30:42.142 < >
2026-07-06T17:30:53.135 < >> Ok
2026-07-06T17:30:53.191 < >> radio_rx 43490149abe1190700001a7eabe103791f2a1800dd4d57fd5c97da2a26499c522fc4f6e164fd162aa8af1b34e520de4a82475ba6e972ef2d9a7b8cc5a897adeff28b4859414a6389743448d5def6c02c2850f44ffeb0cc2494cc59d896c2b0bafb5ada4452e025e4909c8a8fcebddef3b103bcf70cb0b27a2cd3de7ddd0a6ff941d209683dc61aa5fd3a10ebd6238b4021b786474587233c0a76dd7af37252045b8d787460adb675ee2ab0457fde4eb97701f87beb950d4be24e1fd9f8ee71f5d78dbccc98733b5d1a2b6d166579baee8440e1653c44ec162cc4b98b1b704b89d79d2c210057648b71a8e19fe1901e20ba5a -113 -3
2026-07-06T17:30:53.203 IMG_PACKET 43490149abe1190700001a7eabe103791f2a1800dd4d57fd5c97da2a26499c522fc4f6e164fd162aa8af1b34e520de4a82475ba6e972ef2d9a7b8cc5a897adeff28b4859414a6389743448d5def6c02c2850f44ffeb0cc2494cc59d896c2b0bafb5ada4452e025e4909c8a8fcebddef3b103bcf70cb0b27a2cd3de7ddd0a6ff941d209683dc61aa5fd3a10ebd6238b4021b786474587233c0a76dd7af37252045b8d787460adb675ee2ab0457fde4eb97701f87beb950d4be24e1fd9f8ee71f5d78dbccc98733b5d1a2b6d166579baee8440e1653c44ec162cc4b98b1b704b89d79d2c210057648b71a8e19fe1901e20ba5a RSSI=-113 SNR=-3
2026-07-06T17:30:53.233 > p2p rx 0
2026-07-06T17:30:53.238 < >
2026-07-06T17:31:04.238 < >> Ok
2026-07-06T17:31:04.290 < >> radio_rx 43490149abe1190700001a7eabe103791f2a1900dd654f8f85b69ea9b63d5d511b4d33f9ed0c030d9410a7574ce2fd18b6e44598c12204c39dc8f2738abeae69c231b427a9e9c367af2c0d768708ef27cba37ddb8e5f8e017e24ecf710f4a9193aa28eb51728d90341c5b5b8e91a59cbb8103dde83b4a9b419b2d53ad14a3c1069768d983266323e34cd0c833eaa7a5487dc9c06265c4dc05b7b5868103ceff1d14eb4cc3b4da5e6dfffc6bb325974c1e7556c374d81f2fc06a2d3b4252438504c5dbd986508608b688f87a2bcd70c56bb7244fa2f6145c1fcb830487e7c8baa7783b7e65f49a129a74f45764dc326b3fce3 -114 -2
2026-07-06T17:31:04.297 IMG_PACKET 43490149abe1190700001a7eabe103791f2a1900dd654f8f85b69ea9b63d5d511b4d33f9ed0c030d9410a7574ce2fd18b6e44598c12204c39dc8f2738abeae69c231b427a9e9c367af2c0d768708ef27cba37ddb8e5f8e017e24ecf710f4a9193aa28eb51728d90341c5b5b8e91a59cbb8103dde83b4a9b419b2d53ad14a3c1069768d983266323e34cd0c833eaa7a5487dc9c06265c4dc05b7b5868103ceff1d14eb4cc3b4da5e6dfffc6bb325974c1e7556c374d81f2fc06a2d3b4252438504c5dbd986508608b688f87a2bcd70c56bb7244fa2f6145c1fcb830487e7c8baa7783b7e65f49a129a74f45764dc326b3fce3 RSSI=-114 SNR=-2
2026-07-06T17:31:04.336 > p2p rx 0
2026-07-06T17:31:04.337 < >
2026-07-06T17:31:15.334 < >> Ok
2026-07-06T17:31:15.388 < >> radio_rx 43490149abe1190700001a7eabe103791f2a1a00dd9ac9aac16774d47688e829f28659d9c8e9256fc7edc0e5447f7123468d1ec6ebf027ee6e488dd4f4197c0f4828ed5c40c1aa0c7894be3c92b1a26663c9eb4cb28c0a7607419f5431e1b8c0581b1980f4637382667aafd58fa7f2eaf3248e26254e14427fb125910741eef6f61797b1570d7e655cb1ce600d0bffa3bc4a0e22f1ad19297ffd13047e7eaf6548dc351100bf1569c06d19e73bb0126a474112d6f9d87030bd12d7fa872adc6a6a56ca10ac079b569c9df8972402eb7bec02abde70f9f6611cc49aa230a794f715b9bcabce3a9ca3a6a3636b04f332bcb8b5 -115 -4
2026-07-06T17:31:15.401 IMG_PACKET 43490149abe1190700001a7eabe103791f2a1a00dd9ac9aac16774d47688e829f28659d9c8e9256fc7edc0e5447f7123468d1ec6ebf027ee6e488dd4f4197c0f4828ed5c40c1aa0c7894be3c92b1a26663c9eb4cb28c0a7607419f5431e1b8c0581b1980f4637382667aafd58fa7f2eaf3248e26254e14427fb125910741eef6f61797b1570d7e655cb1ce600d0bffa3bc4a0e22f1ad19297ffd13047e7eaf6548dc351100bf1569c06d19e73bb0126a474112d6f9d87030bd12d7fa872adc6a6a56ca10ac079b569c9df8972402eb7bec02abde70f9f6611cc49aa230a794f715b9bcabce3a9ca3a6a3636b04f332bcb8b5 RSSI=-115 SNR=-4
2026-07-06T17:31:15.432 > p2p rx 0
2026-07-06T17:31:15.434 < >
2026-07-06T17:31:26.434 < >> Ok
2026-07-06T17:31:26.485 < >> radio_rx 43490149abe1190700001a7eabe103791f2a1b00ddad1afdde137882f8a8c1fd879795e793f9f09bf5f7597dc44888ecdf645e8fe3353254ada56441f24e856d2ffd13239c2ddc56ffc693f18bff131c048df48b5b7db15c3f0a47c32c6915cb6ec0d401a4e6247fc798deb576ec315eb847b8d2fca3e335d44026e2351bd3755d75dade6bfd5a21309463360ca5638a9fd7842482a9cc5537f52c90f362e4ee49d8e303c39ba47bdf961f0b3690b5f14f1cc91013c28e72c132a68dadd273f825df0628097fe981bad8b0a3ffbdf37114c5fadd7c14536012989707db95521821cc72ec928a7bb37da84ee5484c127fe8fe -114 -5
2026-07-06T17:31:26.491 IMG_PACKET 43490149abe1190700001a7eabe103791f2a1b00ddad1afdde137882f8a8c1fd879795e793f9f09bf5f7597dc44888ecdf645e8fe3353254ada56441f24e856d2ffd13239c2ddc56ffc693f18bff131c048df48b5b7db15c3f0a47c32c6915cb6ec0d401a4e6247fc798deb576ec315eb847b8d2fca3e335d44026e2351bd3755d75dade6bfd5a21309463360ca5638a9fd7842482a9cc5537f52c90f362e4ee49d8e303c39ba47bdf961f0b3690b5f14f1cc91013c28e72c132a68dadd273f825df0628097fe981bad8b0a3ffbdf37114c5fadd7c14536012989707db95521821cc72ec928a7bb37da84ee5484c127fe8fe RSSI=-114 SNR=-5
2026-07-06T17:31:26.532 > p2p rx 0
2026-07-06T17:31:26.534 < >
2026-07-06T17:31:37.534 < >> Ok
2026-07-06T17:31:37.587 < >> radio_rx 43490149abe1190700001a7eabe103791f2a1c00ddadf54c4b27c070b12f46f46bb034fc3efeb1309fc887ba36c00969c10d1270fc6610739b734993730eef69f7b1bd54a0d2c05a2280603b5fa8011110508306530c99500c58a1011e204b15ee2bf4c957cbae9603d966f7ca71b1b94cf8e6bf2de529bd118be8375a69664c397760561a7014934911e74993a8231a575937286a70496803436794c4490d515a1600e13c2e6004de1d727d867cc8bf3212583769ee11ecfd93b4a6758a75518a9b8c6f97fa7cca5b90e08e2d0a7a7b0f51d37e4a5dabccb5788c946b974d97255a7130a4668e160ac4d83042639cff57c2 -112 4
2026-07-06T17:31:37.598 IMG_PACKET 43490149abe1190700001a7eabe103791f2a1c00ddadf54c4b27c070b12f46f46bb034fc3efeb1309fc887ba36c00969c10d1270fc6610739b734993730eef69f7b1bd54a0d2c05a2280603b5fa8011110508306530c99500c58a1011e204b15ee2bf4c957cbae9603d966f7ca71b1b94cf8e6bf2de529bd118be8375a69664c397760561a7014934911e74993a8231a575937286a70496803436794c4490d515a1600e13c2e6004de1d727d867cc8bf3212583769ee11ecfd93b4a6758a75518a9b8c6f97fa7cca5b90e08e2d0a7a7b0f51d37e4a5dabccb5788c946b974d97255a7130a4668e160ac4d83042639cff57c2 RSSI=-112 SNR=4
2026-07-06T17:31:37.631 > p2p rx 0
2026-07-06T17:31:37.631 < >
2026-07-06T17:31:48.634 < >> Ok
2026-07-06T17:31:48.689 < >> radio_rx 43490149abe1190700001a7eabe103791f2a1d00dde457a908ba2b54f5c5292259f96b302b41a50f781362a4c10715783593caa688164405efb719cc0056879b04135430269741695c79214d997a5d0c60fcaed2013e6a82ab8b8a9c37bad64e42a747358568d0f021dcf892674e59d2c494be4b1156c2fba5bc8e657d7fdcdb948fcb5606a45efe034e6e53c9e10e525499d5ae5d3482c6d2dd6662562597d9d8efb465dd1bfcfdecb23591de633daa9a207fbed75132c214fe1901322db3979af23feb4ceb1a65338785046a4eb4774bc49f898013fa1b9835b51172005f0d361b83a01e5e8880f7534d102bc76e3edb02 -112 1
2026-07-06T17:31:48.700 IMG_PACKET 43490149abe1190700001a7eabe103791f2a1d00dde457a908ba2b54f5c5292259f96b302b41a50f781362a4c10715783593caa688164405efb719cc0056879b04135430269741695c79214d997a5d0c60fcaed2013e6a82ab8b8a9c37bad64e42a747358568d0f021dcf892674e59d2c494be4b1156c2fba5bc8e657d7fdcdb948fcb5606a45efe034e6e53c9e10e525499d5ae5d3482c6d2dd6662562597d9d8efb465dd1bfcfdecb23591de633daa9a207fbed75132c214fe1901322db3979af23feb4ceb1a65338785046a4eb4774bc49f898013fa1b9835b51172005f0d361b83a01e5e8880f7534d102bc76e3edb02 RSSI=-112 SNR=1
2026-07-06T17:31:48.732 > p2p rx 0
2026-07-06T17:31:48.733 < >
2026-07-06T17:31:59.734 < >> Ok
2026-07-06T17:31:59.784 < >> radio_rx 43490149abe1190700001a7eabe103791f2a1e00dd42f08fe7259ce3fd0dce4b44074a51530518b77ee951207f271dc6025f3482c894abe5ebed850bceab36e1226a5922b0b91c8ba0ddcbd1fd0ebf0f5c988e9192584740bd676de1a191009829748b9cfc18418843bb067ff91e7111a0cd4ed25f37a01841dadf2e08bafbc8ba98c06bbd8f1f1d77ad45f6a693d74bd0d4993a72bc5c227164b16ca1cf624c59cec8495a706db8d9b0c7126b842ee968c00df46d2e76d1838587d7e2e2cf3af4c4c72602d8ac7482223c3f128b4d926e293a381ea0cc0a2652fbb5916bd4f6c978015650dc18b11b0ae1cd46ffcdd6770b -114 -1
2026-07-06T17:32:00.007 IMG_PACKET 43490149abe1190700001a7eabe103791f2a1e00dd42f08fe7259ce3fd0dce4b44074a51530518b77ee951207f271dc6025f3482c894abe5ebed850bceab36e1226a5922b0b91c8ba0ddcbd1fd0ebf0f5c988e9192584740bd676de1a191009829748b9cfc18418843bb067ff91e7111a0cd4ed25f37a01841dadf2e08bafbc8ba98c06bbd8f1f1d77ad45f6a693d74bd0d4993a72bc5c227164b16ca1cf624c59cec8495a706db8d9b0c7126b842ee968c00df46d2e76d1838587d7e2e2cf3af4c4c72602d8ac7482223c3f128b4d926e293a381ea0cc0a2652fbb5916bd4f6c978015650dc18b11b0ae1cd46ffcdd6770b RSSI=-114 SNR=-1
2026-07-06T17:32:00.008 > p2p rx 0
2026-07-06T17:32:00.008 < >
2026-07-06T17:32:10.834 < >> Ok
2026-07-06T17:32:10.891 < >> radio_rx 43490149abe1190700001a7eabe103791f2a1f00dd42e673d30b12eac137d5486636f023ec04918bb4eb556b418e9f20ad5442a8fb7a994693869452756eddf4dfdf03f5a914436e1429cb3ffec24e93ea6eb3c0ea44e123b5c9aa2fabf3d74eb90295cf78b62650c17647ee5ac4936e65e764df8118e4eb012d994fbf8e494c983e22e5a9bd8809584af36b778301e4cb847c8a53b499690cc546078aa8868a770c48162f77bce28f752a7c3673b930069d95d456e06532a589c20cbdeefab90a5f04d332cfe75a765d3f944e3cddc8c3950d2e734546d3506f34ef7a36c46801b0876dc4ea7c7de57e09c6be4612e767a3 -113 -3
2026-07-06T17:32:10.899 IMG_PACKET 43490149abe1190700001a7eabe103791f2a1f00dd42e673d30b12eac137d5486636f023ec04918bb4eb556b418e9f20ad5442a8fb7a994693869452756eddf4dfdf03f5a914436e1429cb3ffec24e93ea6eb3c0ea44e123b5c9aa2fabf3d74eb90295cf78b62650c17647ee5ac4936e65e764df8118e4eb012d994fbf8e494c983e22e5a9bd8809584af36b778301e4cb847c8a53b499690cc546078aa8868a770c48162f77bce28f752a7c3673b930069d95d456e06532a589c20cbdeefab90a5f04d332cfe75a765d3f944e3cddc8c3950d2e734546d3506f34ef7a36c46801b0876dc4ea7c7de57e09c6be4612e767a3 RSSI=-113 SNR=-3
2026-07-06T17:32:10.932 > p2p rx 0
2026-07-06T17:32:10.933 < >
2026-07-06T17:32:21.936 < >> Ok
2026-07-06T17:32:21.989 < >> radio_rx 43490149abe1190700001a7eabe103791f2a2000ddc858fd3e2ab1623db5cdf5d1f03f91d945321a185bba1439d6c9c96973801cd52ecc3e94d8fd8d569eb0ac820d3cc0f53d2cdb84ed6db77df94f1b63a0c22983b4cb1e19f983698126269a35845f2a4a69cecd4ca572f2ea90ff163920a3f1b3a7d8a00cc79f7a3747f48aad99a3cb95ee1aef232470f5dc1b152e9b80fcf18292c705896c9eeede5a7099e9ab9419de4132feae643239de4ccc97aa994e38ea70d9e5dea21b02c1134cf3adc0f6a8b4342978fbaa7452ab0d5d1be3be614d39cb9e63a993ba48ad045d686359366e540d5aa9490e1996cc7b82b6fbb9 -113 0
2026-07-06T17:32:22.000 IMG_PACKET 43490149abe1190700001a7eabe103791f2a2000ddc858fd3e2ab1623db5cdf5d1f03f91d945321a185bba1439d6c9c96973801cd52ecc3e94d8fd8d569eb0ac820d3cc0f53d2cdb84ed6db77df94f1b63a0c22983b4cb1e19f983698126269a35845f2a4a69cecd4ca572f2ea90ff163920a3f1b3a7d8a00cc79f7a3747f48aad99a3cb95ee1aef232470f5dc1b152e9b80fcf18292c705896c9eeede5a7099e9ab9419de4132feae643239de4ccc97aa994e38ea70d9e5dea21b02c1134cf3adc0f6a8b4342978fbaa7452ab0d5d1be3be614d39cb9e63a993ba48ad045d686359366e540d5aa9490e1996cc7b82b6fbb9 RSSI=-113 SNR=0
2026-07-06T17:32:22.034 > p2p rx 0
2026-07-06T17:32:22.035 < >
2026-07-06T17:32:33.035 < >> Ok
2026-07-06T17:32:33.089 < >> radio_rx 43490149abe1190700001a7eabe103791f2a2100dd6dd92908a65a82ad549b0230ea30717889ff158e85388840edbcb13a09b8a74974d8c00330a5110e8ce42f73b5a375bf4da1dbc55cabbdeceb195b1149eb83877f94e7cc326875d6e72fdb1ee0750c99d3ef1f9b92050b537e9805ce3d15df8a7295ea2e02da71a2f85b413daac718031193cadcd9534a147f73f061ffbb31c80ab55a09cc25e818fa629fb418e4e9219b5a8a791e7352925edc7c803d3326d73ae7ed9e4fa9442d58e3185ae90bccb213fe5b1657cc15c35a4fff6b985781d3cbc6a25f2a398b29bca17b7ecdd6efa230a1c0cc14d00f071277c5f0cf -112 7
2026-07-06T17:32:33.099 IMG_PACKET 43490149abe1190700001a7eabe103791f2a2100dd6dd92908a65a82ad549b0230ea30717889ff158e85388840edbcb13a09b8a74974d8c00330a5110e8ce42f73b5a375bf4da1dbc55cabbdeceb195b1149eb83877f94e7cc326875d6e72fdb1ee0750c99d3ef1f9b92050b537e9805ce3d15df8a7295ea2e02da71a2f85b413daac718031193cadcd9534a147f73f061ffbb31c80ab55a09cc25e818fa629fb418e4e9219b5a8a791e7352925edc7c803d3326d73ae7ed9e4fa9442d58e3185ae90bccb213fe5b1657cc15c35a4fff6b985781d3cbc6a25f2a398b29bca17b7ecdd6efa230a1c0cc14d00f071277c5f0cf RSSI=-112 SNR=7
2026-07-06T17:32:33.132 > p2p rx 0
2026-07-06T17:32:33.134 < >
2026-07-06T17:32:44.135 < >> Ok
2026-07-06T17:32:44.194 < >> radio_rx 43490149abe1190700001a7eabe103791f2a2200dd4236554407db1bf8df7d86bb3b9cb725fbe8664a49dbb453bc0d6da3e06caefea5cac8fd77a5f11a1f20ee7c4eb30d97a462c87ea136a2f9c34e3af691501f2a26bea13bbf3bd82b3440ce204ab8590fb0e1b33aff1e0129da9a039a939f3d6460da6821b8cf9c3a6aeaf19b4facc64e3abe1d8379d70f85d87438718d4ebd4d2e291afa0642c0d74336e2c359c77b747c16f800607a7be90f404ead155c8a725b570ec06380b0c5c0f22ef5ecd6321569b80bb49ba402188334f1b6c84928a4854073b20ac7e23bc9a1fbda6747b9a155dec157c704950deb9194472c -117 -12
2026-07-06T17:32:44.205 IMG_PACKET 43490149abe1190700001a7eabe103791f2a2200dd4236554407db1bf8df7d86bb3b9cb725fbe8664a49dbb453bc0d6da3e06caefea5cac8fd77a5f11a1f20ee7c4eb30d97a462c87ea136a2f9c34e3af691501f2a26bea13bbf3bd82b3440ce204ab8590fb0e1b33aff1e0129da9a039a939f3d6460da6821b8cf9c3a6aeaf19b4facc64e3abe1d8379d70f85d87438718d4ebd4d2e291afa0642c0d74336e2c359c77b747c16f800607a7be90f404ead155c8a725b570ec06380b0c5c0f22ef5ecd6321569b80bb49ba402188334f1b6c84928a4854073b20ac7e23bc9a1fbda6747b9a155dec157c704950deb9194472c RSSI=-117 SNR=-12
2026-07-06T17:32:44.234 > p2p rx 0
2026-07-06T17:32:44.235 < >
