2026-06-09T18:33:06.301 < >> Ok
2026-06-09T18:33:06.353 < >> radio_rx 43490149abe1190700001a7eabe103791f2a0000ddfb5617cab20e4b9be3a5ef9bab9afdffd8c0cf29b637c5461902f1e901c112bd93296d6fec0656ecd8ce5d32e946b494d36045c28748cdfca741f5a3498a45abd5d0e757a7a370f398086f9ca47eae835328b74c0a17d525dbcf6d68e09624beec6cee5aa68d6b4e9486c8281f5a28411fba814eb4813927df79b28714b10625195e7789dc078bfb6a6037110816752a5fcd562f8edcec8b2afc198de314a906518cc5d52ffccb03d117c652217ab5cabfafd1c2a70cf2c9616ad0be68b70a2d3ce91e10e276b4138420f5a861a96a97d6232effb79cbcbccab37458d1 -122 -45
2026-06-09T18:33:06.366 IMG_PACKET 43490149abe1190700001a7eabe103791f2a0000ddfb5617cab20e4b9be3a5ef9bab9afdffd8c0cf29b637c5461902f1e901c112bd93296d6fec0656ecd8ce5d32e946b494d36045c28748cdfca741f5a3498a45abd5d0e757a7a370f398086f9ca47eae835328b74c0a17d525dbcf6d68e09624beec6cee5aa68d6b4e9486c8281f5a28411fba814eb4813927df79b28714b10625195e7789dc078bfb6a6037110816752a5fcd562f8edcec8b2afc198de314a906518cc5d52ffccb03d117c652217ab5cabfafd1c2a70cf2c9616ad0be68b70a2d3ce91e10e276b4138420f5a861a96a97d6232effb79cbcbccab37458d1 RSSI=-122 SNR=-45
2026-06-09T18:33:06.393 > p2p rx 0
2026-06-09T18:33:06.394 < >
2026-06-09T18:33:07.997 < >> Ok
2026-06-09T18:33:08.055 < >> radio_rx 43490149abe1190700001a7eabe103791f2a0100dd3a2004a12b99eecf6fee07458c38246a383b27d973f20b85f8f0f36177fd373805e822e8877b1841761e18c70bd4e2616ff648e182d6c7364d9cd05ba7284549a14fbea648de6462cc86ba91bd689f2ed6c201ed14d3f9992e5d4837c116161db27830a820c93319e1260f70291392dc062e2c1e905aae4972e1dce1d8cf4347c697bd2e2b350ab61c29d5c27b86a7a65c6250126dc52a62cf3fe172a8c61b6baaf2fcefc86463a8b375c17effbbc909abc8c05267f2e750547346096f3bc2aae2f53bbc7dde44ff806676c72b5dc1b8e53054d5f2261299557acfe54a -122 -40
2026-06-09T18:33:08.065 IMG_PACKET 43490149abe1190700001a7eabe103791f2a0100dd3a2004a12b99eecf6fee07458c38246a383b27d973f20b85f8f0f36177fd373805e822e8877b1841761e18c70bd4e2616ff648e182d6c7364d9cd05ba7284549a14fbea648de6462cc86ba91bd689f2ed6c201ed14d3f9992e5d4837c116161db27830a820c93319e1260f70291392dc062e2c1e905aae4972e1dce1d8cf4347c697bd2e2b350ab61c29d5c27b86a7a65c6250126dc52a62cf3fe172a8c61b6baaf2fcefc86463a8b375c17effbbc909abc8c05267f2e750547346096f3bc2aae2f53bbc7dde44ff806676c72b5dc1b8e53054d5f2261299557acfe54a RSSI=-122 SNR=-40
2026-06-09T18:33:08.095 > p2p rx 0
2026-06-09T18:33:08.096 < >
2026-06-09T18:33:09.699 < >> Ok
2026-06-09T18:33:09.758 < >> radio_rx 43490149abe1190700001a7eabe103791f2a0200ddddb0ab687d608a2eafa38c6adbc04567c0bb91e97737aab76b941c68fabeb06d428801bf3094cceb28034a0e2f86d69afa3a6a52f5b9f137f75e0ebfdf4e09230e6c911185c3aa7997405cb5794ad0f6665bcd6c8bdc00bdda6623e31c671e6a1e039ac8f06ecd633b2d58a02fe1161b3d183169e75dc895b233208034e230331966396a8111d9da3bf06a34f7d93a669d29d3dc900ef04dd4b2d7d206f7e9d7d5c327438ae1821ba61f1fbe88e7ea2d73c188291c425ee75eaea7de0551bf748b6dde93fe6608da3670d79d14eaf41ab59a1d0ecc7f030c5be84a3d5a -123 -50
2026-06-09T18:33:09.768 IMG_PACKET 43490149abe1190700001a7eabe103791f2a0200ddddb0ab687d608a2eafa38c6adbc04567c0bb91e97737aab76b941c68fabeb06d428801bf3094cceb28034a0e2f86d69afa3a6a52f5b9f137f75e0ebfdf4e09230e6c911185c3aa7997405cb5794ad0f6665bcd6c8bdc00bdda6623e31c671e6a1e039ac8f06ecd633b2d58a02fe1161b3d183169e75dc895b233208034e230331966396a8111d9da3bf06a34f7d93a669d29d3dc900ef04dd4b2d7d206f7e9d7d5c327438ae1821ba61f1fbe88e7ea2d73c188291c425ee75eaea7de0551bf748b6dde93fe6608da3670d79d14eaf41ab59a1d0ecc7f030c5be84a3d5a RSSI=-123 SNR=-50
2026-06-09T18:33:09.797 > p2p rx 0
2026-06-09T18:33:09.798 < >
2026-06-09T18:33:11.401 < >> Ok
2026-06-09T18:33:11.454 < >> radio_rx 43490149abe1190700001a7eabe103791f2a0300dd76b8a2c8064fa946ce0c6a71294f2931875152251cce98739d59d643878b08bfb308cd169af9a187bcb665269a840a9de097c835b32919b93afd256d85af37bc91868d656b18b61c264cb29f949860c14eeee28f5cc80a62fe60752ec3847ad514a4db94ae5648973a1f41e956fd28abd34e86281633021b07cc0ceda53c9ed029652f9f0aad23f404fc9022ffbbd5d6a434ca3e432771c39e0e6194202814667c4b4a07eecf950e87ff7fedd99693c840f3916b66e3191574c2921d55cfa53f96b93c6b14f63177de6cb4312f70ad3ce63a1dde1101413fc214ff89f3 -122 -38
2026-06-09T18:33:11.462 IMG_PACKET 43490149abe1190700001a7eabe103791f2a0300dd76b8a2c8064fa946ce0c6a71294f2931875152251cce98739d59d643878b08bfb308cd169af9a187bcb665269a840a9de097c835b32919b93afd256d85af37bc91868d656b18b61c264cb29f949860c14eeee28f5cc80a62fe60752ec3847ad514a4db94ae5648973a1f41e956fd28abd34e86281633021b07cc0ceda53c9ed029652f9f0aad23f404fc9022ffbbd5d6a434ca3e432771c39e0e6194202814667c4b4a07eecf950e87ff7fedd99693c840f3916b66e3191574c2921d55cfa53f96b93c6b14f63177de6cb4312f70ad3ce63a1dde1101413fc214ff89f3 RSSI=-122 SNR=-38
2026-06-09T18:33:11.499 > p2p rx 0
2026-06-09T18:33:11.500 < >
2026-06-09T18:33:14.804 < >> Ok
2026-06-09T18:33:14.859 < >> radio_rx 43490149abe1190700001a7eabe103791f2a0500dd5ee52d305e2e5d91f4b886422c8c4f89ea058d0b89f9da8e3d0fb297f54155b7640986033461cd371efdc30b8e89b5637bc85827de26378224146a0784f0e77840d30e1c0daa74dfbd9f235aaa119f0eb3d3f81e128d9f322d664ae549bb9497128cf6ac92c817d3571b9fd8b0f3415d9f0165d5e984acef9b074802a6f58b8d8e755fc7991c396e6afe23869846d6c4324a29b330e008959ef85779d5dd304bc9b37de0d27bbd8d6a04fa09453f9ce1ac10c8cc2a3c1d2d08d21de8db21ec4958295719a71693a6641f79792d8bd369c3e3a0c553dce1e283249a1548 -110 1
2026-06-09T18:33:14.868 IMG_PACKET 43490149abe1190700001a7eabe103791f2a0500dd5ee52d305e2e5d91f4b886422c8c4f89ea058d0b89f9da8e3d0fb297f54155b7640986033461cd371efdc30b8e89b5637bc85827de26378224146a0784f0e77840d30e1c0daa74dfbd9f235aaa119f0eb3d3f81e128d9f322d664ae549bb9497128cf6ac92c817d3571b9fd8b0f3415d9f0165d5e984acef9b074802a6f58b8d8e755fc7991c396e6afe23869846d6c4324a29b330e008959ef85779d5dd304bc9b37de0d27bbd8d6a04fa09453f9ce1ac10c8cc2a3c1d2d08d21de8db21ec4958295719a71693a6641f79792d8bd369c3e3a0c553dce1e283249a1548 RSSI=-110 SNR=1
2026-06-09T18:33:14.902 > p2p rx 0
2026-06-09T18:33:14.903 < >
2026-06-09T18:33:16.505 < >> Ok
2026-06-09T18:33:16.562 < >> radio_rx 43490149abe1190700001a7eabe103791f2a0600dd8a736a4723627f306a2e06147666e4f4c086ce69889a3d4e9ce273ed27519281b3db2116aa567450d185be56c899e1443131a593f42f7a528d350edce79fd986c2e0e4b431f81b1bb97e87ca516d4e4c8211463a6c7a7f32d8f32dc2ac6400b3d139d085499936bc169de9bff923047b0d6387ce10cbc93070920902f6e9195aa00d9a19cc43b273813423fd83a131fe5f5fc120f055658e66a4c846ef09f2b87c39261c26015d5b1de39e51bc82e70128df58bc93bfeb3959e8b40c4d55e9fd7eb2b6e035a9b442a0042c69f808aa422e91208d39efebb000944b5123 -110 -10
2026-06-09T18:33:16.572 IMG_PACKET 43490149abe1190700001a7eabe103791f2a0600dd8a736a4723627f306a2e06147666e4f4c086ce69889a3d4e9ce273ed27519281b3db2116aa567450d185be56c899e1443131a593f42f7a528d350edce79fd986c2e0e4b431f81b1bb97e87ca516d4e4c8211463a6c7a7f32d8f32dc2ac6400b3d139d085499936bc169de9bff923047b0d6387ce10cbc93070920902f6e9195aa00d9a19cc43b273813423fd83a131fe5f5fc120f055658e66a4c846ef09f2b87c39261c26015d5b1de39e51bc82e70128df58bc93bfeb3959e8b40c4d55e9fd7eb2b6e035a9b442a0042c69f808aa422e91208d39efebb000944b5123 RSSI=-110 SNR=-10
2026-06-09T18:33:16.604 > p2p rx 0
2026-06-09T18:33:16.605 < >
2026-06-09T18:33:18.208 < >> Ok
2026-06-09T18:33:18.306 < >> radio_rx 43490149abe1190700001a7eabe103791f2a0700dd3185e5ece10b3bd3a53a3246b44a4c1101e813f306cc4bc2babfd278f2a3eef89670ef1f2f6d689ee49512e479be9a4b090305317c03664ba43646a103bc513c94f4539104899154260b832c92e3aa36a5a5201f01797c81b8552b586675ae1cb08859fde6f357f6cde5f278bbdba848d626c0c6f4d9474678a3ad8f64fc014bcaeccff9b1d324dc81829581f02ee80678eb9bd7f60698fe6ee7baf46e98b6d741dadf08160f7c5241c03c50455f2daf904625f947d0750c2230421ed6e2361877115f31ebe0616711679021bac0c55e2ff51b0e2b238a9c46fb8c9e5d -113 -14
2026-06-09T18:33:18.313 IMG_PACKET 43490149abe1190700001a7eabe103791f2a0700dd3185e5ece10b3bd3a53a3246b44a4c1101e813f306cc4bc2babfd278f2a3eef89670ef1f2f6d689ee49512e479be9a4b090305317c03664ba43646a103bc513c94f4539104899154260b832c92e3aa36a5a5201f01797c81b8552b586675ae1cb08859fde6f357f6cde5f278bbdba848d626c0c6f4d9474678a3ad8f64fc014bcaeccff9b1d324dc81829581f02ee80678eb9bd7f60698fe6ee7baf46e98b6d741dadf08160f7c5241c03c50455f2daf904625f947d0750c2230421ed6e2361877115f31ebe0616711679021bac0c55e2ff51b0e2b238a9c46fb8c9e5d RSSI=-113 SNR=-14
2026-06-09T18:33:18.314 > p2p rx 0
2026-06-09T18:33:18.314 < >
2026-06-09T18:33:19.909 < >> Ok
2026-06-09T18:33:19.962 < >> radio_rx 43490149abe1190700001a7eabe103791f2a0800ddfabbee9492c38f77a172b2c623572151eb29d858891262089fcee66672b77e52ade14d2d06b2b2d567e449890608ed1c7f1c0b1dc1af339f617e4b796ebbcd34abc20b9d1e9c36e7627c007388d74d50b9dbde1bf8e2f947122569bf2da5a6c1409e106f30e14e055178c6a291ecece365548299935aac8f9a7bdda20fe7643293cd4858f550fdb2a0f38b518e51f7bb6312315d16299506d57cf3c3a3d5eb59781f929c4eec2072d5f48db8102c8f54a2c42fa5859bd333282d7a4b50e0c4b02fa51cd5633c2fa4d727dc8413e4cd885004eb2ffc8bdf93b3241b6920 -111 -28
2026-06-09T18:33:19.970 IMG_PACKET 43490149abe1190700001a7eabe103791f2a0800ddfabbee9492c38f77a172b2c623572151eb29d858891262089fcee66672b77e52ade14d2d06b2b2d567e449890608ed1c7f1c0b1dc1af339f617e4b796ebbcd34abc20b9d1e9c36e7627c007388d74d50b9dbde1bf8e2f947122569bf2da5a6c1409e106f30e14e055178c6a291ecece365548299935aac8f9a7bdda20fe7643293cd4858f550fdb2a0f38b518e51f7bb6312315d16299506d57cf3c3a3d5eb59781f929c4eec2072d5f48db8102c8f54a2c42fa5859bd333282d7a4b50e0c4b02fa51cd5633c2fa4d727dc8413e4cd885004eb2ffc8bdf93b3241b6920 RSSI=-111 SNR=-28
2026-06-09T18:33:20.007 > p2p rx 0
2026-06-09T18:33:20.009 < >
2026-06-09T18:33:21.611 < >> Ok
2026-06-09T18:33:21.666 < >> radio_rx 43490149abe1190700001a7eabe103791f2a0900dd398afcee972a0fea794ab9df3f5a368926f169284f8f01a502711752db5f8f2621a3cbce3304017ecad8d1d6307e51fae5795288870a9fce7be7613b096eed26a9d0fcd3f2bbccd5fb9da34cf6129711890835df29ce03ce92182c59c21ededc9a578374833b7c11b9e222d0c1df5df66596d9932b13acc66d3a17d831aa976902a4a71abc0e7790549afef33008ac89238af9e6fe5a886bea5b525c21703d114b1e2bf61064ca94a1bf832bdc0712769b3bed528caa9d9108d1c9efeb05f6afe02e19344965793e307a15882bf7aab74507c654ce2774ef9ec058a98d -107 17
2026-06-09T18:33:21.679 IMG_PACKET 43490149abe1190700001a7eabe103791f2a0900dd398afcee972a0fea794ab9df3f5a368926f169284f8f01a502711752db5f8f2621a3cbce3304017ecad8d1d6307e51fae5795288870a9fce7be7613b096eed26a9d0fcd3f2bbccd5fb9da34cf6129711890835df29ce03ce92182c59c21ededc9a578374833b7c11b9e222d0c1df5df66596d9932b13acc66d3a17d831aa976902a4a71abc0e7790549afef33008ac89238af9e6fe5a886bea5b525c21703d114b1e2bf61064ca94a1bf832bdc0712769b3bed528caa9d9108d1c9efeb05f6afe02e19344965793e307a15882bf7aab74507c654ce2774ef9ec058a98d RSSI=-107 SNR=17
2026-06-09T18:33:21.707 > p2p rx 0
2026-06-09T18:33:21.708 < >
2026-06-09T18:33:23.313 < >> Ok
2026-06-09T18:33:23.370 < >> radio_rx 43490149abe1190700001a7eabe103791f2a0a00dd1e668da6fdf910c70d1c855404c2a2eedb0c49f1ee59aad60e5bbdae7fb39cca8822055177b1285963408f4b889ebd94986d4984c3071fa0c18eaa785058d0dd69e52c73f37b67c3a99fb4c7e4ce2e9400a225f577111da5898fa108142743f0755b6fe95b82765472d273601d41722893a04249c6832814b3a9675b094783d88aca3fe8a59c2974c3676c42b014449cd1719e77fce8055bfc7314fc545518ff375deddc9db49fa7702c8955e667b83537194152c1cf1567a37a38c49f5d4afd2f5d06587b671dfafb11846d69c412646ce57d755924329596c8689f5d -110 13
2026-06-09T18:33:23.380 IMG_PACKET 43490149abe1190700001a7eabe103791f2a0a00dd1e668da6fdf910c70d1c855404c2a2eedb0c49f1ee59aad60e5bbdae7fb39cca8822055177b1285963408f4b889ebd94986d4984c3071fa0c18eaa785058d0dd69e52c73f37b67c3a99fb4c7e4ce2e9400a225f577111da5898fa108142743f0755b6fe95b82765472d273601d41722893a04249c6832814b3a9675b094783d88aca3fe8a59c2974c3676c42b014449cd1719e77fce8055bfc7314fc545518ff375deddc9db49fa7702c8955e667b83537194152c1cf1567a37a38c49f5d4afd2f5d06587b671dfafb11846d69c412646ce57d755924329596c8689f5d RSSI=-110 SNR=13
2026-06-09T18:33:23.410 > p2p rx 0
2026-06-09T18:33:23.413 < >
2026-06-09T18:33:25.014 < >> Ok
2026-06-09T18:33:25.074 < >> radio_rx 43490149abe1190700001a7eabe103791f2a0b00dd9d3bb67f84ed0dec3b8d5a91e5b7adb57536cb7ce4d8b04c0ea073d1945ca2aea5fe3f779b0491765bee2268c1a979d16fb99280cda93184520a8eddd61a08c41aae8c419789774ab841a74e25ecc3a0afa479f337eecc7b73e6535d35aedbacf63fa04577f72b02cc78bedf2722bdf5ea48965dd42282bbbbef55478088a4ffad5a3aa74a2e08b10e13b0e2bed1fdcfb1522afe7f65c3cd0194f0979db62aec21042983253b00554574696ff9eeb752ed5c426979d692d2f1e48da4b3cb16bf290f500359e752f0c11a3d011b81e4c5c2ecc071348d9ca83f3cdf11f1 -108 8
2026-06-09T18:33:25.084 IMG_PACKET 43490149abe1190700001a7eabe103791f2a0b00dd9d3bb67f84ed0dec3b8d5a91e5b7adb57536cb7ce4d8b04c0ea073d1945ca2aea5fe3f779b0491765bee2268c1a979d16fb99280cda93184520a8eddd61a08c41aae8c419789774ab841a74e25ecc3a0afa479f337eecc7b73e6535d35aedbacf63fa04577f72b02cc78bedf2722bdf5ea48965dd42282bbbbef55478088a4ffad5a3aa74a2e08b10e13b0e2bed1fdcfb1522afe7f65c3cd0194f0979db62aec21042983253b00554574696ff9eeb752ed5c426979d692d2f1e48da4b3cb16bf290f500359e752f0c11a3d011b81e4c5c2ecc071348d9ca83f3cdf11f1 RSSI=-108 SNR=8
2026-06-09T18:33:25.113 > p2p rx 0
2026-06-09T18:33:25.115 < >
2026-06-09T18:33:26.715 < >> Ok
2026-06-09T18:33:26.768 < >> radio_rx 43490149abe1190700001a7eabe103791f2a0c00dd5c8acd7643e15a37a00d29559746fe840293e0e45dd7dd24f17d30829408050cd79122f7d74e80d9058aa189308eece8e406c2d383fb1400e1a2e4cc3c9922584ffa583f6cfe6b8f8a738138eadd858cb7dbed896cca2ececfd59faba47e99284770e11c712b61eb8d5539d937b16ea71555084eb376bdfac174bd57775c720a3213115212f97eb478c9faa9cfee0cefaef6b608a15f82b10306bfbdbf28f07061f6ef235123a90c424e7218a355e0b455e76ef1f0683731d07e28b159546ad1fa0c5c546ac271a5a2f2105f8d06af0597297ad94dc42335afc2be58b5 -109 4
2026-06-09T18:33:26.778 IMG_PACKET 43490149abe1190700001a7eabe103791f2a0c00dd5c8acd7643e15a37a00d29559746fe840293e0e45dd7dd24f17d30829408050cd79122f7d74e80d9058aa189308eece8e406c2d383fb1400e1a2e4cc3c9922584ffa583f6cfe6b8f8a738138eadd858cb7dbed896cca2ececfd59faba47e99284770e11c712b61eb8d5539d937b16ea71555084eb376bdfac174bd57775c720a3213115212f97eb478c9faa9cfee0cefaef6b608a15f82b10306bfbdbf28f07061f6ef235123a90c424e7218a355e0b455e76ef1f0683731d07e28b159546ad1fa0c5c546ac271a5a2f2105f8d06af0597297ad94dc42335afc2be58b5 RSSI=-109 SNR=4
2026-06-09T18:33:26.813 > p2p rx 0
2026-06-09T18:33:26.815 < >
2026-06-09T18:33:28.418 < >> Ok
2026-06-09T18:33:28.474 < >> radio_rx 43490149abe1190700001a7eabe103791f2a0d00dd0a7dbe29daa636b19b60864d63696b16dcb44acdb4cbaff458c6365ae2cde3146f3e464bbcbe6efb6f513cb502f0602983afa666bbc2fadbe186920ee3a6c35c269bf59f1646bd98ad348073b57f2cc77d6bdaebbe6938a9ebba5e839466faa69b90ef20474d6817948433a0d1ad7f40be04bb8f8aedff3d6027f027c78a4a089ce681d35443e58779d610d1aa6dbdc7b2d9080f9f2aa0c4f4c3ded3be1966988b07cbeebf10cffd267ae29b853152aa374ad830ec089059af4f0518d747932aaa85801468128ca2d251cb0268359aa5e5209e2efe385d071f6c335926 -112 -10
2026-06-09T18:33:28.484 IMG_PACKET 43490149abe1190700001a7eabe103791f2a0d00dd0a7dbe29daa636b19b60864d63696b16dcb44acdb4cbaff458c6365ae2cde3146f3e464bbcbe6efb6f513cb502f0602983afa666bbc2fadbe186920ee3a6c35c269bf59f1646bd98ad348073b57f2cc77d6bdaebbe6938a9ebba5e839466faa69b90ef20474d6817948433a0d1ad7f40be04bb8f8aedff3d6027f027c78a4a089ce681d35443e58779d610d1aa6dbdc7b2d9080f9f2aa0c4f4c3ded3be1966988b07cbeebf10cffd267ae29b853152aa374ad830ec089059af4f0518d747932aaa85801468128ca2d251cb0268359aa5e5209e2efe385d071f6c335926 RSSI=-112 SNR=-10
2026-06-09T18:33:28.515 > p2p rx 0
2026-06-09T18:33:28.517 < >
2026-06-09T18:33:30.119 < >> Ok
2026-06-09T18:33:30.174 < >> radio_rx 43490149abe1190700001a7eabe103791f2a0e00dd7597453167f14f0c3c957db7627bf1665dd6177ddd86353f032db0fd4e858fe655f5ce9252b6878bb5c39f7a30682f78436772913aa56df52f2a31ac00c3e545faba84206e25c518ea66fd9a2678dc0562dd649812ab2c5bcc3b7e03c96ce97abae5fda7fb99f9f3422af89adae629e17b5f529072c33c8d66ada022d021ab266505ba19c2b332794b21809e8094ec932927422101cd763e63b214ef411cb7ef15170bd2cfe4e6e3a632f985549b5f0167e143970b67f9c81b11da73fe85807e47c604e69e74dfeae17d235426ddac684390163bffc00f690d8976ed44 -111 -13
2026-06-09T18:33:30.183 IMG_PACKET 43490149abe1190700001a7eabe103791f2a0e00dd7597453167f14f0c3c957db7627bf1665dd6177ddd86353f032db0fd4e858fe655f5ce9252b6878bb5c39f7a30682f78436772913aa56df52f2a31ac00c3e545faba84206e25c518ea66fd9a2678dc0562dd649812ab2c5bcc3b7e03c96ce97abae5fda7fb99f9f3422af89adae629e17b5f529072c33c8d66ada022d021ab266505ba19c2b332794b21809e8094ec932927422101cd763e63b214ef411cb7ef15170bd2cfe4e6e3a632f985549b5f0167e143970b67f9c81b11da73fe85807e47c604e69e74dfeae17d235426ddac684390163bffc00f690d8976ed44 RSSI=-111 SNR=-13
2026-06-09T18:33:30.217 > p2p rx 0
2026-06-09T18:33:30.218 < >
2026-06-09T18:33:31.821 < >> Ok
2026-06-09T18:33:31.876 < >> radio_rx 43490149abe1190700001a7eabe103791f2a0f00ddf592b892e1125d4e1ddd87d5e7a887f6b904c0705db822977cd1126bde14cfb58a5dcff1f6c6c068e52fc520e2426a6c7502ce5cf5c8a2404cb639a41bbbe494346165b3cd417caf158c3e359cc7eb87527c9cf0c95b3615d119215aee831d58e90f3243b11300a434aeea0388ba112c5dfbc925e84f94d495935b96e47de55866a6574cad6c3f336681ddba1cfc8119abe5b36f20ad50d0c0353eed77ef6ae1b2962cf1789009c8a41201da92e25c4caea0da49eb789332ff15b6698a1362e6ded8b227cd70e324fc100527f0524f2b1cf27aa5de35d32253aff480e2 -110 -7
2026-06-09T18:33:31.886 IMG_PACKET 43490149abe1190700001a7eabe103791f2a0f00ddf592b892e1125d4e1ddd87d5e7a887f6b904c0705db822977cd1126bde14cfb58a5dcff1f6c6c068e52fc520e2426a6c7502ce5cf5c8a2404cb639a41bbbe494346165b3cd417caf158c3e359cc7eb87527c9cf0c95b3615d119215aee831d58e90f3243b11300a434aeea0388ba112c5dfbc925e84f94d495935b96e47de55866a6574cad6c3f336681ddba1cfc8119abe5b36f20ad50d0c0353eed77ef6ae1b2962cf1789009c8a41201da92e25c4caea0da49eb789332ff15b6698a1362e6ded8b227cd70e324fc100527f0524f2b1cf27aa5de35d32253aff480e2 RSSI=-110 SNR=-7
2026-06-09T18:33:31.919 > p2p rx 0
2026-06-09T18:33:31.921 < >
2026-06-09T18:33:33.522 < >> Ok
2026-06-09T18:33:33.578 < >> radio_rx 43490149abe1190700001a7eabe103791f2a1000dd0db6f516bdae177af1bff2c9a46631c718f649cb199ca1bc9b4b585f499322c1fc84cb3aa755a097510c5e357c46d85c4c590503979a2b42893fc2ca4b82ae16f0d371c1b0d3034b0f5eed3e3f7ec21c857f33f2c85d7e5b3984b914bdcc4dac1d54f04f8175a18fc48d8e84a4eaa113904bcb9e3ce97ebcc07a911c0ebe936f892ce3de82af79caecee616d522e7a382cfcc6825376975eb9cc611763acfbf0e47aa727b82d45d03791a195ea60472b4e5d24a2037fe8ce25cca9eeb7fae3d822acb8d0fad39cdaf84bb0408a4a96152deeaa425666c5545ad7b58fb1 -112 2
2026-06-09T18:33:33.588 IMG_PACKET 43490149abe1190700001a7eabe103791f2a1000dd0db6f516bdae177af1bff2c9a46631c718f649cb199ca1bc9b4b585f499322c1fc84cb3aa755a097510c5e357c46d85c4c590503979a2b42893fc2ca4b82ae16f0d371c1b0d3034b0f5eed3e3f7ec21c857f33f2c85d7e5b3984b914bdcc4dac1d54f04f8175a18fc48d8e84a4eaa113904bcb9e3ce97ebcc07a911c0ebe936f892ce3de82af79caecee616d522e7a382cfcc6825376975eb9cc611763acfbf0e47aa727b82d45d03791a195ea60472b4e5d24a2037fe8ce25cca9eeb7fae3d822acb8d0fad39cdaf84bb0408a4a96152deeaa425666c5545ad7b58fb1 RSSI=-112 SNR=2
2026-06-09T18:33:33.620 > p2p rx 0
2026-06-09T18:33:33.622 < >
2026-06-09T18:33:35.225 < >> Ok
2026-06-09T18:33:35.316 < >> radio_rx 43490149abe1190700001a7eabe103791f2a1100dd2061747e5f3bef0807317ac20b8f63d88b05987a36a621bca3dbe221a570bc2c3f08355b191988f4bceb063585f239551bffab98ab15102ed5d700854ab28b5452718f522e1441ead0a1e1d4129068477ae556d69f432a51f46253f13b64d608a7186589c60d4a81ac41e913190fd5c9ec2f666221b6d903509dcd7ec35253972d3bbc9fe293fe17e9301b410dd61591429a1f9e4ec976541afcbf141925140a355351694ec4434eb1d52805b78f6e71e7e71a53d7a3265550e539b24b5347a9a8115821759751b98501b3e71916abaf54e58ff5a1bd1fb5655410b5ed -111 11
2026-06-09T18:33:35.324 IMG_PACKET 43490149abe1190700001a7eabe103791f2a1100dd2061747e5f3bef0807317ac20b8f63d88b05987a36a621bca3dbe221a570bc2c3f08355b191988f4bceb063585f239551bffab98ab15102ed5d700854ab28b5452718f522e1441ead0a1e1d4129068477ae556d69f432a51f46253f13b64d608a7186589c60d4a81ac41e913190fd5c9ec2f666221b6d903509dcd7ec35253972d3bbc9fe293fe17e9301b410dd61591429a1f9e4ec976541afcbf141925140a355351694ec4434eb1d52805b78f6e71e7e71a53d7a3265550e539b24b5347a9a8115821759751b98501b3e71916abaf54e58ff5a1bd1fb5655410b5ed RSSI=-111 SNR=11
2026-06-09T18:33:35.324 > p2p rx 0
2026-06-09T18:33:35.325 < >
2026-06-09T18:33:36.927 < >> Ok
2026-06-09T18:33:36.982 < >> radio_rx 43490149abe1190700001a7eabe103791f2a1200ddcb106f1a8a398815e529169ec92d476bce796f39d103184fc28e528d2e7490ad55f4223fb54be745df2b481479bd3060c1fe0ecad306fbe9963fa9c0efe3940e4cbf419a411558d5109cec5fabd418bdab999ff03dba6d3b06347836b44363d60462571c7c7c339e2a5e493cc48c9a8fa2b3d96a0ff697ca15f40f395fe9d41606310d90847983cf706629ff61d8255aaebe642c80b25b7e34479ba0cb81464765b5bd5fa04416960ad07a0b96e4ebc8d64d9b2909f9028df9f7cc98c49b250da0aa21a541194371b7d7fc69cc2c7aaa7ec77fa18878a41d1f8bd6f9e7 -115 -8
2026-06-09T18:33:36.991 IMG_PACKET 43490149abe1190700001a7eabe103791f2a1200ddcb106f1a8a398815e529169ec92d476bce796f39d103184fc28e528d2e7490ad55f4223fb54be745df2b481479bd3060c1fe0ecad306fbe9963fa9c0efe3940e4cbf419a411558d5109cec5fabd418bdab999ff03dba6d3b06347836b44363d60462571c7c7c339e2a5e493cc48c9a8fa2b3d96a0ff697ca15f40f395fe9d41606310d90847983cf706629ff61d8255aaebe642c80b25b7e34479ba0cb81464765b5bd5fa04416960ad07a0b96e4ebc8d64d9b2909f9028df9f7cc98c49b250da0aa21a541194371b7d7fc69cc2c7aaa7ec77fa18878a41d1f8bd6f9e7 RSSI=-115 SNR=-8
2026-06-09T18:33:37.023 > p2p rx 0
2026-06-09T18:33:37.025 < >
2026-06-09T18:33:38.627 < >> Ok
2026-06-09T18:33:38.679 < >> radio_rx 43490149abe1190700001a7eabe103791f2a1300dd246f8e5d6e6a396b9abc4a69b9ebe6eafbb419c6be785ed7cfbf61961bc9a7384389ed9e57bc072b55331a909603bdf50c66fea88347e748d02ca94322ba4b67927473d514a5a8a29089cb9088d4bdc4495c799f61cf9c8b8b42ef88f0520da902e37314b8e62c17ae7b6c11007ac3a07d3699ffa81c69b3eb9bb8618a7c960447af4f1e2ceffef9655751512dc3b720a99e590784b134845b3b552d13a719312708b2b6858b8f8d3217092c51590bda41829eb601469f02ac0f9d38ef64ca7a9da962cec8c4fff1389d4f2343f12d8e3b296aa6131e996305fe49dfbc -114 0
2026-06-09T18:33:38.686 IMG_PACKET 43490149abe1190700001a7eabe103791f2a1300dd246f8e5d6e6a396b9abc4a69b9ebe6eafbb419c6be785ed7cfbf61961bc9a7384389ed9e57bc072b55331a909603bdf50c66fea88347e748d02ca94322ba4b67927473d514a5a8a29089cb9088d4bdc4495c799f61cf9c8b8b42ef88f0520da902e37314b8e62c17ae7b6c11007ac3a07d3699ffa81c69b3eb9bb8618a7c960447af4f1e2ceffef9655751512dc3b720a99e590784b134845b3b552d13a719312708b2b6858b8f8d3217092c51590bda41829eb601469f02ac0f9d38ef64ca7a9da962cec8c4fff1389d4f2343f12d8e3b296aa6131e996305fe49dfbc RSSI=-114 SNR=0
2026-06-09T18:33:38.726 > p2p rx 0
2026-06-09T18:33:38.727 < >
2026-06-09T18:33:40.329 < >> Ok
2026-06-09T18:33:40.388 < >> radio_rx 43490149abe1190700001a7eabe103791f2a1400ddafb975a308259ecb4d493cdec7aef65e09ac89e7f2041aa3866c159b79a47c0f147620bdea3806447d70346d94069992d1fade2c0af5a1ead13d6b21a92148c6fffe748cb6f7970e6cd84a8308a6daa8af0297f82c4bd0e25a5f2ef747f37f97e8f4bedf7e1f11147737c840363e11b9f79202b5f9e6b1471f11db7c749482f45e283e8eb8bc2cb58c12daa575a1496f3bb0ee37e0001e70de87d36106992678740ff47828ed8edd12281c118eb6b4134f0c4546da16031d37708cb554f31c3566d80638da4b3fd7539b4ccb4ebd1fab9176584a7c9fe5b732cf02d7bc -113 0
2026-06-09T18:33:40.399 IMG_PACKET 43490149abe1190700001a7eabe103791f2a1400ddafb975a308259ecb4d493cdec7aef65e09ac89e7f2041aa3866c159b79a47c0f147620bdea3806447d70346d94069992d1fade2c0af5a1ead13d6b21a92148c6fffe748cb6f7970e6cd84a8308a6daa8af0297f82c4bd0e25a5f2ef747f37f97e8f4bedf7e1f11147737c840363e11b9f79202b5f9e6b1471f11db7c749482f45e283e8eb8bc2cb58c12daa575a1496f3bb0ee37e0001e70de87d36106992678740ff47828ed8edd12281c118eb6b4134f0c4546da16031d37708cb554f31c3566d80638da4b3fd7539b4ccb4ebd1fab9176584a7c9fe5b732cf02d7bc RSSI=-113 SNR=0
2026-06-09T18:33:40.427 > p2p rx 0
2026-06-09T18:33:40.432 < >
2026-06-09T18:33:42.031 < >> Ok
2026-06-09T18:33:42.084 < >> radio_rx 43490149abe1190700001a7eabe103791f2a1500ddeead0ac571167cff4a6a12805fcfb1beaf24e9219bbcd752d50831f74948b8e3e5c2fd5229077757481b79590116362701772d2d0f0a0cb814cccb2416ef9b10818a866f38e4e783039d6c819fa23823c03d5b3c992ef7c730a2d6baca9f5748ee18843b408046d3cbb4fe62f8ba3bdf69b8798aca2bbd83dcdb69a9770fe8295de0608e18c222da49316a012e9946fa463725744d54b9cef826db94e2e94a910c7a37be5ca2f21811a902664f549868600d6ac2482ba946fb2ac0d26914c735ea02f8b9672adcc5986e974fcb7d65a6b57fcedbc5084be8b2e0b98a50 -112 4
2026-06-09T18:33:42.091 IMG_PACKET 43490149abe1190700001a7eabe103791f2a1500ddeead0ac571167cff4a6a12805fcfb1beaf24e9219bbcd752d50831f74948b8e3e5c2fd5229077757481b79590116362701772d2d0f0a0cb814cccb2416ef9b10818a866f38e4e783039d6c819fa23823c03d5b3c992ef7c730a2d6baca9f5748ee18843b408046d3cbb4fe62f8ba3bdf69b8798aca2bbd83dcdb69a9770fe8295de0608e18c222da49316a012e9946fa463725744d54b9cef826db94e2e94a910c7a37be5ca2f21811a902664f549868600d6ac2482ba946fb2ac0d26914c735ea02f8b9672adcc5986e974fcb7d65a6b57fcedbc5084be8b2e0b98a50 RSSI=-112 SNR=4
2026-06-09T18:33:42.128 > p2p rx 0
2026-06-09T18:33:42.129 < >
2026-06-09T18:33:43.732 < >> Ok
2026-06-09T18:33:43.791 < >> radio_rx 43490149abe1190700001a7eabe103791f2a1600ddec720a637b44d882bfa34a7ac895aaf18919cbb9220b1740ee436644fd509739d2a82b82bec72702f9cd7b1362da1f2e0cc72d85f5ea876a3942716062fcad4d82cc310b390b30ff998427b99c7cac07bf9094a6015917f4edeb22e5d40f82fba1bed5bd15f8d06a003ba49f6fe9ffd422e077a02de6cb6f4f89587e62418b38fbad35a0c8058297464c22f871eb7f42e1dc13602a92645fda728ed6a86747844a601a23c4c213bb6f92fb5ff0da0fda2f3a6b992e5248a5d01c0a28b33b38bf41d208e5e59cf6d243de6dad194ebbc2c66e7d08c1679c65d3086444b4 -113 11
2026-06-09T18:33:43.802 IMG_PACKET 43490149abe1190700001a7eabe103791f2a1600ddec720a637b44d882bfa34a7ac895aaf18919cbb9220b1740ee436644fd509739d2a82b82bec72702f9cd7b1362da1f2e0cc72d85f5ea876a3942716062fcad4d82cc310b390b30ff998427b99c7cac07bf9094a6015917f4edeb22e5d40f82fba1bed5bd15f8d06a003ba49f6fe9ffd422e077a02de6cb6f4f89587e62418b38fbad35a0c8058297464c22f871eb7f42e1dc13602a92645fda728ed6a86747844a601a23c4c213bb6f92fb5ff0da0fda2f3a6b992e5248a5d01c0a28b33b38bf41d208e5e59cf6d243de6dad194ebbc2c66e7d08c1679c65d3086444b4 RSSI=-113 SNR=11
2026-06-09T18:33:43.830 > p2p rx 0
2026-06-09T18:33:43.833 < >
2026-06-09T18:33:45.434 < >> Ok
2026-06-09T18:33:45.488 < >> radio_rx 43490149abe1190700001a7eabe103791f2a1700dde29456a40a8725e5f34d761cb2de2ea52173747f55acc8ba2b0eb16cb5a915864c07d48b8071ff555f55c571116c1c6e404da9498fcf44c1ffe612226798f6a6e1f60d401e8d57060f8f9088e71061602272e84a6b4b4ae4cee2e005734915100198c88778a8e697d1c8701180045a553f70da057efe9b95fee590a4a01de9f18abdc24c5b933b1944832572ac4e70af948bccb3957615ac6cb04e3d5dd4fc51613ae12d206dd51397c8dc782e03a6df970231311c9ecdbe96286b00db3a696e10603488af36ac3b36f5e26b33e8d44c29dc30f5cf4905acae161ea2de -113 0
2026-06-09T18:33:45.495 IMG_PACKET 43490149abe1190700001a7eabe103791f2a1700dde29456a40a8725e5f34d761cb2de2ea52173747f55acc8ba2b0eb16cb5a915864c07d48b8071ff555f55c571116c1c6e404da9498fcf44c1ffe612226798f6a6e1f60d401e8d57060f8f9088e71061602272e84a6b4b4ae4cee2e005734915100198c88778a8e697d1c8701180045a553f70da057efe9b95fee590a4a01de9f18abdc24c5b933b1944832572ac4e70af948bccb3957615ac6cb04e3d5dd4fc51613ae12d206dd51397c8dc782e03a6df970231311c9ecdbe96286b00db3a696e10603488af36ac3b36f5e26b33e8d44c29dc30f5cf4905acae161ea2de RSSI=-113 SNR=0
2026-06-09T18:33:45.533 > p2p rx 0
2026-06-09T18:33:45.534 < >
2026-06-09T18:33:47.136 < >> Ok
2026-06-09T18:33:47.191 < >> radio_rx 43490149abe1190700001a7eabe103791f2a1800dd4d57fd5c97da2a26499c522fc4f6e164fd162aa8af1b34e520de4a82475ba6e972ef2d9a7b8cc5a897adeff28b4859414a6389743448d5def6c02c2850f44ffeb0cc2494cc59d896c2b0bafb5ada4452e025e4909c8a8fcebddef3b103bcf70cb0b27a2cd3de7ddd0a6ff941d209683dc61aa5fd3a10ebd6238b4021b786474587233c0a76dd7af37252045b8d787460adb675ee2ab0457fde4eb97701f87beb950d4be24e1fd9f8ee71f5d78dbccc98733b5d1a2b6d166579baee8440e1653c44ec162cc4b98b1b704b89d79d2c210057648b71a8e19fe1901e20ba5a -112 9
2026-06-09T18:33:47.202 IMG_PACKET 43490149abe1190700001a7eabe103791f2a1800dd4d57fd5c97da2a26499c522fc4f6e164fd162aa8af1b34e520de4a82475ba6e972ef2d9a7b8cc5a897adeff28b4859414a6389743448d5def6c02c2850f44ffeb0cc2494cc59d896c2b0bafb5ada4452e025e4909c8a8fcebddef3b103bcf70cb0b27a2cd3de7ddd0a6ff941d209683dc61aa5fd3a10ebd6238b4021b786474587233c0a76dd7af37252045b8d787460adb675ee2ab0457fde4eb97701f87beb950d4be24e1fd9f8ee71f5d78dbccc98733b5d1a2b6d166579baee8440e1653c44ec162cc4b98b1b704b89d79d2c210057648b71a8e19fe1901e20ba5a RSSI=-112 SNR=9
2026-06-09T18:33:47.234 > p2p rx 0
2026-06-09T18:33:47.236 < >
2026-06-09T18:33:48.837 < >> Ok
2026-06-09T18:33:48.893 < >> radio_rx 43490149abe1190700001a7eabe103791f2a1900dd654f8f85b69ea9b63d5d511b4d33f9ed0c030d9410a7574ce2fd18b6e44598c12204c39dc8f2738abeae69c231b427a9e9c367af2c0d768708ef27cba37ddb8e5f8e017e24ecf710f4a9193aa28eb51728d90341c5b5b8e91a59cbb8103dde83b4a9b419b2d53ad14a3c1069768d983266323e34cd0c833eaa7a5487dc9c06265c4dc05b7b5868103ceff1d14eb4cc3b4da5e6dfffc6bb325974c1e7556c374d81f2fc06a2d3b4252438504c5dbd986508608b688f87a2bcd70c56bb7244fa2f6145c1fcb830487e7c8baa7783b7e65f49a129a74f45764dc326b3fce3 -113 4
2026-06-09T18:33:48.903 IMG_PACKET 43490149abe1190700001a7eabe103791f2a1900dd654f8f85b69ea9b63d5d511b4d33f9ed0c030d9410a7574ce2fd18b6e44598c12204c39dc8f2738abeae69c231b427a9e9c367af2c0d768708ef27cba37ddb8e5f8e017e24ecf710f4a9193aa28eb51728d90341c5b5b8e91a59cbb8103dde83b4a9b419b2d53ad14a3c1069768d983266323e34cd0c833eaa7a5487dc9c06265c4dc05b7b5868103ceff1d14eb4cc3b4da5e6dfffc6bb325974c1e7556c374d81f2fc06a2d3b4252438504c5dbd986508608b688f87a2bcd70c56bb7244fa2f6145c1fcb830487e7c8baa7783b7e65f49a129a74f45764dc326b3fce3 RSSI=-113 SNR=4
2026-06-09T18:33:48.935 > p2p rx 0
2026-06-09T18:33:48.936 < >
2026-06-09T18:33:50.540 < >> Ok
2026-06-09T18:33:50.594 < >> radio_rx 43490149abe1190700001a7eabe103791f2a1a00dd9ac9aac16774d47688e829f28659d9c8e9256fc7edc0e5447f7123468d1ec6ebf027ee6e488dd4f4197c0f4828ed5c40c1aa0c7894be3c92b1a26663c9eb4cb28c0a7607419f5431e1b8c0581b1980f4637382667aafd58fa7f2eaf3248e26254e14427fb125910741eef6f61797b1570d7e655cb1ce600d0bffa3bc4a0e22f1ad19297ffd13047e7eaf6548dc351100bf1569c06d19e73bb0126a474112d6f9d87030bd12d7fa872adc6a6a56ca10ac079b569c9df8972402eb7bec02abde70f9f6611cc49aa230a794f715b9bcabce3a9ca3a6a3636b04f332bcb8b5 -112 6
2026-06-09T18:33:50.607 IMG_PACKET 43490149abe1190700001a7eabe103791f2a1a00dd9ac9aac16774d47688e829f28659d9c8e9256fc7edc0e5447f7123468d1ec6ebf027ee6e488dd4f4197c0f4828ed5c40c1aa0c7894be3c92b1a26663c9eb4cb28c0a7607419f5431e1b8c0581b1980f4637382667aafd58fa7f2eaf3248e26254e14427fb125910741eef6f61797b1570d7e655cb1ce600d0bffa3bc4a0e22f1ad19297ffd13047e7eaf6548dc351100bf1569c06d19e73bb0126a474112d6f9d87030bd12d7fa872adc6a6a56ca10ac079b569c9df8972402eb7bec02abde70f9f6611cc49aa230a794f715b9bcabce3a9ca3a6a3636b04f332bcb8b5 RSSI=-112 SNR=6
2026-06-09T18:33:50.637 > p2p rx 0
2026-06-09T18:33:50.638 < >
2026-06-09T18:33:52.241 < >> Ok
2026-06-09T18:33:52.297 < >> radio_rx 43490149abe1190700001a7eabe103791f2a1b00ddad1afdde137882f8a8c1fd879795e793f9f09bf5f7597dc44888ecdf645e8fe3353254ada56441f24e856d2ffd13239c2ddc56ffc693f18bff131c048df48b5b7db15c3f0a47c32c6915cb6ec0d401a4e6247fc798deb576ec315eb847b8d2fca3e335d44026e2351bd3755d75dade6bfd5a21309463360ca5638a9fd7842482a9cc5537f52c90f362e4ee49d8e303c39ba47bdf961f0b3690b5f14f1cc91013c28e72c132a68dadd273f825df0628097fe981bad8b0a3ffbdf37114c5fadd7c14536012989707db95521821cc72ec928a7bb37da84ee5484c127fe8fe -123 -37
2026-06-09T18:33:52.308 IMG_PACKET 43490149abe1190700001a7eabe103791f2a1b00ddad1afdde137882f8a8c1fd879795e793f9f09bf5f7597dc44888ecdf645e8fe3353254ada56441f24e856d2ffd13239c2ddc56ffc693f18bff131c048df48b5b7db15c3f0a47c32c6915cb6ec0d401a4e6247fc798deb576ec315eb847b8d2fca3e335d44026e2351bd3755d75dade6bfd5a21309463360ca5638a9fd7842482a9cc5537f52c90f362e4ee49d8e303c39ba47bdf961f0b3690b5f14f1cc91013c28e72c132a68dadd273f825df0628097fe981bad8b0a3ffbdf37114c5fadd7c14536012989707db95521821cc72ec928a7bb37da84ee5484c127fe8fe RSSI=-123 SNR=-37
2026-06-09T18:33:52.339 > p2p rx 0
2026-06-09T18:33:52.340 < >
2026-06-09T18:33:53.920 < >> Ok
2026-06-09T18:33:53.921 < >> radio_err
2026-06-09T18:33:54.221 > p2p rx 0
2026-06-09T18:33:54.222 < >
2026-06-09T18:33:57.346 < >> Ok
2026-06-09T18:33:57.399 < >> radio_rx 43490149abe1190700001a7eabe103791f2a1e00dd42f08fe7259ce3fd0dce4b44074a51530518b77ee951207f271dc6025f3482c894abe5ebed850bceab36e1226a5922b0b91c8ba0ddcbd1fd0ebf0f5c988e9192584740bd676de1a191009829748b9cfc18418843bb067ff91e7111a0cd4ed25f37a01841dadf2e08bafbc8ba98c06bbd8f1f1d77ad45f6a693d74bd0d4993a72bc5c227164b16ca1cf624c59cec8495a706db8d9b0c7126b842ee968c00df46d2e76d1838587d7e2e2cf3af4c4c72602d8ac7482223c3f128b4d926e293a381ea0cc0a2652fbb5916bd4f6c978015650dc18b11b0ae1cd46ffcdd6770b -109 23
2026-06-09T18:33:57.405 IMG_PACKET 43490149abe1190700001a7eabe103791f2a1e00dd42f08fe7259ce3fd0dce4b44074a51530518b77ee951207f271dc6025f3482c894abe5ebed850bceab36e1226a5922b0b91c8ba0ddcbd1fd0ebf0f5c988e9192584740bd676de1a191009829748b9cfc18418843bb067ff91e7111a0cd4ed25f37a01841dadf2e08bafbc8ba98c06bbd8f1f1d77ad45f6a693d74bd0d4993a72bc5c227164b16ca1cf624c59cec8495a706db8d9b0c7126b842ee968c00df46d2e76d1838587d7e2e2cf3af4c4c72602d8ac7482223c3f128b4d926e293a381ea0cc0a2652fbb5916bd4f6c978015650dc18b11b0ae1cd46ffcdd6770b RSSI=-109 SNR=23
2026-06-09T18:33:57.444 > p2p rx 0
2026-06-09T18:33:57.445 < >
2026-06-09T18:33:59.048 < >> Ok
2026-06-09T18:33:59.105 < >> radio_rx 43490149abe1190700001a7eabe103791f2a1f00dd42e673d30b12eac137d5486636f023ec04918bb4eb556b418e9f20ad5442a8fb7a994693869452756eddf4dfdf03f5a914436e1429cb3ffec24e93ea6eb3c0ea44e123b5c9aa2fabf3d74eb90295cf78b62650c17647ee5ac4936e65e764df8118e4eb012d994fbf8e494c983e22e5a9bd8809584af36b778301e4cb847c8a53b499690cc546078aa8868a770c48162f77bce28f752a7c3673b930069d95d456e06532a589c20cbdeefab90a5f04d332cfe75a765d3f944e3cddc8c3950d2e734546d3506f34ef7a36c46801b0876dc4ea7c7de57e09c6be4612e767a3 -113 12
2026-06-09T18:33:59.115 IMG_PACKET 43490149abe1190700001a7eabe103791f2a1f00dd42e673d30b12eac137d5486636f023ec04918bb4eb556b418e9f20ad5442a8fb7a994693869452756eddf4dfdf03f5a914436e1429cb3ffec24e93ea6eb3c0ea44e123b5c9aa2fabf3d74eb90295cf78b62650c17647ee5ac4936e65e764df8118e4eb012d994fbf8e494c983e22e5a9bd8809584af36b778301e4cb847c8a53b499690cc546078aa8868a770c48162f77bce28f752a7c3673b930069d95d456e06532a589c20cbdeefab90a5f04d332cfe75a765d3f944e3cddc8c3950d2e734546d3506f34ef7a36c46801b0876dc4ea7c7de57e09c6be4612e767a3 RSSI=-113 SNR=12
2026-06-09T18:33:59.146 > p2p rx 0
2026-06-09T18:33:59.147 < >
2026-06-09T18:34:00.750 < >> Ok
2026-06-09T18:34:00.808 < >> radio_rx 43490149abe1190700001a7eabe103791f2a2000ddc858fd3e2ab1623db5cdf5d1f03f91d945321a185bba1439d6c9c96973801cd52ecc3e94d8fd8d569eb0ac820d3cc0f53d2cdb84ed6db77df94f1b63a0c22983b4cb1e19f983698126269a35845f2a4a69cecd4ca572f2ea90ff163920a3f1b3a7d8a00cc79f7a3747f48aad99a3cb95ee1aef232470f5dc1b152e9b80fcf18292c705896c9eeede5a7099e9ab9419de4132feae643239de4ccc97aa994e38ea70d9e5dea21b02c1134cf3adc0f6a8b4342978fbaa7452ab0d5d1be3be614d39cb9e63a993ba48ad045d686359366e540d5aa9490e1996cc7b82b6fbb9 -112 16
2026-06-09T18:34:00.817 IMG_PACKET 43490149abe1190700001a7eabe103791f2a2000ddc858fd3e2ab1623db5cdf5d1f03f91d945321a185bba1439d6c9c96973801cd52ecc3e94d8fd8d569eb0ac820d3cc0f53d2cdb84ed6db77df94f1b63a0c22983b4cb1e19f983698126269a35845f2a4a69cecd4ca572f2ea90ff163920a3f1b3a7d8a00cc79f7a3747f48aad99a3cb95ee1aef232470f5dc1b152e9b80fcf18292c705896c9eeede5a7099e9ab9419de4132feae643239de4ccc97aa994e38ea70d9e5dea21b02c1134cf3adc0f6a8b4342978fbaa7452ab0d5d1be3be614d39cb9e63a993ba48ad045d686359366e540d5aa9490e1996cc7b82b6fbb9 RSSI=-112 SNR=16
2026-06-09T18:34:00.848 > p2p rx 0
2026-06-09T18:34:00.849 < >
2026-06-09T18:34:02.451 < >> Ok
2026-06-09T18:34:02.509 < >> radio_rx 43490149abe1190700001a7eabe103791f2a2100dd6dd92908a65a82ad549b0230ea30717889ff158e85388840edbcb13a09b8a74974d8c00330a5110e8ce42f73b5a375bf4da1dbc55cabbdeceb195b1149eb83877f94e7cc326875d6e72fdb1ee0750c99d3ef1f9b92050b537e9805ce3d15df8a7295ea2e02da71a2f85b413daac718031193cadcd9534a147f73f061ffbb31c80ab55a09cc25e818fa629fb418e4e9219b5a8a791e7352925edc7c803d3326d73ae7ed9e4fa9442d58e3185ae90bccb213fe5b1657cc15c35a4fff6b985781d3cbc6a25f2a398b29bca17b7ecdd6efa230a1c0cc14d00f071277c5f0cf -111 17
2026-06-09T18:34:02.786 IMG_PACKET 43490149abe1190700001a7eabe103791f2a2100dd6dd92908a65a82ad549b0230ea30717889ff158e85388840edbcb13a09b8a74974d8c00330a5110e8ce42f73b5a375bf4da1dbc55cabbdeceb195b1149eb83877f94e7cc326875d6e72fdb1ee0750c99d3ef1f9b92050b537e9805ce3d15df8a7295ea2e02da71a2f85b413daac718031193cadcd9534a147f73f061ffbb31c80ab55a09cc25e818fa629fb418e4e9219b5a8a791e7352925edc7c803d3326d73ae7ed9e4fa9442d58e3185ae90bccb213fe5b1657cc15c35a4fff6b985781d3cbc6a25f2a398b29bca17b7ecdd6efa230a1c0cc14d00f071277c5f0cf RSSI=-111 SNR=17
2026-06-09T18:34:03.067 > p2p rx 0
2026-06-09T18:34:03.067 < >
2026-06-09T18:34:04.153 < >> Ok
2026-06-09T18:34:04.209 < >> radio_rx 43490149abe1190700001a7eabe103791f2a2200dd4236554407db1bf8df7d86bb3b9cb725fbe8664a49dbb453bc0d6da3e06caefea5cac8fd77a5f11a1f20ee7c4eb30d97a462c87ea136a2f9c34e3af691501f2a26bea13bbf3bd82b3440ce204ab8590fb0e1b33aff1e0129da9a039a939f3d6460da6821b8cf9c3a6aeaf19b4facc64e3abe1d8379d70f85d87438718d4ebd4d2e291afa0642c0d74336e2c359c77b747c16f800607a7be90f404ead155c8a725b570ec06380b0c5c0f22ef5ecd6321569b80bb49ba402188334f1b6c84928a4854073b20ac7e23bc9a1fbda6747b9a155dec157c704950deb9194472c -110 23
2026-06-09T18:34:04.498 IMG_PACKET 43490149abe1190700001a7eabe103791f2a2200dd4236554407db1bf8df7d86bb3b9cb725fbe8664a49dbb453bc0d6da3e06caefea5cac8fd77a5f11a1f20ee7c4eb30d97a462c87ea136a2f9c34e3af691501f2a26bea13bbf3bd82b3440ce204ab8590fb0e1b33aff1e0129da9a039a939f3d6460da6821b8cf9c3a6aeaf19b4facc64e3abe1d8379d70f85d87438718d4ebd4d2e291afa0642c0d74336e2c359c77b747c16f800607a7be90f404ead155c8a725b570ec06380b0c5c0f22ef5ecd6321569b80bb49ba402188334f1b6c84928a4854073b20ac7e23bc9a1fbda6747b9a155dec157c704950deb9194472c RSSI=-110 SNR=23
2026-06-09T18:34:04.771 > p2p rx 0
2026-06-09T18:34:04.771 < >
2026-06-09T18:34:05.855 < >> Ok
2026-06-09T18:34:05.911 < >> radio_rx 43490149abe1190700001a7eabe103791f2a2300dd34f541e127346840ca5130535d98dad908581e7ba16cce1ba669ef168ca82db75f71b1b085363a6de20238d52b8c8804b7027f939dda38ba1410203716cff5bb2902ee6d63d09ddd93fb0a52e2f1e80cb07c04faaa5fdcce96aa47c08dae4bd3d832f8cdb7745e3dd37fee3cb8f44910d0cdf9065846c5eda0a4e571102a78e047a09c6ee268d3d35a813344ab6e94fad1b72ffaa97675b95ae60112ba73bbed84f75767202d37d8a4307fce21577089f807c5403b5a321867ba382fdf2cee5ba8cd73cb2c9f92dbcf867b444486d0e322a9d1add8c5e64fa9870adcd0 -111 18
2026-06-09T18:34:06.212 IMG_PACKET 43490149abe1190700001a7eabe103791f2a2300dd34f541e127346840ca5130535d98dad908581e7ba16cce1ba669ef168ca82db75f71b1b085363a6de20238d52b8c8804b7027f939dda38ba1410203716cff5bb2902ee6d63d09ddd93fb0a52e2f1e80cb07c04faaa5fdcce96aa47c08dae4bd3d832f8cdb7745e3dd37fee3cb8f44910d0cdf9065846c5eda0a4e571102a78e047a09c6ee268d3d35a813344ab6e94fad1b72ffaa97675b95ae60112ba73bbed84f75767202d37d8a4307fce21577089f807c5403b5a321867ba382fdf2cee5ba8cd73cb2c9f92dbcf867b444486d0e322a9d1add8c5e64fa9870adcd0 RSSI=-111 SNR=18
2026-06-09T18:34:06.493 > p2p rx 0
2026-06-09T18:34:06.493 < >
2026-06-09T18:34:07.556 < >> Ok
2026-06-09T18:34:07.612 < >> radio_rx 43490149abe1190700001a7eabe103791f2a2400dd4cf109c049cae16c8659dd1d66ac32fa8ebf1a1105ed5ba20013e10053daeb84556b033948320b46c968d2035a33897250a070c90a89fdaf993d6b8799153df3396053639818ee20691f6f1c831b9e0f91d99a0c849eb8211748565cd816f0fabfa71637be5cc7282e081b60339533275d49ba80ce65118d2152e690b792f6dac3cf0147efd35f9be6a5e28d52c811e729608add9ea78a741c12d631f4001ac6466d83ac19a79f038ce08d160ece8ee44e6026a18a9366779f1e9eea7e22689f0838d3126b6f01992ad198b7cb89c4ade6283c6ea319522bfd319d0479 -112 16
2026-06-09T18:34:07.909 IMG_PACKET 43490149abe1190700001a7eabe103791f2a2400dd4cf109c049cae16c8659dd1d66ac32fa8ebf1a1105ed5ba20013e10053daeb84556b033948320b46c968d2035a33897250a070c90a89fdaf993d6b8799153df3396053639818ee20691f6f1c831b9e0f91d99a0c849eb8211748565cd816f0fabfa71637be5cc7282e081b60339533275d49ba80ce65118d2152e690b792f6dac3cf0147efd35f9be6a5e28d52c811e729608add9ea78a741c12d631f4001ac6466d83ac19a79f038ce08d160ece8ee44e6026a18a9366779f1e9eea7e22689f0838d3126b6f01992ad198b7cb89c4ade6283c6ea319522bfd319d0479 RSSI=-112 SNR=16
2026-06-09T18:34:08.192 > p2p rx 0
2026-06-09T18:34:08.193 < >
2026-06-09T18:34:09.258 < >> Ok
2026-06-09T18:34:09.313 < >> radio_rx 43490149abe1190700001a7eabe103791f2a2500ddf73e9876a12ddd5883cd1eca9f27a6dcf2eda82aff433297c8691944ef1525648379b8bd0bbfb472182dcf58b68c8783c365b083335437b52b5092af7f8adc10b67fe60f15cbf4891c83bedbe8a050c7252d480cc41c98ac868c5987e4f35a282c47758d0fbeed93388943871f2df9b0e63d87a5f8c0be54bdf88fa2c1ea9a08358d3a1bfd65f9f67276ef4b85664c5a6225d486ce906f1d1a95d2adfbe5d6ead2953cd678c309c633a10b68fe91c4c695a7368ce5c67b3f9dd60d4418e76aaade1cfcbe987d6833fc1320c6e95a07c7344e3a57d85b283114bc2a42c7 -112 16
2026-06-09T18:34:09.617 IMG_PACKET 43490149abe1190700001a7eabe103791f2a2500ddf73e9876a12ddd5883cd1eca9f27a6dcf2eda82aff433297c8691944ef1525648379b8bd0bbfb472182dcf58b68c8783c365b083335437b52b5092af7f8adc10b67fe60f15cbf4891c83bedbe8a050c7252d480cc41c98ac868c5987e4f35a282c47758d0fbeed93388943871f2df9b0e63d87a5f8c0be54bdf88fa2c1ea9a08358d3a1bfd65f9f67276ef4b85664c5a6225d486ce906f1d1a95d2adfbe5d6ead2953cd678c309c633a10b68fe91c4c695a7368ce5c67b3f9dd60d4418e76aaade1cfcbe987d6833fc1320c6e95a07c7344e3a57d85b283114bc2a42c7 RSSI=-112 SNR=16
2026-06-09T18:34:09.899 > p2p rx 0
2026-06-09T18:34:09.899 < >
2026-06-09T18:34:10.959 < >> Ok
2026-06-09T18:34:11.015 < >> radio_rx 43490149abe1190700001a7eabe103791f2a2600ddff91c64fc52a0f792772575d0139ee12bed789df255b319d880f853c02d92b137a1592ca02125b6e1515b6e8c38db8b909ad7a37209162a4a56233aebc0be862f0b4f06fcd1f1375b76daa556e15f214266f88568c8df24c77ad213c1bcc8befa40541f90dd05b6212a0fef7afc794c1d8fe7cf1a8c70e013d9e6a5eb86343678f35814acb24b3b797a0fdab0f27b631ab5414be7afd87227cc3dc42315ecf0f9ea2b3cccd042c7d0134764dd6d1696db18d7c9157111d397d7e97334e0292584ffb5bbf22b583b38cc89feae62c3a1e6021c149303ee00cf4d6b9dffe -115 2
2026-06-09T18:34:11.317 IMG_PACKET 43490149abe1190700001a7eabe103791f2a2600ddff91c64fc52a0f792772575d0139ee12bed789df255b319d880f853c02d92b137a1592ca02125b6e1515b6e8c38db8b909ad7a37209162a4a56233aebc0be862f0b4f06fcd1f1375b76daa556e15f214266f88568c8df24c77ad213c1bcc8befa40541f90dd05b6212a0fef7afc794c1d8fe7cf1a8c70e013d9e6a5eb86343678f35814acb24b3b797a0fdab0f27b631ab5414be7afd87227cc3dc42315ecf0f9ea2b3cccd042c7d0134764dd6d1696db18d7c9157111d397d7e97334e0292584ffb5bbf22b583b38cc89feae62c3a1e6021c149303ee00cf4d6b9dffe RSSI=-115 SNR=2
2026-06-09T18:34:11.588 > p2p rx 0
2026-06-09T18:34:11.588 < >
2026-06-09T18:34:12.661 < >> Ok
2026-06-09T18:34:12.718 < >> radio_rx 43490149abe1190700001a7eabe103791f2a2700dd134e24b9871e90e5af60bb2579cac180223e77d5f9f7dc0230426e7b3c084f7ffa3f1b28c83b3e0c0ea270e18aec22417d9037b61f780e21baf6cbb45070edd0d318962ccfcbc1cb830684bf9aa9c178e0a864b3f531068eb3ca026deb73ac236fdde3a03b194d1fdfbe2ccee29d353f8164f88b1b5973c6b23220850d7bf4b6ecdd2a9b95bda3e47a500b9d824cbff94939f422dbced2209cd7ac5940385f21b5e63aa72317431bfc8004d9e57cfb83388c73a37c62d1a836eeff8ff07baf93e91658851855f6c8c55d576d1bacfbb3057ca26cf5fc7a0b7839f84b13 -118 -11
2026-06-09T18:34:12.986 IMG_PACKET 43490149abe1190700001a7eabe103791f2a2700dd134e24b9871e90e5af60bb2579cac180223e77d5f9f7dc0230426e7b3c084f7ffa3f1b28c83b3e0c0ea270e18aec22417d9037b61f780e21baf6cbb45070edd0d318962ccfcbc1cb830684bf9aa9c178e0a864b3f531068eb3ca026deb73ac236fdde3a03b194d1fdfbe2ccee29d353f8164f88b1b5973c6b23220850d7bf4b6ecdd2a9b95bda3e47a500b9d824cbff94939f422dbced2209cd7ac5940385f21b5e63aa72317431bfc8004d9e57cfb83388c73a37c62d1a836eeff8ff07baf93e91658851855f6c8c55d576d1bacfbb3057ca26cf5fc7a0b7839f84b13 RSSI=-118 SNR=-11
2026-06-09T18:34:13.268 > p2p rx 0
2026-06-09T18:34:13.269 < >
2026-06-09T18:34:14.363 < >> Ok
2026-06-09T18:34:14.419 < >> radio_rx 43490149abe1190700001a7eabe103791f2a2800dd35269db953e9afddff1b6df8337ae065455a1412f5af2d0d913f82920413b8fa09a78190335c1e23156fa2f2ac733d03d8b6945c981fe6d1d4ea3e9b13348fd25b99ef0a27f6b00a74cd53511b787c2f414647ac0389af3f51e6277c302e00dee61ebfe7477857418c2cf7be7f62b5e1b9bc3d6f7e778d6b06f65d3d5375b210462ff0b86d984a5ae4bef8f392efbccbfac17dafe94c5ca36e695cc95122fae92c92108f27bca67b199366d57e2764b308d107587db5a54fccace2707d50dd8ff74ff405a189cd663232f423934d79936c741d7205a7d3da575c11fb46 -113 7
2026-06-09T18:34:14.696 IMG_PACKET 43490149abe1190700001a7eabe103791f2a2800dd35269db953e9afddff1b6df8337ae065455a1412f5af2d0d913f82920413b8fa09a78190335c1e23156fa2f2ac733d03d8b6945c981fe6d1d4ea3e9b13348fd25b99ef0a27f6b00a74cd53511b787c2f414647ac0389af3f51e6277c302e00dee61ebfe7477857418c2cf7be7f62b5e1b9bc3d6f7e778d6b06f65d3d5375b210462ff0b86d984a5ae4bef8f392efbccbfac17dafe94c5ca36e695cc95122fae92c92108f27bca67b199366d57e2764b308d107587db5a54fccace2707d50dd8ff74ff405a189cd663232f423934d79936c741d7205a7d3da575c11fb46 RSSI=-113 SNR=7
2026-06-09T18:34:14.982 > p2p rx 0
2026-06-09T18:34:14.982 < >
2026-06-09T18:34:16.065 < >> Ok
2026-06-09T18:34:16.123 < >> radio_rx 43490149abe1190700001a7eabe103791f2a2900dd27560affe0133d56cd6bb85912df06498278ac03a82622efd89ce8fb04e272a9bfa41ef2bd00bd8a791212aa6ba392d8410772fca33464f8aef9598e4f35d8ebf6d9e65db7215424e9d3e7b348123a69302ff32bf9d53b80064297a752e9193fa1fca81dc86108188a1508d91649ba8277563daa1cac69a8dc84b9d1f8f28bc7cd587f98aac0abcf6903561d46c0c1a1fcf44c132a8e7b59e82b0e4674dbe6f113ee51ea548d4f8abfe1c2c7f1105c4aa586e7c7d5ff61a200492cc625d3492b89d6342e3715c0e0dc1bc55caf0c988be6a631ed3e35c469f0f01ec338 -114 0
2026-06-09T18:34:16.416 IMG_PACKET 43490149abe1190700001a7eabe103791f2a2900dd27560affe0133d56cd6bb85912df06498278ac03a82622efd89ce8fb04e272a9bfa41ef2bd00bd8a791212aa6ba392d8410772fca33464f8aef9598e4f35d8ebf6d9e65db7215424e9d3e7b348123a69302ff32bf9d53b80064297a752e9193fa1fca81dc86108188a1508d91649ba8277563daa1cac69a8dc84b9d1f8f28bc7cd587f98aac0abcf6903561d46c0c1a1fcf44c132a8e7b59e82b0e4674dbe6f113ee51ea548d4f8abfe1c2c7f1105c4aa586e7c7d5ff61a200492cc625d3492b89d6342e3715c0e0dc1bc55caf0c988be6a631ed3e35c469f0f01ec338 RSSI=-114 SNR=0
2026-06-09T18:34:16.710 > p2p rx 0
2026-06-09T18:34:16.710 < >
2026-06-09T18:34:55.238 < >> Ok
2026-06-09T18:34:55.298 < >> radio_rx 43490149abe1190700001a7eabe103791f2a0300dd76b8a2c8064fa946ce0c6a71294f2931875152251cce98739d59d643878b08bfb308cd169af9a187bcb665269a840a9de097c835b32919b93afd256d85af37bc91868d656b18b61c264cb29f949860c14eeee28f5cc80a62fe60752ec3847ad514a4db94ae5648973a1f41e956fd28abd34e86281633021b07cc0ceda53c9ed029652f9f0aad23f404fc9022ffbbd5d6a434ca3e432771c39e0e6194202814667c4b4a07eecf950e87ff7fedd99693c840f3916b66e3191574c2921d55cfa53f96b93c6b14f63177de6cb4312f70ad3ce63a1dde1101413fc214ff89f3 -125 -39
2026-06-09T18:34:55.571 IMG_PACKET 43490149abe1190700001a7eabe103791f2a0300dd76b8a2c8064fa946ce0c6a71294f2931875152251cce98739d59d643878b08bfb308cd169af9a187bcb665269a840a9de097c835b32919b93afd256d85af37bc91868d656b18b61c264cb29f949860c14eeee28f5cc80a62fe60752ec3847ad514a4db94ae5648973a1f41e956fd28abd34e86281633021b07cc0ceda53c9ed029652f9f0aad23f404fc9022ffbbd5d6a434ca3e432771c39e0e6194202814667c4b4a07eecf950e87ff7fedd99693c840f3916b66e3191574c2921d55cfa53f96b93c6b14f63177de6cb4312f70ad3ce63a1dde1101413fc214ff89f3 RSSI=-125 SNR=-39
2026-06-09T18:34:55.862 > p2p rx 0
2026-06-09T18:34:55.862 < >
2026-06-09T18:34:56.918 < >> Ok
2026-06-09T18:34:56.918 < >> radio_err
2026-06-09T18:34:57.218 > p2p rx 0
2026-06-09T18:34:57.219 < >
2026-06-09T18:35:00.344 < >> Ok
2026-06-09T18:35:00.400 < >> radio_rx 43490149abe1190700001a7eabe103791f2a0600dd8a736a4723627f306a2e06147666e4f4c086ce69889a3d4e9ce273ed27519281b3db2116aa567450d185be56c899e1443131a593f42f7a528d350edce79fd986c2e0e4b431f81b1bb97e87ca516d4e4c8211463a6c7a7f32d8f32dc2ac6400b3d139d085499936bc169de9bff923047b0d6387c610cb4190b05203041201595c0a5416120b17f265b0256fda672991441afd6a1b05690a1d7c495b79de18f2087139aa7c360346f6a7919cebd908ffd88b9d5b5ae3dfbe2a5dd19418be3df9f81e99b4e23aefdc0212019d1d3f2ec71c2ca732b27beda3714c906b7c5e -131 -67
2026-06-09T18:35:00.700 IMG_PACKET 43490149abe1190700001a7eabe103791f2a0600dd8a736a4723627f306a2e06147666e4f4c086ce69889a3d4e9ce273ed27519281b3db2116aa567450d185be56c899e1443131a593f42f7a528d350edce79fd986c2e0e4b431f81b1bb97e87ca516d4e4c8211463a6c7a7f32d8f32dc2ac6400b3d139d085499936bc169de9bff923047b0d6387c610cb4190b05203041201595c0a5416120b17f265b0256fda672991441afd6a1b05690a1d7c495b79de18f2087139aa7c360346f6a7919cebd908ffd88b9d5b5ae3dfbe2a5dd19418be3df9f81e99b4e23aefdc0212019d1d3f2ec71c2ca732b27beda3714c906b7c5e RSSI=-131 SNR=-67
2026-06-09T18:35:00.977 > p2p rx 0
2026-06-09T18:35:00.977 < >
2026-06-09T18:35:02.023 < >> Ok
2026-06-09T18:35:02.024 < >> radio_err
2026-06-09T18:35:02.323 > p2p rx 0
2026-06-09T18:35:02.324 < >
2026-06-09T18:35:08.852 < >> Ok
2026-06-09T18:35:08.907 < >> radio_rx 731f756fccf00a1700111a7eabe103791f2a0b00dd9d3bb67f84ed0dec3b8d5a91e5b7adb57536cb7ce4d8b04c0ea073d1945ca2aea5fe3f779b0491765bee2268c1a979d16fb99280cda93184520a8eddd61a08c41aae8c419789774ab841a74e25ecc3a0afa479f337eecc7b73e6535d35aedbacf63fa04577f72b02cc78bedf2722bdf5ea48965ddc26c2bbbb855f8f8c013ce68d792ab6480e18b31e03a05904d12a43bccae649c87405cd0194f0979db62aec21042983253b00454574690999e8b752ed5c246979b694d2f1e48da4b3cb16bf290f500359e752f0c112b5099bcc35c5479da03d3484ea729bf838429a -134 -67
2026-06-09T18:35:08.909 RX type=unknown seq=? time= RSSI=-134 SNR=-67
2026-06-09T18:35:08.909 JSON suo��
2026-06-09T18:35:08.911  ~��y* ݝ;����;�Z�巭�u6�|�ذL�sє\����?w��v[�"h��y�o���ͩ1�R
2026-06-09T18:35:08.920 ������A��wJ�A�N%�à��y�7��{s�S]5�۬�?�Ew�+�x��'"���H�]�&»��_��<�y*�H��Y�*C���I�t��𗝶*�!)�%; EEti	��R�\$iy����䍤���)PY�R���	��5�G��=4��r��8B�
2026-06-09T18:35:08.950 > p2p rx 0
2026-06-09T18:35:08.951 < >
2026-06-09T18:35:13.935 < >> Ok
2026-06-09T18:35:13.936 < >> radio_err
2026-06-09T18:35:14.235 > p2p rx 0
2026-06-09T18:35:14.236 < >
2026-06-09T18:35:17.361 < >> Ok
2026-06-09T18:35:17.416 < >> radio_rx 43490149abe1190700001a7eabe103791f2a1000dd0db6f516bdae177af1bff2c9a46631c718f649cb199ca1bc9b4b585f499322c1fc84cb3aa755a097510c5e357c46d85c4c590503979a2b42893fc2ca4b82ae16f0d371c1b0d3034b0f5eed3e3f7ec21c857f33f2c85d7e5b3984b914bdcc4dac1d54f04f8175a18fc48d8e84a4eaa113904bcb9e3ce97ebcc07a911c0ebe936f892ce3de82af79caecee616d522e7a382cfcc6825376975eb9cc611763acfbf0e47aa727b82d45d03791a195ea60472b4e5d24a2037fe8ce25cca9eeb7fae3d822acb8d0fad39cdaf84bb0408a4a96152deeaa425666c5545ad7b58fb1 -129 -52
2026-06-09T18:35:17.701 IMG_PACKET 43490149abe1190700001a7eabe103791f2a1000dd0db6f516bdae177af1bff2c9a46631c718f649cb199ca1bc9b4b585f499322c1fc84cb3aa755a097510c5e357c46d85c4c590503979a2b42893fc2ca4b82ae16f0d371c1b0d3034b0f5eed3e3f7ec21c857f33f2c85d7e5b3984b914bdcc4dac1d54f04f8175a18fc48d8e84a4eaa113904bcb9e3ce97ebcc07a911c0ebe936f892ce3de82af79caecee616d522e7a382cfcc6825376975eb9cc611763acfbf0e47aa727b82d45d03791a195ea60472b4e5d24a2037fe8ce25cca9eeb7fae3d822acb8d0fad39cdaf84bb0408a4a96152deeaa425666c5545ad7b58fb1 RSSI=-129 SNR=-52
2026-06-09T18:35:17.995 > p2p rx 0
2026-06-09T18:35:17.995 < >
2026-06-09T18:35:19.040 < >> Ok
2026-06-09T18:35:19.041 < >> radio_err
2026-06-09T18:35:19.340 > p2p rx 0
2026-06-09T18:35:19.342 < >
2026-06-09T18:35:22.465 < >> Ok
2026-06-09T18:35:22.521 < >> radio_rx 43490149abe1190700001a7eabe103791f2a1300dd246f8e5d6e6a396b9abc4a69b9ebe6eafbb419c6be785ed7cfbf61961bc9a7384389ed9e57bc072b55331a909603bdf50c66fea88347e748d02ca94322ba4b67927473d514a5a8a29089cb9088d4bdc4495c799f61cf9c8b8b42ef88f0520da902e37314b8e62c17ae7b6c11007ac3a07d3699ffa81c69b3eb9bb8618a7c960447a92f1e2ceffef9655751512dc3b720a99e590784b134845b3b552d13a719312708b2b6858b8f8d3217092c51590bda41829eb601469f02ac0f9d38ef64ca7a9da962cec8c4fff1389d4f2343f12d8e3b296aa6131e996305fe49dfbc -131 -48
2026-06-09T18:35:22.817 IMG_PACKET 43490149abe1190700001a7eabe103791f2a1300dd246f8e5d6e6a396b9abc4a69b9ebe6eafbb419c6be785ed7cfbf61961bc9a7384389ed9e57bc072b55331a909603bdf50c66fea88347e748d02ca94322ba4b67927473d514a5a8a29089cb9088d4bdc4495c799f61cf9c8b8b42ef88f0520da902e37314b8e62c17ae7b6c11007ac3a07d3699ffa81c69b3eb9bb8618a7c960447a92f1e2ceffef9655751512dc3b720a99e590784b134845b3b552d13a719312708b2b6858b8f8d3217092c51590bda41829eb601469f02ac0f9d38ef64ca7a9da962cec8c4fff1389d4f2343f12d8e3b296aa6131e996305fe49dfbc RSSI=-131 SNR=-48
2026-06-09T18:35:23.105 > p2p rx 0
2026-06-09T18:35:23.105 < >
2026-06-09T18:35:24.145 < >> Ok
2026-06-09T18:35:24.146 < >> radio_err
2026-06-09T18:35:24.444 > p2p rx 0
2026-06-09T18:35:24.446 < >
2026-06-09T18:35:27.570 < >> Ok
2026-06-09T18:35:27.627 < >> radio_rx 43490149abe1190700001a7eabe103791f2a1600ddec720a637b44d882bfa34a7ac895aaf18919cbb9220b1740ee436644fd509739d2a82b82bec72702f9cd7b1362da1f2e0cc72d85f5ea876a3942716062fcad4d82cc310b390b30ff998427b99c7cac07bf9094a6015917f4edeb22e5d40f82fba1bed5bd15f8d06a003ba49f6fe9ffd422e077a02de6cb6f4f89587e62418b38fbad35a0c8058297464c22f871eb7f42e1dc13602a92645fda728ed6a86747844a601a23c4c213bb6f92fb5ff0da0fda2f3a6b992e5248a5d01c0a28b33b38bf41d208e5e59cf6d243de6dad194ebbc2c66e7d08c1679c65d3086444b4 -118 -1
2026-06-09T18:35:27.902 IMG_PACKET 43490149abe1190700001a7eabe103791f2a1600ddec720a637b44d882bfa34a7ac895aaf18919cbb9220b1740ee436644fd509739d2a82b82bec72702f9cd7b1362da1f2e0cc72d85f5ea876a3942716062fcad4d82cc310b390b30ff998427b99c7cac07bf9094a6015917f4edeb22e5d40f82fba1bed5bd15f8d06a003ba49f6fe9ffd422e077a02de6cb6f4f89587e62418b38fbad35a0c8058297464c22f871eb7f42e1dc13602a92645fda728ed6a86747844a601a23c4c213bb6f92fb5ff0da0fda2f3a6b992e5248a5d01c0a28b33b38bf41d208e5e59cf6d243de6dad194ebbc2c66e7d08c1679c65d3086444b4 RSSI=-118 SNR=-1
2026-06-09T18:35:28.175 > p2p rx 0
2026-06-09T18:35:28.175 < >
2026-06-09T18:36:01.006 < >> Ok
2026-06-09T18:36:01.025 < >> radio_rx 7b2276223a312c2274797065223a2274657874222c22736571223a322c2274696d65223a22323032362d30362d30395430383a35343a33362e3433315a222c2264617461223a7b226d657373616765223a226b6f6e6e696368697761227d7d -122 -13
2026-06-09T18:36:01.030 RX type=text seq=2 time=2026-06-09T08:54:36.431Z RSSI=-122 SNR=-13
2026-06-09T18:36:01.034 JSON {"v":1,"type":"text","seq":2,"time":"2026-06-09T08:54:36.431Z","data":{"message":"konnichiwa"}}
2026-06-09T18:36:01.071 > p2p rx 0
2026-06-09T18:36:01.072 < >
2026-06-09T18:36:28.855 < >> Ok
2026-06-09T18:36:28.913 < >> radio_rx 43490149abe1190700001a7eabe103791f2a0000ddfb5617cab20e4b9be3a5ef9bab9afdffd8c0cf29b637c5461902f1e901c112bd93296d6fec0656ecd8ce5d32e946b494d36045c28748cdfca741f5a3498a45abd5d0e757a7a370f398086f9ca47eae835328b74c0a17d525dbcf6d68e09624beec6cee5aa68d6b4e9486c8281f5a28411fba814eb4813927df79b28714b10625195e7789dc070bf36a6037110816752a5fcd562f8edcec8b2afc198de314a906518cc5d52ffccb03d117c652217ab5cabfafd1c2a70cf2c9616ad0be68b70a2d3ce91e10e276b4138420f5a861a96a97d6232effb79cbcbccab37458d1 -109 3
2026-06-09T18:36:29.193 IMG_PACKET 43490149abe1190700001a7eabe103791f2a0000ddfb5617cab20e4b9be3a5ef9bab9afdffd8c0cf29b637c5461902f1e901c112bd93296d6fec0656ecd8ce5d32e946b494d36045c28748cdfca741f5a3498a45abd5d0e757a7a370f398086f9ca47eae835328b74c0a17d525dbcf6d68e09624beec6cee5aa68d6b4e9486c8281f5a28411fba814eb4813927df79b28714b10625195e7789dc070bf36a6037110816752a5fcd562f8edcec8b2afc198de314a906518cc5d52ffccb03d117c652217ab5cabfafd1c2a70cf2c9616ad0be68b70a2d3ce91e10e276b4138420f5a861a96a97d6232effb79cbcbccab37458d1 RSSI=-109 SNR=3
2026-06-09T18:36:29.474 > p2p rx 0
2026-06-09T18:36:29.474 < >
2026-06-09T18:36:30.557 < >> Ok
2026-06-09T18:36:30.615 < >> radio_rx 43490149abe1190700001a7eabe103791f2a0100dd3a2004a12b99eecf6fee07458c38246a383b27d973f20b85f8f0f36177fd373805e822e8877b1841761e18c70bd4e2616ff648e182d6c7364d9cd05ba7284549a14fbea648de6462cc86ba91bd689f2ed6c201ed14d3f9992e5d4837c116161db27830a820c93319e1260f70291392dc062e2c1e905aae4972e1dce1d8cf4347c697bd2e2b350ab61c29d5c27b86a7a65c6250126dc52a62cf3fe172a8c61b6baaf2fcefc86463a8b375c17effbbc909abc8c05267f2e750547346096f3bc2aae2f53bbc7dde44ff806676c72b5dc1b8e53054d5f2261299557acfe54a -110 -7
2026-06-09T18:36:30.891 IMG_PACKET 43490149abe1190700001a7eabe103791f2a0100dd3a2004a12b99eecf6fee07458c38246a383b27d973f20b85f8f0f36177fd373805e822e8877b1841761e18c70bd4e2616ff648e182d6c7364d9cd05ba7284549a14fbea648de6462cc86ba91bd689f2ed6c201ed14d3f9992e5d4837c116161db27830a820c93319e1260f70291392dc062e2c1e905aae4972e1dce1d8cf4347c697bd2e2b350ab61c29d5c27b86a7a65c6250126dc52a62cf3fe172a8c61b6baaf2fcefc86463a8b375c17effbbc909abc8c05267f2e750547346096f3bc2aae2f53bbc7dde44ff806676c72b5dc1b8e53054d5f2261299557acfe54a RSSI=-110 SNR=-7
2026-06-09T18:36:31.164 > p2p rx 0
2026-06-09T18:36:31.164 < >
2026-06-09T18:36:32.259 < >> Ok
2026-06-09T18:36:32.314 < >> radio_rx 43490149abe1190700001a7eabe103791f2a0200ddddb0ab687d608a2eafa38c6adbc04567c0bb91e97737aab76b941c68fabeb06d428801bf3094cceb28034a0e2f86d69afa3a6a52f5b9f137f75e0ebfdf4e09230e6c911185c3aa7997405cb5794ad0f6665bcd6c8bdc00bdda6623e31c671e6a1e039ac8f06ecd633b2d58a02fe1161b3d183169e75dc895b233208034e230331966396a8111d9da3bf06a34f7d93a669d29d3dc900ef04dd4b2d7d206f7e9d7d5c327438ae1821ba61f1fbe88e7ea2d73c188291c425ee75eaea7de0551bf748b6dde93fe6608da3670d79d14eaf41ab59a1d0ecc7f030c5be84a3d5a -115 -24
2026-06-09T18:36:32.589 IMG_PACKET 43490149abe1190700001a7eabe103791f2a0200ddddb0ab687d608a2eafa38c6adbc04567c0bb91e97737aab76b941c68fabeb06d428801bf3094cceb28034a0e2f86d69afa3a6a52f5b9f137f75e0ebfdf4e09230e6c911185c3aa7997405cb5794ad0f6665bcd6c8bdc00bdda6623e31c671e6a1e039ac8f06ecd633b2d58a02fe1161b3d183169e75dc895b233208034e230331966396a8111d9da3bf06a34f7d93a669d29d3dc900ef04dd4b2d7d206f7e9d7d5c327438ae1821ba61f1fbe88e7ea2d73c188291c425ee75eaea7de0551bf748b6dde93fe6608da3670d79d14eaf41ab59a1d0ecc7f030c5be84a3d5a RSSI=-115 SNR=-24
2026-06-09T18:36:32.853 > p2p rx 0
2026-06-09T18:36:32.853 < >
2026-06-09T18:36:33.960 < >> Ok
2026-06-09T18:36:34.017 < >> radio_rx 43490149abe1190700001a7eabe103791f2a0300dd76b8a2c8064fa946ce0c6a71294f2931875152251cce98739d59d643878b08bfb308cd169af9a187bcb665269a840a9de097c835b32919b93afd256d85af37bc91868d656b18b61c264cb29f949860c14eeee28f5cc80a62fe60752ec3847ad514a4db94ae5648973a1f41e956fd28abd34e86281633021b07cc0ceda53c9ed029652f9f0aad23f404fc9022ffbbd5d6a434ca3e432771c39e0e6194202814667c4b4a07eecf950e87ff7fedd99693c840f3916b66e3191574c2921d55cfa53f96b93c6b14f63177de6cb4312f70ad3ce63a1dde1101413fc214ff89f3 -114 -19
2026-06-09T18:36:34.323 IMG_PACKET 43490149abe1190700001a7eabe103791f2a0300dd76b8a2c8064fa946ce0c6a71294f2931875152251cce98739d59d643878b08bfb308cd169af9a187bcb665269a840a9de097c835b32919b93afd256d85af37bc91868d656b18b61c264cb29f949860c14eeee28f5cc80a62fe60752ec3847ad514a4db94ae5648973a1f41e956fd28abd34e86281633021b07cc0ceda53c9ed029652f9f0aad23f404fc9022ffbbd5d6a434ca3e432771c39e0e6194202814667c4b4a07eecf950e87ff7fedd99693c840f3916b66e3191574c2921d55cfa53f96b93c6b14f63177de6cb4312f70ad3ce63a1dde1101413fc214ff89f3 RSSI=-114 SNR=-19
2026-06-09T18:36:34.589 > p2p rx 0
2026-06-09T18:36:34.589 < >
2026-06-09T18:36:35.662 < >> Ok
2026-06-09T18:36:35.717 < >> radio_rx 43490149abe1190700001a7eabe103791f2a0400dd7fe8ec03febf72821a1db1815d1122f0261d16ad3a835d5ab44519b8a5105c382bbbc643b0b147acc697f929a03572826ccf289ed7adea8b4ac43e1d04ad3f3a292f69540aab05d0986c9f85bcad4b8260c2e9f9c2244df94e91c3ecc863f179fe108d04da919a24aba74b270d08cb8ac1f06c4d9708524a001be7eec5e270b6e38de5280deb1b4b5e89b7d3183acb25d57bcb26ec307d886b8b0686a968a0ce35c5c1681d7634eac4b11571d599566cbc8163d005963851551e6b0315e4a2e67aefd5c49b6fc1842ea1ac5e87a430f79836848cbfde5526d90614ba8d -115 -20
2026-06-09T18:36:36.002 IMG_PACKET 43490149abe1190700001a7eabe103791f2a0400dd7fe8ec03febf72821a1db1815d1122f0261d16ad3a835d5ab44519b8a5105c382bbbc643b0b147acc697f929a03572826ccf289ed7adea8b4ac43e1d04ad3f3a292f69540aab05d0986c9f85bcad4b8260c2e9f9c2244df94e91c3ecc863f179fe108d04da919a24aba74b270d08cb8ac1f06c4d9708524a001be7eec5e270b6e38de5280deb1b4b5e89b7d3183acb25d57bcb26ec307d886b8b0686a968a0ce35c5c1681d7634eac4b11571d599566cbc8163d005963851551e6b0315e4a2e67aefd5c49b6fc1842ea1ac5e87a430f79836848cbfde5526d90614ba8d RSSI=-115 SNR=-20
2026-06-09T18:36:36.291 > p2p rx 0
2026-06-09T18:36:36.292 < >
2026-06-09T18:36:37.363 < >> Ok
2026-06-09T18:36:37.423 < >> radio_rx 43490149abe1190700001a7eabe103791f2a0500dd5ee52d305e2e5d91f4b886422c8c4f89ea058d0b89f9da8e3d0fb297f54155b7640986033461cd371efdc30b8e89b5637bc85827de26378224146a0784f0e77840d30e1c0daa74dfbd9f235aaa119f0eb3d3f81e128d9f322d664ae549bb9497128cf6ac92c817d3571b9fd8b0f3415d9f0165d5e984acef9b074802a6f58b8d8e755fc7991c396e6afe23869846d6c4324a29b330e008959ef85779d5dd304bc9b37de0d27bbd8d6a04fa09453f9ce1ac10c8cc2a3c1d2d08d21de8db21ec4958295719a71693a6641f79792d8bd369c3e3a0c553dce1e283249a1548 -115 -20
2026-06-09T18:36:37.692 IMG_PACKET 43490149abe1190700001a7eabe103791f2a0500dd5ee52d305e2e5d91f4b886422c8c4f89ea058d0b89f9da8e3d0fb297f54155b7640986033461cd371efdc30b8e89b5637bc85827de26378224146a0784f0e77840d30e1c0daa74dfbd9f235aaa119f0eb3d3f81e128d9f322d664ae549bb9497128cf6ac92c817d3571b9fd8b0f3415d9f0165d5e984acef9b074802a6f58b8d8e755fc7991c396e6afe23869846d6c4324a29b330e008959ef85779d5dd304bc9b37de0d27bbd8d6a04fa09453f9ce1ac10c8cc2a3c1d2d08d21de8db21ec4958295719a71693a6641f79792d8bd369c3e3a0c553dce1e283249a1548 RSSI=-115 SNR=-20
2026-06-09T18:36:37.961 > p2p rx 0
2026-06-09T18:36:37.961 < >
2026-06-09T18:36:39.066 < >> Ok
2026-06-09T18:36:39.122 < >> radio_rx 43490149abe1190700001a7eabe103791f2a0600dd8a736a4723627f306a2e06147666e4f4c086ce69889a3d4e9ce273ed27519281b3db2116aa567450d185be56c899e1443131a593f42f7a528d350edce79fd986c2e0e4b431f81b1bb97e87ca516d4e4c8211463a6c7a7f32d8f32dc2ac6400b3d139d085499936bc169de9bff923047b0d6387ce10cbc93070920902f6e9195aa00d9a19cc43b273813423fd83a131fe5f5fc120f055658e66a4c846ef09f2b87c39261c26015d5b1de39e51bc82e70128df58bc93bfeb3959e8b40c4d55e9fd7eb2b6e035a9b442a0042c69f808aa422e91208d39efebb000944b5123 -114 -19
2026-06-09T18:36:39.410 IMG_PACKET 43490149abe1190700001a7eabe103791f2a0600dd8a736a4723627f306a2e06147666e4f4c086ce69889a3d4e9ce273ed27519281b3db2116aa567450d185be56c899e1443131a593f42f7a528d350edce79fd986c2e0e4b431f81b1bb97e87ca516d4e4c8211463a6c7a7f32d8f32dc2ac6400b3d139d085499936bc169de9bff923047b0d6387ce10cbc93070920902f6e9195aa00d9a19cc43b273813423fd83a131fe5f5fc120f055658e66a4c846ef09f2b87c39261c26015d5b1de39e51bc82e70128df58bc93bfeb3959e8b40c4d55e9fd7eb2b6e035a9b442a0042c69f808aa422e91208d39efebb000944b5123 RSSI=-114 SNR=-19
2026-06-09T18:36:39.684 > p2p rx 0
2026-06-09T18:36:39.684 < >
2026-06-09T18:36:40.767 < >> Ok
2026-06-09T18:36:40.819 < >> radio_rx 43490149abe1190700001a7eabe103791f2a0700dd3185e5ece10b3bd3a53a3246b44a4c1101e813f306cc4bc2babfd278f2a3eef89670ef1f2f6d689ee49512e479be9a4b090305317c03664ba43646a103bc513c94f4539104899154260b832c92e3aa36a5a5201f01797c81b8552b586675ae1cb08859fde6f357f6cde5f278bbdba848d626c0c6f4d9474678a3ad8f64fc014bcaeccff9b1d324dc81829581f02ee80678eb9bd7f60698fe6ee7baf46e98b6d741dadf08160f7c5241c03c50455f2daf904625f947d0750c2230421ed6e2361877115f31ebe0616711679021bac0c55e2ff51b0e2b238a9c46fb8c9e5d -114 -3
2026-06-09T18:36:41.084 IMG_PACKET 43490149abe1190700001a7eabe103791f2a0700dd3185e5ece10b3bd3a53a3246b44a4c1101e813f306cc4bc2babfd278f2a3eef89670ef1f2f6d689ee49512e479be9a4b090305317c03664ba43646a103bc513c94f4539104899154260b832c92e3aa36a5a5201f01797c81b8552b586675ae1cb08859fde6f357f6cde5f278bbdba848d626c0c6f4d9474678a3ad8f64fc014bcaeccff9b1d324dc81829581f02ee80678eb9bd7f60698fe6ee7baf46e98b6d741dadf08160f7c5241c03c50455f2daf904625f947d0750c2230421ed6e2361877115f31ebe0616711679021bac0c55e2ff51b0e2b238a9c46fb8c9e5d RSSI=-114 SNR=-3
2026-06-09T18:36:41.375 > p2p rx 0
2026-06-09T18:36:41.375 < >
2026-06-09T18:36:42.470 < >> Ok
2026-06-09T18:36:42.525 < >> radio_rx 43490149abe1190700001a7eabe103791f2a0800ddfabbee9492c38f77a172b2c623572151eb29d858891262089fcee66672b77e52ade14d2d06b2b2d567e449890608ed1c7f1c0b1dc1af339f617e4b796ebbcd34abc20b9d1e9c36e7627c007388d74d50b9dbde1bf8e2f947122569bf2da5a6c1409e106f30e14e055178c6a291ecece365548299935aac8f9a7bdda20fe7643293cd4858f550fdb2a0f38b518e51f7bb6312315d16299506d57cf3c3a3d5eb59781f929c4eec2072d5f48db8102c8f54a2c42fa5859bd333282d7a4b50e0c4b02fa51cd5633c2fa4d727dc8413e4cd885004eb2ffc8bdf93b3241b6920 -117 -13
2026-06-09T18:36:42.801 IMG_PACKET 43490149abe1190700001a7eabe103791f2a0800ddfabbee9492c38f77a172b2c623572151eb29d858891262089fcee66672b77e52ade14d2d06b2b2d567e449890608ed1c7f1c0b1dc1af339f617e4b796ebbcd34abc20b9d1e9c36e7627c007388d74d50b9dbde1bf8e2f947122569bf2da5a6c1409e106f30e14e055178c6a291ecece365548299935aac8f9a7bdda20fe7643293cd4858f550fdb2a0f38b518e51f7bb6312315d16299506d57cf3c3a3d5eb59781f929c4eec2072d5f48db8102c8f54a2c42fa5859bd333282d7a4b50e0c4b02fa51cd5633c2fa4d727dc8413e4cd885004eb2ffc8bdf93b3241b6920 RSSI=-117 SNR=-13
2026-06-09T18:36:43.092 > p2p rx 0
2026-06-09T18:36:43.093 < >
2026-06-09T18:36:44.172 < >> Ok
2026-06-09T18:36:44.229 < >> radio_rx 43490149abe1190700001a7eabe103791f2a0900dd398afcee972a0fea794ab9df3f5a368926f169284f8f01a502711752db5f8f2621a3cbce3304017ecad8d1d6307e51fae5795288870a9fce7be7613b096eed26a9d0fcd3f2bbccd5fb9da34cf6129711890835df29ce03ce92182c59c21ededc9a578374833b7c11b9e222d0c1df5df66596d9932b13acc66d3a17d831aa976902a4a71abc0e7790549afef33008ac89238af9e6fe5a886bea5b525c21703d114b1e2bf61064ca94a1bf832bdc0712769b3bed528caa9d9108d1c9efeb05f6afe02e19344965793e307a15882bf7aab74507c654ce2774ef9ec058a98d -124 -37
2026-06-09T18:36:44.507 IMG_PACKET 43490149abe1190700001a7eabe103791f2a0900dd398afcee972a0fea794ab9df3f5a368926f169284f8f01a502711752db5f8f2621a3cbce3304017ecad8d1d6307e51fae5795288870a9fce7be7613b096eed26a9d0fcd3f2bbccd5fb9da34cf6129711890835df29ce03ce92182c59c21ededc9a578374833b7c11b9e222d0c1df5df66596d9932b13acc66d3a17d831aa976902a4a71abc0e7790549afef33008ac89238af9e6fe5a886bea5b525c21703d114b1e2bf61064ca94a1bf832bdc0712769b3bed528caa9d9108d1c9efeb05f6afe02e19344965793e307a15882bf7aab74507c654ce2774ef9ec058a98d RSSI=-124 SNR=-37
2026-06-09T18:36:44.782 > p2p rx 0
2026-06-09T18:36:44.782 < >
2026-06-09T18:36:45.873 < >> Ok
2026-06-09T18:36:45.929 < >> radio_rx 43490149abe1190700001a7eabe103791f2a0a00dd1e668da6fdf910c70d1c855404c2a2eedb0c49f1ee59aad60e5bbdae7fb39cca8822055177b1285963408f4b889ebd94986d4984c3071fa0c18eaa785058d0dd69e52c73f37b67c3a99fb4c7e4ce2e9400a225f577111da5898fa108142743f0755b6fe95b82765472d273601d41722893a04249c6832814b3a9675b094783d88aca3fe8a59c2974c3676c42b014449cd1719e77fce8055bfc7314fc545518ff375deddc9db49fa7702c8955e667b83537194152c1cf1567a37a38c49f5d4afd2f5d06587b671dfafb11846d69c412646ce57d755924329596c8689f5d -123 -33
2026-06-09T18:36:46.217 IMG_PACKET 43490149abe1190700001a7eabe103791f2a0a00dd1e668da6fdf910c70d1c855404c2a2eedb0c49f1ee59aad60e5bbdae7fb39cca8822055177b1285963408f4b889ebd94986d4984c3071fa0c18eaa785058d0dd69e52c73f37b67c3a99fb4c7e4ce2e9400a225f577111da5898fa108142743f0755b6fe95b82765472d273601d41722893a04249c6832814b3a9675b094783d88aca3fe8a59c2974c3676c42b014449cd1719e77fce8055bfc7314fc545518ff375deddc9db49fa7702c8955e667b83537194152c1cf1567a37a38c49f5d4afd2f5d06587b671dfafb11846d69c412646ce57d755924329596c8689f5d RSSI=-123 SNR=-33
2026-06-09T18:36:46.493 > p2p rx 0
2026-06-09T18:36:46.494 < >
2026-06-09T18:36:47.574 < >> Ok
2026-06-09T18:36:47.630 < >> radio_rx 43490149abe1190700001a7eabe103791f2a0b00dd9d3bb67f84ed0dec3b8d5a91e5b7adb57536cb7ce4d8b04c0ea073d1945ca2aea5fe3f779b0491765bee2268c1a979d16fb99280cda93184520a8eddd61a08c41aae8c419789774ab841a74e25ecc3a0afa479f337eecc7b73e6535d35aedbacf63fa04577f72b02cc78bedf2722bdf5ea48965dd42282bbbbef55478088a4ffad5a3aa74a2e08b10e13b0e2bed1fdcfb1522afe7f65c3cd0194f0979db62aec21042983253b00554574696ff9eeb752ed5c426979d692d2f1e48da4b3cb16bf290f500359e752f0c11a3d011b81e4c5c2ecc071348d9ca83f3cdf11f1 -123 -30
2026-06-09T18:36:47.900 IMG_PACKET 43490149abe1190700001a7eabe103791f2a0b00dd9d3bb67f84ed0dec3b8d5a91e5b7adb57536cb7ce4d8b04c0ea073d1945ca2aea5fe3f779b0491765bee2268c1a979d16fb99280cda93184520a8eddd61a08c41aae8c419789774ab841a74e25ecc3a0afa479f337eecc7b73e6535d35aedbacf63fa04577f72b02cc78bedf2722bdf5ea48965dd42282bbbbef55478088a4ffad5a3aa74a2e08b10e13b0e2bed1fdcfb1522afe7f65c3cd0194f0979db62aec21042983253b00554574696ff9eeb752ed5c426979d692d2f1e48da4b3cb16bf290f500359e752f0c11a3d011b81e4c5c2ecc071348d9ca83f3cdf11f1 RSSI=-123 SNR=-30
2026-06-09T18:36:48.199 > p2p rx 0
2026-06-09T18:36:48.200 < >
2026-06-09T18:36:49.254 < >> Ok
2026-06-09T18:36:49.255 < >> radio_err
2026-06-09T18:36:49.553 > p2p rx 0
2026-06-09T18:36:49.554 < >
2026-06-09T18:36:52.680 < >> Ok
2026-06-09T18:36:52.736 < >> radio_rx 43490149abe1190700001a7eabe103791f2a0e00dd7597453167f14f0c3c957db7627bf1665dd6177ddd86353f032db0fd4e858fe655f5ce9252b6878bb5c39f7a30682f78436772913aa56df52f2a31ac00c3e545faba84206e25c518ea66fd9a2678dc0562dd649812ab2c5bcc3b7e03c96ce97abae5fda7fb99f9f3422af89adae629e17b5f529072c33c8d66ada022d021ab266505ba19c2b332794b21809e8094ec932927422101cd763e63b214ef411cb7ef15170bd2cfe4e6e3a632f985549b5f0167e143970b67f9c81b11da73fe85807e47c604e69e74dfeae17d235426ddac684390163bffc00f690d8976ed44 -123 -28
2026-06-09T18:36:53.020 IMG_PACKET 43490149abe1190700001a7eabe103791f2a0e00dd7597453167f14f0c3c957db7627bf1665dd6177ddd86353f032db0fd4e858fe655f5ce9252b6878bb5c39f7a30682f78436772913aa56df52f2a31ac00c3e545faba84206e25c518ea66fd9a2678dc0562dd649812ab2c5bcc3b7e03c96ce97abae5fda7fb99f9f3422af89adae629e17b5f529072c33c8d66ada022d021ab266505ba19c2b332794b21809e8094ec932927422101cd763e63b214ef411cb7ef15170bd2cfe4e6e3a632f985549b5f0167e143970b67f9c81b11da73fe85807e47c604e69e74dfeae17d235426ddac684390163bffc00f690d8976ed44 RSSI=-123 SNR=-28
2026-06-09T18:36:53.309 > p2p rx 0
2026-06-09T18:36:53.310 < >
2026-06-09T18:36:54.381 < >> Ok
2026-06-09T18:36:54.439 < >> radio_rx 43490149abe1190700001a7eabe103791f2a0f00ddf592b892e1125d4e1ddd87d5e7a887f6b904c0705db822977cd1126bde14cfb58a5dcff1f6c6c068e52fc520e2426a6c7502ce5cf5c8a2404cb639a41bbbe494346165b3cd417caf158c3e359cc7eb87527c9cf0c95b3615d119215aee831d58e90f3243b11300a434aeea0388ba112c5dfbc925e84f94d495935b96e47de55866a6574cad6c3f336681ddba1cfc8119abe5b36f20ad50d0c0353eed77ef6ae1b2962cf1789009c8a41201da92e25c4caea0da49eb789332ff15b6698a1362e6ded8b227cd70e324fc100527f0524f2b1cf27aa5de35d32253aff480e2 -123 -24
2026-06-09T18:36:54.715 IMG_PACKET 43490149abe1190700001a7eabe103791f2a0f00ddf592b892e1125d4e1ddd87d5e7a887f6b904c0705db822977cd1126bde14cfb58a5dcff1f6c6c068e52fc520e2426a6c7502ce5cf5c8a2404cb639a41bbbe494346165b3cd417caf158c3e359cc7eb87527c9cf0c95b3615d119215aee831d58e90f3243b11300a434aeea0388ba112c5dfbc925e84f94d495935b96e47de55866a6574cad6c3f336681ddba1cfc8119abe5b36f20ad50d0c0353eed77ef6ae1b2962cf1789009c8a41201da92e25c4caea0da49eb789332ff15b6698a1362e6ded8b227cd70e324fc100527f0524f2b1cf27aa5de35d32253aff480e2 RSSI=-123 SNR=-24
2026-06-09T18:36:54.984 > p2p rx 0
2026-06-09T18:36:54.985 < >
2026-06-09T18:36:56.083 < >> Ok
2026-06-09T18:36:56.136 < >> radio_rx 43490149abe1190700001a7eabe103791f2a1000dd0db6f516bdae177af1bff2c9a46631c718f649cb199ca1bc9b4b585f499322c1fc84cb3aa755a097510c5e357c46d85c4c590503979a2b42893fc2ca4b82ae16f0d371c1b0d3034b0f5eed3e3f7ec21c857f33f2c85d7e5b3984b914bdcc4dac1d54f04f8175a18fc48d8e84a4eaa113904bcb9e3ce97ebcc07a911c0ebe936f892ce3de82af79caecee616d522e7a382cfcc6825376975eb9cc611763acfbf0e47aa727b82d45d03791a195ea60472b4e5d24a2037fe8ce25cca9eeb7fae3d822acb8d0fad39cdaf84bb0408a4a96152deeaa425666c5545ad7b58fb1 -121 -18
2026-06-09T18:36:56.396 IMG_PACKET 43490149abe1190700001a7eabe103791f2a1000dd0db6f516bdae177af1bff2c9a46631c718f649cb199ca1bc9b4b585f499322c1fc84cb3aa755a097510c5e357c46d85c4c590503979a2b42893fc2ca4b82ae16f0d371c1b0d3034b0f5eed3e3f7ec21c857f33f2c85d7e5b3984b914bdcc4dac1d54f04f8175a18fc48d8e84a4eaa113904bcb9e3ce97ebcc07a911c0ebe936f892ce3de82af79caecee616d522e7a382cfcc6825376975eb9cc611763acfbf0e47aa727b82d45d03791a195ea60472b4e5d24a2037fe8ce25cca9eeb7fae3d822acb8d0fad39cdaf84bb0408a4a96152deeaa425666c5545ad7b58fb1 RSSI=-121 SNR=-18
2026-06-09T18:36:56.675 > p2p rx 0
2026-06-09T18:36:56.675 < >
2026-06-09T18:36:57.784 < >> Ok
2026-06-09T18:36:57.840 < >> radio_rx 43490149abe1190700001a7eabe103791f2a1100dd2061747e5f3bef0807317ac20b8f63d88b05987a36a621bca3dbe221a570bc2c3f08355b191988f4bceb063585f239551bffab98ab15102ed5d700854ab28b5452718f522e1441ead0a1e1d4129068477ae556d69f432a51f46253f13b64d608a7186589c60d4a81ac41e913190fd5c9ec2f666221b6d903509dcd7ec35253972d3bbc9fe293fe17e9301b410dd61591429a1f9e4ec976541afcbf141925140a355351694ec4434eb1d52805b78f6e71e7e71a53d7a3265550e539b24b5347a9a8115821759751b98501b3e71916abaf54e58ff5a1bd1fb5655410b5ed -123 -46
2026-06-09T18:36:58.456 IMG_PACKET 43490149abe1190700001a7eabe103791f2a1100dd2061747e5f3bef0807317ac20b8f63d88b05987a36a621bca3dbe221a570bc2c3f08355b191988f4bceb063585f239551bffab98ab15102ed5d700854ab28b5452718f522e1441ead0a1e1d4129068477ae556d69f432a51f46253f13b64d608a7186589c60d4a81ac41e913190fd5c9ec2f666221b6d903509dcd7ec35253972d3bbc9fe293fe17e9301b410dd61591429a1f9e4ec976541afcbf141925140a355351694ec4434eb1d52805b78f6e71e7e71a53d7a3265550e539b24b5347a9a8115821759751b98501b3e71916abaf54e58ff5a1bd1fb5655410b5ed RSSI=-123 SNR=-46
2026-06-09T18:36:59.085 > p2p rx 0
2026-06-09T18:36:59.086 < >
2026-06-09T18:36:59.486 < >> Ok
2026-06-09T18:36:59.543 < >> radio_rx 43490149abe1190700001a7eabe103791f2a1200ddcb106f1a8a398815e529169ec92d476bce796f39d103184fc28e528d2e7490ad55f4223fb54be745df2b481479bd3060c1fe0ecad306fbe9963fa9c0efe3940e4cbf419a411558d5109cec5fabd418bdab999ff03dba6d3b06347836b44363d60462571c7c7c339e2a5e493cc48c9a8fa2b3d96a0ff697ca15f40f395fe9d41606310d90847983cf706629ff61d8255aaebe642c80b25b7e34479ba0cb81464765b5bd5fa04416960ad07a0b96e4ebc8d64d9b2909f9028df9f7cc98c49b250da0aa21a541194371b7d7fc69cc2c7aaa7ec77fa18878a41d1f8bd6f9e7 -123 -43
2026-06-09T18:37:00.037 IMG_PACKET 43490149abe1190700001a7eabe103791f2a1200ddcb106f1a8a398815e529169ec92d476bce796f39d103184fc28e528d2e7490ad55f4223fb54be745df2b481479bd3060c1fe0ecad306fbe9963fa9c0efe3940e4cbf419a411558d5109cec5fabd418bdab999ff03dba6d3b06347836b44363d60462571c7c7c339e2a5e493cc48c9a8fa2b3d96a0ff697ca15f40f395fe9d41606310d90847983cf706629ff61d8255aaebe642c80b25b7e34479ba0cb81464765b5bd5fa04416960ad07a0b96e4ebc8d64d9b2909f9028df9f7cc98c49b250da0aa21a541194371b7d7fc69cc2c7aaa7ec77fa18878a41d1f8bd6f9e7 RSSI=-123 SNR=-43
2026-06-09T18:37:00.593 > p2p rx 0
2026-06-09T18:37:00.594 < >
2026-06-09T18:37:01.165 < >> Ok
2026-06-09T18:37:01.166 < >> radio_err
2026-06-09T18:37:01.465 > p2p rx 0
2026-06-09T18:37:01.467 < >
2026-06-09T18:37:04.591 < >> Ok
2026-06-09T18:37:04.650 < >> radio_rx 43490149abe1190700001a7eabe103791f2a1500ddeead0ac571167cff4a6a12805fcfb1beaf24e9219bbcd752d50831f74948b8e3e5c2fd5229077757481b79590116362701772d2d0f0a0cb814cccb2416ef9b10818a866f38e4e783039d6c819fa23823c03d5b3c992ef7c730a2d6baca9f5748ee18843b408046d3cbb4fe62f8ba3bdf69b8798aca2bbd83dcdb69a9770fe8295de0608e18c222da49316a012e9946fa463725744d54b9cef826db94e2e94a910c7a37be5ca2f21811a902664f549868600d6ac2482ba946fb2ac0d26914c735ea02f8b9672adcc5986e974fcb7d65a6b57fcedbc5084be8b2e0b98a50 -120 -29
2026-06-09T18:37:05.139 IMG_PACKET 43490149abe1190700001a7eabe103791f2a1500ddeead0ac571167cff4a6a12805fcfb1beaf24e9219bbcd752d50831f74948b8e3e5c2fd5229077757481b79590116362701772d2d0f0a0cb814cccb2416ef9b10818a866f38e4e783039d6c819fa23823c03d5b3c992ef7c730a2d6baca9f5748ee18843b408046d3cbb4fe62f8ba3bdf69b8798aca2bbd83dcdb69a9770fe8295de0608e18c222da49316a012e9946fa463725744d54b9cef826db94e2e94a910c7a37be5ca2f21811a902664f549868600d6ac2482ba946fb2ac0d26914c735ea02f8b9672adcc5986e974fcb7d65a6b57fcedbc5084be8b2e0b98a50 RSSI=-120 SNR=-29
2026-06-09T18:37:05.624 > p2p rx 0
2026-06-09T18:37:05.624 < >
2026-06-09T18:37:06.293 < >> Ok
2026-06-09T18:37:06.350 < >> radio_rx 43490149abe1190700001a7eabe103791f2a1600ddec720a637b44d882bfa34a7ac895aaf18919cbb9220b1740ee436644fd509739d2a82b82bec72702f9cd7b1362da1f2e0cc72d85f5ea876a3942716062fcad4d82cc310b390b30ff998427b99c7cac07bf9094a6015917f4edeb22e5d40f82fba1bed5bd15f8d06a003ba49f6fe9ffd422e077a02de6cb6f4f89587e62418b38fbad35a0c8058297464c22f871eb7f42e1dc13602a92645fda728ed6a86747844a601a23c4c213bb6f92fb5ff0da0fda2f3a6b992e5248a5d01c0a28b33b38bf41d208e5e59cf6d243de6dad194ebbc2c66e7d08c1679c65d3086444b4 -117 -18
2026-06-09T18:37:06.892 IMG_PACKET 43490149abe1190700001a7eabe103791f2a1600ddec720a637b44d882bfa34a7ac895aaf18919cbb9220b1740ee436644fd509739d2a82b82bec72702f9cd7b1362da1f2e0cc72d85f5ea876a3942716062fcad4d82cc310b390b30ff998427b99c7cac07bf9094a6015917f4edeb22e5d40f82fba1bed5bd15f8d06a003ba49f6fe9ffd422e077a02de6cb6f4f89587e62418b38fbad35a0c8058297464c22f871eb7f42e1dc13602a92645fda728ed6a86747844a601a23c4c213bb6f92fb5ff0da0fda2f3a6b992e5248a5d01c0a28b33b38bf41d208e5e59cf6d243de6dad194ebbc2c66e7d08c1679c65d3086444b4 RSSI=-117 SNR=-18
2026-06-09T18:37:07.377 > p2p rx 0
2026-06-09T18:37:07.377 < >
2026-06-09T18:37:07.994 < >> Ok
2026-06-09T18:37:08.053 < >> radio_rx 43490149abe1190700001a7eabe103791f2a1700dde29456a40a8725e5f34d761cb2de2ea52173747f55acc8ba2b0eb16cb5a915864c07d48b8071ff555f55c571116c1c6e404da9498fcf44c1ffe612226798f6a6e1f60d401e8d57060f8f9088e71061602272e84a6b4b4ae4cee2e005734915100198c88778a8e697d1c8701180045a553f70da057efe9b95fee590a4a01de9f18abdc24c5b933b1944832572ac4e70af948bccb3957615ac6cb04e3d5dd4fc51613ae12d206dd51397c8dc782e03a6df970231311c9ecdbe96286b00db3a696e10603488af36ac3b36f5e26b33e8d44c29dc30f5cf4905acae161ea2de -114 -10
2026-06-09T18:37:08.667 IMG_PACKET 43490149abe1190700001a7eabe103791f2a1700dde29456a40a8725e5f34d761cb2de2ea52173747f55acc8ba2b0eb16cb5a915864c07d48b8071ff555f55c571116c1c6e404da9498fcf44c1ffe612226798f6a6e1f60d401e8d57060f8f9088e71061602272e84a6b4b4ae4cee2e005734915100198c88778a8e697d1c8701180045a553f70da057efe9b95fee590a4a01de9f18abdc24c5b933b1944832572ac4e70af948bccb3957615ac6cb04e3d5dd4fc51613ae12d206dd51397c8dc782e03a6df970231311c9ecdbe96286b00db3a696e10603488af36ac3b36f5e26b33e8d44c29dc30f5cf4905acae161ea2de RSSI=-114 SNR=-10
2026-06-09T18:37:09.202 > p2p rx 0
2026-06-09T18:37:09.203 < >
2026-06-09T18:37:09.697 < >> Ok
2026-06-09T18:37:09.754 < >> radio_rx 43490149abe1190700001a7eabe103791f2a1800dd4d57fd5c97da2a26499c522fc4f6e164fd162aa8af1b34e520de4a82475ba6e972ef2d9a7b8cc5a897adeff28b4859414a6389743448d5def6c02c2850f44ffeb0cc2494cc59d896c2b0bafb5ada4452e025e4909c8a8fcebddef3b103bcf70cb0b27a2cd3de7ddd0a6ff941d209683dc61aa5fd3a10ebd6238b4021b786474587233c0a76dd7af37252045b8d787460adb675ee2ab0457fde4eb97701f87beb950d4be24e1fd9f8ee71f5d78dbccc98733b5d1a2b6d166579baee8440e1653c44ec162cc4b98b1b704b89d79d2c210057648b71a8e19fe1901e20ba5a -122 -35
2026-06-09T18:37:10.262 IMG_PACKET 43490149abe1190700001a7eabe103791f2a1800dd4d57fd5c97da2a26499c522fc4f6e164fd162aa8af1b34e520de4a82475ba6e972ef2d9a7b8cc5a897adeff28b4859414a6389743448d5def6c02c2850f44ffeb0cc2494cc59d896c2b0bafb5ada4452e025e4909c8a8fcebddef3b103bcf70cb0b27a2cd3de7ddd0a6ff941d209683dc61aa5fd3a10ebd6238b4021b786474587233c0a76dd7af37252045b8d787460adb675ee2ab0457fde4eb97701f87beb950d4be24e1fd9f8ee71f5d78dbccc98733b5d1a2b6d166579baee8440e1653c44ec162cc4b98b1b704b89d79d2c210057648b71a8e19fe1901e20ba5a RSSI=-122 SNR=-35
2026-06-09T18:37:10.784 > p2p rx 0
2026-06-09T18:37:10.785 < >
2026-06-09T18:37:11.398 < >> Ok
2026-06-09T18:37:11.455 < >> radio_rx 43490149abe1190700001a7eabe103791f2a1900dd654f8f85b69ea9b63d5d511b4d33f9ed0c030d9410a7574ce2fd18b6e44598c12204c39dc8f2738abeae69c231b427a9e9c367af2c0d768708ef27cba37ddb8e5f8e017e24ecf710f4a9193aa28eb51728d90341c5b5b8e91a59cbb8103dde83b4a9b419b2d53ad14a3c1069768d983266323e34cd0c833eaa7a5487dc9c06265c4dc05b7b5868103ceff1d14eb4cc3b4da5e6dfffc6bb325974c1e7556c374d81f2fc06a2d3b4252438504c5dbd986508608b688f87a2bcd70c56bb7244fa2f6145c1fcb830487e7c8baa7783b7e65f49a129a74f45764dc326b3fce3 -117 -21
2026-06-09T18:37:11.952 IMG_PACKET 43490149abe1190700001a7eabe103791f2a1900dd654f8f85b69ea9b63d5d511b4d33f9ed0c030d9410a7574ce2fd18b6e44598c12204c39dc8f2738abeae69c231b427a9e9c367af2c0d768708ef27cba37ddb8e5f8e017e24ecf710f4a9193aa28eb51728d90341c5b5b8e91a59cbb8103dde83b4a9b419b2d53ad14a3c1069768d983266323e34cd0c833eaa7a5487dc9c06265c4dc05b7b5868103ceff1d14eb4cc3b4da5e6dfffc6bb325974c1e7556c374d81f2fc06a2d3b4252438504c5dbd986508608b688f87a2bcd70c56bb7244fa2f6145c1fcb830487e7c8baa7783b7e65f49a129a74f45764dc326b3fce3 RSSI=-117 SNR=-21
2026-06-09T18:37:12.433 > p2p rx 0
2026-06-09T18:37:12.433 < >
2026-06-09T18:37:13.100 < >> Ok
2026-06-09T18:37:13.157 < >> radio_rx 43490149abe1190700001a7eabe103791f2a1a00dd9ac9aac16774d47688e829f28659d9c8e9256fc7edc0e5447f7123468d1ec6ebf027ee6e488dd4f4197c0f4828ed5c40c1aa0c7894be3c92b1a26663c9eb4cb28c0a7607419f5431e1b8c0581b1980f4637382667aafd58fa7f2eaf3248e26254e14427fb125910741eef6f61797b1570d7e655cb1ce600d0bffa3bc4a0e22f1ad19297ffd13047e7eaf6548dc351100bf1569c06d19e73bb0126a474112d6f9d87030bd12d7fa872adc6a6a56ca10ac079b569c9df8972402eb7bec02abde70f9f6611cc49aa230a794f715b9bcabce3a9ca3a6a3636b04f332bcb8b5 -120 -36
2026-06-09T18:37:13.648 IMG_PACKET 43490149abe1190700001a7eabe103791f2a1a00dd9ac9aac16774d47688e829f28659d9c8e9256fc7edc0e5447f7123468d1ec6ebf027ee6e488dd4f4197c0f4828ed5c40c1aa0c7894be3c92b1a26663c9eb4cb28c0a7607419f5431e1b8c0581b1980f4637382667aafd58fa7f2eaf3248e26254e14427fb125910741eef6f61797b1570d7e655cb1ce600d0bffa3bc4a0e22f1ad19297ffd13047e7eaf6548dc351100bf1569c06d19e73bb0126a474112d6f9d87030bd12d7fa872adc6a6a56ca10ac079b569c9df8972402eb7bec02abde70f9f6611cc49aa230a794f715b9bcabce3a9ca3a6a3636b04f332bcb8b5 RSSI=-120 SNR=-36
2026-06-09T18:37:14.148 > p2p rx 0
2026-06-09T18:37:14.148 < >
2026-06-09T18:37:14.801 < >> Ok
2026-06-09T18:37:14.858 < >> radio_rx 43490149abe1190700001a7eabe103791f2a1b00ddad1afdde137882f8a8c1fd879795e793f9f09bf5f7597dc44888ecdf645e8fe3353254ada56441f24e856d2ffd13239c2ddc56ffc693f18bff131c048df48b5b7db15c3f0a47c32c6915cb6ec0d401a4e6247fc798deb576ec315eb847b8d2fca3e335d44026e2351bd3755d75dade6bfd5a21309463360ca5638a9fd7842482a9cc5537f52c90f362e4ee49d8e303c39ba47bdf961f0b3690b5f14f1cc91013c28e72c132a68dadd273f825df0628097fe981bad8b0a3ffbdf37114c5fadd7c14536012989707db95521821cc72ec928a7bb37da84ee5484c127fe8fe -118 -38
2026-06-09T18:37:15.345 IMG_PACKET 43490149abe1190700001a7eabe103791f2a1b00ddad1afdde137882f8a8c1fd879795e793f9f09bf5f7597dc44888ecdf645e8fe3353254ada56441f24e856d2ffd13239c2ddc56ffc693f18bff131c048df48b5b7db15c3f0a47c32c6915cb6ec0d401a4e6247fc798deb576ec315eb847b8d2fca3e335d44026e2351bd3755d75dade6bfd5a21309463360ca5638a9fd7842482a9cc5537f52c90f362e4ee49d8e303c39ba47bdf961f0b3690b5f14f1cc91013c28e72c132a68dadd273f825df0628097fe981bad8b0a3ffbdf37114c5fadd7c14536012989707db95521821cc72ec928a7bb37da84ee5484c127fe8fe RSSI=-118 SNR=-38
2026-06-09T18:37:15.827 > p2p rx 0
2026-06-09T18:37:15.827 < >
2026-06-09T18:37:16.503 < >> Ok
2026-06-09T18:37:16.560 < >> radio_rx 43490149abe1190700001a7eabe103791f2a1c00ddadf54c4b27c070b12f46f46bb034fc3efeb1309fc887ba36c00969c10d1270fc6610739b734993730eef69f7b1bd54a0d2c05a2280603b5fa8011110508306530c99500c58a1011e204b15ee2bf4c957cbae9603d966f7ca71b1b94cf8e6bf2de529bd118be8375a69664c397760561a7014934911e74993a8231a575937286a70496803436794c4490d515a1600e13c2e6004de1d727d867cc8bf3212583769ee11ecfd93b4a6758a75518a9b8c6f97fa7cca5b90e08e2d0a7a7b0f51d37e4a5dabccb5788c946b974d97255a7130a4668e160ac4d83042639cff57c2 -118 -30
2026-06-09T18:37:17.078 IMG_PACKET 43490149abe1190700001a7eabe103791f2a1c00ddadf54c4b27c070b12f46f46bb034fc3efeb1309fc887ba36c00969c10d1270fc6610739b734993730eef69f7b1bd54a0d2c05a2280603b5fa8011110508306530c99500c58a1011e204b15ee2bf4c957cbae9603d966f7ca71b1b94cf8e6bf2de529bd118be8375a69664c397760561a7014934911e74993a8231a575937286a70496803436794c4490d515a1600e13c2e6004de1d727d867cc8bf3212583769ee11ecfd93b4a6758a75518a9b8c6f97fa7cca5b90e08e2d0a7a7b0f51d37e4a5dabccb5788c946b974d97255a7130a4668e160ac4d83042639cff57c2 RSSI=-118 SNR=-30
2026-06-09T18:37:17.565 > p2p rx 0
2026-06-09T18:37:17.565 < >
2026-06-09T18:37:18.204 < >> Ok
2026-06-09T18:37:18.262 < >> radio_rx 43490149abe1190700001a7eabe103791f2a1d00dde457a908ba2b54f5c5292259f96b302b41a50f781362a4c10715783593caa688164405efb719cc0056879b04135430269741695c79214d997a5d0c60fcaed2013e6a82ab8b8a9c37bad64e42a747358568d0f021dcf892674e59d2c494be4b1156c2fba5bc8e657d7fdcdb948fcb5606a45efe034e6e53c9e10e525499d5ae5d3482c6d2dd6662562597d9d8efb465dd1bfcfdecb23591de633daa9a207fbed75132c214fe1901322db3979af23feb4ceb1a65338785046a4eb4774bc49f898013fa1b9835b51172005f0d361b83a01e5e8880f7534d102bc76e3edb02 -112 -7
2026-06-09T18:37:18.760 IMG_PACKET 43490149abe1190700001a7eabe103791f2a1d00dde457a908ba2b54f5c5292259f96b302b41a50f781362a4c10715783593caa688164405efb719cc0056879b04135430269741695c79214d997a5d0c60fcaed2013e6a82ab8b8a9c37bad64e42a747358568d0f021dcf892674e59d2c494be4b1156c2fba5bc8e657d7fdcdb948fcb5606a45efe034e6e53c9e10e525499d5ae5d3482c6d2dd6662562597d9d8efb465dd1bfcfdecb23591de633daa9a207fbed75132c214fe1901322db3979af23feb4ceb1a65338785046a4eb4774bc49f898013fa1b9835b51172005f0d361b83a01e5e8880f7534d102bc76e3edb02 RSSI=-112 SNR=-7
2026-06-09T18:37:19.267 > p2p rx 0
2026-06-09T18:37:19.268 < >
2026-06-09T18:37:19.884 < >> Ok
2026-06-09T18:37:19.886 < >> radio_err
2026-06-09T18:37:20.184 > p2p rx 0
2026-06-09T18:37:20.185 < >
2026-06-09T18:37:23.310 < >> Ok
2026-06-09T18:37:23.367 < >> radio_rx 43490149abe1190700001a7eabe103791f2a2000ddc858fd3e2ab1623db5cdf5d1f03f91d945321a185bba1439d6c9c96973801cd52ecc3e94d8fd8d569eb0ac820d3cc0f53d2cdb84ed6db77df94f1b63a0c22983b4cb1e19f983698126269a35845f2a4a69cecd4ca572f2ea90ff163920a3f1b3a7d8a00cc79f7a3747f48aad99a3cb95ee1aef232470f5dc1b152e9b80fcf18292c705896c9eeede5a7099e9ab9419de4132feae643239de4ccc97aa994e38ea70d9e5dea21b02c1134cf3adc0f6a8b4342978fbaa7452ab0d5d1be3be614d39cb9e63a993ba48ad045d686359366e540d5aa9490e1996cc7b82b6fbb9 -116 -11
2026-06-09T18:37:23.860 IMG_PACKET 43490149abe1190700001a7eabe103791f2a2000ddc858fd3e2ab1623db5cdf5d1f03f91d945321a185bba1439d6c9c96973801cd52ecc3e94d8fd8d569eb0ac820d3cc0f53d2cdb84ed6db77df94f1b63a0c22983b4cb1e19f983698126269a35845f2a4a69cecd4ca572f2ea90ff163920a3f1b3a7d8a00cc79f7a3747f48aad99a3cb95ee1aef232470f5dc1b152e9b80fcf18292c705896c9eeede5a7099e9ab9419de4132feae643239de4ccc97aa994e38ea70d9e5dea21b02c1134cf3adc0f6a8b4342978fbaa7452ab0d5d1be3be614d39cb9e63a993ba48ad045d686359366e540d5aa9490e1996cc7b82b6fbb9 RSSI=-116 SNR=-11
2026-06-09T18:37:24.346 > p2p rx 0
2026-06-09T18:37:24.347 < >
2026-06-09T18:37:24.989 < >> Ok
2026-06-09T18:37:24.991 < >> radio_err
2026-06-09T18:37:25.290 > p2p rx 0
2026-06-09T18:37:25.290 < >
2026-06-09T18:37:28.414 < >> Ok
2026-06-09T18:37:28.473 < >> radio_rx 43490149abe1190700001a7eabe103791f2a2300dd34f541e127346840ca5130535d98dad908581e7ba16cce1ba669ef168ca82db75f71b1b085363a6de20238d52b8c8804b7027f939dda38ba1410203716cff5bb2902ee6d63d09ddd93fb0a52e2f1e80cb07c04faaa5fdcce96aa47c08dae4bd3d832f8cdb7745e3dd37fee3cb8f44910d0cdf9065846c5eda0a4e571102a78e047a09c6ee268d3d35a813344ab6e94fad1b72ffaa97675b95ae60112ba73bbed84f75767202d37d8a4307fce21577089f807c5403b5a321867ba382fdf2cee5ba8cd73cb2c9f92dbcf867b444486d0e322a9d1add8c5e64fa9870adcd0 -116 -9
2026-06-09T18:37:28.963 IMG_PACKET 43490149abe1190700001a7eabe103791f2a2300dd34f541e127346840ca5130535d98dad908581e7ba16cce1ba669ef168ca82db75f71b1b085363a6de20238d52b8c8804b7027f939dda38ba1410203716cff5bb2902ee6d63d09ddd93fb0a52e2f1e80cb07c04faaa5fdcce96aa47c08dae4bd3d832f8cdb7745e3dd37fee3cb8f44910d0cdf9065846c5eda0a4e571102a78e047a09c6ee268d3d35a813344ab6e94fad1b72ffaa97675b95ae60112ba73bbed84f75767202d37d8a4307fce21577089f807c5403b5a321867ba382fdf2cee5ba8cd73cb2c9f92dbcf867b444486d0e322a9d1add8c5e64fa9870adcd0 RSSI=-116 SNR=-9
2026-06-09T18:37:29.441 > p2p rx 0
2026-06-09T18:37:29.441 < >
2026-06-09T18:37:30.116 < >> Ok
2026-06-09T18:37:30.172 < >> radio_rx 43490149abe1190700001a7eabe103791f2a2400dd4cf109c049cae16c8659dd1d66ac32fa8ebf1a1105ed5ba20013e10053daeb84556b033948320b46c968d2035a33897250a070c90a89fdaf993d6b8799153df3396053639818ee20691f6f1c831b9e0f91d99a0c849eb8211748565cd816f0fabfa71637be5cc7282e081b60339533275d49ba80ce65118d2152e690b792f6dac3cf0147efd35f9be6a5e28d52c811e729608add9ea78a741c12d631f4001ac6466d83ac19a79f038ce08d160ece8ee44e6026a18a9366779f1e9eea7e22689f0838d3126b6f01992ad198b7cb89c4ade6283c6ea319522bfd319d0479 -119 -29
2026-06-09T18:37:30.669 IMG_PACKET 43490149abe1190700001a7eabe103791f2a2400dd4cf109c049cae16c8659dd1d66ac32fa8ebf1a1105ed5ba20013e10053daeb84556b033948320b46c968d2035a33897250a070c90a89fdaf993d6b8799153df3396053639818ee20691f6f1c831b9e0f91d99a0c849eb8211748565cd816f0fabfa71637be5cc7282e081b60339533275d49ba80ce65118d2152e690b792f6dac3cf0147efd35f9be6a5e28d52c811e729608add9ea78a741c12d631f4001ac6466d83ac19a79f038ce08d160ece8ee44e6026a18a9366779f1e9eea7e22689f0838d3126b6f01992ad198b7cb89c4ade6283c6ea319522bfd319d0479 RSSI=-119 SNR=-29
2026-06-09T18:37:31.149 > p2p rx 0
2026-06-09T18:37:31.150 < >
2026-06-09T18:37:31.796 < >> Ok
2026-06-09T18:37:31.796 < >> radio_err
2026-06-09T18:37:32.096 > p2p rx 0
2026-06-09T18:37:32.097 < >
