2026-06-02T16:36:16.717 < >> Ok
2026-06-02T16:36:16.734 < >> radio_rx 7b2276223a312c2274797065223a2274657874222c22736571223a312c2274696d65223a22323032362d30362d30325430373a33303a34342e3933385a222c2264617461223a7b226d657373616765223a2274657874227d7d -62 31
2026-06-02T16:36:16.736 RX type=text seq=1 time=2026-06-02T07:30:44.938Z RSSI=-62 SNR=31
2026-06-02T16:36:16.738 JSON {"v":1,"type":"text","seq":1,"time":"2026-06-02T07:30:44.938Z","data":{"message":"text"}}
2026-06-02T16:36:16.778 > p2p rx 0
2026-06-02T16:36:16.780 < >
2026-06-02T16:42:27.531 < >> Ok
2026-06-02T16:42:27.547 < >> radio_rx 7b2276223a312c2274797065223a2274657874222c22736571223a312c2274696d65223a22323032362d30362d30325430373a32393a34382e3732305a222c2264617461223a7b226d657373616765223a2268656c6c6f227d7d -95 30
2026-06-02T16:42:27.550 RX type=text seq=1 time=2026-06-02T07:29:48.720Z RSSI=-95 SNR=30
2026-06-02T16:42:27.552 JSON {"v":1,"type":"text","seq":1,"time":"2026-06-02T07:29:48.720Z","data":{"message":"hello"}}
2026-06-02T16:42:27.593 > p2p rx 0
2026-06-02T16:42:27.595 < >
2026-06-02T16:42:43.594 < >> Ok
2026-06-02T16:42:43.607 < >> radio_rx 7b2276223a312c2274797065223a2274657874222c22736571223a322c2274696d65223a22323032362d30362d30325430373a33303a30342e3831305a222c2264617461223a7b226d657373616765223a226f6f69227d7d -85 22
2026-06-02T16:42:43.608 RX type=text seq=2 time=2026-06-02T07:30:04.810Z RSSI=-85 SNR=22
2026-06-02T16:42:43.610 JSON {"v":1,"type":"text","seq":2,"time":"2026-06-02T07:30:04.810Z","data":{"message":"ooi"}}
2026-06-02T16:42:43.655 > p2p rx 0
2026-06-02T16:42:43.657 < >
2026-06-02T16:42:58.828 < >> Ok
2026-06-02T16:42:58.841 < >> radio_rx 7b2276223a312c2274797065223a2274657874222c22736571223a332c2274696d65223a22323032362d30362d30325430373a33303a32302e3034345a222c2264617461223a7b226d657373616765223a226b6f6e227d7d -86 29
2026-06-02T16:42:58.844 RX type=text seq=3 time=2026-06-02T07:30:20.044Z RSSI=-86 SNR=29
2026-06-02T16:42:58.847 JSON {"v":1,"type":"text","seq":3,"time":"2026-06-02T07:30:20.044Z","data":{"message":"kon"}}
2026-06-02T16:42:58.889 > p2p rx 0
2026-06-02T16:42:58.890 < >
