2026-06-02T17:18:04.779 < >> Ok
2026-06-02T17:18:04.795 < >> radio_rx 7b2276223a312c2274797065223a2274657874222c22736571223a322c2274696d65223a22323032362d30362d30325430383a31383a30342e3331365a222c2264617461223a7b226d657373616765223a2268656c6c6f227d7d -51 33
2026-06-02T17:18:04.796 RX type=text seq=2 time=2026-06-02T08:18:04.316Z RSSI=-51 SNR=33
2026-06-02T17:18:04.798 JSON {"v":1,"type":"text","seq":2,"time":"2026-06-02T08:18:04.316Z","data":{"message":"hello"}}
2026-06-02T17:18:04.840 > p2p rx 0
2026-06-02T17:18:04.842 < >
2026-06-02T17:18:10.559 < >> Ok
2026-06-02T17:18:10.576 < >> radio_rx 7b2276223a312c2274797065223a2274657874222c22736571223a332c2274696d65223a22323032362d30362d30325430383a31383a31302e3132325a222c2264617461223a7b226d657373616765223a226869227d7d -57 26
2026-06-02T17:18:10.576 RX type=text seq=3 time=2026-06-02T08:18:10.122Z RSSI=-57 SNR=26
2026-06-02T17:18:10.578 JSON {"v":1,"type":"text","seq":3,"time":"2026-06-02T08:18:10.122Z","data":{"message":"hi"}}
2026-06-02T17:18:10.619 > p2p rx 0
2026-06-02T17:18:10.621 < >
2026-06-02T17:18:24.519 < >> Ok
2026-06-02T17:18:24.536 < >> radio_rx 7b2276223a312c2274797065223a2274657874222c22736571223a352c2274696d65223a22323032362d30362d30325430383a31383a32342e3038325a222c2264617461223a7b226d657373616765223a226869227d7d -56 24
2026-06-02T17:18:24.538 RX type=text seq=5 time=2026-06-02T08:18:24.082Z RSSI=-56 SNR=24
2026-06-02T17:18:24.540 JSON {"v":1,"type":"text","seq":5,"time":"2026-06-02T08:18:24.082Z","data":{"message":"hi"}}
2026-06-02T17:18:24.579 > p2p rx 0
2026-06-02T17:18:24.580 < >
2026-06-02T17:18:38.426 < >> Ok
2026-06-02T17:18:38.440 < >> radio_rx 7b2276223a312c2274797065223a2274657874222c22736571223a372c2274696d65223a22323032362d30362d30325430383a31383a33372e3938385a222c2264617461223a7b226d657373616765223a226b6f6e227d7d -62 24
2026-06-02T17:18:38.441 RX type=text seq=7 time=2026-06-02T08:18:37.988Z RSSI=-62 SNR=24
2026-06-02T17:18:38.442 JSON {"v":1,"type":"text","seq":7,"time":"2026-06-02T08:18:37.988Z","data":{"message":"kon"}}
2026-06-02T17:18:38.487 > p2p rx 0
2026-06-02T17:18:38.488 < >
2026-06-02T17:20:12.245 < >> Ok
2026-06-02T17:20:12.262 < >> radio_rx 7b2276223a312c2274797065223a2274657874222c22736571223a31302c2274696d65223a22323032362d30362d30325430383a32303a31312e3830395a222c2264617461223a7b226d657373616765223a226f69227d7d -57 22
2026-06-02T17:20:12.264 RX type=text seq=10 time=2026-06-02T08:20:11.809Z RSSI=-57 SNR=22
2026-06-02T17:20:12.265 JSON {"v":1,"type":"text","seq":10,"time":"2026-06-02T08:20:11.809Z","data":{"message":"oi"}}
2026-06-02T17:20:12.306 > p2p rx 0
2026-06-02T17:20:12.308 < >
2026-06-02T17:20:20.927 < >> Ok
2026-06-02T17:20:20.945 < >> radio_rx 7b2276223a312c2274797065223a2274657874222c22736571223a31312c2274696d65223a22323032362d30362d30325430383a32303a32302e3439315a222c2264617461223a7b226d657373616765223a226f7375227d7d -53 31
2026-06-02T17:20:20.946 RX type=text seq=11 time=2026-06-02T08:20:20.491Z RSSI=-53 SNR=31
2026-06-02T17:20:20.948 JSON {"v":1,"type":"text","seq":11,"time":"2026-06-02T08:20:20.491Z","data":{"message":"osu"}}
2026-06-02T17:20:20.988 > p2p rx 0
2026-06-02T17:20:20.989 < >
2026-06-02T17:32:11.838 < >> Ok
2026-06-02T17:32:11.850 < >> radio_rx 7b2276223a312c2274797065223a2274657874222c22736571223a312c2274696d65223a22323032362d30362d30325430383a33323a31312e3337395a222c2264617461223a7b226d657373616765223a2268656c6c6f227d7d -52 29
2026-06-02T17:32:11.851 RX type=text seq=1 time=2026-06-02T08:32:11.379Z RSSI=-52 SNR=29
2026-06-02T17:32:11.853 JSON {"v":1,"type":"text","seq":1,"time":"2026-06-02T08:32:11.379Z","data":{"message":"hello"}}
2026-06-02T17:32:11.899 > p2p rx 0
2026-06-02T17:32:11.900 < >
2026-06-02T17:32:18.785 < >> Ok
2026-06-02T17:32:18.803 < >> radio_rx 7b2276223a312c2274797065223a2274657874222c22736571223a322c2274696d65223a22323032362d30362d30325430383a33323a31382e3335325a222c2264617461223a7b226d657373616765223a226869227d7d -53 30
2026-06-02T17:32:18.805 RX type=text seq=2 time=2026-06-02T08:32:18.352Z RSSI=-53 SNR=30
2026-06-02T17:32:18.807 JSON {"v":1,"type":"text","seq":2,"time":"2026-06-02T08:32:18.352Z","data":{"message":"hi"}}
2026-06-02T17:32:18.846 > p2p rx 0
2026-06-02T17:32:18.847 < >
2026-06-02T17:32:29.975 < >> Ok
2026-06-02T17:32:29.991 < >> radio_rx 7b2276223a312c2274797065223a2274657874222c22736571223a332c2274696d65223a22323032362d30362d30325430383a33323a32392e3531365a222c2264617461223a7b226d657373616765223a226b696f73756b75227d7d -52 33
2026-06-02T17:32:29.993 RX type=text seq=3 time=2026-06-02T08:32:29.516Z RSSI=-52 SNR=33
2026-06-02T17:32:29.994 JSON {"v":1,"type":"text","seq":3,"time":"2026-06-02T08:32:29.516Z","data":{"message":"kiosuku"}}
2026-06-02T17:32:30.037 > p2p rx 0
2026-06-02T17:32:30.038 < >
2026-06-02T17:32:58.546 < >> Ok
2026-06-02T17:32:58.561 < >> radio_rx 7b2276223a312c2274797065223a2274657874222c22736571223a342c2274696d65223a22323032362d30362d30325430383a33323a35382e3038395a222c2264617461223a7b226d657373616765223a226969796f2d227d7d -54 24
2026-06-02T17:32:58.563 RX type=text seq=4 time=2026-06-02T08:32:58.089Z RSSI=-54 SNR=24
2026-06-02T17:32:58.565 JSON {"v":1,"type":"text","seq":4,"time":"2026-06-02T08:32:58.089Z","data":{"message":"iiyo-"}}
2026-06-02T17:32:58.608 > p2p rx 0
2026-06-02T17:32:58.609 < >
2026-06-02T18:00:14.471 < >> Ok
2026-06-02T18:00:14.520 < >> radio_rx 43490149b27910fe00001388b2790376171f0000ddd6a5d8d43610523a70741255cfed7d323536001883e2325154322b7f243634031b7f3a36115fcae875362033041d763e35145c3d23712b3f3c0b137137200259c0e273203c27160a7c2937077e2497b231d3de06562d4c4955ca9e1b0e1401125051350509250218541d4d5e4734781a4c487526404f49474551602c2b4c485521510f5901160240f3b12d260640253d69332022140c682d260640253d6933202214e7bc39231a5430297c243514001a6d38310355ceed7d33343700187c3932125431297d27343600187c3932125cceed7d33243700187c3932125431 -60 22
2026-06-02T18:00:14.526 IMG_PACKET 43490149b27910fe00001388b2790376171f0000ddd6a5d8d43610523a70741255cfed7d323536001883e2325154322b7f243634031b7f3a36115fcae875362033041d763e35145c3d23712b3f3c0b137137200259c0e273203c27160a7c2937077e2497b231d3de06562d4c4955ca9e1b0e1401125051350509250218541d4d5e4734781a4c487526404f49474551602c2b4c485521510f5901160240f3b12d260640253d69332022140c682d260640253d6933202214e7bc39231a5430297c243514001a6d38310355ceed7d33343700187c3932125431297d27343600187c3932125cceed7d33243700187c3932125431 RSSI=-60 SNR=22
2026-06-02T18:00:14.567 > p2p rx 0
2026-06-02T18:00:14.568 < >
2026-06-02T18:00:23.050 < >> Ok
2026-06-02T18:00:23.101 < >> radio_rx 43490149b27910fe00001388b2790376171f0200dd1b6bde21e1a24abe4eab7b08446b36e82f8c7dfedb763980bf5ea6d98b4a73cc9a5262a5b18901b0bb18f7e6b605f200ea7d0155303ad9278476f529a32bd3b24fc6d5974662d98f737786a7c60c23e135c5e890e22fb04a9a551e6c258275ea852ff7e366904f340b6120eccabb11d3d607332ca266c7a97a603a7429b04b9abed178729762fa958c9fc0807a91e8488e0ba04b7a14b7e24f3d13230206acfb6e3f5edc9006499ec197487b390d4575d5d5977f8403989a0bb45e6e00a3f65b2907371612b8ef7a2ba11c901741963f53496c282e4577c4d4946e85fc -54 15
2026-06-02T18:00:23.106 IMG_PACKET 43490149b27910fe00001388b2790376171f0200dd1b6bde21e1a24abe4eab7b08446b36e82f8c7dfedb763980bf5ea6d98b4a73cc9a5262a5b18901b0bb18f7e6b605f200ea7d0155303ad9278476f529a32bd3b24fc6d5974662d98f737786a7c60c23e135c5e890e22fb04a9a551e6c258275ea852ff7e366904f340b6120eccabb11d3d607332ca266c7a97a603a7429b04b9abed178729762fa958c9fc0807a91e8488e0ba04b7a14b7e24f3d13230206acfb6e3f5edc9006499ec197487b390d4575d5d5977f8403989a0bb45e6e00a3f65b2907371612b8ef7a2ba11c901741963f53496c282e4577c4d4946e85fc RSSI=-54 SNR=15
2026-06-02T18:00:23.147 > p2p rx 0
2026-06-02T18:00:23.149 < >
2026-06-02T18:00:31.629 < >> Ok
2026-06-02T18:00:31.679 < >> radio_rx 43490149b27910fe00001388b2790376171f0400dd1cfdbe2b96a609836f79267dd2da02feceaeb7e133926c1066ec956c742489022385cddf1b25e7152d009b97b246cf21382074fb230eb7c0a0bceac1477e436bc5136040229e173ac2d29a0dd8d2afcd53f7a1f84885cae1307b95d3b140260eaa85ac919fac614653a784cd73b58d352204aef93f5091ec33201bf783cae030905ac7e655311eba4c7b7bd8e7b08d724c017a3a6352deb8ecb8aa76bb47337a36c4cafc440dec1e90894e18adfea75b9d6ecfe2a566a258016e2f7746caacf8acbe62af53276e22d0353c441ce4166e4d4f0fbcdda7598c6fccf3a499 -53 21
2026-06-02T18:00:31.684 IMG_PACKET 43490149b27910fe00001388b2790376171f0400dd1cfdbe2b96a609836f79267dd2da02feceaeb7e133926c1066ec956c742489022385cddf1b25e7152d009b97b246cf21382074fb230eb7c0a0bceac1477e436bc5136040229e173ac2d29a0dd8d2afcd53f7a1f84885cae1307b95d3b140260eaa85ac919fac614653a784cd73b58d352204aef93f5091ec33201bf783cae030905ac7e655311eba4c7b7bd8e7b08d724c017a3a6352deb8ecb8aa76bb47337a36c4cafc440dec1e90894e18adfea75b9d6ecfe2a566a258016e2f7746caacf8acbe62af53276e22d0353c441ce4166e4d4f0fbcdda7598c6fccf3a499 RSSI=-53 SNR=21
2026-06-02T18:00:31.726 > p2p rx 0
2026-06-02T18:00:31.727 < >
2026-06-02T18:00:35.937 < >> Ok
2026-06-02T18:00:35.987 < >> radio_rx 43490149b27910fe00001388b2790376171f0500ddc2080f9e3279c1ce38b8eb31b2f7d6fe6e9af611d31e6f3e5e8322c6f523679cf19544b8d3d7179ad88d1d306d8e8276f9ed38875fda8b6397fd1a21cb7d6d53b6d7cad5207389eee15ecec5733eba65e15e1a117a0d3e92089475f9352adf5917a19b56cad4ac495fbaa663324bc3b308d1f3b97c1804c12911585f0b3e93087fbaed623fc84907439a84d5c73a9664c73c01e889a6288dcab61ca683c6a4f3543d7639af8d93eecafbd42a80bdb4de2891c2c22f7db4d33c15fd9db23c99dea208b297d2b0e7402989f9af9c9be6343fd53d919eb4dc3990c1d32e82 -60 24
2026-06-02T18:00:35.995 IMG_PACKET 43490149b27910fe00001388b2790376171f0500ddc2080f9e3279c1ce38b8eb31b2f7d6fe6e9af611d31e6f3e5e8322c6f523679cf19544b8d3d7179ad88d1d306d8e8276f9ed38875fda8b6397fd1a21cb7d6d53b6d7cad5207389eee15ecec5733eba65e15e1a117a0d3e92089475f9352adf5917a19b56cad4ac495fbaa663324bc3b308d1f3b97c1804c12911585f0b3e93087fbaed623fc84907439a84d5c73a9664c73c01e889a6288dcab61ca683c6a4f3543d7639af8d93eecafbd42a80bdb4de2891c2c22f7db4d33c15fd9db23c99dea208b297d2b0e7402989f9af9c9be6343fd53d919eb4dc3990c1d32e82 RSSI=-60 SNR=24
2026-06-02T18:00:36.034 > p2p rx 0
2026-06-02T18:00:36.035 < >
2026-06-02T18:00:40.245 < >> Ok
2026-06-02T18:00:40.294 < >> radio_rx 43490149b27910fe00001388b2790376171f0600dde524ae3ce6bb969bd8f6aa460a674617fe8aa6a61ecd07be0e8d4f01328c090e68e3cc5b809dc679f438aee5afd9d796b7ac4fc00b4a76f286adadec1815ed0347600d1e8c1c1b7586d53c960e102f89410330c17b1bbfb21a82469f95e57868135a1bbc9066af675b1000ab39f92eb7e15cd39d374d0814eeb6ee281dbfb31a69898bc2f06f7803c9d95262982e7cab3060ee8fffee549efa45b481ae0ed458202ec55ad41096025c70d2085c48d1173147759d3b977b2460fa9aebfa408aee51a095ba1ac04c343a3a9ad4019e0aa2b4d31f4d6bd1152046768c3a68 -63 24
2026-06-02T18:00:40.300 IMG_PACKET 43490149b27910fe00001388b2790376171f0600dde524ae3ce6bb969bd8f6aa460a674617fe8aa6a61ecd07be0e8d4f01328c090e68e3cc5b809dc679f438aee5afd9d796b7ac4fc00b4a76f286adadec1815ed0347600d1e8c1c1b7586d53c960e102f89410330c17b1bbfb21a82469f95e57868135a1bbc9066af675b1000ab39f92eb7e15cd39d374d0814eeb6ee281dbfb31a69898bc2f06f7803c9d95262982e7cab3060ee8fffee549efa45b481ae0ed458202ec55ad41096025c70d2085c48d1173147759d3b977b2460fa9aebfa408aee51a095ba1ac04c343a3a9ad4019e0aa2b4d31f4d6bd1152046768c3a68 RSSI=-63 SNR=24
2026-06-02T18:00:40.341 > p2p rx 0
2026-06-02T18:00:40.342 < >
2026-06-02T18:00:44.554 < >> Ok
2026-06-02T18:00:44.605 < >> radio_rx 43490149b27910fe00001388b2790376171f0700dd14ca27a96e2e50bf0dc6a21189a6f19317f251b1170df7f74cba0d068f5ae86cde4312eecbd46f801a7dc4623a1ff34387a4182fc2fd3e14f15abae5d8e5a4411c800ae74bf279ddd91a76dd67d51e53c7fadbba88c97fc214c07f452fbeb1e2cfeebe06733cebad7446a84af1664ee32aa96394db481b4b52c5ad13cf7fc3142bb05178aba6f2df74a3bb4e0d620ce3510fb0d0da50a692044716fa0da75573e1b344ddd36b9087bb658f9c0a78693a19ae590877e733450fa4c5ce44b286105302ee19b34167f5a7bb1dd37a988f45a18e8b1b5b693808af5a197618 -62 21
2026-06-02T18:00:44.610 IMG_PACKET 43490149b27910fe00001388b2790376171f0700dd14ca27a96e2e50bf0dc6a21189a6f19317f251b1170df7f74cba0d068f5ae86cde4312eecbd46f801a7dc4623a1ff34387a4182fc2fd3e14f15abae5d8e5a4411c800ae74bf279ddd91a76dd67d51e53c7fadbba88c97fc214c07f452fbeb1e2cfeebe06733cebad7446a84af1664ee32aa96394db481b4b52c5ad13cf7fc3142bb05178aba6f2df74a3bb4e0d620ce3510fb0d0da50a692044716fa0da75573e1b344ddd36b9087bb658f9c0a78693a19ae590877e733450fa4c5ce44b286105302ee19b34167f5a7bb1dd37a988f45a18e8b1b5b693808af5a197618 RSSI=-62 SNR=21
2026-06-02T18:00:44.651 > p2p rx 0
2026-06-02T18:00:44.653 < >
2026-06-02T18:00:48.812 < >> Ok
2026-06-02T18:00:48.865 < >> radio_rx 43490149b27910fe00001388b2790376171f0800dd105579f8d89f951ece3886684758177aee198eefdff6aa40e08c1468dd701d02a02840b03f395540853784d58bda52807980611ef81bc3ec1b85e42d23b813edd54364b9620617a1a34b3929bd10a80c985493191b2bdd5263d83a4df9717f2844fc3bc41cb914bb04459b07612844fa1999e4177b3ea461660068f62ddd536333f559ae646838541aad3a00a9c8c7976e48ad0c49f839d51a48cb16fdc5dd0bacd47c8a05d5b2eb5c4c6472dd6f9dc77d2f17acdd2c477a48b9195dec2dc10e5cdf02e9d1c91fb8c0834a05c4bae3a2886565cc4c9dc56c2e14bddcd3 -63 23
2026-06-02T18:00:48.871 IMG_PACKET 43490149b27910fe00001388b2790376171f0800dd105579f8d89f951ece3886684758177aee198eefdff6aa40e08c1468dd701d02a02840b03f395540853784d58bda52807980611ef81bc3ec1b85e42d23b813edd54364b9620617a1a34b3929bd10a80c985493191b2bdd5263d83a4df9717f2844fc3bc41cb914bb04459b07612844fa1999e4177b3ea461660068f62ddd536333f559ae646838541aad3a00a9c8c7976e48ad0c49f839d51a48cb16fdc5dd0bacd47c8a05d5b2eb5c4c6472dd6f9dc77d2f17acdd2c477a48b9195dec2dc10e5cdf02e9d1c91fb8c0834a05c4bae3a2886565cc4c9dc56c2e14bddcd3 RSSI=-63 SNR=23
2026-06-02T18:00:48.908 > p2p rx 0
2026-06-02T18:00:48.910 < >
2026-06-02T18:00:53.070 < >> Ok
2026-06-02T18:00:53.120 < >> radio_rx 43490149b27910fe00001388b2790376171f0900ddcb0ba892eec652b0bd33db894f02b2478c13ad2f2977295b93ddf9bc33a72d781ab8598c7ca18ccadbdadde0d21dfcf372dd800af3bec28d12a624dba23b089e98ddb043b0356d1d0057366a7cd5b80f4a22ba7626400debcb9ab2100c2644419be81a0ec9f4928a5226d679fe3262fca317323d11739a2ca3a3ad51460deacb717d045b3353518bd48e1d0031abffb4d435190f5ae3f85f307200e077f2ad52e32cd28ee5c8ff99e9c412f09f0f76288c081734be1464c0350d1a4ef7ec4b246614f463e6b946f7382d4ee5d9f791170013e78e2c762a9d091425bfeb -60 23
2026-06-02T18:00:53.124 IMG_PACKET 43490149b27910fe00001388b2790376171f0900ddcb0ba892eec652b0bd33db894f02b2478c13ad2f2977295b93ddf9bc33a72d781ab8598c7ca18ccadbdadde0d21dfcf372dd800af3bec28d12a624dba23b089e98ddb043b0356d1d0057366a7cd5b80f4a22ba7626400debcb9ab2100c2644419be81a0ec9f4928a5226d679fe3262fca317323d11739a2ca3a3ad51460deacb717d045b3353518bd48e1d0031abffb4d435190f5ae3f85f307200e077f2ad52e32cd28ee5c8ff99e9c412f09f0f76288c081734be1464c0350d1a4ef7ec4b246614f463e6b946f7382d4ee5d9f791170013e78e2c762a9d091425bfeb RSSI=-60 SNR=23
2026-06-02T18:00:53.167 > p2p rx 0
2026-06-02T18:00:53.168 < >
2026-06-02T18:00:57.379 < >> Ok
2026-06-02T18:00:57.430 < >> radio_rx 43490149b27910fe00001388b2790376171f0a00dd181eb192f83ff7f3b427ebc6904cf6e7ff76f68438d0c04d88a6a7d8f5009edae4d55098eecfdfddced7ccf72bb8bffa66edcf2a79fa76ff76fd8fca05d21e851c59d4891487cfe17c5d33f82579d9da52dd529dd5406591a8b4e6a878a00005940f469012d0dad1652f71b928b0e8e3cb6dd33dd8d2af41c6c620d4466590a85f29bc2fb51715840aa71d00ceb4d957251e6f79a572c6bbafb9bd89f7badb97acba2a690157cb3ba6a7abad2c361f41550817cba13287311e7b6cb166d2afbbada99de3aecf83b8aed5a90146c3335863aaba3d151f43440914daa0cd -63 25
2026-06-02T18:00:57.434 IMG_PACKET 43490149b27910fe00001388b2790376171f0a00dd181eb192f83ff7f3b427ebc6904cf6e7ff76f68438d0c04d88a6a7d8f5009edae4d55098eecfdfddced7ccf72bb8bffa66edcf2a79fa76ff76fd8fca05d21e851c59d4891487cfe17c5d33f82579d9da52dd529dd5406591a8b4e6a878a00005940f469012d0dad1652f71b928b0e8e3cb6dd33dd8d2af41c6c620d4466590a85f29bc2fb51715840aa71d00ceb4d957251e6f79a572c6bbafb9bd89f7badb97acba2a690157cb3ba6a7abad2c361f41550817cba13287311e7b6cb166d2afbbada99de3aecf83b8aed5a90146c3335863aaba3d151f43440914daa0cd RSSI=-63 SNR=25
2026-06-02T18:00:57.476 > p2p rx 0
2026-06-02T18:00:57.477 < >
2026-06-02T18:01:01.687 < >> Ok
2026-06-02T18:01:01.738 < >> radio_rx 43490149b27910fe00001388b2790376171f0b00dd0abd5b5018666b4d26b9c37f131bac3bbd797bbb60c5e9c0d28823be0c41620ef6c5ae82472c64a96d51791072240168f8c5766e48a0c6ba7e70b09210fb93dff5e1b2545c7c1bfd1baa5e514305f203bfd872baf62acd182437f307b28ec7eda8c9e02aa5c3241fe357b2d0f284abb00f603ec98283ecfa226228a82ccd1924dc3c13e59bd0fdb8d91c30711ba9e3c9d5f8fb1665daa65a46439066950d8bc61f59a29a8c3aa49d58ceef45bd2a3cdf8f25661ebc0819c1f8ef0371ceb24e5257847281199fd20b4d5d5a8c2bac95a60aee52ac093cdd9e24650fbdf7 -57 29
2026-06-02T18:01:01.743 IMG_PACKET 43490149b27910fe00001388b2790376171f0b00dd0abd5b5018666b4d26b9c37f131bac3bbd797bbb60c5e9c0d28823be0c41620ef6c5ae82472c64a96d51791072240168f8c5766e48a0c6ba7e70b09210fb93dff5e1b2545c7c1bfd1baa5e514305f203bfd872baf62acd182437f307b28ec7eda8c9e02aa5c3241fe357b2d0f284abb00f603ec98283ecfa226228a82ccd1924dc3c13e59bd0fdb8d91c30711ba9e3c9d5f8fb1665daa65a46439066950d8bc61f59a29a8c3aa49d58ceef45bd2a3cdf8f25661ebc0819c1f8ef0371ceb24e5257847281199fd20b4d5d5a8c2bac95a60aee52ac093cdd9e24650fbdf7 RSSI=-57 SNR=29
2026-06-02T18:01:01.784 > p2p rx 0
2026-06-02T18:01:01.785 < >
2026-06-02T18:01:05.995 < >> Ok
2026-06-02T18:01:06.046 < >> radio_rx 43490149b27910fe00001388b2790376171f0c00dd07f30c74efc0747367e9466b854c7475c1d03a9dc519623f913f7ad1112491e941ef00c8594d0c6023124ce6d43b3f29a8406207db789cc7d6319637cc706c9cbd62dd453a8efc482007054f15924d8de9037b0ebf57ed26f242eea65ae68c65bda308cf1c0e3488d355ced2644368e8c04453c670fc82d963e6fa9751ed27f2a921b20df39b75ad74d8f7ddc32bd2d92a0343da0460ba120f1a55ceaec5d1ddaff23b262b69e06f3c7af2383e04f69e3ce2cac63e39093e0357cf1074ae061b0e41dabad1c5c9bbe6c4e62b78e867c2bef32f2f27f69c2de3c9d73fc6 -53 26
2026-06-02T18:01:06.051 IMG_PACKET 43490149b27910fe00001388b2790376171f0c00dd07f30c74efc0747367e9466b854c7475c1d03a9dc519623f913f7ad1112491e941ef00c8594d0c6023124ce6d43b3f29a8406207db789cc7d6319637cc706c9cbd62dd453a8efc482007054f15924d8de9037b0ebf57ed26f242eea65ae68c65bda308cf1c0e3488d355ced2644368e8c04453c670fc82d963e6fa9751ed27f2a921b20df39b75ad74d8f7ddc32bd2d92a0343da0460ba120f1a55ceaec5d1ddaff23b262b69e06f3c7af2383e04f69e3ce2cac63e39093e0357cf1074ae061b0e41dabad1c5c9bbe6c4e62b78e867c2bef32f2f27f69c2de3c9d73fc6 RSSI=-53 SNR=26
2026-06-02T18:01:06.091 > p2p rx 0
2026-06-02T18:01:06.092 < >
2026-06-02T18:01:10.304 < >> Ok
2026-06-02T18:01:10.355 < >> radio_rx 43490149b27910fe00001388b2790376171f0d00dd8d31b9d95312876291d42538ce17866570e323639435d0c0c9339642c799b2221084def2a0917bbbe19bd25906c82edf95233150d18ab075e6286866e0c293c4adfd4e8782ae371f78dc0cb690f90c125fb2d8eab683b8a964b225faf89c643558898ea8f8a799e48471bbc6e8e8a515bdcc3fa8b4e020f061cfb40485b8a86459eaeeaf897325486179346e3dbebfa68b194d94ae8d1200b64f4dc8e766d81dbf9ca94411d74ef0d771df152c55325c3e217938ab54769f195981ba990614a25b59dcf372cc09ab88568411c646f829b5de023d76325e2f207a29aaab -54 27
2026-06-02T18:01:10.360 IMG_PACKET 43490149b27910fe00001388b2790376171f0d00dd8d31b9d95312876291d42538ce17866570e323639435d0c0c9339642c799b2221084def2a0917bbbe19bd25906c82edf95233150d18ab075e6286866e0c293c4adfd4e8782ae371f78dc0cb690f90c125fb2d8eab683b8a964b225faf89c643558898ea8f8a799e48471bbc6e8e8a515bdcc3fa8b4e020f061cfb40485b8a86459eaeeaf897325486179346e3dbebfa68b194d94ae8d1200b64f4dc8e766d81dbf9ca94411d74ef0d771df152c55325c3e217938ab54769f195981ba990614a25b59dcf372cc09ab88568411c646f829b5de023d76325e2f207a29aaab RSSI=-54 SNR=27
2026-06-02T18:01:10.401 > p2p rx 0
2026-06-02T18:01:10.402 < >
2026-06-02T18:01:14.561 < >> Ok
2026-06-02T18:01:14.611 < >> radio_rx 43490149b27910fe00001388b2790376171f0e00dd08e63b99b19032c15c6330cad7fb3984d50992fc8e9b4ff6defa1121a85f4111f35a198dd55d48fa360d83ba847d8d122236c3b6f93545d10d99f77c4e5da5d39ba02de4475c04feb71862c36b353b05dc0dc47a556314702221b7e0775bf6febd5ad93f55a3dd0d6a7fb5677efb32b91bdd390a1d17d706445e429165147122ca78f4204ee1eead6e7e749a607023c121c48afcc81c0d75d7b6c59fa3e428c6d16c499a6e7e82b04332918bcaeba412b8618d6565c81135c49ee9dc081961c3a2d18bb7f03cd2c578b65a6e6f8ab8bdf6909cdbc8a410a9608e746437 -47 29
2026-06-02T18:01:14.616 IMG_PACKET 43490149b27910fe00001388b2790376171f0e00dd08e63b99b19032c15c6330cad7fb3984d50992fc8e9b4ff6defa1121a85f4111f35a198dd55d48fa360d83ba847d8d122236c3b6f93545d10d99f77c4e5da5d39ba02de4475c04feb71862c36b353b05dc0dc47a556314702221b7e0775bf6febd5ad93f55a3dd0d6a7fb5677efb32b91bdd390a1d17d706445e429165147122ca78f4204ee1eead6e7e749a607023c121c48afcc81c0d75d7b6c59fa3e428c6d16c499a6e7e82b04332918bcaeba412b8618d6565c81135c49ee9dc081961c3a2d18bb7f03cd2c578b65a6e6f8ab8bdf6909cdbc8a410a9608e746437 RSSI=-47 SNR=29
2026-06-02T18:01:14.659 > p2p rx 0
2026-06-02T18:01:14.660 < >
2026-06-02T18:01:18.820 < >> Ok
2026-06-02T18:01:18.872 < >> radio_rx 43490149b27910fe00001388b2790376171f0f00ddfc7deed3d28abb0a65c1c712540caa383c163c83d11f63211397334cbd4d5aa584c0afcadd20d2daad493bc69ef4462b80c11b12daa668270d378823ca71721ed10140757458b0b7df8fd7cb6188e03616609fb3e01a663c8ab2d6d7ce62683911328e766d604fa7fbddeb7c528880a4e674a99997648b1639a59ddf1c663d8a5919c399777f290133f8d77c7d6b0c6181cd62b43ec3d9df2e2a6071193d55df26de82a64b62a3744fdb616cb9a9e03868c26b787ee7b195cd76a12ad7cdcb3a3e74650d2941cb32ca7d664b73ab7cb11f607ba88ae03a79c368697f18 -50 24
2026-06-02T18:01:18.878 IMG_PACKET 43490149b27910fe00001388b2790376171f0f00ddfc7deed3d28abb0a65c1c712540caa383c163c83d11f63211397334cbd4d5aa584c0afcadd20d2daad493bc69ef4462b80c11b12daa668270d378823ca71721ed10140757458b0b7df8fd7cb6188e03616609fb3e01a663c8ab2d6d7ce62683911328e766d604fa7fbddeb7c528880a4e674a99997648b1639a59ddf1c663d8a5919c399777f290133f8d77c7d6b0c6181cd62b43ec3d9df2e2a6071193d55df26de82a64b62a3744fdb616cb9a9e03868c26b787ee7b195cd76a12ad7cdcb3a3e74650d2941cb32ca7d664b73ab7cb11f607ba88ae03a79c368697f18 RSSI=-50 SNR=24
2026-06-02T18:01:18.917 > p2p rx 0
2026-06-02T18:01:18.919 < >
2026-06-02T18:01:23.078 < >> Ok
2026-06-02T18:01:23.131 < >> radio_rx 43490149b27910fe00001388b2790376171f1000ddbeb4aa21385670bab3bcfc6fdaca315bf8442d6e876efcdc94ad3d307161ac687522dccfd5b2ff5c6419d82d423ff6fdfdfa6663d83d1fe25e266575bbee8f9914d53cb55baf7d442cffc3c3c45a103f536d8b7d7de9d12fe2aed3e765279b4a5493953ec0af9bbd9ccc4637c1650534f41fd26520546226ae3c3534efd12ee2451cf332328c5a449c82fd5b384431b741110836f4d28dbcbc8da5d7edf3f15963e24e338d883019de6170a3a0fd167785e84c3d51da6755111c23e0c699a8a899b1c3f9e7e54d77f6b1f38d99381120a571b4b1de167594e94f2c5025 -49 24
2026-06-02T18:01:23.139 IMG_PACKET 43490149b27910fe00001388b2790376171f1000ddbeb4aa21385670bab3bcfc6fdaca315bf8442d6e876efcdc94ad3d307161ac687522dccfd5b2ff5c6419d82d423ff6fdfdfa6663d83d1fe25e266575bbee8f9914d53cb55baf7d442cffc3c3c45a103f536d8b7d7de9d12fe2aed3e765279b4a5493953ec0af9bbd9ccc4637c1650534f41fd26520546226ae3c3534efd12ee2451cf332328c5a449c82fd5b384431b741110836f4d28dbcbc8da5d7edf3f15963e24e338d883019de6170a3a0fd167785e84c3d51da6755111c23e0c699a8a899b1c3f9e7e54d77f6b1f38d99381120a571b4b1de167594e94f2c5025 RSSI=-49 SNR=24
2026-06-02T18:01:23.176 > p2p rx 0
2026-06-02T18:01:23.177 < >
2026-06-02T18:01:27.386 < >> Ok
2026-06-02T18:01:27.437 < >> radio_rx 43490149b27910fe00001388b2790376171f1100dd986225cc06e4c2e99b71b31e50a9bbc2536230d8ee14a56704f90e7baaa71ec7941ae4a6467be32bb2aa0610f08da5d530b517f5eab7ba4a7b3bd31cc1b734095c95777a981ed2a327c29950545afdb4df9caaf9357f5a50587cd983bfd4690fb5f12b0fcf42fe8914303e58dcaa789a6fc4d41e8fe4d435ec971be6795a5158971697e8c17e1fa56e4d9538b9a16a01ea8558ae54ce91cbd764bcfdef2a839e27adf39cea470a27b5697c3c57d7f97003802fbcb481d1fe854cbb40da85dfc370a8e9fb3e978a33b90c5cea56022f4bad7d2b46f4f97212812cadb57e -45 22
2026-06-02T18:01:27.483 IMG_PACKET 43490149b27910fe00001388b2790376171f1100dd986225cc06e4c2e99b71b31e50a9bbc2536230d8ee14a56704f90e7baaa71ec7941ae4a6467be32bb2aa0610f08da5d530b517f5eab7ba4a7b3bd31cc1b734095c95777a981ed2a327c29950545afdb4df9caaf9357f5a50587cd983bfd4690fb5f12b0fcf42fe8914303e58dcaa789a6fc4d41e8fe4d435ec971be6795a5158971697e8c17e1fa56e4d9538b9a16a01ea8558ae54ce91cbd764bcfdef2a839e27adf39cea470a27b5697c3c57d7f97003802fbcb481d1fe854cbb40da85dfc370a8e9fb3e978a33b90c5cea56022f4bad7d2b46f4f97212812cadb57e RSSI=-45 SNR=22
2026-06-02T18:01:27.484 > p2p rx 0
2026-06-02T18:01:27.484 < >
2026-06-02T18:01:31.695 < >> Ok
2026-06-02T18:01:31.743 < >> radio_rx 43490149b27910fe00001388b2790376171f1200ddf3a7e2e79c865c54828f598c1c176022390a9a0503abf487aea12e8f5b63f50f09eee7344490188477793c8b921318ccce5f8546906c4e2112910ef17ee6d4a3fb6f83875ff41a3cc2c21a52885e24b11948ce89fd8122c0e18f1ecb541234464b608b89ac9007f15da9aefb5242911c0d38a59beefd3186a27e0d588722c1e164d1df030723565b63383e3202068593de2281612b304d9e2edcd0ddac58279107acdaf9a5d2ede36548c59315098748992b2507136e43ca2295743f24598a3ac8c4c9b84c338513b82539a5c3e5eb9b8cc484042a874a882a26161291 -48 26
2026-06-02T18:01:31.750 IMG_PACKET 43490149b27910fe00001388b2790376171f1200ddf3a7e2e79c865c54828f598c1c176022390a9a0503abf487aea12e8f5b63f50f09eee7344490188477793c8b921318ccce5f8546906c4e2112910ef17ee6d4a3fb6f83875ff41a3cc2c21a52885e24b11948ce89fd8122c0e18f1ecb541234464b608b89ac9007f15da9aefb5242911c0d38a59beefd3186a27e0d588722c1e164d1df030723565b63383e3202068593de2281612b304d9e2edcd0ddac58279107acdaf9a5d2ede36548c59315098748992b2507136e43ca2295743f24598a3ac8c4c9b84c338513b82539a5c3e5eb9b8cc484042a874a882a26161291 RSSI=-48 SNR=26
2026-06-02T18:01:31.790 > p2p rx 0
2026-06-02T18:01:31.792 < >
2026-06-02T18:01:36.003 < >> Ok
2026-06-02T18:01:36.052 < >> radio_rx 43490149b27910fe00001388b2790376171f1300ddf661bb258d1ddf7fa7ce0fafc7510d6513c3b447866586e3d71fb42c6ffa10babf6ee9a56045b5e7b14c899d099033e98f09a65ab001650cdcbf4c74b094b0da82c92097cf16af8435c5fc76d834180d474d1f6cc17e3d9613965375a9a79b68d4dbf0e8406adaafc514a04a911776df39bec559a2bb178e462bc73b783d97137d9c61feb28c78c4a05f30fcdac4a5a70911a85900ac50971edd356a3400548e331dc726873200c753d479045e591d58f625ebdfd14e771d11bc4c14b844830ac9217e2014409a270938e6872308cfad1078134f7a1d5ae724e8ced0b1 -47 29
2026-06-02T18:01:36.057 IMG_PACKET 43490149b27910fe00001388b2790376171f1300ddf661bb258d1ddf7fa7ce0fafc7510d6513c3b447866586e3d71fb42c6ffa10babf6ee9a56045b5e7b14c899d099033e98f09a65ab001650cdcbf4c74b094b0da82c92097cf16af8435c5fc76d834180d474d1f6cc17e3d9613965375a9a79b68d4dbf0e8406adaafc514a04a911776df39bec559a2bb178e462bc73b783d97137d9c61feb28c78c4a05f30fcdac4a5a70911a85900ac50971edd356a3400548e331dc726873200c753d479045e591d58f625ebdfd14e771d11bc4c14b844830ac9217e2014409a270938e6872308cfad1078134f7a1d5ae724e8ced0b1 RSSI=-47 SNR=29
2026-06-02T18:01:36.100 > p2p rx 0
2026-06-02T18:01:36.102 < >
2026-06-02T18:01:40.262 < >> Ok
2026-06-02T18:01:40.309 < >> radio_rx 43490149b27910fe00001388b2790376171f1400ddb17cc79f06b9537b6d240d42d909a434af7b26c8f495558396be4fbaccab4a8ca9251e88d1e33f64ac242217ad1c3723650b4bbb2ca820b1652dc3064047d09bdce8b6389d4d99906f31c0c74941edd03a086ada1b399612421ac6db30d010f11218cf21a138c82e57ef627cae0114e6affd0791b28e2a8699d317973f961342f109cf67c507e102fb22f877e2c2104609ad2c9022006b7fc03f6d8c030992a7eb035f6f522b45350810ce1937f4217606ed60e7d7fb961dad388536147f6bd42b7998171d86b3ff17a0af523a4d3df6d4cf0e26d7217417ec63f6d604 -52 31
2026-06-02T18:01:40.315 IMG_PACKET 43490149b27910fe00001388b2790376171f1400ddb17cc79f06b9537b6d240d42d909a434af7b26c8f495558396be4fbaccab4a8ca9251e88d1e33f64ac242217ad1c3723650b4bbb2ca820b1652dc3064047d09bdce8b6389d4d99906f31c0c74941edd03a086ada1b399612421ac6db30d010f11218cf21a138c82e57ef627cae0114e6affd0791b28e2a8699d317973f961342f109cf67c507e102fb22f877e2c2104609ad2c9022006b7fc03f6d8c030992a7eb035f6f522b45350810ce1937f4217606ed60e7d7fb961dad388536147f6bd42b7998171d86b3ff17a0af523a4d3df6d4cf0e26d7217417ec63f6d604 RSSI=-52 SNR=31
2026-06-02T18:01:40.357 > p2p rx 0
2026-06-02T18:01:40.359 < >
2026-06-02T18:01:44.520 < >> Ok
2026-06-02T18:01:44.570 < >> radio_rx 43490149b27910fe00001388b2790376171f1500dd951527d74649d3c09d32fac92981cc7560d9880009c7c53989a729d2d9ccf4d2a254ae34a99d0e11c5f859545d9c8cd373fcc057f5c05d7dc4830bfb12d76a84d9fdde39fff0c79d2d844fbf6e6c02e4d95c351c6147c5b64032b65408fb86304004e53867d422578a30d4b2bf3f8301bcf3ea5d303c23fa7e067b7741c5b740d979405fee9120509c3d93d56a8e29490cd92c4b5c7f68ae12346dc45540068ad887ff97c353e1df90fb9656cd75dbf2b686c26f9bc29918d9385e486b7cba062079d04154129ecc930057c342e9d76e3f9741dc56dbf0a787c17e9a3d -50 21
2026-06-02T18:01:44.575 IMG_PACKET 43490149b27910fe00001388b2790376171f1500dd951527d74649d3c09d32fac92981cc7560d9880009c7c53989a729d2d9ccf4d2a254ae34a99d0e11c5f859545d9c8cd373fcc057f5c05d7dc4830bfb12d76a84d9fdde39fff0c79d2d844fbf6e6c02e4d95c351c6147c5b64032b65408fb86304004e53867d422578a30d4b2bf3f8301bcf3ea5d303c23fa7e067b7741c5b740d979405fee9120509c3d93d56a8e29490cd92c4b5c7f68ae12346dc45540068ad887ff97c353e1df90fb9656cd75dbf2b686c26f9bc29918d9385e486b7cba062079d04154129ecc930057c342e9d76e3f9741dc56dbf0a787c17e9a3d RSSI=-50 SNR=21
2026-06-02T18:01:44.616 > p2p rx 0
2026-06-02T18:01:44.618 < >
2026-06-02T18:01:48.828 < >> Ok
2026-06-02T18:01:48.878 < >> radio_rx 43490149b27910fe00001388b2790376171f1600dd261bc802002ad3e297d42fc663f7bc1ef1c8ddee3488edf99109f7c2bc0520e404224464c2337d66cb039d133e9caed99529cfe247b022edd4d6e5c65dffaa9c88f9ce503525f1394a6d0ed4f7e0032a37768d6d3726ae3ec65c77d448b6200041a6954e7d2669d93d4dd01c0e29510537cdf29dd9fd0d61ce336c5720ae3fc6b7b8c01fa33710516a3983f0a76e509e6b495114bd26a0b19b70eec3589916d4b11b28a83c6ccc25da44d4242eb2a62d2b96e7a27bbb4e7f494501a932b4a58f64fad74c8d02c0a50fd7683c7dc42d2480d5333f91a62f3a97e4b37a44 -50 26
2026-06-02T18:01:48.883 IMG_PACKET 43490149b27910fe00001388b2790376171f1600dd261bc802002ad3e297d42fc663f7bc1ef1c8ddee3488edf99109f7c2bc0520e404224464c2337d66cb039d133e9caed99529cfe247b022edd4d6e5c65dffaa9c88f9ce503525f1394a6d0ed4f7e0032a37768d6d3726ae3ec65c77d448b6200041a6954e7d2669d93d4dd01c0e29510537cdf29dd9fd0d61ce336c5720ae3fc6b7b8c01fa33710516a3983f0a76e509e6b495114bd26a0b19b70eec3589916d4b11b28a83c6ccc25da44d4242eb2a62d2b96e7a27bbb4e7f494501a932b4a58f64fad74c8d02c0a50fd7683c7dc42d2480d5333f91a62f3a97e4b37a44 RSSI=-50 SNR=26
2026-06-02T18:01:48.925 > p2p rx 0
2026-06-02T18:01:48.927 < >
2026-06-02T18:01:53.136 < >> Ok
2026-06-02T18:01:53.188 < >> radio_rx 43490149b27910fe00001388b2790376171f1700ddcec29b15247e9795ecbe37c355ec403cde2530da56e8a6e7128ce7f97700355d8cd7ef497e38dd86129c75386ad8d9a2ff31cab8544ccccd363bd1a43db4b41f614bf5df213f48af40d7dc68dc2c2bc76b0dcad746a7c014d84cfbd4b94b2f1f87315b54252beca140270e2e326d0f0489a0b5d63ce129e4f0eceeeea1c015d8a734c0ee5e380f97cae365f9fb477286286af499a3f744f2eac12197a1e71c5b9816cba8af5a7ec8d91552883cf7b5da9670eefe5299563c6ae08cb7e350e6fed53583b5f3084f8c023468af4b76c027d1539f2dd4b5d88771edef5366 -50 26
2026-06-02T18:01:53.192 IMG_PACKET 43490149b27910fe00001388b2790376171f1700ddcec29b15247e9795ecbe37c355ec403cde2530da56e8a6e7128ce7f97700355d8cd7ef497e38dd86129c75386ad8d9a2ff31cab8544ccccd363bd1a43db4b41f614bf5df213f48af40d7dc68dc2c2bc76b0dcad746a7c014d84cfbd4b94b2f1f87315b54252beca140270e2e326d0f0489a0b5d63ce129e4f0eceeeea1c015d8a734c0ee5e380f97cae365f9fb477286286af499a3f744f2eac12197a1e71c5b9816cba8af5a7ec8d91552883cf7b5da9670eefe5299563c6ae08cb7e350e6fed53583b5f3084f8c023468af4b76c027d1539f2dd4b5d88771edef5366 RSSI=-50 SNR=26
2026-06-02T18:01:53.233 > p2p rx 0
2026-06-02T18:01:53.234 < >
2026-06-02T18:01:57.445 < >> Ok
2026-06-02T18:01:57.495 < >> radio_rx 43490149b27910fe00001388b2790376171f1800dd545258373f8ed07082a134e2685e1497ca942499297018de64fae46029c640b9518993680ed5a0d8824b46229a9f3ccce032eb7a221873d8862f92dba50a8d69e8926c8de44bac700fa8ec1806ae0397a9d02f355701cf65880c4d90ddc60c8fc73e69f5a920c9f72ad3318f22a9a62894efb655db099953b7846a8907cf6488e782848ad31b9fd7fca45aae2b35593824d9e3291a45496340e81fd0682ab0bcda89d1e92cce7904748afbdee81a935b214fb92e20b2e830d9f73c0e515d7754fc0bc47c3ea4a8ce9d2e292cdf710c8a4efac9f9399359304eba3f214d -47 28
2026-06-02T18:01:57.636 IMG_PACKET 43490149b27910fe00001388b2790376171f1800dd545258373f8ed07082a134e2685e1497ca942499297018de64fae46029c640b9518993680ed5a0d8824b46229a9f3ccce032eb7a221873d8862f92dba50a8d69e8926c8de44bac700fa8ec1806ae0397a9d02f355701cf65880c4d90ddc60c8fc73e69f5a920c9f72ad3318f22a9a62894efb655db099953b7846a8907cf6488e782848ad31b9fd7fca45aae2b35593824d9e3291a45496340e81fd0682ab0bcda89d1e92cce7904748afbdee81a935b214fb92e20b2e830d9f73c0e515d7754fc0bc47c3ea4a8ce9d2e292cdf710c8a4efac9f9399359304eba3f214d RSSI=-47 SNR=28
2026-06-02T18:01:57.637 > p2p rx 0
2026-06-02T18:01:57.637 < >
2026-06-02T18:02:01.703 < >> Ok
2026-06-02T18:02:01.753 < >> radio_rx 43490149b27910fe00001388b2790376171f1900ddb8fd509ecce134a85dbd616a2e7cc9260c5d0d445815749d4c5ef935d4004cffa2c6270e0bc80a652d7fdcd2f57be413fc67632051c5fe1d4c064faac066ce4150fc39642744ea857319b91d42182465a265c36c491cb3cb28278bb5501d93251237cfdb933514338c316fe0818fc9f1833b26fac27356c7b1e2990d1ab3ca28cc44a1070884350248f72f2c86409a467a97cafe3bca266403d7efbda4e2c4ce139a52d140f7713f5217fcbdabb7a1f03c3a3b835571966e97deeb2fde327017c3fba9b0f6d0da078ead1140e67937acd3fdaaba94a1f22d3b3892548e -51 27
2026-06-02T18:02:01.759 IMG_PACKET 43490149b27910fe00001388b2790376171f1900ddb8fd509ecce134a85dbd616a2e7cc9260c5d0d445815749d4c5ef935d4004cffa2c6270e0bc80a652d7fdcd2f57be413fc67632051c5fe1d4c064faac066ce4150fc39642744ea857319b91d42182465a265c36c491cb3cb28278bb5501d93251237cfdb933514338c316fe0818fc9f1833b26fac27356c7b1e2990d1ab3ca28cc44a1070884350248f72f2c86409a467a97cafe3bca266403d7efbda4e2c4ce139a52d140f7713f5217fcbdabb7a1f03c3a3b835571966e97deeb2fde327017c3fba9b0f6d0da078ead1140e67937acd3fdaaba94a1f22d3b3892548e RSSI=-51 SNR=27
2026-06-02T18:02:01.799 > p2p rx 0
2026-06-02T18:02:01.800 < >
2026-06-02T18:02:05.960 < >> Ok
2026-06-02T18:02:06.011 < >> radio_rx 43490149b27910fe00001388b2790376171f1a00dd0dcf0be9567f6c4b0777e32cd493a51c8e698554b92589e51a52d7d024cc02e92f9d7b77aedb89141f30ba496b23074936e525257aa9d09e798e5f4bf09bb617a308dc98e80bfc0a3946d1b866642397f8eda7e047bc886ff900faac0c012630ce6b63d25c7f111fcbb9fe4baab930d8be2cf087dbb444e8a30b7375ba886ef9eb35b85b143120dee231c22b041436b85b9fe05c8dfedac0b1d0172db67026552bbdaa60e2f6f181eec66069c6223081b9d73c0101dd684f9ff44999eaced4a5c40339a26432413fa955a0e2e7f9891002617ed7013083a8d63f100022 -51 26
2026-06-02T18:02:06.016 IMG_PACKET 43490149b27910fe00001388b2790376171f1a00dd0dcf0be9567f6c4b0777e32cd493a51c8e698554b92589e51a52d7d024cc02e92f9d7b77aedb89141f30ba496b23074936e525257aa9d09e798e5f4bf09bb617a308dc98e80bfc0a3946d1b866642397f8eda7e047bc886ff900faac0c012630ce6b63d25c7f111fcbb9fe4baab930d8be2cf087dbb444e8a30b7375ba886ef9eb35b85b143120dee231c22b041436b85b9fe05c8dfedac0b1d0172db67026552bbdaa60e2f6f181eec66069c6223081b9d73c0101dd684f9ff44999eaced4a5c40339a26432413fa955a0e2e7f9891002617ed7013083a8d63f100022 RSSI=-51 SNR=26
2026-06-02T18:02:06.058 > p2p rx 0
2026-06-02T18:02:06.059 < >
2026-06-02T18:02:10.219 < >> Ok
2026-06-02T18:02:10.269 < >> radio_rx 43490149b27910fe00001388b2790376171f1b00ddc12d3e0066aa965af9868811ca07908306c8c2cb1fab231f714a2abda655357be5bf0231abcce3befd69247ebed916b7c78e18fc889c2311dfc9c0ed7e314c7c7cc9b13e783b6ece6c36e0bdf4c9d60fcac3574b02794c89360772c0a96c2b76380d3bf3681bdee734ca46fabbcbabb9fd7db187503b468c6c7ff76f7f4c8836ecbdd4fe793c6628d7a3b4651a83a4f1d4051c2595a415a1a5a3c6ce971883f26df8dac8045566a4a7d09a7efb0e6ded77a1721f964f21c005083081b001b5b1b7d2da830c97e679ec250804446eac59149b69ea2d6def66a0710e97b0 -47 29
2026-06-02T18:02:10.274 IMG_PACKET 43490149b27910fe00001388b2790376171f1b00ddc12d3e0066aa965af9868811ca07908306c8c2cb1fab231f714a2abda655357be5bf0231abcce3befd69247ebed916b7c78e18fc889c2311dfc9c0ed7e314c7c7cc9b13e783b6ece6c36e0bdf4c9d60fcac3574b02794c89360772c0a96c2b76380d3bf3681bdee734ca46fabbcbabb9fd7db187503b468c6c7ff76f7f4c8836ecbdd4fe793c6628d7a3b4651a83a4f1d4051c2595a415a1a5a3c6ce971883f26df8dac8045566a4a7d09a7efb0e6ded77a1721f964f21c005083081b001b5b1b7d2da830c97e679ec250804446eac59149b69ea2d6def66a0710e97b0 RSSI=-47 SNR=29
2026-06-02T18:02:10.315 > p2p rx 0
2026-06-02T18:02:10.316 < >
2026-06-02T18:02:14.527 < >> Ok
2026-06-02T18:02:14.576 < >> radio_rx 43490149b27910fe00001388b2790376171f1c00dde431b7f71a8a9335715eb31e829b65777f020d2fb3c6292bc977b4cc11734b94bed423eae308cf5fe1f4c2039edc793f1fb5174bd069c36914062441133b78c4be8dc0855d44819716142af5071a41d342cbd5795155a53f5e69b1aa6cbe659da3a5daa7501d35fac3d690bba00484a0bdc88a2de66c7a71fe70a34a53a53e5e827ebe3bab728db3ef33b93170e8d6389f3f62bb35eabe0da0770efd724b1fe58dcd90dd01538e2605d689c0b08af820aeac2675fd3de88b3f76ae21feaa19b4631ae9665f0bf199d96f1d0142862efb1288d7a1a9f822bfad2564fcc2 -48 29
2026-06-02T18:02:14.582 IMG_PACKET 43490149b27910fe00001388b2790376171f1c00dde431b7f71a8a9335715eb31e829b65777f020d2fb3c6292bc977b4cc11734b94bed423eae308cf5fe1f4c2039edc793f1fb5174bd069c36914062441133b78c4be8dc0855d44819716142af5071a41d342cbd5795155a53f5e69b1aa6cbe659da3a5daa7501d35fac3d690bba00484a0bdc88a2de66c7a71fe70a34a53a53e5e827ebe3bab728db3ef33b93170e8d6389f3f62bb35eabe0da0770efd724b1fe58dcd90dd01538e2605d689c0b08af820aeac2675fd3de88b3f76ae21feaa19b4631ae9665f0bf199d96f1d0142862efb1288d7a1a9f822bfad2564fcc2 RSSI=-48 SNR=29
2026-06-02T18:02:14.625 > p2p rx 0
2026-06-02T18:02:14.626 < >
2026-06-02T18:02:18.836 < >> Ok
2026-06-02T18:02:18.885 < >> radio_rx 43490149b27910fe00001388b2790376171f1d00dd720aba7964953bcb9efd50d5a1ee75b338e25f0bd10f6c00f6b8b21f35423ad9d63509ce84a87398dac57f7e817487d0bc56dc74f4793b2df7540023da7e53fb6df813b56936ccf9c43b3d92feba1cb54c59b450036ee92e480112d82c107b1e0d556f254360ff557eb217237e2970d7345e783fe96c21e0df9b208268e92f48eaddcc7b056c0e1d2de9e0b9965861621f5997870039626594e7b810d908a92604694090ace0e2af813fddf5361169e5e7f5ae934d8ab20b598392142d767180f3ac04cd1cbd32107dbf50acf1eaa77ffbdce2273269e7f6f4ad824c75 -45 24
2026-06-02T18:02:18.890 IMG_PACKET 43490149b27910fe00001388b2790376171f1d00dd720aba7964953bcb9efd50d5a1ee75b338e25f0bd10f6c00f6b8b21f35423ad9d63509ce84a87398dac57f7e817487d0bc56dc74f4793b2df7540023da7e53fb6df813b56936ccf9c43b3d92feba1cb54c59b450036ee92e480112d82c107b1e0d556f254360ff557eb217237e2970d7345e783fe96c21e0df9b208268e92f48eaddcc7b056c0e1d2de9e0b9965861621f5997870039626594e7b810d908a92604694090ace0e2af813fddf5361169e5e7f5ae934d8ab20b598392142d767180f3ac04cd1cbd32107dbf50acf1eaa77ffbdce2273269e7f6f4ad824c75 RSSI=-45 SNR=24
2026-06-02T18:02:18.932 > p2p rx 0
2026-06-02T18:02:18.934 < >
2026-06-02T18:02:23.094 < >> Ok
2026-06-02T18:02:23.145 < >> radio_rx 43490149b27910fe00001388b2790376171f1e00ddb05eaea5827dd3d20f6af9221e59dce8ee64d694533c7dfcd0c84ebaae44d8b8a7b1e2ca5b64f79e8ec5b299699c9e412bff2b3487d074fa70dd9fa1e96fafdde2deb6226cd5ad8a51d3284d05c16c21597aacaabd3419d7b2972699b56d9ab9d086a02f60ae8a05eb7aed42f9687521be34d49df7dc5580660ebc4a3219d6b27ce98de2788da9c0ffcae15391b1d0dd4cf6c4e4a04d82bad83643ea7f9db87bec8469a8093f846cc4b75b41af57242752f44494a43b0d58f6d0f1b45996aecc2257fe6b89ac6ff8909668092e8c643a735a56be74242543f54785a5c4 -48 27
2026-06-02T18:02:23.150 IMG_PACKET 43490149b27910fe00001388b2790376171f1e00ddb05eaea5827dd3d20f6af9221e59dce8ee64d694533c7dfcd0c84ebaae44d8b8a7b1e2ca5b64f79e8ec5b299699c9e412bff2b3487d074fa70dd9fa1e96fafdde2deb6226cd5ad8a51d3284d05c16c21597aacaabd3419d7b2972699b56d9ab9d086a02f60ae8a05eb7aed42f9687521be34d49df7dc5580660ebc4a3219d6b27ce98de2788da9c0ffcae15391b1d0dd4cf6c4e4a04d82bad83643ea7f9db87bec8469a8093f846cc4b75b41af57242752f44494a43b0d58f6d0f1b45996aecc2257fe6b89ac6ff8909668092e8c643a735a56be74242543f54785a5c4 RSSI=-48 SNR=27
2026-06-02T18:02:23.192 > p2p rx 0
2026-06-02T18:02:23.193 < >
2026-06-02T18:11:18.184 < >> Ok
2026-06-02T18:11:18.203 < >> radio_rx 7b2276223a312c2274797065223a2274657874222c22736571223a312c2274696d65223a22323032362d30362d30325430393a31313a31372e3736335a222c2264617461223a7b226d657373616765223a2268656c6c6f227d7d -52 33
2026-06-02T18:11:18.205 RX type=text seq=1 time=2026-06-02T09:11:17.763Z RSSI=-52 SNR=33
2026-06-02T18:11:18.207 JSON {"v":1,"type":"text","seq":1,"time":"2026-06-02T09:11:17.763Z","data":{"message":"hello"}}
2026-06-02T18:11:18.246 > p2p rx 0
2026-06-02T18:11:18.247 < >
2026-06-02T18:11:43.126 < >> Ok
2026-06-02T18:11:43.143 < >> radio_rx 7b2276223a312c2274797065223a2274657874222c22736571223a322c2274696d65223a22323032362d30362d30325430393a31313a34322e3733315a222c2264617461223a7b226d657373616765223a226869227d7d -51 29
2026-06-02T18:11:43.145 RX type=text seq=2 time=2026-06-02T09:11:42.731Z RSSI=-51 SNR=29
2026-06-02T18:11:43.147 JSON {"v":1,"type":"text","seq":2,"time":"2026-06-02T09:11:42.731Z","data":{"message":"hi"}}
2026-06-02T18:11:43.187 > p2p rx 0
2026-06-02T18:11:43.188 < >
2026-06-02T18:11:55.951 < >> Ok
2026-06-02T18:11:55.966 < >> radio_rx 7b2276223a312c2274797065223a2274657874222c22736571223a332c2274696d65223a22323032362d30362d30325430393a31313a35352e3535375a222c2264617461223a7b226d657373616765223a227975227d7d -46 31
2026-06-02T18:11:55.968 RX type=text seq=3 time=2026-06-02T09:11:55.557Z RSSI=-46 SNR=31
2026-06-02T18:11:55.969 JSON {"v":1,"type":"text","seq":3,"time":"2026-06-02T09:11:55.557Z","data":{"message":"yu"}}
2026-06-02T18:11:56.012 > p2p rx 0
2026-06-02T18:11:56.013 < >
2026-06-02T18:12:24.680 < >> Ok
2026-06-02T18:12:24.696 < >> radio_rx 7b2276223a312c2274797065223a2274657874222c22736571223a342c2274696d65223a22323032362d30362d30325430393a31323a32342e3238355a222c2264617461223a7b226d657373616765223a2276227d7d -50 31
2026-06-02T18:12:24.697 RX type=text seq=4 time=2026-06-02T09:12:24.285Z RSSI=-50 SNR=31
2026-06-02T18:12:24.699 JSON {"v":1,"type":"text","seq":4,"time":"2026-06-02T09:12:24.285Z","data":{"message":"v"}}
2026-06-02T18:12:24.741 > p2p rx 0
2026-06-02T18:12:24.742 < >
2026-06-02T18:12:31.238 < >> Ok
2026-06-02T18:12:31.255 < >> radio_rx 7b2276223a312c2274797065223a2274657874222c22736571223a352c2274696d65223a22323032362d30362d30325430393a31323a33302e3834335a222c2264617461223a7b226d657373616765223a2261227d7d -50 25
2026-06-02T18:12:31.256 RX type=text seq=5 time=2026-06-02T09:12:30.843Z RSSI=-50 SNR=25
2026-06-02T18:12:31.258 JSON {"v":1,"type":"text","seq":5,"time":"2026-06-02T09:12:30.843Z","data":{"message":"a"}}
2026-06-02T18:12:31.298 > p2p rx 0
2026-06-02T18:12:31.300 < >
2026-06-02T18:13:22.242 < >> Ok
2026-06-02T18:13:22.258 < >> radio_rx 7b2276223a312c2274797065223a2274657874222c22736571223a362c2274696d65223a22323032362d30362d30325430393a31333a32312e3834385a222c2264617461223a7b226d657373616765223a226869227d7d -52 31
2026-06-02T18:13:22.260 RX type=text seq=6 time=2026-06-02T09:13:21.848Z RSSI=-52 SNR=31
2026-06-02T18:13:22.261 JSON {"v":1,"type":"text","seq":6,"time":"2026-06-02T09:13:21.848Z","data":{"message":"hi"}}
2026-06-02T18:13:22.302 > p2p rx 0
2026-06-02T18:13:22.304 < >
2026-06-02T18:13:41.099 < >> Ok
2026-06-02T18:13:41.115 < >> radio_rx 7b2276223a312c2274797065223a2274657874222c22736571223a372c2274696d65223a22323032362d30362d30325430393a31333a34302e3730345a222c2264617461223a7b226d657373616765223a226f69227d7d -51 30
2026-06-02T18:13:41.118 RX type=text seq=7 time=2026-06-02T09:13:40.704Z RSSI=-51 SNR=30
2026-06-02T18:13:41.119 JSON {"v":1,"type":"text","seq":7,"time":"2026-06-02T09:13:40.704Z","data":{"message":"oi"}}
2026-06-02T18:13:41.159 > p2p rx 0
2026-06-02T18:13:41.160 < >
2026-06-02T18:14:47.321 < >> Ok
2026-06-02T18:14:47.337 < >> radio_rx 7b2276223a312c2274797065223a2274657874222c22736571223a382c2274696d65223a22323032362d30362d30325430393a31343a34362e3932375a222c2264617461223a7b226d657373616765223a226d6161227d7d -51 31
2026-06-02T18:14:47.338 RX type=text seq=8 time=2026-06-02T09:14:46.927Z RSSI=-51 SNR=31
2026-06-02T18:14:47.340 JSON {"v":1,"type":"text","seq":8,"time":"2026-06-02T09:14:46.927Z","data":{"message":"maa"}}
2026-06-02T18:14:47.382 > p2p rx 0
2026-06-02T18:14:47.383 < >
2026-06-02T18:16:33.898 < >> Ok
2026-06-02T18:16:33.914 < >> radio_rx 7b2276223a312c2274797065223a2274657874222c22736571223a392c2274696d65223a22323032362d30362d30325430393a31363a33332e3530365a222c2264617461223a7b226d657373616765223a227461636f227d7d -59 30
2026-06-02T18:16:33.915 RX type=text seq=9 time=2026-06-02T09:16:33.506Z RSSI=-59 SNR=30
2026-06-02T18:16:33.917 JSON {"v":1,"type":"text","seq":9,"time":"2026-06-02T09:16:33.506Z","data":{"message":"taco"}}
2026-06-02T18:16:33.959 > p2p rx 0
2026-06-02T18:16:33.961 < >
2026-06-02T18:18:48.176 < >> Ok
2026-06-02T18:18:48.194 < >> radio_rx 7b2276223a312c2274797065223a2274657874222c22736571223a31302c2274696d65223a22323032362d30362d30325430393a31383a34372e3736315a222c2264617461223a7b226d657373616765223a2275697569227d7d -54 23
2026-06-02T18:18:48.195 RX type=text seq=10 time=2026-06-02T09:18:47.761Z RSSI=-54 SNR=23
2026-06-02T18:18:48.198 JSON {"v":1,"type":"text","seq":10,"time":"2026-06-02T09:18:47.761Z","data":{"message":"uiui"}}
2026-06-02T18:18:48.238 > p2p rx 0
2026-06-02T18:18:48.239 < >
2026-06-02T18:19:28.310 < >> Ok
2026-06-02T18:19:28.325 < >> radio_rx 7b2276223a312c2274797065223a2274657874222c22736571223a31312c2274696d65223a22323032362d30362d30325430393a31393a32372e3839355a222c2264617461223a7b226d657373616765223a226d6f6e6f227d7d -54 25
2026-06-02T18:19:28.326 RX type=text seq=11 time=2026-06-02T09:19:27.895Z RSSI=-54 SNR=25
2026-06-02T18:19:28.327 JSON {"v":1,"type":"text","seq":11,"time":"2026-06-02T09:19:27.895Z","data":{"message":"mono"}}
2026-06-02T18:19:28.371 > p2p rx 0
2026-06-02T18:19:28.373 < >
2026-06-02T18:54:34.704 < >> Ok
2026-06-02T18:54:34.720 < >> radio_rx 7b2276223a312c2274797065223a2274657874222c22736571223a312c2274696d65223a22323032362d30362d30325430393a35343a33342e3333365a222c2264617461223a7b226d657373616765223a22616161227d7d -74 28
2026-06-02T18:54:34.722 RX type=text seq=1 time=2026-06-02T09:54:34.336Z RSSI=-74 SNR=28
2026-06-02T18:54:34.724 JSON {"v":1,"type":"text","seq":1,"time":"2026-06-02T09:54:34.336Z","data":{"message":"aaa"}}
2026-06-02T18:54:34.765 > p2p rx 0
2026-06-02T18:54:34.766 < >
2026-06-02T18:54:48.318 < >> Ok
2026-06-02T18:54:48.335 < >> radio_rx 7b2276223a312c2274797065223a2274657874222c22736571223a322c2274696d65223a22323032362d30362d30325430393a35343a34372e3934395a222c2264617461223a7b226d657373616765223a22616161227d7d -52 33
2026-06-02T18:54:48.336 RX type=text seq=2 time=2026-06-02T09:54:47.949Z RSSI=-52 SNR=33
2026-06-02T18:54:48.337 JSON {"v":1,"type":"text","seq":2,"time":"2026-06-02T09:54:47.949Z","data":{"message":"aaa"}}
2026-06-02T18:54:48.379 > p2p rx 0
2026-06-02T18:54:48.380 < >
2026-06-02T18:56:53.187 < >> Ok
2026-06-02T18:56:53.208 < >> radio_rx 7b2276223a312c2274797065223a2274657874222c22736571223a332c2274696d65223a22323032362d30362d30325430393a35363a35322e3731385a222c2264617461223a7b226d657373616765223a22346b61692065726562652d74612d206d6165227d7d -83 32
2026-06-02T18:56:53.209 RX type=text seq=3 time=2026-06-02T09:56:52.718Z RSSI=-83 SNR=32
2026-06-02T18:56:53.211 JSON {"v":1,"type":"text","seq":3,"time":"2026-06-02T09:56:52.718Z","data":{"message":"4kai erebe-ta- mae"}}
2026-06-02T18:56:53.252 > p2p rx 0
2026-06-02T18:56:53.257 < >
2026-06-02T18:57:39.041 < >> Ok
2026-06-02T18:57:39.059 < >> radio_rx 7b2276223a312c2274797065223a2274657874222c22736571223a342c2274696d65223a22323032362d30362d30325430393a35373a33382e3632345a222c2264617461223a7b226d657373616765223a22316b6169206f6b756e6169227d7d -122 -55
2026-06-02T18:57:39.060 RX type=text seq=4 time=2026-06-02T09:57:38.624Z RSSI=-122 SNR=-55
2026-06-02T18:57:39.061 JSON {"v":1,"type":"text","seq":4,"time":"2026-06-02T09:57:38.624Z","data":{"message":"1kai okunai"}}
2026-06-02T18:57:39.104 > p2p rx 0
2026-06-02T18:57:39.106 < >
2026-06-02T18:58:03.620 < >> Ok
2026-06-02T18:58:03.640 < >> radio_rx 7b2276223a312c2274797065223a2274657874222c22736571223a352c2274696d65223a22323032362d30362d30325430393a35383a30332e3230325a222c2264617461223a7b226d657373616765223a22316b6169206f6b75676169227d7d -117 -32
2026-06-02T18:58:03.642 RX type=text seq=5 time=2026-06-02T09:58:03.202Z RSSI=-117 SNR=-32
2026-06-02T18:58:03.643 JSON {"v":1,"type":"text","seq":5,"time":"2026-06-02T09:58:03.202Z","data":{"message":"1kai okugai"}}
2026-06-02T18:58:03.682 > p2p rx 0
2026-06-02T18:58:03.684 < >
