2026-06-08T14:26:01.339 < >> Ok
2026-06-08T14:26:01.354 < >> radio_rx 7b2276223a312c2274797065223a2274657874222c22736571223a392c2274696d65223a22323032362d30362d30385430353a32353a35392e3837325a222c2264617461223a7b226d657373616765223a2274657374227d7d -60 27
2026-06-08T14:26:01.356 RX type=text seq=9 time=2026-06-08T05:25:59.872Z RSSI=-60 SNR=27
2026-06-08T14:26:01.357 JSON {"v":1,"type":"text","seq":9,"time":"2026-06-08T05:25:59.872Z","data":{"message":"test"}}
2026-06-08T14:26:01.400 > p2p rx 0
2026-06-08T14:26:01.401 < >
2026-06-08T14:26:11.993 < >> Ok
2026-06-08T14:26:12.010 < >> radio_rx 7b2276223a312c2274797065223a2274657874222c22736571223a31302c2274696d65223a22323032362d30362d30385430353a32363a31302e3530325a222c2264617461223a7b226d657373616765223a2274657374227d7d -58 32
2026-06-08T14:26:12.012 RX type=text seq=10 time=2026-06-08T05:26:10.502Z RSSI=-58 SNR=32
2026-06-08T14:26:12.014 JSON {"v":1,"type":"text","seq":10,"time":"2026-06-08T05:26:10.502Z","data":{"message":"test"}}
2026-06-08T14:26:12.055 > p2p rx 0
2026-06-08T14:26:12.056 < >
2026-06-08T14:26:22.648 < >> Ok
2026-06-08T14:26:22.665 < >> radio_rx 7b2276223a312c2274797065223a2274657874222c22736571223a31312c2274696d65223a22323032362d30362d30385430353a32363a32312e3135375a222c2264617461223a7b226d657373616765223a2274657374227d7d -58 32
2026-06-08T14:26:22.667 RX type=text seq=11 time=2026-06-08T05:26:21.157Z RSSI=-58 SNR=32
2026-06-08T14:26:22.670 JSON {"v":1,"type":"text","seq":11,"time":"2026-06-08T05:26:21.157Z","data":{"message":"test"}}
2026-06-08T14:26:22.709 > p2p rx 0
2026-06-08T14:26:22.711 < >
2026-06-08T14:26:33.303 < >> Ok
2026-06-08T14:26:33.323 < >> radio_rx 7b2276223a312c2274797065223a2274657874222c22736571223a31322c2274696d65223a22323032362d30362d30385430353a32363a33312e3831325a222c2264617461223a7b226d657373616765223a2274657374227d7d -58 31
2026-06-08T14:26:33.325 RX type=text seq=12 time=2026-06-08T05:26:31.812Z RSSI=-58 SNR=31
2026-06-08T14:26:33.326 JSON {"v":1,"type":"text","seq":12,"time":"2026-06-08T05:26:31.812Z","data":{"message":"test"}}
2026-06-08T14:26:33.364 > p2p rx 0
2026-06-08T14:26:33.365 < >
2026-06-08T14:26:43.957 < >> Ok
2026-06-08T14:26:43.973 < >> radio_rx 7b2276223a312c2274797065223a2274657874222c22736571223a31332c2274696d65223a22323032362d30362d30385430353a32363a34322e3436365a222c2264617461223a7b226d657373616765223a2274657374227d7d -61 25
2026-06-08T14:26:43.974 RX type=text seq=13 time=2026-06-08T05:26:42.466Z RSSI=-61 SNR=25
2026-06-08T14:26:43.976 JSON {"v":1,"type":"text","seq":13,"time":"2026-06-08T05:26:42.466Z","data":{"message":"test"}}
2026-06-08T14:26:44.019 > p2p rx 0
2026-06-08T14:26:44.020 < >
2026-06-08T14:26:54.612 < >> Ok
2026-06-08T14:26:54.629 < >> radio_rx 7b2276223a312c2274797065223a2274657874222c22736571223a31342c2274696d65223a22323032362d30362d30385430353a32363a35332e3132315a222c2264617461223a7b226d657373616765223a2274657374227d7d -67 24
2026-06-08T14:26:54.630 RX type=text seq=14 time=2026-06-08T05:26:53.121Z RSSI=-67 SNR=24
2026-06-08T14:26:54.632 JSON {"v":1,"type":"text","seq":14,"time":"2026-06-08T05:26:53.121Z","data":{"message":"test"}}
2026-06-08T14:26:54.673 > p2p rx 0
2026-06-08T14:26:54.674 < >
2026-06-08T14:27:05.267 < >> Ok
2026-06-08T14:27:05.282 < >> radio_rx 7b2276223a312c2274797065223a2274657874222c22736571223a31352c2274696d65223a22323032362d30362d30385430353a32373a30332e3737365a222c2264617461223a7b226d657373616765223a2274657374227d7d -65 26
2026-06-08T14:27:05.283 RX type=text seq=15 time=2026-06-08T05:27:03.776Z RSSI=-65 SNR=26
2026-06-08T14:27:05.284 JSON {"v":1,"type":"text","seq":15,"time":"2026-06-08T05:27:03.776Z","data":{"message":"test"}}
2026-06-08T14:27:05.328 > p2p rx 0
2026-06-08T14:27:05.329 < >
2026-06-08T14:27:15.922 < >> Ok
2026-06-08T14:27:15.941 < >> radio_rx 7b2276223a312c2274797065223a2274657874222c22736571223a31362c2274696d65223a22323032362d30362d30385430353a32373a31342e3433315a222c2264617461223a7b226d657373616765223a2274657374227d7d -60 31
2026-06-08T14:27:15.942 RX type=text seq=16 time=2026-06-08T05:27:14.431Z RSSI=-60 SNR=31
2026-06-08T14:27:15.943 JSON {"v":1,"type":"text","seq":16,"time":"2026-06-08T05:27:14.431Z","data":{"message":"test"}}
2026-06-08T14:27:15.984 > p2p rx 0
2026-06-08T14:27:15.985 < >
2026-06-08T14:27:26.576 < >> Ok
2026-06-08T14:27:26.593 < >> radio_rx 7b2276223a312c2274797065223a2274657874222c22736571223a31372c2274696d65223a22323032362d30362d30385430353a32373a32352e3038365a222c2264617461223a7b226d657373616765223a2274657374227d7d -61 31
2026-06-08T14:27:26.595 RX type=text seq=17 time=2026-06-08T05:27:25.086Z RSSI=-61 SNR=31
2026-06-08T14:27:26.596 JSON {"v":1,"type":"text","seq":17,"time":"2026-06-08T05:27:25.086Z","data":{"message":"test"}}
2026-06-08T14:27:26.638 > p2p rx 0
2026-06-08T14:27:26.639 < >
2026-06-08T14:27:37.231 < >> Ok
2026-06-08T14:27:37.247 < >> radio_rx 7b2276223a312c2274797065223a2274657874222c22736571223a31382c2274696d65223a22323032362d30362d30385430353a32373a33352e3734315a222c2264617461223a7b226d657373616765223a2274657374227d7d -57 32
2026-06-08T14:27:37.249 RX type=text seq=18 time=2026-06-08T05:27:35.741Z RSSI=-57 SNR=32
2026-06-08T14:27:37.250 JSON {"v":1,"type":"text","seq":18,"time":"2026-06-08T05:27:35.741Z","data":{"message":"test"}}
2026-06-08T14:27:37.292 > p2p rx 0
2026-06-08T14:27:37.294 < >
2026-06-08T14:27:47.886 < >> Ok
2026-06-08T14:27:47.904 < >> radio_rx 7b2276223a312c2274797065223a2274657874222c22736571223a31392c2274696d65223a22323032362d30362d30385430353a32373a34362e3339365a222c2264617461223a7b226d657373616765223a2274657374227d7d -54 32
2026-06-08T14:27:47.905 RX type=text seq=19 time=2026-06-08T05:27:46.396Z RSSI=-54 SNR=32
2026-06-08T14:27:47.906 JSON {"v":1,"type":"text","seq":19,"time":"2026-06-08T05:27:46.396Z","data":{"message":"test"}}
2026-06-08T14:27:47.947 > p2p rx 0
2026-06-08T14:27:47.948 < >
2026-06-08T14:27:58.540 < >> Ok
2026-06-08T14:27:58.557 < >> radio_rx 7b2276223a312c2274797065223a2274657874222c22736571223a32302c2274696d65223a22323032362d30362d30385430353a32373a35372e3035305a222c2264617461223a7b226d657373616765223a2274657374227d7d -54 21
2026-06-08T14:27:58.558 RX type=text seq=20 time=2026-06-08T05:27:57.050Z RSSI=-54 SNR=21
2026-06-08T14:27:58.559 JSON {"v":1,"type":"text","seq":20,"time":"2026-06-08T05:27:57.050Z","data":{"message":"test"}}
2026-06-08T14:27:58.602 > p2p rx 0
2026-06-08T14:27:58.603 < >
2026-06-08T14:28:09.180 < >> Ok
2026-06-08T14:28:09.181 < >> radio_err
2026-06-08T14:28:09.480 > p2p rx 0
2026-06-08T14:28:09.481 < >
2026-06-08T14:28:19.851 < >> Ok
2026-06-08T14:28:19.869 < >> radio_rx 7b2276223a312c2274797065223a2274657874222c22736571223a32322c2274696d65223a22323032362d30362d30385430353a32383a31382e3336315a222c2264617461223a7b226d657373616765223a2274657374227d7d -53 31
2026-06-08T14:28:19.871 RX type=text seq=22 time=2026-06-08T05:28:18.361Z RSSI=-53 SNR=31
2026-06-08T14:28:19.873 JSON {"v":1,"type":"text","seq":22,"time":"2026-06-08T05:28:18.361Z","data":{"message":"test"}}
2026-06-08T14:28:19.912 > p2p rx 0
2026-06-08T14:28:19.914 < >
2026-06-08T14:28:30.506 < >> Ok
2026-06-08T14:28:30.519 < >> radio_rx 7b2276223a312c2274797065223a2274657874222c22736571223a32332c2274696d65223a22323032362d30362d30385430353a32383a32392e3031365a222c2264617461223a7b226d657373616765223a2274657374227d7d -63 32
2026-06-08T14:28:30.520 RX type=text seq=23 time=2026-06-08T05:28:29.016Z RSSI=-63 SNR=32
2026-06-08T14:28:30.522 JSON {"v":1,"type":"text","seq":23,"time":"2026-06-08T05:28:29.016Z","data":{"message":"test"}}
2026-06-08T14:28:30.567 > p2p rx 0
2026-06-08T14:28:30.569 < >
