2026-06-11T17:16:32.869 < >> Ok
2026-06-11T17:16:32.870 < >> radio_err
2026-06-11T17:16:33.169 > p2p rx 0
2026-06-11T17:16:33.170 < >
2026-06-11T17:17:04.775 < >> Ok
2026-06-11T17:17:04.792 < >> radio_rx 7b2276223a312c2274797065223a2274657874222c22736571223a342c2274696d65223a22323032362d30362d31315430373a32343a35312e3736355a222c2264617461223a7b226d657373616765223a2274657374227d7d -125 -40
2026-06-11T17:17:04.793 RX type=text seq=4 time=2026-06-11T07:24:51.765Z RSSI=-125 SNR=-40
2026-06-11T17:17:04.796 JSON {"v":1,"type":"text","seq":4,"time":"2026-06-11T07:24:51.765Z","data":{"message":"test"}}
2026-06-11T17:17:04.837 > p2p rx 0
2026-06-11T17:17:04.838 < >
2026-06-11T17:17:26.036 < >> Ok
2026-06-11T17:17:26.052 < >> radio_rx 7b2276223a312c2274797065223a2274657874222c22736571223a362c2274696d65223a22323032362d30362d31315430373a32353a31332e3032355a222c2264617461223a7b226d657373616765223a2274657374227d7d -128 -53
2026-06-11T17:17:26.054 RX type=text seq=6 time=2026-06-11T07:25:13.025Z RSSI=-128 SNR=-53
2026-06-11T17:17:26.059 JSON {"v":1,"type":"text","seq":6,"time":"2026-06-11T07:25:13.025Z","data":{"message":"test"}}
2026-06-11T17:17:26.101 > p2p rx 0
2026-06-11T17:17:26.102 < >
2026-06-11T17:17:57.911 < >> Ok
2026-06-11T17:17:57.912 < >> radio_err
2026-06-11T17:17:58.211 > p2p rx 0
2026-06-11T17:17:58.215 < >
2026-06-11T17:18:19.236 < >> Ok
2026-06-11T17:18:19.253 < >> radio_rx 7b2276223a312c2274797065223a2274657874222c22736571223a31312c2274696d65223a22323032362d30362d31315430373a32363a30362e3230315a222c2264617461223a7b226d657373616765223a2274657374227d7d -121 -13
2026-06-11T17:18:19.257 RX type=text seq=11 time=2026-06-11T07:26:06.201Z RSSI=-121 SNR=-13
2026-06-11T17:18:19.260 JSON {"v":1,"type":"text","seq":11,"time":"2026-06-11T07:26:06.201Z","data":{"message":"test"}}
2026-06-11T17:18:19.299 > p2p rx 0
2026-06-11T17:18:19.300 < >
2026-06-11T17:18:29.891 < >> Ok
2026-06-11T17:18:29.910 < >> radio_rx 7b2276223a312c2274797065223a2274657874222c22736571223a31322c2274696d65223a22323032362d30362d31315430373a32363a31362e3835365a222c2264617461223a7b226d657373616765223a2274657374227d7d -126 -29
2026-06-11T17:18:29.913 RX type=text seq=12 time=2026-06-11T07:26:16.856Z RSSI=-126 SNR=-29
2026-06-11T17:18:29.918 JSON {"v":1,"type":"text","seq":12,"time":"2026-06-11T07:26:16.856Z","data":{"message":"test"}}
2026-06-11T17:18:29.953 > p2p rx 0
2026-06-11T17:18:29.954 < >
2026-06-11T17:18:40.546 < >> Ok
2026-06-11T17:18:40.565 < >> radio_rx 7b2276223a312c2274797065223a2274657874222c22736571223a31332c2274696d65223a22323032362d30362d31315430373a32363a32372e3531325a222c2264617461223a7b226d657373616765223a2274657374227d7d -123 -21
2026-06-11T17:18:40.568 RX type=text seq=13 time=2026-06-11T07:26:27.512Z RSSI=-123 SNR=-21
2026-06-11T17:18:40.572 JSON {"v":1,"type":"text","seq":13,"time":"2026-06-11T07:26:27.512Z","data":{"message":"test"}}
2026-06-11T17:18:40.612 > p2p rx 0
2026-06-11T17:18:40.616 < >
2026-06-11T17:18:51.201 < >> Ok
2026-06-11T17:18:51.220 < >> radio_rx 7b2276223a312c2274797065223a2274657874222c22736571223a31342c2274696d65223a22323032362d30362d31315430373a32363a33382e3136375a222c2264617461223a7b226d657373616765223a2274657374227d7d -127 -39
2026-06-11T17:18:51.222 RX type=text seq=14 time=2026-06-11T07:26:38.167Z RSSI=-127 SNR=-39
2026-06-11T17:18:51.225 JSON {"v":1,"type":"text","seq":14,"time":"2026-06-11T07:26:38.167Z","data":{"message":"test"}}
2026-06-11T17:18:51.263 > p2p rx 0
2026-06-11T17:18:51.264 < >
2026-06-11T17:19:27.267 < >> Ok
2026-06-11T17:19:27.268 < >> radio_err
2026-06-11T17:19:27.568 > p2p rx 0
2026-06-11T17:19:27.569 < >
2026-06-11T17:19:30.692 < >> Ok
2026-06-11T17:19:30.750 < >> radio_rx 43490149abe1190700001a7eabe103791f2a0200ddddb0ab687d608a2eafa38c6adbc04567c0bb91e97737aab76b941c68fabeb06d428801bf3094cceb28034a0e2f86d69afa3a6a52f5b9f137f75e0ebfdf4e09230e6c911185c3aa7997405cb5794ad0f6665bcd6c8bdc00bdda6623e31c671e6a1e039ac8f06ecd633b2d58a02fe1161b3d183169e75dc895b233208034e230331966396a8111d9da3bf06a34f7d93a669d29d3dc900ef04dd4b2d7d206f7e9d7d5c327438ae1821ba61f1fbe88e7ea2d73c188291c425ee75eaea7de0551bf748b6dde93fe6608da3670d79d14eaf41ab59a1d0ecc7f030c5be84a3d5a -127 -32
2026-06-11T17:19:30.759 IMG_PACKET 43490149abe1190700001a7eabe103791f2a0200ddddb0ab687d608a2eafa38c6adbc04567c0bb91e97737aab76b941c68fabeb06d428801bf3094cceb28034a0e2f86d69afa3a6a52f5b9f137f75e0ebfdf4e09230e6c911185c3aa7997405cb5794ad0f6665bcd6c8bdc00bdda6623e31c671e6a1e039ac8f06ecd633b2d58a02fe1161b3d183169e75dc895b233208034e230331966396a8111d9da3bf06a34f7d93a669d29d3dc900ef04dd4b2d7d206f7e9d7d5c327438ae1821ba61f1fbe88e7ea2d73c188291c425ee75eaea7de0551bf748b6dde93fe6608da3670d79d14eaf41ab59a1d0ecc7f030c5be84a3d5a RSSI=-127 SNR=-32
2026-06-11T17:19:30.791 > p2p rx 0
2026-06-11T17:19:30.792 < >
2026-06-11T17:19:32.394 < >> Ok
2026-06-11T17:19:32.452 < >> radio_rx 43490149abe1190700001a7eabe103791f2a0300dd76b8a2c8064fa946ce0c6a71294f2931875152251cce98739d59d643878b08bfb308cd169af9a187bcb665269a840a9de097c835b32919b93afd256d85af37bc91868d656b18b61c264cb29f949860c14eeee28f5cc80a62fe60752ec3847ad514a4db94ae5648973a1f41e956fd28abd34e86281633021b07cc0ceda53c9ed029652f9f0aad23f404fc9022ffbbd5d6a434ca3e432771c39e0e6194202814667c4b4a07eecf950e87ff7fedd99693c840f3916b66e3191574c2921d55cfa53f96b93c6b14f63177de6cb4312f70ad3ce63a1dde1101413fc214ff89f3 -118 -2
2026-06-11T17:19:32.463 IMG_PACKET 43490149abe1190700001a7eabe103791f2a0300dd76b8a2c8064fa946ce0c6a71294f2931875152251cce98739d59d643878b08bfb308cd169af9a187bcb665269a840a9de097c835b32919b93afd256d85af37bc91868d656b18b61c264cb29f949860c14eeee28f5cc80a62fe60752ec3847ad514a4db94ae5648973a1f41e956fd28abd34e86281633021b07cc0ceda53c9ed029652f9f0aad23f404fc9022ffbbd5d6a434ca3e432771c39e0e6194202814667c4b4a07eecf950e87ff7fedd99693c840f3916b66e3191574c2921d55cfa53f96b93c6b14f63177de6cb4312f70ad3ce63a1dde1101413fc214ff89f3 RSSI=-118 SNR=-2
2026-06-11T17:19:32.492 > p2p rx 0
2026-06-11T17:19:32.493 < >
2026-06-11T17:19:34.096 < >> Ok
2026-06-11T17:19:34.153 < >> radio_rx 43490149abe1190700001a7eabe103791f2a0400dd7fe8ec03febf72821a1db1815d1122f0261d16ad3a835d5ab44519b8a5105c382bbbc643b0b147acc697f929a03572826ccf289ed7adea8b4ac43e1d04ad3f3a292f69540aab05d0986c9f85bcad4b8260c2e9f9c2244df94e91c3ecc863f179fe108d04da919a24aba74b270d08cb8ac1f06c4d9708524a001be7eec5e270b6e38de5280deb1b4b5e89b7d3183acb25d57bcb26ec307d886b8b0686a968a0ce35c5c1681d7634eac4b11571d599566cbc8163d005963851551e6b0315e4a2e67aefd5c49b6fc1842ea1ac5e87a430f79836848cbfde5526d90614ba8d -126 -29
2026-06-11T17:19:34.163 IMG_PACKET 43490149abe1190700001a7eabe103791f2a0400dd7fe8ec03febf72821a1db1815d1122f0261d16ad3a835d5ab44519b8a5105c382bbbc643b0b147acc697f929a03572826ccf289ed7adea8b4ac43e1d04ad3f3a292f69540aab05d0986c9f85bcad4b8260c2e9f9c2244df94e91c3ecc863f179fe108d04da919a24aba74b270d08cb8ac1f06c4d9708524a001be7eec5e270b6e38de5280deb1b4b5e89b7d3183acb25d57bcb26ec307d886b8b0686a968a0ce35c5c1681d7634eac4b11571d599566cbc8163d005963851551e6b0315e4a2e67aefd5c49b6fc1842ea1ac5e87a430f79836848cbfde5526d90614ba8d RSSI=-126 SNR=-29
2026-06-11T17:19:34.194 > p2p rx 0
2026-06-11T17:19:34.196 < >
2026-06-11T17:19:35.776 < >> Ok
2026-06-11T17:19:35.777 < >> radio_err
2026-06-11T17:19:36.075 > p2p rx 0
2026-06-11T17:19:36.077 < >
2026-06-11T17:19:39.201 < >> Ok
2026-06-11T17:19:39.256 < >> radio_rx 43490149abe1190700001a7eabe103791f2a0700dd3185e5ece10b3bd3a53a3246b44a4c1101e813f306cc4bc2babfd278f2a3eef89670ef1f2f6d689ee49512e479be9a4b090305317c03664ba43646a103bc513c94f4539104899154260b832c92e3aa36a5a5201f01797c81b8552b586675ae1cb08859fde6f357f6cde5f278bbdba848d626c0c6f4d9474678a3ad8f64fc014bcaeccff9b1d324dc81829581f02ee80678eb9bd7f60698fe6ee7baf46e98b6d741dadf08160f7c5241c03c50455f2daf904625f947d0750c2230421ed6e2361877115f31ebe0616711679021bac0c55e2ff51b0e2b238a9c46fb8c9e5d -118 -14
2026-06-11T17:19:39.270 IMG_PACKET 43490149abe1190700001a7eabe103791f2a0700dd3185e5ece10b3bd3a53a3246b44a4c1101e813f306cc4bc2babfd278f2a3eef89670ef1f2f6d689ee49512e479be9a4b090305317c03664ba43646a103bc513c94f4539104899154260b832c92e3aa36a5a5201f01797c81b8552b586675ae1cb08859fde6f357f6cde5f278bbdba848d626c0c6f4d9474678a3ad8f64fc014bcaeccff9b1d324dc81829581f02ee80678eb9bd7f60698fe6ee7baf46e98b6d741dadf08160f7c5241c03c50455f2daf904625f947d0750c2230421ed6e2361877115f31ebe0616711679021bac0c55e2ff51b0e2b238a9c46fb8c9e5d RSSI=-118 SNR=-14
2026-06-11T17:19:39.300 > p2p rx 0
2026-06-11T17:19:39.300 < >
2026-06-11T17:19:40.903 < >> Ok
2026-06-11T17:19:40.959 < >> radio_rx 43490149abe1190700001a7eabe103791f2a0800ddfabbee9492c38f77a172b2c623572151eb29d858891262089fcee66672b77e52ade14d2d06b2b2d567e449890608ed1c7f1c0b1dc1af339f617e4b796ebbcd34abc20b9d1e9c36e7627c007388d74d50b9dbde1bf8e2f947122569bf2da5a6c1409e106f30e14e055178c6a291ecece365548299935aac8f9a7bdda20fe7643293cd4858f550fdb2a0f38b518e51f7bb6312315d16299506d57cf3c3a3d5eb59781f929c4eec2072d5f48db8102c8f54a2c42fa5859bd333282d7a4b50e0c4b02fa51cd5633c2fa4d727dc8413e4cd885004eb2ffc8bdf93b3241b6920 -121 -25
2026-06-11T17:19:40.969 IMG_PACKET 43490149abe1190700001a7eabe103791f2a0800ddfabbee9492c38f77a172b2c623572151eb29d858891262089fcee66672b77e52ade14d2d06b2b2d567e449890608ed1c7f1c0b1dc1af339f617e4b796ebbcd34abc20b9d1e9c36e7627c007388d74d50b9dbde1bf8e2f947122569bf2da5a6c1409e106f30e14e055178c6a291ecece365548299935aac8f9a7bdda20fe7643293cd4858f550fdb2a0f38b518e51f7bb6312315d16299506d57cf3c3a3d5eb59781f929c4eec2072d5f48db8102c8f54a2c42fa5859bd333282d7a4b50e0c4b02fa51cd5633c2fa4d727dc8413e4cd885004eb2ffc8bdf93b3241b6920 RSSI=-121 SNR=-25
2026-06-11T17:19:41.001 > p2p rx 0
2026-06-11T17:19:41.002 < >
2026-06-11T17:19:42.605 < >> Ok
2026-06-11T17:19:42.661 < >> radio_rx 43490149abe1190700001a7eabe103791f2a0900dd398afcee972a0fea794ab9df3f5a368926f169284f8f01a502711752db5f8f2621a3cbce3304017ecad8d1d6307e51fae5795288870a9fce7be7613b096eed26a9d0fcd3f2bbccd5fb9da34cf6129711890835df29ce03ce92182c59c21ededc9a578374833b7c11b9e222d0c1df5df66596d9932b13acc66d3a17d831aa976902a4a71abc0e7790549afef33008ac89238af9e6fe5a886bea5b525c21703d114b1e2bf61064ca94a1bf832bdc0712769b3bed528caa9d9108d1c9efeb05f6afe02e19344965793e307a15882bf7aab74507c654ce2774ef9ec058a98d -121 -27
2026-06-11T17:19:42.670 IMG_PACKET 43490149abe1190700001a7eabe103791f2a0900dd398afcee972a0fea794ab9df3f5a368926f169284f8f01a502711752db5f8f2621a3cbce3304017ecad8d1d6307e51fae5795288870a9fce7be7613b096eed26a9d0fcd3f2bbccd5fb9da34cf6129711890835df29ce03ce92182c59c21ededc9a578374833b7c11b9e222d0c1df5df66596d9932b13acc66d3a17d831aa976902a4a71abc0e7790549afef33008ac89238af9e6fe5a886bea5b525c21703d114b1e2bf61064ca94a1bf832bdc0712769b3bed528caa9d9108d1c9efeb05f6afe02e19344965793e307a15882bf7aab74507c654ce2774ef9ec058a98d RSSI=-121 SNR=-27
2026-06-11T17:19:42.702 > p2p rx 0
2026-06-11T17:19:42.703 < >
2026-06-11T17:19:44.284 < >> Ok
2026-06-11T17:19:44.285 < >> radio_err
2026-06-11T17:19:44.584 > p2p rx 0
2026-06-11T17:19:44.585 < >
2026-06-11T17:19:47.709 < >> Ok
2026-06-11T17:19:47.766 < >> radio_rx 43490149abe1190700001a7eabe103791f2a0c00dd5c8acd7643e15a37a00d29559746fe840293e0e45dd7dd24f17d30829408050cd79122f7d74e80d9058aa189308eece8e406c2d383fb1400e1a2e4cc3c9922584ffa583f6cfe6b8f8a738138eadd858cb7dbed896cca2ececfd59faba47e99284770e11c712b61eb8d5539d937b16ea71555084eb376bdfac174bd57775c720a3213115212f97eb478c9faa9cfee0cefaef6b608a15f82b10306bfbdbf28f07061f6ef235123a90c424e7218a355e0b455e76ef1f0683731d07e28b159546ad1fa0c5c546ac271a5a2f2105f8d06af0597297ad94dc42335afc2be58b5 -129 -40
2026-06-11T17:19:47.776 IMG_PACKET 43490149abe1190700001a7eabe103791f2a0c00dd5c8acd7643e15a37a00d29559746fe840293e0e45dd7dd24f17d30829408050cd79122f7d74e80d9058aa189308eece8e406c2d383fb1400e1a2e4cc3c9922584ffa583f6cfe6b8f8a738138eadd858cb7dbed896cca2ececfd59faba47e99284770e11c712b61eb8d5539d937b16ea71555084eb376bdfac174bd57775c720a3213115212f97eb478c9faa9cfee0cefaef6b608a15f82b10306bfbdbf28f07061f6ef235123a90c424e7218a355e0b455e76ef1f0683731d07e28b159546ad1fa0c5c546ac271a5a2f2105f8d06af0597297ad94dc42335afc2be58b5 RSSI=-129 SNR=-40
2026-06-11T17:19:47.807 > p2p rx 0
2026-06-11T17:19:47.808 < >
2026-06-11T17:19:51.113 < >> Ok
2026-06-11T17:19:51.169 < >> radio_rx 43490149abe1190700001a7eabe103791f2a0e00dd7597453167f14f0c3c957db7627bf1665dd6177ddd86353f032db0fd4e858fe655f5ce9252b6878bb5c39f7a30682f78436772913aa56df52f2a31ac00c3e545faba84206e25c518ea66fd9a2678dc0562dd649812ab2c5bcc3b7e03c96ce97abae5fda7fb99f9f3422af89adae629e17b5f529072c33c8d66ada022d021ab266505ba19c2b332794b21809e8094ec932927422101cd763e63b214ef411cb7ef15170bd2cfe4e6e3a632f985549b5f0167e143970b67f9c81b11da73fe85807e47c604e69e74dfeae17d235426ddac684390163bffc00f690d8976ed44 -116 3
2026-06-11T17:19:51.179 IMG_PACKET 43490149abe1190700001a7eabe103791f2a0e00dd7597453167f14f0c3c957db7627bf1665dd6177ddd86353f032db0fd4e858fe655f5ce9252b6878bb5c39f7a30682f78436772913aa56df52f2a31ac00c3e545faba84206e25c518ea66fd9a2678dc0562dd649812ab2c5bcc3b7e03c96ce97abae5fda7fb99f9f3422af89adae629e17b5f529072c33c8d66ada022d021ab266505ba19c2b332794b21809e8094ec932927422101cd763e63b214ef411cb7ef15170bd2cfe4e6e3a632f985549b5f0167e143970b67f9c81b11da73fe85807e47c604e69e74dfeae17d235426ddac684390163bffc00f690d8976ed44 RSSI=-116 SNR=3
2026-06-11T17:19:51.211 > p2p rx 0
2026-06-11T17:19:51.212 < >
2026-06-11T17:19:52.814 < >> Ok
2026-06-11T17:19:52.867 < >> radio_rx 43490149abe1190700001a7eabe103791f2a0f00ddf592b892e1125d4e1ddd87d5e7a887f6b904c0705db822977cd1126bde14cfb58a5dcff1f6c6c068e52fc520e2426a6c7502ce5cf5c8a2404cb639a41bbbe494346165b3cd417caf158c3e359cc7eb87527c9cf0c95b3615d119215aee831d58e90f3243b11300a434aeea0388ba112c5dfbc925e84f94d495935b96e47de55866a6574cad6c3f336681ddba1cfc8119abe5b36f20ad50d0c0353eed77ef6ae1b2962cf1789009c8a41201da92e25c4caea0da49eb789332ff15b6698a1362e6ded8b227cd70e324fc100527f0524f2b1cf27aa5de35d32253aff480e2 -120 -10
2026-06-11T17:19:52.876 IMG_PACKET 43490149abe1190700001a7eabe103791f2a0f00ddf592b892e1125d4e1ddd87d5e7a887f6b904c0705db822977cd1126bde14cfb58a5dcff1f6c6c068e52fc520e2426a6c7502ce5cf5c8a2404cb639a41bbbe494346165b3cd417caf158c3e359cc7eb87527c9cf0c95b3615d119215aee831d58e90f3243b11300a434aeea0388ba112c5dfbc925e84f94d495935b96e47de55866a6574cad6c3f336681ddba1cfc8119abe5b36f20ad50d0c0353eed77ef6ae1b2962cf1789009c8a41201da92e25c4caea0da49eb789332ff15b6698a1362e6ded8b227cd70e324fc100527f0524f2b1cf27aa5de35d32253aff480e2 RSSI=-120 SNR=-10
2026-06-11T17:19:52.915 > p2p rx 0
2026-06-11T17:19:52.915 < >
2026-06-11T17:19:54.516 < >> Ok
2026-06-11T17:19:54.574 < >> radio_rx 43490149abe1190700001a7eabe103791f2a1000dd0db6f516bdae177af1bff2c9a46631c718f649cb199ca1bc9b4b585f499322c1fc84cb3aa755a097510c5e357c46d85c4c590503979a2b42893fc2ca4b82ae16f0d371c1b0d3034b0f5eed3e3f7ec21c857f33f2c85d7e5b3984b914bdcc4dac1d54f04f8175a18fc48d8e84a4eaa113904bcb9e3ce97ebcc07a911c0ebe936f892ce3de82af79caecee616d522e7a382cfcc6825376975eb9cc611763acfbf0e47aa727b82d45d03791a195ea60472b4e5d24a2037fe8ce25cca9eeb7fae3d822acb8d0fad39cdaf84bb0408a4a96152deeaa425666c5545ad7b58fb1 -116 3
2026-06-11T17:19:54.585 IMG_PACKET 43490149abe1190700001a7eabe103791f2a1000dd0db6f516bdae177af1bff2c9a46631c718f649cb199ca1bc9b4b585f499322c1fc84cb3aa755a097510c5e357c46d85c4c590503979a2b42893fc2ca4b82ae16f0d371c1b0d3034b0f5eed3e3f7ec21c857f33f2c85d7e5b3984b914bdcc4dac1d54f04f8175a18fc48d8e84a4eaa113904bcb9e3ce97ebcc07a911c0ebe936f892ce3de82af79caecee616d522e7a382cfcc6825376975eb9cc611763acfbf0e47aa727b82d45d03791a195ea60472b4e5d24a2037fe8ce25cca9eeb7fae3d822acb8d0fad39cdaf84bb0408a4a96152deeaa425666c5545ad7b58fb1 RSSI=-116 SNR=3
2026-06-11T17:19:54.614 > p2p rx 0
2026-06-11T17:19:54.615 < >
2026-06-11T17:19:56.217 < >> Ok
2026-06-11T17:19:56.273 < >> radio_rx 43490149abe1190700001a7eabe103791f2a1100dd2061747e5f3bef0807317ac20b8f63d88b05987a36a621bca3dbe221a570bc2c3f08355b191988f4bceb063585f239551bffab98ab15102ed5d700854ab28b5452718f522e1441ead0a1e1d4129068477ae556d69f432a51f46253f13b64d608a7186589c60d4a81ac41e913190fd5c9ec2f666221b6d903509dcd7ec35253972d3bbc9fe293fe17e9301b410dd61591429a1f9e4ec976541afcbf141925140a355351694ec4434eb1d52805b78f6e71e7e71a53d7a3265550e539b24b5347a9a8115821759751b98501b3e71916abaf54e58ff5a1bd1fb5655410b5ed -123 -29
2026-06-11T17:19:56.317 IMG_PACKET 43490149abe1190700001a7eabe103791f2a1100dd2061747e5f3bef0807317ac20b8f63d88b05987a36a621bca3dbe221a570bc2c3f08355b191988f4bceb063585f239551bffab98ab15102ed5d700854ab28b5452718f522e1441ead0a1e1d4129068477ae556d69f432a51f46253f13b64d608a7186589c60d4a81ac41e913190fd5c9ec2f666221b6d903509dcd7ec35253972d3bbc9fe293fe17e9301b410dd61591429a1f9e4ec976541afcbf141925140a355351694ec4434eb1d52805b78f6e71e7e71a53d7a3265550e539b24b5347a9a8115821759751b98501b3e71916abaf54e58ff5a1bd1fb5655410b5ed RSSI=-123 SNR=-29
2026-06-11T17:19:56.318 > p2p rx 0
2026-06-11T17:19:56.319 < >
2026-06-11T17:19:57.919 < >> Ok
2026-06-11T17:19:57.972 < >> radio_rx 43490149abe1190700001a7eabe103791f2a1200ddcb106f1a8a398815e529169ec92d476bce796f39d103184fc28e528d2e7490ad55f4223fb54be745df2b481479bd3060c1fe0ecad306fbe9963fa9c0efe3940e4cbf419a411558d5109cec5fabd418bdab999ff03dba6d3b06347836b44363d60462571c7c7c339e2a5e493cc48c9a8fa2b3d96a0ff697ca15f40f395fe9d41606310d90847983cf706629ff61d8255aaebe642c80b25b7e34479ba0cb81464765b5bd5fa04416960ad07a0b96e4ebc8d64d9b2909f9028df9f7cc98c49b250da0aa21a541194371b7d7fc69cc2c7aaa7ec77fa18878a41d1f8bd6f9e7 -123 -30
2026-06-11T17:19:57.979 IMG_PACKET 43490149abe1190700001a7eabe103791f2a1200ddcb106f1a8a398815e529169ec92d476bce796f39d103184fc28e528d2e7490ad55f4223fb54be745df2b481479bd3060c1fe0ecad306fbe9963fa9c0efe3940e4cbf419a411558d5109cec5fabd418bdab999ff03dba6d3b06347836b44363d60462571c7c7c339e2a5e493cc48c9a8fa2b3d96a0ff697ca15f40f395fe9d41606310d90847983cf706629ff61d8255aaebe642c80b25b7e34479ba0cb81464765b5bd5fa04416960ad07a0b96e4ebc8d64d9b2909f9028df9f7cc98c49b250da0aa21a541194371b7d7fc69cc2c7aaa7ec77fa18878a41d1f8bd6f9e7 RSSI=-123 SNR=-30
2026-06-11T17:19:58.016 > p2p rx 0
2026-06-11T17:19:58.018 < >
2026-06-11T17:19:59.621 < >> Ok
2026-06-11T17:19:59.677 < >> radio_rx 43490149abe1190700001a7eabe103791f2a1300dd246f8e5d6e6a396b9abc4a69b9ebe6eafbb419c6be785ed7cfbf61961bc9a7384389ed9e57bc072b55331a909603bdf50c66fea88347e748d02ca94322ba4b67927473d514a5a8a29089cb9088d4bdc4495c799f61cf9c8b8b42ef88f0520da902e37314b8e62c17ae7b6c11007ac3a07d3699ffa81c69b3eb9bb8618a7c960447af4f1e2ceffef9655751512dc3b720a99e590784b134845b3b552d13a719312708b2b6858b8f8d3217092c51590bda41829eb601469f02ac0f9d38ef64ca7a9da962cec8c4fff1389d4f2343f12d8e3b296aa6131e996305fe49dfbc -123 -27
2026-06-11T17:19:59.687 IMG_PACKET 43490149abe1190700001a7eabe103791f2a1300dd246f8e5d6e6a396b9abc4a69b9ebe6eafbb419c6be785ed7cfbf61961bc9a7384389ed9e57bc072b55331a909603bdf50c66fea88347e748d02ca94322ba4b67927473d514a5a8a29089cb9088d4bdc4495c799f61cf9c8b8b42ef88f0520da902e37314b8e62c17ae7b6c11007ac3a07d3699ffa81c69b3eb9bb8618a7c960447af4f1e2ceffef9655751512dc3b720a99e590784b134845b3b552d13a719312708b2b6858b8f8d3217092c51590bda41829eb601469f02ac0f9d38ef64ca7a9da962cec8c4fff1389d4f2343f12d8e3b296aa6131e996305fe49dfbc RSSI=-123 SNR=-27
2026-06-11T17:19:59.718 > p2p rx 0
2026-06-11T17:19:59.720 < >
2026-06-11T17:20:01.322 < >> Ok
2026-06-11T17:20:01.379 < >> radio_rx 43490149abe1190700001a7eabe103791f2a1400ddafb975a308259ecb4d493cdec7aef65e09ac89e7f2041aa3866c159b79a47c0f147620bdea3806447d70346d94069992d1fade2c0af5a1ead13d6b21a92148c6fffe748cb6f7970e6cd84a8308a6daa8af0297f82c4bd0e25a5f2ef747f37f97e8f4bedf7e1f11147737c840363e11b9f79202b5f9e6b1471f11db7c749482f45e283e8eb8bc2cb58c12daa575a1496f3bb0ee37e0001e70de87d36106992678740ff47828ed8edd12281c118eb6b4134f0c4546da16031d37708cb554f31c3566d80638da4b3fd7539b4ccb4ebd1fab9176584a7c9fe5b732cf02d7bc -131 -52
2026-06-11T17:20:01.389 IMG_PACKET 43490149abe1190700001a7eabe103791f2a1400ddafb975a308259ecb4d493cdec7aef65e09ac89e7f2041aa3866c159b79a47c0f147620bdea3806447d70346d94069992d1fade2c0af5a1ead13d6b21a92148c6fffe748cb6f7970e6cd84a8308a6daa8af0297f82c4bd0e25a5f2ef747f37f97e8f4bedf7e1f11147737c840363e11b9f79202b5f9e6b1471f11db7c749482f45e283e8eb8bc2cb58c12daa575a1496f3bb0ee37e0001e70de87d36106992678740ff47828ed8edd12281c118eb6b4134f0c4546da16031d37708cb554f31c3566d80638da4b3fd7539b4ccb4ebd1fab9176584a7c9fe5b732cf02d7bc RSSI=-131 SNR=-52
2026-06-11T17:20:01.420 > p2p rx 0
2026-06-11T17:20:01.421 < >
2026-06-11T17:20:03.002 < >> Ok
2026-06-11T17:20:03.003 < >> radio_err
2026-06-11T17:20:03.302 > p2p rx 0
2026-06-11T17:20:03.303 < >
2026-06-11T17:20:08.129 < >> Ok
2026-06-11T17:20:08.188 < >> radio_rx 43490149abe1190700001a7eabe103791f2a1800dd4d57fd5c97da2a26499c522fc4f6e164fd162aa8af1b34e520de4a82475ba6e972ef2d9a7b8cc5a897adeff28b4859414a6389743448d5def6c02c2850f44ffeb0cc2494cc59d896c2b0bafb5ada4452e025e4909c8a8fcebddef3b103bcf70cb0b27a2cd3de7ddd0a6ff941d209683dc61aa5fd3a10ebd6238b4021b786474587233c0a76dd7af37252045b8d787460adb675ee2ab0457fde4eb97701f87beb950d4be24e1fd9f8ee71f5d78dbccc98733b5d1a2b6d166579baee8440e1653c44ec162cc4b98b1b704b89d79d2c210057648b71a8e19fe1901e20ba5a -122 -42
2026-06-11T17:20:08.200 IMG_PACKET 43490149abe1190700001a7eabe103791f2a1800dd4d57fd5c97da2a26499c522fc4f6e164fd162aa8af1b34e520de4a82475ba6e972ef2d9a7b8cc5a897adeff28b4859414a6389743448d5def6c02c2850f44ffeb0cc2494cc59d896c2b0bafb5ada4452e025e4909c8a8fcebddef3b103bcf70cb0b27a2cd3de7ddd0a6ff941d209683dc61aa5fd3a10ebd6238b4021b786474587233c0a76dd7af37252045b8d787460adb675ee2ab0457fde4eb97701f87beb950d4be24e1fd9f8ee71f5d78dbccc98733b5d1a2b6d166579baee8440e1653c44ec162cc4b98b1b704b89d79d2c210057648b71a8e19fe1901e20ba5a RSSI=-122 SNR=-42
2026-06-11T17:20:08.229 > p2p rx 0
2026-06-11T17:20:08.233 < >
2026-06-11T17:20:21.721 < >> Ok
2026-06-11T17:20:21.722 < >> radio_err
2026-06-11T17:20:22.020 > p2p rx 0
2026-06-11T17:20:22.021 < >
2026-06-11T17:20:25.147 < >> Ok
2026-06-11T17:20:25.203 < >> radio_rx 43490149abe1190700001e3aafa103791f2a2204d94272554407cb1af8df7d86bb3b9cb725fbe8664a49dbb453bc0d6da3e06caefea5cac8fd77a5f11a1f20ee7c4eb30d97a462c87ea136a2f9c34e3af691501f2a26bea13bbf3bd82b3440ce204ab8590fb0e1b33aff1e0129da9a039a938f3d6461f2609f28af569c48acd8b8d725f64e2c8e4cc73df76b85d87408728ed5acfd8d4f9a32624c2661a69d22c5f9c77a747f15481d0e1bcd3a6f08c325f897b7b1556d7dca22a0f2dd12af7870b9c732847cec786e50d9c53107d04464436793a2854c77b20f94976dcfc15bea672c7f47f5dec1977cb795bdab91842720 -132 -54
2026-06-11T17:20:25.212 IMG_PACKET 43490149abe1190700001e3aafa103791f2a2204d94272554407cb1af8df7d86bb3b9cb725fbe8664a49dbb453bc0d6da3e06caefea5cac8fd77a5f11a1f20ee7c4eb30d97a462c87ea136a2f9c34e3af691501f2a26bea13bbf3bd82b3440ce204ab8590fb0e1b33aff1e0129da9a039a938f3d6461f2609f28af569c48acd8b8d725f64e2c8e4cc73df76b85d87408728ed5acfd8d4f9a32624c2661a69d22c5f9c77a747f15481d0e1bcd3a6f08c325f897b7b1556d7dca22a0f2dd12af7870b9c732847cec786e50d9c53107d04464436793a2854c77b20f94976dcfc15bea672c7f47f5dec1977cb795bdab91842720 RSSI=-132 SNR=-54
2026-06-11T17:20:25.246 > p2p rx 0
2026-06-11T17:20:25.247 < >
2026-06-11T17:20:26.848 < >> Ok
2026-06-11T17:20:26.905 < >> radio_rx 43490149abe1190700001a7eabe103791f2a2300dd34f541e127346840ca5130535d98dad908581e7ba16cce1ba669ef168ca82db75f71b1b085363a6de20238d52b8c8804b7027f939dda38ba1410203716cff5bb2902ee6d63d09ddd93fb0a52e2f1e80cb07c04faaa5fdcce96aa47c08dae4bd3d832f8cdb7745e3dd37fee3cb8f44910d0cdf9065846c5eda0a4e571102a78e047a09c6ee268d3d35a813344ab6e94fad1b72ffaa97675b95ae60112ba73bbed84f75767202d37d8a4307fce21577089f807c5403b5a321867ba382fdf2cee5ba8cd73cb2c9f92dbcf867b444486d0e322a9d1add8c5e64fa9870adcd0 -132 -54
2026-06-11T17:20:26.915 IMG_PACKET 43490149abe1190700001a7eabe103791f2a2300dd34f541e127346840ca5130535d98dad908581e7ba16cce1ba669ef168ca82db75f71b1b085363a6de20238d52b8c8804b7027f939dda38ba1410203716cff5bb2902ee6d63d09ddd93fb0a52e2f1e80cb07c04faaa5fdcce96aa47c08dae4bd3d832f8cdb7745e3dd37fee3cb8f44910d0cdf9065846c5eda0a4e571102a78e047a09c6ee268d3d35a813344ab6e94fad1b72ffaa97675b95ae60112ba73bbed84f75767202d37d8a4307fce21577089f807c5403b5a321867ba382fdf2cee5ba8cd73cb2c9f92dbcf867b444486d0e322a9d1add8c5e64fa9870adcd0 RSSI=-132 SNR=-54
2026-06-11T17:20:26.946 > p2p rx 0
2026-06-11T17:20:26.947 < >
2026-06-11T17:20:28.550 < >> Ok
2026-06-11T17:20:28.608 < >> radio_rx 43490149abe1190700001a7eabe103791f2a2400dd4cf109c049cae16c8659dd1d66ac32fa8ebf1a1105ed5ba20013e10053daeb84556b033948320b46c968d2035a33897250a070c90a89fdaf993d6b8799153df3396053639818ee20691f6f1c831b9e0f91d99a0c849eb8211748565cd816f0fabfa71637be5cc7282e081b60339533275d49ba80ce65118d2152e690b792f6dac3cf0147efd35f9be6a5e28d52c811e729608add9ea78a741c12d631f4001ac6466d83ac19a79f038ce08d160ece8ee44e6026a18a9366779f1e9eea7e22689f0838d3126b6f01992ad198b7cb89c4ade6283c6ea319522bfd319d0479 -133 -52
2026-06-11T17:20:28.619 IMG_PACKET 43490149abe1190700001a7eabe103791f2a2400dd4cf109c049cae16c8659dd1d66ac32fa8ebf1a1105ed5ba20013e10053daeb84556b033948320b46c968d2035a33897250a070c90a89fdaf993d6b8799153df3396053639818ee20691f6f1c831b9e0f91d99a0c849eb8211748565cd816f0fabfa71637be5cc7282e081b60339533275d49ba80ce65118d2152e690b792f6dac3cf0147efd35f9be6a5e28d52c811e729608add9ea78a741c12d631f4001ac6466d83ac19a79f038ce08d160ece8ee44e6026a18a9366779f1e9eea7e22689f0838d3126b6f01992ad198b7cb89c4ade6283c6ea319522bfd319d0479 RSSI=-133 SNR=-52
2026-06-11T17:20:28.648 > p2p rx 0
2026-06-11T17:20:28.649 < >
2026-06-11T17:20:30.252 < >> Ok
2026-06-11T17:20:30.307 < >> radio_rx 43490149abe1190700001a7eabe103791f2a2500ddf73e9876a12ddd5883cd1eca9f27a6dcf2eda82aff433297c8691944ef1525648379b8bd0bbfb472182dcf58b68c8783c365b083335437b52b5092af7f8adc10b67fe60f15cbf4891c83bedbe8a050c7252d480cc41c98ac868c5987e4f35a282c47758d0fbeed93388943871f2df9b0e63d87a5f8c0be54bdf88fa2c1ea9a08358d3a1bfd65f9f67276ef4b85664c5a6225d486ce906f1d1a95d2adfbe5d6ead2953cd678c309c633a10b68fe91c4c695a7368ce5c67b3f9dd60d4418e76aaade1cfcbe987d6833fc1320c6e95a07c7344e3a57d85b283114bc2a42c7 -116 -3
2026-06-11T17:20:30.316 IMG_PACKET 43490149abe1190700001a7eabe103791f2a2500ddf73e9876a12ddd5883cd1eca9f27a6dcf2eda82aff433297c8691944ef1525648379b8bd0bbfb472182dcf58b68c8783c365b083335437b52b5092af7f8adc10b67fe60f15cbf4891c83bedbe8a050c7252d480cc41c98ac868c5987e4f35a282c47758d0fbeed93388943871f2df9b0e63d87a5f8c0be54bdf88fa2c1ea9a08358d3a1bfd65f9f67276ef4b85664c5a6225d486ce906f1d1a95d2adfbe5d6ead2953cd678c309c633a10b68fe91c4c695a7368ce5c67b3f9dd60d4418e76aaade1cfcbe987d6833fc1320c6e95a07c7344e3a57d85b283114bc2a42c7 RSSI=-116 SNR=-3
2026-06-11T17:20:30.349 > p2p rx 0
2026-06-11T17:20:30.354 < >
2026-06-11T17:20:31.954 < >> Ok
2026-06-11T17:20:32.013 < >> radio_rx 43490149abe1190700001a7eabe103791f2a2600ddff91c64fc52a0f792772575d0139ee12bed789df255b319d880f853c02d92b137a1592ca02125b6e1515b6e8c38db8b909ad7a37209162a4a56233aebc0be862f0b4f06fcd1f1375b76daa556e15f214266f88568c8df24c77ad213c1bcc8befa40541f90dd05b6212a0fef7afc794c1d8fe7cf1a8c70e013d9e6a5eb86343678f35814acb24b3b797a0fdab0f27b631ab5414be7afd87227cc3dc42315ecf0f9ea2b3cccd042c7d0134764dd6d1696db18d7c9157111d397d7e97334e0292584ffb5bbf22b583b38cc89feae62c3a1e6021c149303ee00cf4d6b9dffe -125 -32
2026-06-11T17:20:32.023 IMG_PACKET 43490149abe1190700001a7eabe103791f2a2600ddff91c64fc52a0f792772575d0139ee12bed789df255b319d880f853c02d92b137a1592ca02125b6e1515b6e8c38db8b909ad7a37209162a4a56233aebc0be862f0b4f06fcd1f1375b76daa556e15f214266f88568c8df24c77ad213c1bcc8befa40541f90dd05b6212a0fef7afc794c1d8fe7cf1a8c70e013d9e6a5eb86343678f35814acb24b3b797a0fdab0f27b631ab5414be7afd87227cc3dc42315ecf0f9ea2b3cccd042c7d0134764dd6d1696db18d7c9157111d397d7e97334e0292584ffb5bbf22b583b38cc89feae62c3a1e6021c149303ee00cf4d6b9dffe RSSI=-125 SNR=-32
2026-06-11T17:20:32.052 > p2p rx 0
2026-06-11T17:20:32.053 < >
2026-06-11T17:20:33.656 < >> Ok
2026-06-11T17:20:33.756 < >> radio_rx 43490149abe1190700001a7eabe103791f2a2700dd134e24b9871e90e5af60bb2579cac180223e77d5f9f7dc0230426e7b3c084f7ffa3f1b28c83b3e0c0ea270e18aec22417d9037b61f780e21baf6cbb45070edd0d318962ccfcbc1cb830684bf9aa9c178e0a864b3f531068eb3ca026deb73ac236fdde3a03b194d1fdfbe2ccee29d353f8164f88b1b5973c6b23220850d7bf4b6ecdd2a9b95bda3e47a500b9d824cbff94939f422dbced2209cd7ac5940385f21b5e63aa72317431bfc8004d9e57cfb83388c73a37c62d1a836eeff8ff07baf93e91658851855f6c8c55d576d1bacfbb3057ca26cf5fc7a0b7839f84b13 -124 -22
2026-06-11T17:20:33.765 IMG_PACKET 43490149abe1190700001a7eabe103791f2a2700dd134e24b9871e90e5af60bb2579cac180223e77d5f9f7dc0230426e7b3c084f7ffa3f1b28c83b3e0c0ea270e18aec22417d9037b61f780e21baf6cbb45070edd0d318962ccfcbc1cb830684bf9aa9c178e0a864b3f531068eb3ca026deb73ac236fdde3a03b194d1fdfbe2ccee29d353f8164f88b1b5973c6b23220850d7bf4b6ecdd2a9b95bda3e47a500b9d824cbff94939f422dbced2209cd7ac5940385f21b5e63aa72317431bfc8004d9e57cfb83388c73a37c62d1a836eeff8ff07baf93e91658851855f6c8c55d576d1bacfbb3057ca26cf5fc7a0b7839f84b13 RSSI=-124 SNR=-22
2026-06-11T17:20:33.766 > p2p rx 0
2026-06-11T17:20:33.766 < >
2026-06-11T17:20:35.358 < >> Ok
2026-06-11T17:20:35.417 < >> radio_rx 43490149abe1190700001a7eabe103791f2a2800dd35269db953e9afddff1b6df8337ae065455a1412f5af2d0d913f82920413b8fa09a78190335c1e23156fa2f2ac733d03d8b6945c981fe6d1d4ea3e9b13348fd25b99ef0a27f6b00a74cd53511b787c2f414647ac0389af3f51e6277c302e00dee61ebfe7477857418c2cf7be7f62b5e1b9bc3d6f7e778d6b06f65d3d5375b210462ff0b86d984a5ae4bef8f392efbccbfac17dafe94c5ca36e695cc95122fae92c92108f27bca67b199366d57e2764b308d107587db5a54fccace2707d50dd8ff74ff405a189cd663232f423934d79936c741d7205a7d3da575c11fb46 -121 -12
2026-06-11T17:20:35.429 IMG_PACKET 43490149abe1190700001a7eabe103791f2a2800dd35269db953e9afddff1b6df8337ae065455a1412f5af2d0d913f82920413b8fa09a78190335c1e23156fa2f2ac733d03d8b6945c981fe6d1d4ea3e9b13348fd25b99ef0a27f6b00a74cd53511b787c2f414647ac0389af3f51e6277c302e00dee61ebfe7477857418c2cf7be7f62b5e1b9bc3d6f7e778d6b06f65d3d5375b210462ff0b86d984a5ae4bef8f392efbccbfac17dafe94c5ca36e695cc95122fae92c92108f27bca67b199366d57e2764b308d107587db5a54fccace2707d50dd8ff74ff405a189cd663232f423934d79936c741d7205a7d3da575c11fb46 RSSI=-121 SNR=-12
2026-06-11T17:20:35.456 > p2p rx 0
2026-06-11T17:20:35.457 < >
2026-06-11T17:20:37.060 < >> Ok
2026-06-11T17:20:37.114 < >> radio_rx 43490149abe1190700001a7eabe103791f2a2900dd27560affe0133d56cd6bb85912df06498278ac03a82622efd89ce8fb04e272a9bfa41ef2bd00bd8a791212aa6ba392d8410772fca33464f8aef9598e4f35d8ebf6d9e65db7215424e9d3e7b348123a69302ff32bf9d53b80064297a752e9193fa1fca81dc86108188a1508d91649ba8277563daa1cac69a8dc84b9d1f8f28bc7cd587f98aac0abcf6903561d46c0c1a1fcf44c132a8e7b59e82b0e4674dbe6f113ee51ea548d4f8abfe1c2c7f1105c4aa586e7c7d5ff61a200492cc625d3492b89d6342e3715c0e0dc1bc55caf0c988be6a631ed3e35c469f0f01ec338 -116 3
2026-06-11T17:20:37.124 IMG_PACKET 43490149abe1190700001a7eabe103791f2a2900dd27560affe0133d56cd6bb85912df06498278ac03a82622efd89ce8fb04e272a9bfa41ef2bd00bd8a791212aa6ba392d8410772fca33464f8aef9598e4f35d8ebf6d9e65db7215424e9d3e7b348123a69302ff32bf9d53b80064297a752e9193fa1fca81dc86108188a1508d91649ba8277563daa1cac69a8dc84b9d1f8f28bc7cd587f98aac0abcf6903561d46c0c1a1fcf44c132a8e7b59e82b0e4674dbe6f113ee51ea548d4f8abfe1c2c7f1105c4aa586e7c7d5ff61a200492cc625d3492b89d6342e3715c0e0dc1bc55caf0c988be6a631ed3e35c469f0f01ec338 RSSI=-116 SNR=3
2026-06-11T17:20:37.158 > p2p rx 0
2026-06-11T17:20:37.159 < >
