2026-05-27T18:56:50.607 < >> Ok
2026-05-27T18:56:50.624 < >> radio_rx 7b2276223a312c2274797065223a2274657874222c22736571223a312c2274696d65223a22323032362d30352d32375430393a35363a35302e3135335a222c2264617461223a7b226d657373616765223a2268656c6c6f227d7d -48 30
2026-05-27T18:56:50.626 RX type=text seq=1 time=2026-05-27T09:56:50.153Z RSSI=-48 SNR=30
2026-05-27T18:56:50.628 JSON {"v":1,"type":"text","seq":1,"time":"2026-05-27T09:56:50.153Z","data":{"message":"hello"}}
2026-05-27T18:56:50.667 > p2p rx 0
2026-05-27T18:56:50.669 < >
2026-05-27T18:57:01.388 < >> Ok
2026-05-27T18:57:01.404 < >> radio_rx 7b2276223a312c2274797065223a2274657874222c22736571223a322c2274696d65223a22323032362d30352d32375430393a35373a30302e3933355a222c2264617461223a7b226d657373616765223a226172677573227d7d -52 30
2026-05-27T18:57:01.405 RX type=text seq=2 time=2026-05-27T09:57:00.935Z RSSI=-52 SNR=30
2026-05-27T18:57:01.407 JSON {"v":1,"type":"text","seq":2,"time":"2026-05-27T09:57:00.935Z","data":{"message":"argus"}}
2026-05-27T18:57:01.448 > p2p rx 0
2026-05-27T18:57:01.450 < >
2026-05-27T18:58:22.189 < >> Ok
2026-05-27T18:58:22.285 > p2p rx 0
2026-05-27T18:58:22.286 < >
2026-05-27T18:58:26.401 < >> Ok
2026-05-27T18:58:26.498 > p2p rx 0
2026-05-27T18:58:26.499 < >
2026-05-27T18:58:30.614 < >> Ok
2026-05-27T18:58:30.710 > p2p rx 0
2026-05-27T18:58:30.711 < >
2026-05-27T18:58:34.804 < >> Ok
2026-05-27T18:58:34.806 < >> radio_err
2026-05-27T18:58:35.105 > p2p rx 0
2026-05-27T18:58:35.106 < >
2026-05-27T18:58:39.039 < >> Ok
2026-05-27T18:58:39.136 > p2p rx 0
2026-05-27T18:58:39.137 < >
2026-05-27T18:58:43.252 < >> Ok
2026-05-27T18:58:43.348 > p2p rx 0
2026-05-27T18:58:43.349 < >
2026-05-27T18:58:47.465 < >> Ok
2026-05-27T18:58:47.560 > p2p rx 0
2026-05-27T18:58:47.562 < >
2026-05-27T18:58:51.678 < >> Ok
2026-05-27T18:58:51.776 > p2p rx 0
2026-05-27T18:58:51.777 < >
2026-05-27T18:58:55.893 < >> Ok
2026-05-27T18:58:55.989 > p2p rx 0
2026-05-27T18:58:55.990 < >
2026-05-27T18:59:00.105 < >> Ok
2026-05-27T18:59:00.202 > p2p rx 0
2026-05-27T18:59:00.203 < >
2026-05-27T18:59:04.318 < >> Ok
2026-05-27T18:59:04.414 > p2p rx 0
2026-05-27T18:59:04.416 < >
2026-05-27T18:59:08.531 < >> Ok
2026-05-27T18:59:08.627 > p2p rx 0
2026-05-27T18:59:08.629 < >
2026-05-27T18:59:12.745 < >> Ok
2026-05-27T18:59:12.841 > p2p rx 0
2026-05-27T18:59:12.843 < >
2026-05-27T18:59:21.172 < >> Ok
2026-05-27T18:59:21.268 > p2p rx 0
2026-05-27T18:59:21.269 < >
2026-05-27T18:59:25.385 < >> Ok
2026-05-27T18:59:25.481 > p2p rx 0
2026-05-27T18:59:25.483 < >
2026-05-27T18:59:29.598 < >> Ok
2026-05-27T18:59:29.710 > p2p rx 0
2026-05-27T18:59:29.710 < >
2026-05-27T18:59:33.811 < >> Ok
2026-05-27T18:59:33.908 > p2p rx 0
2026-05-27T18:59:33.909 < >
2026-05-27T18:59:38.025 < >> Ok
2026-05-27T18:59:38.121 > p2p rx 0
2026-05-27T18:59:38.122 < >
2026-05-27T18:59:42.238 < >> Ok
2026-05-27T18:59:42.333 > p2p rx 0
2026-05-27T18:59:42.335 < >
