2026-05-27T18:56:50.606 < >> Ok
2026-05-27T18:56:50.624 < >> radio_rx 7b2276223a312c2274797065223a2274657874222c22736571223a312c2274696d65223a22323032362d30352d32375430393a35363a35302e3135335a222c2264617461223a7b226d657373616765223a2268656c6c6f227d7d -48 30
2026-05-27T18:56:50.626 RX type=text seq=1 time=2026-05-27T09:56:50.153Z RSSI=-48 SNR=30
2026-05-27T18:56:50.628 JSON {"v":1,"type":"text","seq":1,"time":"2026-05-27T09:56:50.153Z","data":{"message":"hello"}}
2026-05-27T18:56:50.667 > p2p rx 0
2026-05-27T18:56:50.669 < >
2026-05-27T18:57:01.387 < >> Ok
2026-05-27T18:57:01.404 < >> radio_rx 7b2276223a312c2274797065223a2274657874222c22736571223a322c2274696d65223a22323032362d30352d32375430393a35373a30302e3933355a222c2264617461223a7b226d657373616765223a226172677573227d7d -52 30
2026-05-27T18:57:01.405 RX type=text seq=2 time=2026-05-27T09:57:00.935Z RSSI=-52 SNR=30
2026-05-27T18:57:01.407 JSON {"v":1,"type":"text","seq":2,"time":"2026-05-27T09:57:00.935Z","data":{"message":"argus"}}
2026-05-27T18:57:01.448 > p2p rx 0
2026-05-27T18:57:01.450 < >
2026-05-27T18:58:22.189 < >> Ok
2026-05-27T18:58:22.237 < >> radio_rx 43490149979076df00000c6697907ab90f140000dd4a4bef4fea6fb4fa712fef472f2760082b67d74d0b678eb7fb72b0de1cbeb03f7cdd26a9d25f872f5ac23c6dd08c03eb55fc0f7e9499c796e81e8b5f0819e4d5cc6da1fe99be9145afc2489ce52dacdc4d8c24bf41b8743e75bb7ee5770261c016bb457c0a2b946a0c8ba223ae660b2b4f5a893cda4b9ce55e5a81ec73c2554296b0ae2e5bcef2559584841e713f32752230bcbf6bee2e9d4edf021c7974ddf138ba061895dac145c4fd27657eafd753d4fe78b5a561eda6f5364e4f1de7e16556549661607c9d9171eb85805ffa080054151ae7e8cc2f8b4578c3a9b8 -50 18
2026-05-27T18:58:22.243 IMG_PACKET 43490149979076df00000c6697907ab90f140000dd4a4bef4fea6fb4fa712fef472f2760082b67d74d0b678eb7fb72b0de1cbeb03f7cdd26a9d25f872f5ac23c6dd08c03eb55fc0f7e9499c796e81e8b5f0819e4d5cc6da1fe99be9145afc2489ce52dacdc4d8c24bf41b8743e75bb7ee5770261c016bb457c0a2b946a0c8ba223ae660b2b4f5a893cda4b9ce55e5a81ec73c2554296b0ae2e5bcef2559584841e713f32752230bcbf6bee2e9d4edf021c7974ddf138ba061895dac145c4fd27657eafd753d4fe78b5a561eda6f5364e4f1de7e16556549661607c9d9171eb85805ffa080054151ae7e8cc2f8b4578c3a9b8 RSSI=-50 SNR=18
2026-05-27T18:58:22.285 > p2p rx 0
2026-05-27T18:58:22.286 < >
2026-05-27T18:58:26.401 < >> Ok
2026-05-27T18:58:26.452 < >> radio_rx 43490149979076df00000c6697907ab90f140100dd04fb9224e605fb39548581a3662f5894793f71beb3d73accb11793f14929d5fa8d5874ffff4873fb586cbe6888c871de04e20149efae58ae79bbf0300f94b004a4a476cf3b0b2c8f1175c00416627eac2e07861a01e32a315337bf5321a65815ecab60ac71e3dc7d757c7e241ce542e9e44f137b90550a1057f6b828f09b4db7c352e6a720ddb1a550026b106d8743435626d0d176e84a836d0c49001c9c278357993393f0963fe27e8a3c9415e68c5fec6833bcc4bc5eb9f75d64f9fca5411c6b71b4c4d33079d7d3968b11ef0c4f746aa82a3a6a3f4bef1834f92a51 -45 27
2026-05-27T18:58:26.457 IMG_PACKET 43490149979076df00000c6697907ab90f140100dd04fb9224e605fb39548581a3662f5894793f71beb3d73accb11793f14929d5fa8d5874ffff4873fb586cbe6888c871de04e20149efae58ae79bbf0300f94b004a4a476cf3b0b2c8f1175c00416627eac2e07861a01e32a315337bf5321a65815ecab60ac71e3dc7d757c7e241ce542e9e44f137b90550a1057f6b828f09b4db7c352e6a720ddb1a550026b106d8743435626d0d176e84a836d0c49001c9c278357993393f0963fe27e8a3c9415e68c5fec6833bcc4bc5eb9f75d64f9fca5411c6b71b4c4d33079d7d3968b11ef0c4f746aa82a3a6a3f4bef1834f92a51 RSSI=-45 SNR=27
2026-05-27T18:58:26.498 > p2p rx 0
2026-05-27T18:58:26.499 < >
2026-05-27T18:58:30.613 < >> Ok
2026-05-27T18:58:30.663 < >> radio_rx 43490149979076df00000c6697907ab90f140200dd4bc27ce73f0b691dc60bb4c4020bbd1fff44d971d9df76d7c0fe7131b73c5be2b1a23b242cda58ca2337103fc6eefcf3f36db48234e39f11e8374d50226050c702215351b7c340342b93949fd8337bb520a3acef8cd3b3f5fd1570d992cfc65401863f5effb803d7a199ac5c69bd8c812cc5bba7742cf1d2fae8375d5d4783d6bfffebc7563d1df5db67082716d5cabae5ca85b58502d4d500b67c31957afb0e22a88a1f3ef8e0903d1e5b549a7154594609485447e71c2d329622e58856f4ab04421b55326e57b69158093998a3969ae784c705d14c2c0098c3f7b955 -51 21
2026-05-27T18:58:30.668 IMG_PACKET 43490149979076df00000c6697907ab90f140200dd4bc27ce73f0b691dc60bb4c4020bbd1fff44d971d9df76d7c0fe7131b73c5be2b1a23b242cda58ca2337103fc6eefcf3f36db48234e39f11e8374d50226050c702215351b7c340342b93949fd8337bb520a3acef8cd3b3f5fd1570d992cfc65401863f5effb803d7a199ac5c69bd8c812cc5bba7742cf1d2fae8375d5d4783d6bfffebc7563d1df5db67082716d5cabae5ca85b58502d4d500b67c31957afb0e22a88a1f3ef8e0903d1e5b549a7154594609485447e71c2d329622e58856f4ab04421b55326e57b69158093998a3969ae784c705d14c2c0098c3f7b955 RSSI=-51 SNR=21
2026-05-27T18:58:30.710 > p2p rx 0
2026-05-27T18:58:30.711 < >
2026-05-27T18:58:34.804 < >> Ok
2026-05-27T18:58:34.806 < >> radio_err
2026-05-27T18:58:35.105 > p2p rx 0
2026-05-27T18:58:35.106 < >
2026-05-27T18:58:39.039 < >> Ok
2026-05-27T18:58:39.087 < >> radio_rx 43490149979076df00000c6697907ab90f140400dd9cc5c4bb7af0de9c1ddb6ff9a536fac5c723a6d80021269f19ec73ba62b47a3ff395cd085dfbdfd5ae76e7c83a5440c556dc1d62b4ea65c8fcebaee8f4e72e42ecc9e36c8635f58d03b6386535ec9760cc6646831e0b4cbb704f735c588f73e4a6c963e78054870810dc706cde3c601e0b760f02511cf1f336a2a4ec2c275eca4d3dd94b017e620c443704f9264d3e2bdca30118b29cbc3953055d28f2f9b181d340a23346530ae9f1db396840a3e8c66f32794b9ce0e1c72ec50292298f192150973d5bada55758a1144af494d66c451a1e3098a8f8c6d5eef8f3ec14 -45 28
2026-05-27T18:58:39.094 IMG_PACKET 43490149979076df00000c6697907ab90f140400dd9cc5c4bb7af0de9c1ddb6ff9a536fac5c723a6d80021269f19ec73ba62b47a3ff395cd085dfbdfd5ae76e7c83a5440c556dc1d62b4ea65c8fcebaee8f4e72e42ecc9e36c8635f58d03b6386535ec9760cc6646831e0b4cbb704f735c588f73e4a6c963e78054870810dc706cde3c601e0b760f02511cf1f336a2a4ec2c275eca4d3dd94b017e620c443704f9264d3e2bdca30118b29cbc3953055d28f2f9b181d340a23346530ae9f1db396840a3e8c66f32794b9ce0e1c72ec50292298f192150973d5bada55758a1144af494d66c451a1e3098a8f8c6d5eef8f3ec14 RSSI=-45 SNR=28
2026-05-27T18:58:39.136 > p2p rx 0
2026-05-27T18:58:39.137 < >
2026-05-27T18:58:43.251 < >> Ok
2026-05-27T18:58:43.301 < >> radio_rx 43490149979076df00000c6697907ab90f140500dd534cae5a5b70de885517d017eddedf5de841aac0be7ce7bfc6f01d4ada01c469b43d019bd34d707bf5d4a20346633812481dcac144af2593a047bbecb6a05bdc5c401d416b68b53bbe59422f86f711c5fde58fa2bb0426278b7f2e2eaaf9a5b5bec8a7b2c55f1ea31e717d0352cdd0cfad06b18243f35ce1ad80522a9147c4d3c119a5191bf5badeb710f7d6b688002ebcd6f7383901b7e633770b4977eafae9e0ff206da4559418a13821f036cd2c87224282bf617340fcd8cbafb2ae4821e66bbe395c1282306555eead1e52779bce7aba4c503e22623dce762ab826 -48 27
2026-05-27T18:58:43.306 IMG_PACKET 43490149979076df00000c6697907ab90f140500dd534cae5a5b70de885517d017eddedf5de841aac0be7ce7bfc6f01d4ada01c469b43d019bd34d707bf5d4a20346633812481dcac144af2593a047bbecb6a05bdc5c401d416b68b53bbe59422f86f711c5fde58fa2bb0426278b7f2e2eaaf9a5b5bec8a7b2c55f1ea31e717d0352cdd0cfad06b18243f35ce1ad80522a9147c4d3c119a5191bf5badeb710f7d6b688002ebcd6f7383901b7e633770b4977eafae9e0ff206da4559418a13821f036cd2c87224282bf617340fcd8cbafb2ae4821e66bbe395c1282306555eead1e52779bce7aba4c503e22623dce762ab826 RSSI=-48 SNR=27
2026-05-27T18:58:43.348 > p2p rx 0
2026-05-27T18:58:43.349 < >
2026-05-27T18:58:47.465 < >> Ok
2026-05-27T18:58:47.515 < >> radio_rx 43490149979076df00000c6697907ab90f140600ddf6869f0f381967bb6916dff0176c7d29ab3e89411e14babf4e45249adb388fe7a42f8966e51b8d73c6b50b2c57a9cdddab48d3e51759cfb2ea7224cab81e64450b6b36c35a91ec871228ada8dd8cfbaec00db35fbd6afb153108776029b731fac7c167a73e2eea4d57a9679bcc383e774a154420cd0d5c7e6c881a31914f6c45614447df2645cca7d887741bf45af6a5b9cd812788f3e1fffa90bf8b9064040778be1c6de76030b240a9726bdc730e1116072d931cdf726525ff77c827a6fb19d12eff58d13366aa9562584963041f04ac9fe3809ff86d14b3121187b4 -49 24
2026-05-27T18:58:47.520 IMG_PACKET 43490149979076df00000c6697907ab90f140600ddf6869f0f381967bb6916dff0176c7d29ab3e89411e14babf4e45249adb388fe7a42f8966e51b8d73c6b50b2c57a9cdddab48d3e51759cfb2ea7224cab81e64450b6b36c35a91ec871228ada8dd8cfbaec00db35fbd6afb153108776029b731fac7c167a73e2eea4d57a9679bcc383e774a154420cd0d5c7e6c881a31914f6c45614447df2645cca7d887741bf45af6a5b9cd812788f3e1fffa90bf8b9064040778be1c6de76030b240a9726bdc730e1116072d931cdf726525ff77c827a6fb19d12eff58d13366aa9562584963041f04ac9fe3809ff86d14b3121187b4 RSSI=-49 SNR=24
2026-05-27T18:58:47.560 > p2p rx 0
2026-05-27T18:58:47.562 < >
2026-05-27T18:58:51.678 < >> Ok
2026-05-27T18:58:51.730 < >> radio_rx 43490149979076df00000c6697907ab90f140700ddc8296a89862065429343240eddfc7a8aa0839020cb832143df97d6570955d14d8302faaaf70ab7a441f41f8ad7aa224d7efd768af1a13cf5dc14868ea5e3428870a73e1a7b3406b408bfb563241c88c082357dbf3c7a2c219aaeb90a785e77a9e6a3587e150aa78476f041cea1563f08f23ae17675f3bef8846060145ff752661d9ba5a5470bfcb14577b1ec4fb21c78fa14d48c4dbfc0bda25206e9ec045cd84b467b02d624f1a7f1f71308ef7317ed52f51ba0074d2b5eb242406d0b0918929d4d8c6f65a7c07c28adf3878ae18d3fe59263b27daf0c7859624c0b1c -47 29
2026-05-27T18:58:51.735 IMG_PACKET 43490149979076df00000c6697907ab90f140700ddc8296a89862065429343240eddfc7a8aa0839020cb832143df97d6570955d14d8302faaaf70ab7a441f41f8ad7aa224d7efd768af1a13cf5dc14868ea5e3428870a73e1a7b3406b408bfb563241c88c082357dbf3c7a2c219aaeb90a785e77a9e6a3587e150aa78476f041cea1563f08f23ae17675f3bef8846060145ff752661d9ba5a5470bfcb14577b1ec4fb21c78fa14d48c4dbfc0bda25206e9ec045cd84b467b02d624f1a7f1f71308ef7317ed52f51ba0074d2b5eb242406d0b0918929d4d8c6f65a7c07c28adf3878ae18d3fe59263b27daf0c7859624c0b1c RSSI=-47 SNR=29
2026-05-27T18:58:51.775 > p2p rx 0
2026-05-27T18:58:51.777 < >
2026-05-27T18:58:55.893 < >> Ok
2026-05-27T18:58:55.942 < >> radio_rx 43490149979076df00000c6697907ab90f140800ddae3b3100d39f826d8b5c47431e5484a8f453ffb6dca9e6a9e18a4c64e6cdfb1844cbad52c3ae2718b8bccd4a794fbabde7fff8450828bb0b85da907b3360128ef94b00454c95d8519edb3b23dac6bcd5c97857d58b414c80069964fe9094ab51b0a766dcaaac94c3f9f5251c93bbca919b21b570875832723db82bc09ef01e39144fa25f784351ea19f55a1b10d2546dfd3c86b74b70dd9cabbf4a4dcde716c2ed44c203da4a980fbaf5aa428e38bec51152c801ce271413eeb48c9bf99228f02dc6e2626ce1a9a0e6e26627824285f094ad2239e2829cd06b2e2b2ea9 -47 30
2026-05-27T18:58:55.947 IMG_PACKET 43490149979076df00000c6697907ab90f140800ddae3b3100d39f826d8b5c47431e5484a8f453ffb6dca9e6a9e18a4c64e6cdfb1844cbad52c3ae2718b8bccd4a794fbabde7fff8450828bb0b85da907b3360128ef94b00454c95d8519edb3b23dac6bcd5c97857d58b414c80069964fe9094ab51b0a766dcaaac94c3f9f5251c93bbca919b21b570875832723db82bc09ef01e39144fa25f784351ea19f55a1b10d2546dfd3c86b74b70dd9cabbf4a4dcde716c2ed44c203da4a980fbaf5aa428e38bec51152c801ce271413eeb48c9bf99228f02dc6e2626ce1a9a0e6e26627824285f094ad2239e2829cd06b2e2b2ea9 RSSI=-47 SNR=30
2026-05-27T18:58:55.988 > p2p rx 0
2026-05-27T18:58:55.990 < >
2026-05-27T18:59:00.105 < >> Ok
2026-05-27T18:59:00.153 < >> radio_rx 43490149979076df00000c6697907ab90f140900dd8f8659be6f7be58fde863f68786e9536187f2974a0c9dbcebd127a735f0bed2b19bd66896d2947f8b6c4c9cda144205d0839e2b32b1aeaf9a61465399681e376de1b943b07a0f1d86fa579fc630da4e9e8e19f68946a25916d3f18247854805143ef3c0ddff988d0a416939f9271d7c37619faa202bcb55fad45feda8a4e2f7706c958f2df0a58960bb64ff05a29bc1a6c353f3f88d203ced6f3e6d9c4f9848d3bce4007c95c26680790f0aaccbf036744ea9c122cbf591d58444c98f33d79ce60cdc41c54bfee554467b4d1c759d6516b2dca068e73638d2d9322fc0d -47 25
2026-05-27T18:59:00.158 IMG_PACKET 43490149979076df00000c6697907ab90f140900dd8f8659be6f7be58fde863f68786e9536187f2974a0c9dbcebd127a735f0bed2b19bd66896d2947f8b6c4c9cda144205d0839e2b32b1aeaf9a61465399681e376de1b943b07a0f1d86fa579fc630da4e9e8e19f68946a25916d3f18247854805143ef3c0ddff988d0a416939f9271d7c37619faa202bcb55fad45feda8a4e2f7706c958f2df0a58960bb64ff05a29bc1a6c353f3f88d203ced6f3e6d9c4f9848d3bce4007c95c26680790f0aaccbf036744ea9c122cbf591d58444c98f33d79ce60cdc41c54bfee554467b4d1c759d6516b2dca068e73638d2d9322fc0d RSSI=-47 SNR=25
2026-05-27T18:59:00.201 > p2p rx 0
2026-05-27T18:59:00.203 < >
2026-05-27T18:59:04.318 < >> Ok
2026-05-27T18:59:04.368 < >> radio_rx 43490149979076df00000c6697907ab90f140a00dd017d05aa1bf32ad86dfe997d535e51371794d9ec24dd876ffe0bfe2c0d1097708a24ff7ab58d609f803870647ac77a21407d4c5d126a5857e55793864fb57784e9e4df19e88b537b04264d111782aa0eef2eaed611d311af7a1e92593e2437da03e30446181db5a5ade1ce7200da8ac261f322092928b8dd0a272a608187f94a5d3a16083be683b700e0189911042cf570359426e7f539a8cca6a068902615aa35ef3f91864ba2e655cc50b98efaa2f915d54d9d5f255e5979c7013097eebeaa7de5f30d055250e807fbd8778eb78dd3aaff05db62cf46b9d844187f78 -48 26
2026-05-27T18:59:04.373 IMG_PACKET 43490149979076df00000c6697907ab90f140a00dd017d05aa1bf32ad86dfe997d535e51371794d9ec24dd876ffe0bfe2c0d1097708a24ff7ab58d609f803870647ac77a21407d4c5d126a5857e55793864fb57784e9e4df19e88b537b04264d111782aa0eef2eaed611d311af7a1e92593e2437da03e30446181db5a5ade1ce7200da8ac261f322092928b8dd0a272a608187f94a5d3a16083be683b700e0189911042cf570359426e7f539a8cca6a068902615aa35ef3f91864ba2e655cc50b98efaa2f915d54d9d5f255e5979c7013097eebeaa7de5f30d055250e807fbd8778eb78dd3aaff05db62cf46b9d844187f78 RSSI=-48 SNR=26
2026-05-27T18:59:04.414 > p2p rx 0
2026-05-27T18:59:04.415 < >
2026-05-27T18:59:08.531 < >> Ok
2026-05-27T18:59:08.580 < >> radio_rx 43490149979076df00000c6697907ab90f140b00ddbd9ace0400239e8284402169260b1a5410b540b4fb9868d7d3a8f73c5b2663add52cc584b85c67f984021393b3cc91dab01898ea22100986109b7b088ee505a215edb69a15a861ed74ae3dc61bd6962b17c022bba292d9952f72a867bbbbf4c256e7a1cf3186737bb443153ca18a894d3cda4ce50079a50d4a02f8a22b011b46fe5c917e58c8180e0ff94924b2a49f4068b2e0be8141281cf768351ae2d831a7d7008ce600804262288e09dc7cdcaeaa6f0b9f1d5af1534eb8c8b69e85886e2a5f2587e619e5e737ddc4ac8bb35d010cee2605b4f59c4865c1acb47674 -52 27
2026-05-27T18:59:08.585 IMG_PACKET 43490149979076df00000c6697907ab90f140b00ddbd9ace0400239e8284402169260b1a5410b540b4fb9868d7d3a8f73c5b2663add52cc584b85c67f984021393b3cc91dab01898ea22100986109b7b088ee505a215edb69a15a861ed74ae3dc61bd6962b17c022bba292d9952f72a867bbbbf4c256e7a1cf3186737bb443153ca18a894d3cda4ce50079a50d4a02f8a22b011b46fe5c917e58c8180e0ff94924b2a49f4068b2e0be8141281cf768351ae2d831a7d7008ce600804262288e09dc7cdcaeaa6f0b9f1d5af1534eb8c8b69e85886e2a5f2587e619e5e737ddc4ac8bb35d010cee2605b4f59c4865c1acb47674 RSSI=-52 SNR=27
2026-05-27T18:59:08.627 > p2p rx 0
2026-05-27T18:59:08.629 < >
2026-05-27T18:59:12.745 < >> Ok
2026-05-27T18:59:12.796 < >> radio_rx 43490149979076df00000c6697907ab90f140c00dd1465532072183cfe4e0c740a761be019160b749e8a6056469477beb1b81eac6449efabc2706eca9e987113641da66455147a6ad24a00fac54add5bdcce8d62558f488429004b27501671416ea19e93bde4e2af27d294232327e0674bb084c1be4538f07ed07e75b17e37df7b4e0c0a1bc1df9cfea0de5e163000dc769a62a9ab85dc805ada7ba66dab04c1bc0d34e614f44c506b0010a6493d0def4f909b19a3fb6e0933ddea0e30018538bb460f8182991ef4b9a17ab6482f7f621ec0fac0c42a6eb9416ee28d6c3f299412dfb3b4489ecf48da1a8cf6e7486ba4db19 -51 24
2026-05-27T18:59:12.802 IMG_PACKET 43490149979076df00000c6697907ab90f140c00dd1465532072183cfe4e0c740a761be019160b749e8a6056469477beb1b81eac6449efabc2706eca9e987113641da66455147a6ad24a00fac54add5bdcce8d62558f488429004b27501671416ea19e93bde4e2af27d294232327e0674bb084c1be4538f07ed07e75b17e37df7b4e0c0a1bc1df9cfea0de5e163000dc769a62a9ab85dc805ada7ba66dab04c1bc0d34e614f44c506b0010a6493d0def4f909b19a3fb6e0933ddea0e30018538bb460f8182991ef4b9a17ab6482f7f621ec0fac0c42a6eb9416ee28d6c3f299412dfb3b4489ecf48da1a8cf6e7486ba4db19 RSSI=-51 SNR=24
2026-05-27T18:59:12.841 > p2p rx 0
2026-05-27T18:59:12.843 < >
2026-05-27T18:59:21.171 < >> Ok
2026-05-27T18:59:21.221 < >> radio_rx 43490149979076df00000c6697907ab90f140e00dd8f4c8b970476e758309809b273661e74910bb64ac81ac89c858b4ecb6ccc79b2cb526fa6ecb298435744d44beac9479a73a893b5cb005bf4a472abf27b9b942d858544834f0413bf7fabeea16958088ed7f858aee3742ba07f758a78b09f2c6d83b10c560715629b047b9567319d296cee4a3fc279c5c075b42e2097fb9e0733ab16fb7211bbfb8162c72a84e821169371df4c70420da70c06957687f7ca0f7e0ea08bffd6745927f60c39e84154164dd6bea90c908bbb06fd09a63daaf8b41c7fa222bd44e2643badc6bf1ea75d31e9ed1643052f6a46f8ea9409ca2c -51 24
2026-05-27T18:59:21.226 IMG_PACKET 43490149979076df00000c6697907ab90f140e00dd8f4c8b970476e758309809b273661e74910bb64ac81ac89c858b4ecb6ccc79b2cb526fa6ecb298435744d44beac9479a73a893b5cb005bf4a472abf27b9b942d858544834f0413bf7fabeea16958088ed7f858aee3742ba07f758a78b09f2c6d83b10c560715629b047b9567319d296cee4a3fc279c5c075b42e2097fb9e0733ab16fb7211bbfb8162c72a84e821169371df4c70420da70c06957687f7ca0f7e0ea08bffd6745927f60c39e84154164dd6bea90c908bbb06fd09a63daaf8b41c7fa222bd44e2643badc6bf1ea75d31e9ed1643052f6a46f8ea9409ca2c RSSI=-51 SNR=24
2026-05-27T18:59:21.268 > p2p rx 0
2026-05-27T18:59:21.269 < >
2026-05-27T18:59:25.385 < >> Ok
2026-05-27T18:59:25.437 < >> radio_rx 43490149979076df00000c6697907ab90f140f00ddaa75845b4a929a74a41a7e7cfd7c5ecf10384146c08bcaf21c2c7a27c39546829f094619b2d9c7b0a86dd0d974e198f5ef57b2d45d93e1818162844898392a99f6f6d9a8a781d2b6cd8ff87c06eb94861ae39ead00b1a5b778d8e0869372618bd4a389290ee9b9a4fd7278bcc074c7475e7ee982c17f14067d5093c49b5fb640aa9aed8677e96ac565cf360e781fc410fa0fe074b6260308eb8d774b68632da96e9c4545f4de5f2c515dc95c66170494ebe7f7ec78a74e2cdb5185c9c26f599dedc3d85d0de12c8e475906706d7e5a01a1f30b825f51fac2881c1b6e52 -48 26
2026-05-27T18:59:25.442 IMG_PACKET 43490149979076df00000c6697907ab90f140f00ddaa75845b4a929a74a41a7e7cfd7c5ecf10384146c08bcaf21c2c7a27c39546829f094619b2d9c7b0a86dd0d974e198f5ef57b2d45d93e1818162844898392a99f6f6d9a8a781d2b6cd8ff87c06eb94861ae39ead00b1a5b778d8e0869372618bd4a389290ee9b9a4fd7278bcc074c7475e7ee982c17f14067d5093c49b5fb640aa9aed8677e96ac565cf360e781fc410fa0fe074b6260308eb8d774b68632da96e9c4545f4de5f2c515dc95c66170494ebe7f7ec78a74e2cdb5185c9c26f599dedc3d85d0de12c8e475906706d7e5a01a1f30b825f51fac2881c1b6e52 RSSI=-48 SNR=26
2026-05-27T18:59:25.481 > p2p rx 0
2026-05-27T18:59:25.482 < >
2026-05-27T18:59:29.598 < >> Ok
2026-05-27T18:59:29.648 < >> radio_rx 43490149979076df00000c6697907ab90f141000dddcef6257e7db58e25d5f0581f6d4962aaeb2744ffbc8d99cf028d2d2b1aa32cc6d9b8d0e8fdea1690f8662b231d6a99943bd2e546b34943ed9b7f7c10c41577a5dfbe8798497924c310e41a407132bcb05f2ae1de3f56c0d60f5ff1c00e5dd21375921aca094f6098a7b39338484865164838df85cc0ca37a2341a64c602a14a7cb9225babb6a29005a5a81e486c8280e59ae8f6c58d5bc26871fe190fdd05371f7696b117b9690457a879b9eafbf0fa2dbf7a6ab2790de91469d65ff5874f79725194682bc75ca27e8098905532e89c777dea1651a3c54b940144c975 -48 25
2026-05-27T18:59:29.709 IMG_PACKET 43490149979076df00000c6697907ab90f141000dddcef6257e7db58e25d5f0581f6d4962aaeb2744ffbc8d99cf028d2d2b1aa32cc6d9b8d0e8fdea1690f8662b231d6a99943bd2e546b34943ed9b7f7c10c41577a5dfbe8798497924c310e41a407132bcb05f2ae1de3f56c0d60f5ff1c00e5dd21375921aca094f6098a7b39338484865164838df85cc0ca37a2341a64c602a14a7cb9225babb6a29005a5a81e486c8280e59ae8f6c58d5bc26871fe190fdd05371f7696b117b9690457a879b9eafbf0fa2dbf7a6ab2790de91469d65ff5874f79725194682bc75ca27e8098905532e89c777dea1651a3c54b940144c975 RSSI=-48 SNR=25
2026-05-27T18:59:29.710 > p2p rx 0
2026-05-27T18:59:29.710 < >
2026-05-27T18:59:33.811 < >> Ok
2026-05-27T18:59:33.861 < >> radio_rx 43490149979076df00000c6697907ab90f141100dd2a3c2409d2b7f7b36d62916164d833233bf934bb542f6d2fa95bbaab489e17753d4ab470c6e466e49b969b98518763f4ec3abf0ea93c0bac60bfb3b4fd508da7595961ec788a1e468243936ef5652d4ef5bab8b6f738653f3191c6e05e9b4c86c89443733375bf07f72db0e2575595251b5ea9feb2860c9cc828d67f659c42ad009716a247a36fb499986639f0ec51e2ba50518de747a76e5c237ecc72900aa12a747ac9f10ee55e0e3876ba5efc7dbbc924cdb5c9573b5344baa887b3cc1b8b691215c58295a49659c440c3457cda76308a940b8b5564911596549ceb -53 26
2026-05-27T18:59:33.866 IMG_PACKET 43490149979076df00000c6697907ab90f141100dd2a3c2409d2b7f7b36d62916164d833233bf934bb542f6d2fa95bbaab489e17753d4ab470c6e466e49b969b98518763f4ec3abf0ea93c0bac60bfb3b4fd508da7595961ec788a1e468243936ef5652d4ef5bab8b6f738653f3191c6e05e9b4c86c89443733375bf07f72db0e2575595251b5ea9feb2860c9cc828d67f659c42ad009716a247a36fb499986639f0ec51e2ba50518de747a76e5c237ecc72900aa12a747ac9f10ee55e0e3876ba5efc7dbbc924cdb5c9573b5344baa887b3cc1b8b691215c58295a49659c440c3457cda76308a940b8b5564911596549ceb RSSI=-53 SNR=26
2026-05-27T18:59:33.908 > p2p rx 0
2026-05-27T18:59:33.909 < >
2026-05-27T18:59:38.025 < >> Ok
2026-05-27T18:59:38.074 < >> radio_rx 43490149979076df00000c6697907ab90f141200dd6f7695e05ed1acaaac8799d2a875c1e72a21dfed01c6772b9d3bed66c757624c757bbb858f352e1a4147c964ba227a63f2499d16b76f12cf9c3f9e045947cc87ea35143e02e62cb01d440bf5937e7587aa8c75d0131d9957f5d98d3a209caa85fafd97cac9d84efabe84dd22be8436394c9c309af668e15c4a36c93e48ee072e80d2b7d60f2bb68213134a597c7d02b5605a59f58e4d886d05b707d7ef8455890e8c3a056738b0da9967a9afa15120e08b9dcdb6532228d937642e0a6cab15f3908227db68642f9d9eec51831fa617e0d46828796734b48dace075f34c -59 27
2026-05-27T18:59:38.080 IMG_PACKET 43490149979076df00000c6697907ab90f141200dd6f7695e05ed1acaaac8799d2a875c1e72a21dfed01c6772b9d3bed66c757624c757bbb858f352e1a4147c964ba227a63f2499d16b76f12cf9c3f9e045947cc87ea35143e02e62cb01d440bf5937e7587aa8c75d0131d9957f5d98d3a209caa85fafd97cac9d84efabe84dd22be8436394c9c309af668e15c4a36c93e48ee072e80d2b7d60f2bb68213134a597c7d02b5605a59f58e4d886d05b707d7ef8455890e8c3a056738b0da9967a9afa15120e08b9dcdb6532228d937642e0a6cab15f3908227db68642f9d9eec51831fa617e0d46828796734b48dace075f34c RSSI=-59 SNR=27
2026-05-27T18:59:38.121 > p2p rx 0
2026-05-27T18:59:38.122 < >
2026-05-27T18:59:42.238 < >> Ok
2026-05-27T18:59:42.286 < >> radio_rx 43490149979076df00000c6697907ab90f141300dde91eb6c4d873a0e9ceaa34f9c65eb3560c47236b0b8f73d8eaae16fe7b1c454e6c7acdce4fd976965d71df0a32968c01fb9ffbcda0f01db002373b0b116f0cccd4e95f7704e2130aae482137ba05d3522aa04e7309367b582b1d312c0c2e9395db52364c088731d6c02e60561c56d16603107103a4b662ecbc69d454563f23d3e8a6cf9454b42315b336b66bc2b14d01b4c1d5cf52c83b1d61c336e691790510c2d59ed0907152c0ae4b1a0c397ddbda6a8974c9366a8b01d7ae5c955890b9f0d9d1525fefb8c622ec7b7ac6bdc2d2e05dca56182107199a6f88c3d2ed -61 27
2026-05-27T18:59:42.292 IMG_PACKET 43490149979076df00000c6697907ab90f141300dde91eb6c4d873a0e9ceaa34f9c65eb3560c47236b0b8f73d8eaae16fe7b1c454e6c7acdce4fd976965d71df0a32968c01fb9ffbcda0f01db002373b0b116f0cccd4e95f7704e2130aae482137ba05d3522aa04e7309367b582b1d312c0c2e9395db52364c088731d6c02e60561c56d16603107103a4b662ecbc69d454563f23d3e8a6cf9454b42315b336b66bc2b14d01b4c1d5cf52c83b1d61c336e691790510c2d59ed0907152c0ae4b1a0c397ddbda6a8974c9366a8b01d7ae5c955890b9f0d9d1525fefb8c622ec7b7ac6bdc2d2e05dca56182107199a6f88c3d2ed RSSI=-61 SNR=27
2026-05-27T18:59:42.333 > p2p rx 0
2026-05-27T18:59:42.335 < >
